[2024-07-27T14:13:25.472+0100][gc,init] CardTable entry size: 512
[2024-07-27T14:13:25.472+0100][gc     ] Using G1
[2024-07-27T14:13:25.481+0100][gc,init] Version: 22.0.1+8-16 (release)
[2024-07-27T14:13:25.481+0100][gc,init] CPUs: 12 total, 12 available
[2024-07-27T14:13:25.481+0100][gc,init] Memory: 16146M
[2024-07-27T14:13:25.481+0100][gc,init] Large Page Support: Disabled
[2024-07-27T14:13:25.481+0100][gc,init] NUMA Support: Disabled
[2024-07-27T14:13:25.481+0100][gc,init] Compressed Oops: Enabled (32-bit)
[2024-07-27T14:13:25.481+0100][gc,init] Heap Region Size: 1M
[2024-07-27T14:13:25.481+0100][gc,init] Heap Min Capacity: 1G
[2024-07-27T14:13:25.481+0100][gc,init] Heap Initial Capacity: 1G
[2024-07-27T14:13:25.482+0100][gc,init] Heap Max Capacity: 1G
[2024-07-27T14:13:25.482+0100][gc,init] Pre-touch: Disabled
[2024-07-27T14:13:25.482+0100][gc,init] Parallel Workers: 10
[2024-07-27T14:13:25.482+0100][gc,init] Concurrent Workers: 3
[2024-07-27T14:13:25.482+0100][gc,init] Concurrent Refinement Workers: 10
[2024-07-27T14:13:25.482+0100][gc,init] Periodic GC: Disabled
[2024-07-27T14:13:25.489+0100][gc,metaspace] CDS archive(s) mapped at: [0x000001a003000000-0x000001a003c60000-0x000001a003c60000), size 12976128, SharedBaseAddress: 0x000001a003000000, ArchiveRelocationMode: 1.
[2024-07-27T14:13:25.489+0100][gc,metaspace] Compressed class space mapped at: 0x000001a004000000-0x000001a044000000, reserved size: 1073741824
[2024-07-27T14:13:25.489+0100][gc,metaspace] Narrow klass base: 0x000001a003000000, Narrow klass shift: 0, Narrow klass range: 0x41000000
[2024-07-27T14:13:26.749+0100][gc,start    ] GC(0) Pause Young (Normal) (G1 Evacuation Pause)
[2024-07-27T14:13:26.750+0100][gc,task     ] GC(0) Using 10 workers of 10 for evacuation
[2024-07-27T14:13:26.755+0100][gc,phases   ] GC(0)   Pre Evacuate Collection Set: 0.28ms
[2024-07-27T14:13:26.755+0100][gc,phases   ] GC(0)   Merge Heap Roots: 0.16ms
[2024-07-27T14:13:26.755+0100][gc,phases   ] GC(0)   Evacuate Collection Set: 4.08ms
[2024-07-27T14:13:26.755+0100][gc,phases   ] GC(0)   Post Evacuate Collection Set: 0.94ms
[2024-07-27T14:13:26.755+0100][gc,phases   ] GC(0)   Other: 0.57ms
[2024-07-27T14:13:26.755+0100][gc,heap     ] GC(0) Eden regions: 51->0(44)
[2024-07-27T14:13:26.755+0100][gc,heap     ] GC(0) Survivor regions: 0->7(7)
[2024-07-27T14:13:26.755+0100][gc,heap     ] GC(0) Old regions: 0->2
[2024-07-27T14:13:26.755+0100][gc,heap     ] GC(0) Humongous regions: 0->0
[2024-07-27T14:13:26.755+0100][gc,metaspace] GC(0) Metaspace: 17182K(17408K)->17182K(17408K) NonClass: 15087K(15232K)->15087K(15232K) Class: 2095K(2176K)->2095K(2176K)
[2024-07-27T14:13:26.755+0100][gc          ] GC(0) Pause Young (Normal) (G1 Evacuation Pause) 51M->8M(1024M) 6.352ms
[2024-07-27T14:13:26.755+0100][gc,cpu      ] GC(0) User=0.00s Sys=0.00s Real=0.01s
[2024-07-27T14:13:26.996+0100][gc,start    ] GC(1) Pause Young (Concurrent Start) (Metadata GC Threshold)
[2024-07-27T14:13:26.996+0100][gc,task     ] GC(1) Using 10 workers of 10 for evacuation
[2024-07-27T14:13:27.003+0100][gc,phases   ] GC(1)   Pre Evacuate Collection Set: 0.31ms
[2024-07-27T14:13:27.003+0100][gc,phases   ] GC(1)   Merge Heap Roots: 0.16ms
[2024-07-27T14:13:27.003+0100][gc,phases   ] GC(1)   Evacuate Collection Set: 4.71ms
[2024-07-27T14:13:27.003+0100][gc,phases   ] GC(1)   Post Evacuate Collection Set: 1.25ms
[2024-07-27T14:13:27.003+0100][gc,phases   ] GC(1)   Other: 0.17ms
[2024-07-27T14:13:27.003+0100][gc,heap     ] GC(1) Eden regions: 17->0(49)
[2024-07-27T14:13:27.003+0100][gc,heap     ] GC(1) Survivor regions: 7->2(7)
[2024-07-27T14:13:27.003+0100][gc,heap     ] GC(1) Old regions: 2->9
[2024-07-27T14:13:27.003+0100][gc,heap     ] GC(1) Humongous regions: 0->0
[2024-07-27T14:13:27.003+0100][gc,metaspace] GC(1) Metaspace: 21380K(21504K)->21380K(21504K) NonClass: 18807K(18880K)->18807K(18880K) Class: 2572K(2624K)->2572K(2624K)
[2024-07-27T14:13:27.003+0100][gc          ] GC(1) Pause Young (Concurrent Start) (Metadata GC Threshold) 25M->10M(1024M) 6.858ms
[2024-07-27T14:13:27.003+0100][gc,cpu      ] GC(1) User=0.00s Sys=0.00s Real=0.01s
[2024-07-27T14:13:27.003+0100][gc          ] GC(2) Concurrent Mark Cycle
[2024-07-27T14:13:27.003+0100][gc,marking  ] GC(2) Concurrent Scan Root Regions
[2024-07-27T14:13:27.007+0100][gc,marking  ] GC(2) Concurrent Scan Root Regions 3.695ms
[2024-07-27T14:13:27.007+0100][gc,marking  ] GC(2) Concurrent Mark
[2024-07-27T14:13:27.007+0100][gc,marking  ] GC(2) Concurrent Mark From Roots
[2024-07-27T14:13:27.007+0100][gc,task     ] GC(2) Using 3 workers of 3 for marking
[2024-07-27T14:13:27.009+0100][gc,marking  ] GC(2) Concurrent Mark From Roots 1.878ms
[2024-07-27T14:13:27.009+0100][gc,marking  ] GC(2) Concurrent Preclean
[2024-07-27T14:13:27.009+0100][gc,marking  ] GC(2) Concurrent Preclean 0.021ms
[2024-07-27T14:13:27.009+0100][gc,start    ] GC(2) Pause Remark
[2024-07-27T14:13:27.011+0100][gc          ] GC(2) Pause Remark 11M->11M(1024M) 2.351ms
[2024-07-27T14:13:27.011+0100][gc,cpu      ] GC(2) User=0.02s Sys=0.00s Real=0.00s
[2024-07-27T14:13:27.011+0100][gc,marking  ] GC(2) Concurrent Mark 4.612ms
[2024-07-27T14:13:27.011+0100][gc,marking  ] GC(2) Concurrent Rebuild Remembered Sets and Scrub Regions
[2024-07-27T14:13:27.012+0100][gc,marking  ] GC(2) Concurrent Rebuild Remembered Sets and Scrub Regions 0.915ms
[2024-07-27T14:13:27.012+0100][gc,start    ] GC(2) Pause Cleanup
[2024-07-27T14:13:27.012+0100][gc          ] GC(2) Pause Cleanup 11M->11M(1024M) 0.049ms
[2024-07-27T14:13:27.012+0100][gc,cpu      ] GC(2) User=0.00s Sys=0.00s Real=0.00s
[2024-07-27T14:13:27.013+0100][gc,marking  ] GC(2) Concurrent Clear Claimed Marks
[2024-07-27T14:13:27.013+0100][gc,marking  ] GC(2) Concurrent Clear Claimed Marks 0.031ms
[2024-07-27T14:13:27.013+0100][gc,marking  ] GC(2) Concurrent Cleanup for Next Mark
[2024-07-27T14:13:27.017+0100][gc,marking  ] GC(2) Concurrent Cleanup for Next Mark 4.596ms
[2024-07-27T14:13:27.017+0100][gc          ] GC(2) Concurrent Mark Cycle 14.548ms
[2024-07-27T14:13:28.406+0100][gc,start    ] GC(3) Pause Young (Normal) (G1 Evacuation Pause)
[2024-07-27T14:13:28.406+0100][gc,task     ] GC(3) Using 10 workers of 10 for evacuation
[2024-07-27T14:13:28.417+0100][gc,phases   ] GC(3)   Pre Evacuate Collection Set: 0.91ms
[2024-07-27T14:13:28.417+0100][gc,phases   ] GC(3)   Merge Heap Roots: 0.20ms
[2024-07-27T14:13:28.417+0100][gc,phases   ] GC(3)   Evacuate Collection Set: 7.40ms
[2024-07-27T14:13:28.417+0100][gc,phases   ] GC(3)   Post Evacuate Collection Set: 0.70ms
[2024-07-27T14:13:28.417+0100][gc,phases   ] GC(3)   Other: 0.34ms
[2024-07-27T14:13:28.417+0100][gc,heap     ] GC(3) Eden regions: 49->0(46)
[2024-07-27T14:13:28.417+0100][gc,heap     ] GC(3) Survivor regions: 2->5(7)
[2024-07-27T14:13:28.417+0100][gc,heap     ] GC(3) Old regions: 9->9
[2024-07-27T14:13:28.417+0100][gc,heap     ] GC(3) Humongous regions: 9->9
[2024-07-27T14:13:28.417+0100][gc,metaspace] GC(3) Metaspace: 32751K(33088K)->32751K(33088K) NonClass: 28688K(28864K)->28688K(28864K) Class: 4062K(4224K)->4062K(4224K)
[2024-07-27T14:13:28.417+0100][gc          ] GC(3) Pause Young (Normal) (G1 Evacuation Pause) 68M->22M(1024M) 10.230ms
[2024-07-27T14:13:28.417+0100][gc,cpu      ] GC(3) User=0.00s Sys=0.00s Real=0.01s
[2024-07-27T14:13:28.870+0100][gc,start    ] GC(4) Pause Young (Concurrent Start) (Metadata GC Threshold)
[2024-07-27T14:13:28.871+0100][gc,task     ] GC(4) Using 10 workers of 10 for evacuation
[2024-07-27T14:13:28.883+0100][gc,phases   ] GC(4)   Pre Evacuate Collection Set: 0.96ms
[2024-07-27T14:13:28.883+0100][gc,phases   ] GC(4)   Merge Heap Roots: 0.21ms
[2024-07-27T14:13:28.883+0100][gc,phases   ] GC(4)   Evacuate Collection Set: 9.22ms
[2024-07-27T14:13:28.883+0100][gc,phases   ] GC(4)   Post Evacuate Collection Set: 1.12ms
[2024-07-27T14:13:28.883+0100][gc,phases   ] GC(4)   Other: 0.39ms
[2024-07-27T14:13:28.883+0100][gc,heap     ] GC(4) Eden regions: 20->0(44)
[2024-07-27T14:13:28.883+0100][gc,heap     ] GC(4) Survivor regions: 5->7(7)
[2024-07-27T14:13:28.883+0100][gc,heap     ] GC(4) Old regions: 9->11
[2024-07-27T14:13:28.883+0100][gc,heap     ] GC(4) Humongous regions: 9->9
[2024-07-27T14:13:28.883+0100][gc,metaspace] GC(4) Metaspace: 35704K(35968K)->35704K(35968K) NonClass: 31406K(31552K)->31406K(31552K) Class: 4297K(4416K)->4297K(4416K)
[2024-07-27T14:13:28.883+0100][gc          ] GC(4) Pause Young (Concurrent Start) (Metadata GC Threshold) 42M->25M(1024M) 12.728ms
[2024-07-27T14:13:28.883+0100][gc          ] GC(5) Concurrent Mark Cycle
[2024-07-27T14:13:28.883+0100][gc,cpu      ] GC(4) User=0.05s Sys=0.00s Real=0.01s
[2024-07-27T14:13:28.883+0100][gc,marking  ] GC(5) Concurrent Scan Root Regions
[2024-07-27T14:13:28.890+0100][gc,marking  ] GC(5) Concurrent Scan Root Regions 5.978ms
[2024-07-27T14:13:28.890+0100][gc,marking  ] GC(5) Concurrent Mark
[2024-07-27T14:13:28.890+0100][gc,marking  ] GC(5) Concurrent Mark From Roots
[2024-07-27T14:13:28.890+0100][gc,task     ] GC(5) Using 3 workers of 3 for marking
[2024-07-27T14:13:28.897+0100][gc,marking  ] GC(5) Concurrent Mark From Roots 6.678ms
[2024-07-27T14:13:28.897+0100][gc,marking  ] GC(5) Concurrent Preclean
[2024-07-27T14:13:28.897+0100][gc,marking  ] GC(5) Concurrent Preclean 0.294ms
[2024-07-27T14:13:28.897+0100][gc,start    ] GC(5) Pause Remark
[2024-07-27T14:13:28.903+0100][gc          ] GC(5) Pause Remark 26M->26M(1024M) 6.626ms
[2024-07-27T14:13:28.903+0100][gc,cpu      ] GC(5) User=0.00s Sys=0.00s Real=0.01s
[2024-07-27T14:13:28.904+0100][gc,marking  ] GC(5) Concurrent Mark 14.232ms
[2024-07-27T14:13:28.904+0100][gc,marking  ] GC(5) Concurrent Rebuild Remembered Sets and Scrub Regions
[2024-07-27T14:13:28.911+0100][gc,marking  ] GC(5) Concurrent Rebuild Remembered Sets and Scrub Regions 6.704ms
[2024-07-27T14:13:28.911+0100][gc,start    ] GC(5) Pause Cleanup
[2024-07-27T14:13:28.912+0100][gc          ] GC(5) Pause Cleanup 26M->26M(1024M) 0.283ms
[2024-07-27T14:13:28.912+0100][gc,cpu      ] GC(5) User=0.00s Sys=0.00s Real=0.00s
[2024-07-27T14:13:28.912+0100][gc,marking  ] GC(5) Concurrent Clear Claimed Marks
[2024-07-27T14:13:28.912+0100][gc,marking  ] GC(5) Concurrent Clear Claimed Marks 0.076ms
[2024-07-27T14:13:28.912+0100][gc,marking  ] GC(5) Concurrent Cleanup for Next Mark
[2024-07-27T14:13:28.916+0100][gc,marking  ] GC(5) Concurrent Cleanup for Next Mark 3.582ms
[2024-07-27T14:13:28.916+0100][gc          ] GC(5) Concurrent Mark Cycle 31.661ms
[2024-07-27T14:25:32.432+0100][gc,start    ] GC(6) Pause Young (Prepare Mixed) (G1 Evacuation Pause)
[2024-07-27T14:25:32.432+0100][gc,task     ] GC(6) Using 10 workers of 10 for evacuation
[2024-07-27T14:25:32.437+0100][gc,phases   ] GC(6)   Pre Evacuate Collection Set: 0.22ms
[2024-07-27T14:25:32.437+0100][gc,phases   ] GC(6)   Merge Heap Roots: 0.09ms
[2024-07-27T14:25:32.437+0100][gc,phases   ] GC(6)   Evacuate Collection Set: 3.59ms
[2024-07-27T14:25:32.437+0100][gc,phases   ] GC(6)   Post Evacuate Collection Set: 1.14ms
[2024-07-27T14:25:32.437+0100][gc,phases   ] GC(6)   Other: 0.09ms
[2024-07-27T14:25:32.438+0100][gc,heap     ] GC(6) Eden regions: 44->0(46)
[2024-07-27T14:25:32.438+0100][gc,heap     ] GC(6) Survivor regions: 7->5(7)
[2024-07-27T14:25:32.438+0100][gc,heap     ] GC(6) Old regions: 11->14
[2024-07-27T14:25:32.438+0100][gc,heap     ] GC(6) Humongous regions: 138->138
[2024-07-27T14:25:32.438+0100][gc,metaspace] GC(6) Metaspace: 38600K(38976K)->38600K(38976K) NonClass: 34024K(34240K)->34024K(34240K) Class: 4576K(4736K)->4576K(4736K)
[2024-07-27T14:25:32.438+0100][gc          ] GC(6) Pause Young (Prepare Mixed) (G1 Evacuation Pause) 198M->156M(1024M) 5.422ms
[2024-07-27T14:25:32.438+0100][gc,cpu      ] GC(6) User=0.00s Sys=0.00s Real=0.01s
[2024-07-27T14:42:30.052+0100][gc,start    ] GC(7) Pause Young (Mixed) (G1 Evacuation Pause)
[2024-07-27T14:42:30.052+0100][gc,task     ] GC(7) Using 10 workers of 10 for evacuation
[2024-07-27T14:42:30.057+0100][gc,phases   ] GC(7)   Pre Evacuate Collection Set: 0.33ms
[2024-07-27T14:42:30.057+0100][gc,phases   ] GC(7)   Merge Heap Roots: 0.14ms
[2024-07-27T14:42:30.057+0100][gc,phases   ] GC(7)   Evacuate Collection Set: 2.90ms
[2024-07-27T14:42:30.057+0100][gc,phases   ] GC(7)   Post Evacuate Collection Set: 0.67ms
[2024-07-27T14:42:30.057+0100][gc,phases   ] GC(7)   Other: 0.15ms
[2024-07-27T14:42:30.057+0100][gc,heap     ] GC(7) Eden regions: 46->0(48)
[2024-07-27T14:42:30.057+0100][gc,heap     ] GC(7) Survivor regions: 5->3(7)
[2024-07-27T14:42:30.057+0100][gc,heap     ] GC(7) Old regions: 14->17
[2024-07-27T14:42:30.057+0100][gc,heap     ] GC(7) Humongous regions: 138->138
[2024-07-27T14:42:30.057+0100][gc,metaspace] GC(7) Metaspace: 38879K(39232K)->38879K(39232K) NonClass: 34303K(34496K)->34303K(34496K) Class: 4576K(4736K)->4576K(4736K)
[2024-07-27T14:42:30.057+0100][gc          ] GC(7) Pause Young (Mixed) (G1 Evacuation Pause) 202M->156M(1024M) 4.507ms
[2024-07-27T14:42:30.057+0100][gc,cpu      ] GC(7) User=0.00s Sys=0.00s Real=0.00s
[2024-07-27T15:01:58.964+0100][gc,start    ] GC(8) Pause Young (Normal) (G1 Evacuation Pause)
[2024-07-27T15:01:58.964+0100][gc,task     ] GC(8) Using 10 workers of 10 for evacuation
[2024-07-27T15:01:58.969+0100][gc,phases   ] GC(8)   Pre Evacuate Collection Set: 0.42ms
[2024-07-27T15:01:58.969+0100][gc,phases   ] GC(8)   Merge Heap Roots: 0.16ms
[2024-07-27T15:01:58.969+0100][gc,phases   ] GC(8)   Evacuate Collection Set: 3.05ms
[2024-07-27T15:01:58.969+0100][gc,phases   ] GC(8)   Post Evacuate Collection Set: 0.75ms
[2024-07-27T15:01:58.969+0100][gc,phases   ] GC(8)   Other: 0.11ms
[2024-07-27T15:01:58.969+0100][gc,heap     ] GC(8) Eden regions: 48->0(48)
[2024-07-27T15:01:58.969+0100][gc,heap     ] GC(8) Survivor regions: 3->3(7)
[2024-07-27T15:01:58.969+0100][gc,heap     ] GC(8) Old regions: 17->17
[2024-07-27T15:01:58.969+0100][gc,heap     ] GC(8) Humongous regions: 138->138
[2024-07-27T15:01:58.969+0100][gc,metaspace] GC(8) Metaspace: 38922K(39296K)->38922K(39296K) NonClass: 34344K(34560K)->34344K(34560K) Class: 4577K(4736K)->4577K(4736K)
[2024-07-27T15:01:58.969+0100][gc          ] GC(8) Pause Young (Normal) (G1 Evacuation Pause) 204M->156M(1024M) 4.790ms
[2024-07-27T15:01:58.969+0100][gc,cpu      ] GC(8) User=0.00s Sys=0.00s Real=0.01s
[2024-07-27T15:22:00.587+0100][gc,start    ] GC(9) Pause Young (Normal) (G1 Evacuation Pause)
[2024-07-27T15:22:00.587+0100][gc,task     ] GC(9) Using 10 workers of 10 for evacuation
[2024-07-27T15:22:00.594+0100][gc,phases   ] GC(9)   Pre Evacuate Collection Set: 0.66ms
[2024-07-27T15:22:00.594+0100][gc,phases   ] GC(9)   Merge Heap Roots: 0.25ms
[2024-07-27T15:22:00.594+0100][gc,phases   ] GC(9)   Evacuate Collection Set: 4.61ms
[2024-07-27T15:22:00.594+0100][gc,phases   ] GC(9)   Post Evacuate Collection Set: 1.55ms
[2024-07-27T15:22:00.594+0100][gc,phases   ] GC(9)   Other: 0.26ms
[2024-07-27T15:22:00.594+0100][gc,heap     ] GC(9) Eden regions: 48->0(47)
[2024-07-27T15:22:00.594+0100][gc,heap     ] GC(9) Survivor regions: 3->4(7)
[2024-07-27T15:22:00.595+0100][gc,heap     ] GC(9) Old regions: 17->17
[2024-07-27T15:22:00.595+0100][gc,heap     ] GC(9) Humongous regions: 147->147
[2024-07-27T15:22:00.595+0100][gc,metaspace] GC(9) Metaspace: 39127K(39488K)->39127K(39488K) NonClass: 34526K(34752K)->34526K(34752K) Class: 4601K(4736K)->4601K(4736K)
[2024-07-27T15:22:00.595+0100][gc          ] GC(9) Pause Young (Normal) (G1 Evacuation Pause) 213M->167M(1024M) 8.353ms
[2024-07-27T15:22:00.595+0100][gc,cpu      ] GC(9) User=0.02s Sys=0.02s Real=0.01s
