[2024-07-12T05:22:54.099+0100][gc,init] CardTable entry size: 512
[2024-07-12T05:22:54.099+0100][gc     ] Using G1
[2024-07-12T05:22:54.115+0100][gc,init] Version: 22.0.1+8-16 (release)
[2024-07-12T05:22:54.115+0100][gc,init] CPUs: 12 total, 12 available
[2024-07-12T05:22:54.115+0100][gc,init] Memory: 16146M
[2024-07-12T05:22:54.115+0100][gc,init] Large Page Support: Disabled
[2024-07-12T05:22:54.115+0100][gc,init] NUMA Support: Disabled
[2024-07-12T05:22:54.115+0100][gc,init] Compressed Oops: Enabled (32-bit)
[2024-07-12T05:22:54.115+0100][gc,init] Heap Region Size: 1M
[2024-07-12T05:22:54.115+0100][gc,init] Heap Min Capacity: 1G
[2024-07-12T05:22:54.130+0100][gc,init] Heap Initial Capacity: 1G
[2024-07-12T05:22:54.130+0100][gc,init] Heap Max Capacity: 1G
[2024-07-12T05:22:54.130+0100][gc,init] Pre-touch: Disabled
[2024-07-12T05:22:54.130+0100][gc,init] Parallel Workers: 10
[2024-07-12T05:22:54.130+0100][gc,init] Concurrent Workers: 3
[2024-07-12T05:22:54.130+0100][gc,init] Concurrent Refinement Workers: 10
[2024-07-12T05:22:54.130+0100][gc,init] Periodic GC: Disabled
[2024-07-12T05:22:54.130+0100][gc,metaspace] CDS archive(s) mapped at: [0x000001f939000000-0x000001f939c60000-0x000001f939c60000), size 12976128, SharedBaseAddress: 0x000001f939000000, ArchiveRelocationMode: 1.
[2024-07-12T05:22:54.130+0100][gc,metaspace] Compressed class space mapped at: 0x000001f93a000000-0x000001f97a000000, reserved size: 1073741824
[2024-07-12T05:22:54.130+0100][gc,metaspace] Narrow klass base: 0x000001f939000000, Narrow klass shift: 0, Narrow klass range: 0x41000000
[2024-07-12T05:22:55.252+0100][gc,start    ] GC(0) Pause Young (Normal) (G1 Evacuation Pause)
[2024-07-12T05:22:55.252+0100][gc,task     ] GC(0) Using 10 workers of 10 for evacuation
[2024-07-12T05:22:55.252+0100][gc,phases   ] GC(0)   Pre Evacuate Collection Set: 0.36ms
[2024-07-12T05:22:55.252+0100][gc,phases   ] GC(0)   Merge Heap Roots: 0.21ms
[2024-07-12T05:22:55.252+0100][gc,phases   ] GC(0)   Evacuate Collection Set: 4.16ms
[2024-07-12T05:22:55.252+0100][gc,phases   ] GC(0)   Post Evacuate Collection Set: 0.95ms
[2024-07-12T05:22:55.252+0100][gc,phases   ] GC(0)   Other: 0.65ms
[2024-07-12T05:22:55.252+0100][gc,heap     ] GC(0) Eden regions: 51->0(44)
[2024-07-12T05:22:55.252+0100][gc,heap     ] GC(0) Survivor regions: 0->7(7)
[2024-07-12T05:22:55.252+0100][gc,heap     ] GC(0) Old regions: 0->2
[2024-07-12T05:22:55.252+0100][gc,heap     ] GC(0) Humongous regions: 0->0
[2024-07-12T05:22:55.252+0100][gc,metaspace] GC(0) Metaspace: 17167K(17344K)->17167K(17344K) NonClass: 15071K(15168K)->15071K(15168K) Class: 2095K(2176K)->2095K(2176K)
[2024-07-12T05:22:55.252+0100][gc          ] GC(0) Pause Young (Normal) (G1 Evacuation Pause) 51M->8M(1024M) 6.651ms
[2024-07-12T05:22:55.252+0100][gc,cpu      ] GC(0) User=0.00s Sys=0.00s Real=0.00s
[2024-07-12T05:22:55.478+0100][gc,start    ] GC(1) Pause Young (Concurrent Start) (Metadata GC Threshold)
[2024-07-12T05:22:55.478+0100][gc,task     ] GC(1) Using 10 workers of 10 for evacuation
[2024-07-12T05:22:55.478+0100][gc,phases   ] GC(1)   Pre Evacuate Collection Set: 0.29ms
[2024-07-12T05:22:55.478+0100][gc,phases   ] GC(1)   Merge Heap Roots: 0.11ms
[2024-07-12T05:22:55.478+0100][gc,phases   ] GC(1)   Evacuate Collection Set: 3.56ms
[2024-07-12T05:22:55.478+0100][gc,phases   ] GC(1)   Post Evacuate Collection Set: 0.75ms
[2024-07-12T05:22:55.478+0100][gc,phases   ] GC(1)   Other: 0.10ms
[2024-07-12T05:22:55.478+0100][gc,heap     ] GC(1) Eden regions: 17->0(49)
[2024-07-12T05:22:55.478+0100][gc,heap     ] GC(1) Survivor regions: 7->2(7)
[2024-07-12T05:22:55.478+0100][gc,heap     ] GC(1) Old regions: 2->9
[2024-07-12T05:22:55.478+0100][gc,heap     ] GC(1) Humongous regions: 0->0
[2024-07-12T05:22:55.478+0100][gc,metaspace] GC(1) Metaspace: 21381K(21504K)->21381K(21504K) NonClass: 18808K(18880K)->18808K(18880K) Class: 2572K(2624K)->2572K(2624K)
[2024-07-12T05:22:55.478+0100][gc          ] GC(1) Pause Young (Concurrent Start) (Metadata GC Threshold) 25M->10M(1024M) 5.065ms
[2024-07-12T05:22:55.478+0100][gc,cpu      ] GC(1) User=0.00s Sys=0.00s Real=0.00s
[2024-07-12T05:22:55.478+0100][gc          ] GC(2) Concurrent Mark Cycle
[2024-07-12T05:22:55.478+0100][gc,marking  ] GC(2) Concurrent Scan Root Regions
[2024-07-12T05:22:55.478+0100][gc,marking  ] GC(2) Concurrent Scan Root Regions 2.028ms
[2024-07-12T05:22:55.478+0100][gc,marking  ] GC(2) Concurrent Mark
[2024-07-12T05:22:55.478+0100][gc,marking  ] GC(2) Concurrent Mark From Roots
[2024-07-12T05:22:55.478+0100][gc,task     ] GC(2) Using 3 workers of 3 for marking
[2024-07-12T05:22:55.478+0100][gc,marking  ] GC(2) Concurrent Mark From Roots 1.565ms
[2024-07-12T05:22:55.478+0100][gc,marking  ] GC(2) Concurrent Preclean
[2024-07-12T05:22:55.478+0100][gc,marking  ] GC(2) Concurrent Preclean 0.017ms
[2024-07-12T05:22:55.478+0100][gc,start    ] GC(2) Pause Remark
[2024-07-12T05:22:55.478+0100][gc          ] GC(2) Pause Remark 11M->11M(1024M) 2.443ms
[2024-07-12T05:22:55.478+0100][gc,cpu      ] GC(2) User=0.00s Sys=0.00s Real=0.00s
[2024-07-12T05:22:55.478+0100][gc,marking  ] GC(2) Concurrent Mark 4.334ms
[2024-07-12T05:22:55.478+0100][gc,marking  ] GC(2) Concurrent Rebuild Remembered Sets and Scrub Regions
[2024-07-12T05:22:55.478+0100][gc,marking  ] GC(2) Concurrent Rebuild Remembered Sets and Scrub Regions 0.694ms
[2024-07-12T05:22:55.493+0100][gc,start    ] GC(2) Pause Cleanup
[2024-07-12T05:22:55.493+0100][gc          ] GC(2) Pause Cleanup 11M->11M(1024M) 0.047ms
[2024-07-12T05:22:55.493+0100][gc,cpu      ] GC(2) User=0.00s Sys=0.00s Real=0.00s
[2024-07-12T05:22:55.493+0100][gc,marking  ] GC(2) Concurrent Clear Claimed Marks
[2024-07-12T05:22:55.493+0100][gc,marking  ] GC(2) Concurrent Clear Claimed Marks 0.056ms
[2024-07-12T05:22:55.493+0100][gc,marking  ] GC(2) Concurrent Cleanup for Next Mark
[2024-07-12T05:22:55.493+0100][gc,marking  ] GC(2) Concurrent Cleanup for Next Mark 4.166ms
[2024-07-12T05:22:55.493+0100][gc          ] GC(2) Concurrent Mark Cycle 11.876ms
[2024-07-12T05:22:56.403+0100][gc,start    ] GC(3) Pause Young (Normal) (G1 Evacuation Pause)
[2024-07-12T05:22:56.403+0100][gc,task     ] GC(3) Using 10 workers of 10 for evacuation
[2024-07-12T05:22:56.409+0100][gc,phases   ] GC(3)   Pre Evacuate Collection Set: 0.22ms
[2024-07-12T05:22:56.409+0100][gc,phases   ] GC(3)   Merge Heap Roots: 0.05ms
[2024-07-12T05:22:56.409+0100][gc,phases   ] GC(3)   Evacuate Collection Set: 5.24ms
[2024-07-12T05:22:56.409+0100][gc,phases   ] GC(3)   Post Evacuate Collection Set: 0.64ms
[2024-07-12T05:22:56.409+0100][gc,phases   ] GC(3)   Other: 0.10ms
[2024-07-12T05:22:56.409+0100][gc,heap     ] GC(3) Eden regions: 49->0(46)
[2024-07-12T05:22:56.409+0100][gc,heap     ] GC(3) Survivor regions: 2->5(7)
[2024-07-12T05:22:56.409+0100][gc,heap     ] GC(3) Old regions: 9->9
[2024-07-12T05:22:56.409+0100][gc,heap     ] GC(3) Humongous regions: 9->9
[2024-07-12T05:22:56.409+0100][gc,metaspace] GC(3) Metaspace: 32824K(33152K)->32824K(33152K) NonClass: 28753K(28928K)->28753K(28928K) Class: 4071K(4224K)->4071K(4224K)
[2024-07-12T05:22:56.409+0100][gc          ] GC(3) Pause Young (Normal) (G1 Evacuation Pause) 68M->22M(1024M) 6.679ms
[2024-07-12T05:22:56.410+0100][gc,cpu      ] GC(3) User=0.00s Sys=0.00s Real=0.01s
[2024-07-12T05:22:56.690+0100][gc,start    ] GC(4) Pause Young (Concurrent Start) (Metadata GC Threshold)
[2024-07-12T05:22:56.690+0100][gc,task     ] GC(4) Using 10 workers of 10 for evacuation
[2024-07-12T05:22:56.695+0100][gc,phases   ] GC(4)   Pre Evacuate Collection Set: 0.30ms
[2024-07-12T05:22:56.695+0100][gc,phases   ] GC(4)   Merge Heap Roots: 0.14ms
[2024-07-12T05:22:56.695+0100][gc,phases   ] GC(4)   Evacuate Collection Set: 3.98ms
[2024-07-12T05:22:56.695+0100][gc,phases   ] GC(4)   Post Evacuate Collection Set: 0.85ms
[2024-07-12T05:22:56.695+0100][gc,phases   ] GC(4)   Other: 0.19ms
[2024-07-12T05:22:56.695+0100][gc,heap     ] GC(4) Eden regions: 20->0(44)
[2024-07-12T05:22:56.695+0100][gc,heap     ] GC(4) Survivor regions: 5->7(7)
[2024-07-12T05:22:56.695+0100][gc,heap     ] GC(4) Old regions: 9->11
[2024-07-12T05:22:56.696+0100][gc,heap     ] GC(4) Humongous regions: 9->9
[2024-07-12T05:22:56.696+0100][gc,metaspace] GC(4) Metaspace: 35694K(35968K)->35694K(35968K) NonClass: 31396K(31552K)->31396K(31552K) Class: 4298K(4416K)->4298K(4416K)
[2024-07-12T05:22:56.696+0100][gc          ] GC(4) Pause Young (Concurrent Start) (Metadata GC Threshold) 42M->25M(1024M) 5.965ms
[2024-07-12T05:22:56.696+0100][gc          ] GC(5) Concurrent Mark Cycle
[2024-07-12T05:22:56.696+0100][gc,cpu      ] GC(4) User=0.00s Sys=0.00s Real=0.01s
[2024-07-12T05:22:56.696+0100][gc,marking  ] GC(5) Concurrent Scan Root Regions
[2024-07-12T05:22:56.699+0100][gc,marking  ] GC(5) Concurrent Scan Root Regions 4.360ms
[2024-07-12T05:22:56.699+0100][gc,marking  ] GC(5) Concurrent Mark
[2024-07-12T05:22:56.699+0100][gc,marking  ] GC(5) Concurrent Mark From Roots
[2024-07-12T05:22:56.699+0100][gc,task     ] GC(5) Using 3 workers of 3 for marking
[2024-07-12T05:22:56.708+0100][gc,marking  ] GC(5) Concurrent Mark From Roots 7.896ms
[2024-07-12T05:22:56.708+0100][gc,marking  ] GC(5) Concurrent Preclean
[2024-07-12T05:22:56.708+0100][gc,marking  ] GC(5) Concurrent Preclean 0.222ms
[2024-07-12T05:22:56.709+0100][gc,start    ] GC(5) Pause Remark
[2024-07-12T05:22:56.711+0100][gc          ] GC(5) Pause Remark 26M->26M(1024M) 2.830ms
[2024-07-12T05:22:56.711+0100][gc,cpu      ] GC(5) User=0.00s Sys=0.00s Real=0.00s
[2024-07-12T05:22:56.711+0100][gc,marking  ] GC(5) Concurrent Mark 11.491ms
[2024-07-12T05:22:56.711+0100][gc,marking  ] GC(5) Concurrent Rebuild Remembered Sets and Scrub Regions
[2024-07-12T05:22:56.711+0100][gc,marking  ] GC(5) Concurrent Rebuild Remembered Sets and Scrub Regions 2.448ms
[2024-07-12T05:22:56.711+0100][gc,start    ] GC(5) Pause Cleanup
[2024-07-12T05:22:56.711+0100][gc          ] GC(5) Pause Cleanup 26M->26M(1024M) 0.266ms
[2024-07-12T05:22:56.711+0100][gc,cpu      ] GC(5) User=0.00s Sys=0.00s Real=0.00s
[2024-07-12T05:22:56.711+0100][gc,marking  ] GC(5) Concurrent Clear Claimed Marks
[2024-07-12T05:22:56.711+0100][gc,marking  ] GC(5) Concurrent Clear Claimed Marks 0.060ms
[2024-07-12T05:22:56.711+0100][gc,marking  ] GC(5) Concurrent Cleanup for Next Mark
[2024-07-12T05:22:56.720+0100][gc,marking  ] GC(5) Concurrent Cleanup for Next Mark 4.814ms
[2024-07-12T05:22:56.720+0100][gc          ] GC(5) Concurrent Mark Cycle 24.273ms
[2024-07-12T05:23:31.396+0100][gc,start    ] GC(6) Pause Young (Prepare Mixed) (G1 Evacuation Pause)
[2024-07-12T05:23:31.396+0100][gc,task     ] GC(6) Using 10 workers of 10 for evacuation
[2024-07-12T05:23:31.405+0100][gc,phases   ] GC(6)   Pre Evacuate Collection Set: 0.21ms
[2024-07-12T05:23:31.405+0100][gc,phases   ] GC(6)   Merge Heap Roots: 0.06ms
[2024-07-12T05:23:31.405+0100][gc,phases   ] GC(6)   Evacuate Collection Set: 5.02ms
[2024-07-12T05:23:31.405+0100][gc,phases   ] GC(6)   Post Evacuate Collection Set: 0.86ms
[2024-07-12T05:23:31.405+0100][gc,phases   ] GC(6)   Other: 0.16ms
[2024-07-12T05:23:31.405+0100][gc,heap     ] GC(6) Eden regions: 44->0(44)
[2024-07-12T05:23:31.405+0100][gc,heap     ] GC(6) Survivor regions: 7->7(7)
[2024-07-12T05:23:31.405+0100][gc,heap     ] GC(6) Old regions: 11->14
[2024-07-12T05:23:31.405+0100][gc,heap     ] GC(6) Humongous regions: 138->138
[2024-07-12T05:23:31.405+0100][gc,metaspace] GC(6) Metaspace: 41124K(41792K)->41124K(41792K) NonClass: 35921K(36288K)->35921K(36288K) Class: 5202K(5504K)->5202K(5504K)
[2024-07-12T05:23:31.405+0100][gc          ] GC(6) Pause Young (Prepare Mixed) (G1 Evacuation Pause) 198M->158M(1024M) 6.642ms
[2024-07-12T05:23:31.405+0100][gc,cpu      ] GC(6) User=0.00s Sys=0.00s Real=0.01s
[2024-07-12T05:24:27.019+0100][gc,start    ] GC(7) Pause Young (Mixed) (G1 Evacuation Pause)
[2024-07-12T05:24:27.019+0100][gc,task     ] GC(7) Using 10 workers of 10 for evacuation
[2024-07-12T05:24:27.026+0100][gc,phases   ] GC(7)   Pre Evacuate Collection Set: 0.29ms
[2024-07-12T05:24:27.026+0100][gc,phases   ] GC(7)   Merge Heap Roots: 0.12ms
[2024-07-12T05:24:27.026+0100][gc,phases   ] GC(7)   Evacuate Collection Set: 4.17ms
[2024-07-12T05:24:27.026+0100][gc,phases   ] GC(7)   Post Evacuate Collection Set: 1.02ms
[2024-07-12T05:24:27.026+0100][gc,phases   ] GC(7)   Other: 0.11ms
[2024-07-12T05:24:27.026+0100][gc,heap     ] GC(7) Eden regions: 44->0(44)
[2024-07-12T05:24:27.026+0100][gc,heap     ] GC(7) Survivor regions: 7->7(7)
[2024-07-12T05:24:27.026+0100][gc,heap     ] GC(7) Old regions: 14->17
[2024-07-12T05:24:27.026+0100][gc,heap     ] GC(7) Humongous regions: 138->138
[2024-07-12T05:24:27.026+0100][gc,metaspace] GC(7) Metaspace: 43311K(44032K)->43311K(44032K) NonClass: 37908K(38336K)->37908K(38336K) Class: 5402K(5696K)->5402K(5696K)
[2024-07-12T05:24:27.026+0100][gc          ] GC(7) Pause Young (Mixed) (G1 Evacuation Pause) 202M->161M(1024M) 5.983ms
[2024-07-12T05:24:27.026+0100][gc,cpu      ] GC(7) User=0.00s Sys=0.00s Real=0.01s
[2024-07-12T05:26:28.084+0100][gc,start    ] GC(8) Pause Young (Normal) (G1 Evacuation Pause)
[2024-07-12T05:26:28.085+0100][gc,task     ] GC(8) Using 10 workers of 10 for evacuation
[2024-07-12T05:26:28.090+0100][gc,phases   ] GC(8)   Pre Evacuate Collection Set: 0.32ms
[2024-07-12T05:26:28.090+0100][gc,phases   ] GC(8)   Merge Heap Roots: 0.14ms
[2024-07-12T05:26:28.090+0100][gc,phases   ] GC(8)   Evacuate Collection Set: 4.26ms
[2024-07-12T05:26:28.090+0100][gc,phases   ] GC(8)   Post Evacuate Collection Set: 0.74ms
[2024-07-12T05:26:28.090+0100][gc,phases   ] GC(8)   Other: 0.20ms
[2024-07-12T05:26:28.090+0100][gc,heap     ] GC(8) Eden regions: 44->0(45)
[2024-07-12T05:26:28.090+0100][gc,heap     ] GC(8) Survivor regions: 7->6(7)
[2024-07-12T05:26:28.090+0100][gc,heap     ] GC(8) Old regions: 17->20
[2024-07-12T05:26:28.090+0100][gc,heap     ] GC(8) Humongous regions: 138->138
[2024-07-12T05:26:28.090+0100][gc,metaspace] GC(8) Metaspace: 43668K(44416K)->43668K(44416K) NonClass: 38261K(38656K)->38261K(38656K) Class: 5406K(5760K)->5406K(5760K)
[2024-07-12T05:26:28.090+0100][gc          ] GC(8) Pause Young (Normal) (G1 Evacuation Pause) 205M->162M(1024M) 5.987ms
[2024-07-12T05:26:28.090+0100][gc,cpu      ] GC(8) User=0.02s Sys=0.00s Real=0.01s
[2024-07-12T05:28:42.934+0100][gc,start    ] GC(9) Pause Young (Normal) (G1 Evacuation Pause)
[2024-07-12T05:28:42.934+0100][gc,task     ] GC(9) Using 10 workers of 10 for evacuation
[2024-07-12T05:28:42.937+0100][gc,phases   ] GC(9)   Pre Evacuate Collection Set: 0.38ms
[2024-07-12T05:28:42.937+0100][gc,phases   ] GC(9)   Merge Heap Roots: 0.19ms
[2024-07-12T05:28:42.937+0100][gc,phases   ] GC(9)   Evacuate Collection Set: 4.39ms
[2024-07-12T05:28:42.937+0100][gc,phases   ] GC(9)   Post Evacuate Collection Set: 0.60ms
[2024-07-12T05:28:42.937+0100][gc,phases   ] GC(9)   Other: 0.09ms
[2024-07-12T05:28:42.937+0100][gc,heap     ] GC(9) Eden regions: 45->0(45)
[2024-07-12T05:28:42.937+0100][gc,heap     ] GC(9) Survivor regions: 6->6(7)
[2024-07-12T05:28:42.937+0100][gc,heap     ] GC(9) Old regions: 20->22
[2024-07-12T05:28:42.937+0100][gc,heap     ] GC(9) Humongous regions: 138->138
[2024-07-12T05:28:42.937+0100][gc,metaspace] GC(9) Metaspace: 43843K(44544K)->43843K(44544K) NonClass: 38431K(38784K)->38431K(38784K) Class: 5412K(5760K)->5412K(5760K)
[2024-07-12T05:28:42.937+0100][gc          ] GC(9) Pause Young (Normal) (G1 Evacuation Pause) 207M->165M(1024M) 5.911ms
[2024-07-12T05:28:42.937+0100][gc,cpu      ] GC(9) User=0.00s Sys=0.00s Real=0.00s
[2024-07-12T05:31:01.030+0100][gc,start    ] GC(10) Pause Young (Normal) (G1 Evacuation Pause)
[2024-07-12T05:31:01.030+0100][gc,task     ] GC(10) Using 10 workers of 10 for evacuation
[2024-07-12T05:31:01.035+0100][gc,phases   ] GC(10)   Pre Evacuate Collection Set: 0.26ms
[2024-07-12T05:31:01.035+0100][gc,phases   ] GC(10)   Merge Heap Roots: 0.10ms
[2024-07-12T05:31:01.035+0100][gc,phases   ] GC(10)   Evacuate Collection Set: 2.94ms
[2024-07-12T05:31:01.035+0100][gc,phases   ] GC(10)   Post Evacuate Collection Set: 0.58ms
[2024-07-12T05:31:01.035+0100][gc,phases   ] GC(10)   Other: 0.08ms
[2024-07-12T05:31:01.035+0100][gc,heap     ] GC(10) Eden regions: 45->0(47)
[2024-07-12T05:31:01.035+0100][gc,heap     ] GC(10) Survivor regions: 6->4(7)
[2024-07-12T05:31:01.035+0100][gc,heap     ] GC(10) Old regions: 22->25
[2024-07-12T05:31:01.035+0100][gc,heap     ] GC(10) Humongous regions: 138->138
[2024-07-12T05:31:01.035+0100][gc,metaspace] GC(10) Metaspace: 43983K(44736K)->43983K(44736K) NonClass: 38571K(38976K)->38571K(38976K) Class: 5412K(5760K)->5412K(5760K)
[2024-07-12T05:31:01.035+0100][gc          ] GC(10) Pause Young (Normal) (G1 Evacuation Pause) 210M->166M(1024M) 4.299ms
[2024-07-12T05:31:01.035+0100][gc,cpu      ] GC(10) User=0.00s Sys=0.00s Real=0.01s
[2024-07-12T05:33:29.768+0100][gc,start    ] GC(11) Pause Young (Normal) (G1 Evacuation Pause)
[2024-07-12T05:33:29.768+0100][gc,task     ] GC(11) Using 10 workers of 10 for evacuation
[2024-07-12T05:33:29.773+0100][gc,phases   ] GC(11)   Pre Evacuate Collection Set: 0.31ms
[2024-07-12T05:33:29.773+0100][gc,phases   ] GC(11)   Merge Heap Roots: 0.14ms
[2024-07-12T05:33:29.773+0100][gc,phases   ] GC(11)   Evacuate Collection Set: 3.90ms
[2024-07-12T05:33:29.773+0100][gc,phases   ] GC(11)   Post Evacuate Collection Set: 0.61ms
[2024-07-12T05:33:29.773+0100][gc,phases   ] GC(11)   Other: 0.09ms
[2024-07-12T05:33:29.773+0100][gc,heap     ] GC(11) Eden regions: 47->0(44)
[2024-07-12T05:33:29.773+0100][gc,heap     ] GC(11) Survivor regions: 4->7(7)
[2024-07-12T05:33:29.773+0100][gc,heap     ] GC(11) Old regions: 25->25
[2024-07-12T05:33:29.773+0100][gc,heap     ] GC(11) Humongous regions: 138->138
[2024-07-12T05:33:29.773+0100][gc,metaspace] GC(11) Metaspace: 44122K(44864K)->44122K(44864K) NonClass: 38694K(39104K)->38694K(39104K) Class: 5428K(5760K)->5428K(5760K)
[2024-07-12T05:33:29.773+0100][gc          ] GC(11) Pause Young (Normal) (G1 Evacuation Pause) 213M->169M(1024M) 5.357ms
[2024-07-12T05:33:29.773+0100][gc,cpu      ] GC(11) User=0.00s Sys=0.00s Real=0.01s
[2024-07-12T05:35:54.883+0100][gc,start    ] GC(12) Pause Young (Normal) (G1 Evacuation Pause)
[2024-07-12T05:35:54.883+0100][gc,task     ] GC(12) Using 10 workers of 10 for evacuation
[2024-07-12T05:35:54.888+0100][gc,phases   ] GC(12)   Pre Evacuate Collection Set: 0.22ms
[2024-07-12T05:35:54.888+0100][gc,phases   ] GC(12)   Merge Heap Roots: 0.09ms
[2024-07-12T05:35:54.888+0100][gc,phases   ] GC(12)   Evacuate Collection Set: 4.19ms
[2024-07-12T05:35:54.888+0100][gc,phases   ] GC(12)   Post Evacuate Collection Set: 0.55ms
[2024-07-12T05:35:54.888+0100][gc,phases   ] GC(12)   Other: 0.08ms
[2024-07-12T05:35:54.888+0100][gc,heap     ] GC(12) Eden regions: 44->0(68)
[2024-07-12T05:35:54.888+0100][gc,heap     ] GC(12) Survivor regions: 7->4(7)
[2024-07-12T05:35:54.888+0100][gc,heap     ] GC(12) Old regions: 25->30
[2024-07-12T05:35:54.888+0100][gc,heap     ] GC(12) Humongous regions: 138->138
[2024-07-12T05:35:54.888+0100][gc,metaspace] GC(12) Metaspace: 44176K(44928K)->44176K(44928K) NonClass: 38747K(39168K)->38747K(39168K) Class: 5428K(5760K)->5428K(5760K)
[2024-07-12T05:35:54.888+0100][gc          ] GC(12) Pause Young (Normal) (G1 Evacuation Pause) 213M->171M(1024M) 5.395ms
[2024-07-12T05:35:54.888+0100][gc,cpu      ] GC(12) User=0.02s Sys=0.00s Real=0.01s
[2024-07-12T05:39:20.698+0100][gc,start    ] GC(13) Pause Young (Normal) (G1 Evacuation Pause)
[2024-07-12T05:39:20.698+0100][gc,task     ] GC(13) Using 10 workers of 10 for evacuation
[2024-07-12T05:39:20.698+0100][gc,phases   ] GC(13)   Pre Evacuate Collection Set: 0.39ms
[2024-07-12T05:39:20.698+0100][gc,phases   ] GC(13)   Merge Heap Roots: 0.15ms
[2024-07-12T05:39:20.698+0100][gc,phases   ] GC(13)   Evacuate Collection Set: 4.53ms
[2024-07-12T05:39:20.698+0100][gc,phases   ] GC(13)   Post Evacuate Collection Set: 0.71ms
[2024-07-12T05:39:20.698+0100][gc,phases   ] GC(13)   Other: 0.11ms
[2024-07-12T05:39:20.698+0100][gc,heap     ] GC(13) Eden regions: 62->0(57)
[2024-07-12T05:39:20.698+0100][gc,heap     ] GC(13) Survivor regions: 4->7(9)
[2024-07-12T05:39:20.698+0100][gc,heap     ] GC(13) Old regions: 30->30
[2024-07-12T05:39:20.698+0100][gc,heap     ] GC(13) Humongous regions: 138->138
[2024-07-12T05:39:20.698+0100][gc,metaspace] GC(13) Metaspace: 44211K(44928K)->44211K(44928K) NonClass: 38782K(39168K)->38782K(39168K) Class: 5428K(5760K)->5428K(5760K)
[2024-07-12T05:39:20.698+0100][gc          ] GC(13) Pause Young (Normal) (G1 Evacuation Pause) 233M->174M(1024M) 6.174ms
[2024-07-12T05:39:20.698+0100][gc,cpu      ] GC(13) User=0.00s Sys=0.00s Real=0.00s
