[2024-07-11T19:43:45.127+0100][gc,init] CardTable entry size: 512
[2024-07-11T19:43:45.127+0100][gc     ] Using G1
[2024-07-11T19:43:45.141+0100][gc,init] Version: 22.0.1+8-16 (release)
[2024-07-11T19:43:45.141+0100][gc,init] CPUs: 12 total, 12 available
[2024-07-11T19:43:45.141+0100][gc,init] Memory: 16146M
[2024-07-11T19:43:45.141+0100][gc,init] Large Page Support: Disabled
[2024-07-11T19:43:45.141+0100][gc,init] NUMA Support: Disabled
[2024-07-11T19:43:45.141+0100][gc,init] Compressed Oops: Enabled (32-bit)
[2024-07-11T19:43:45.141+0100][gc,init] Heap Region Size: 1M
[2024-07-11T19:43:45.141+0100][gc,init] Heap Min Capacity: 1G
[2024-07-11T19:43:45.157+0100][gc,init] Heap Initial Capacity: 1G
[2024-07-11T19:43:45.157+0100][gc,init] Heap Max Capacity: 1G
[2024-07-11T19:43:45.157+0100][gc,init] Pre-touch: Disabled
[2024-07-11T19:43:45.157+0100][gc,init] Parallel Workers: 10
[2024-07-11T19:43:45.157+0100][gc,init] Concurrent Workers: 3
[2024-07-11T19:43:45.157+0100][gc,init] Concurrent Refinement Workers: 10
[2024-07-11T19:43:45.157+0100][gc,init] Periodic GC: Disabled
[2024-07-11T19:43:45.159+0100][gc,metaspace] CDS archive(s) mapped at: [0x000001c090000000-0x000001c090c60000-0x000001c090c60000), size 12976128, SharedBaseAddress: 0x000001c090000000, ArchiveRelocationMode: 1.
[2024-07-11T19:43:45.159+0100][gc,metaspace] Compressed class space mapped at: 0x000001c091000000-0x000001c0d1000000, reserved size: 1073741824
[2024-07-11T19:43:45.159+0100][gc,metaspace] Narrow klass base: 0x000001c090000000, Narrow klass shift: 0, Narrow klass range: 0x41000000
[2024-07-11T19:43:46.564+0100][gc,start    ] GC(0) Pause Young (Normal) (G1 Evacuation Pause)
[2024-07-11T19:43:46.564+0100][gc,task     ] GC(0) Using 10 workers of 10 for evacuation
[2024-07-11T19:43:46.572+0100][gc,phases   ] GC(0)   Pre Evacuate Collection Set: 0.22ms
[2024-07-11T19:43:46.572+0100][gc,phases   ] GC(0)   Merge Heap Roots: 0.11ms
[2024-07-11T19:43:46.572+0100][gc,phases   ] GC(0)   Evacuate Collection Set: 5.91ms
[2024-07-11T19:43:46.572+0100][gc,phases   ] GC(0)   Post Evacuate Collection Set: 0.87ms
[2024-07-11T19:43:46.572+0100][gc,phases   ] GC(0)   Other: 0.63ms
[2024-07-11T19:43:46.572+0100][gc,heap     ] GC(0) Eden regions: 51->0(44)
[2024-07-11T19:43:46.572+0100][gc,heap     ] GC(0) Survivor regions: 0->7(7)
[2024-07-11T19:43:46.572+0100][gc,heap     ] GC(0) Old regions: 0->2
[2024-07-11T19:43:46.572+0100][gc,heap     ] GC(0) Humongous regions: 0->0
[2024-07-11T19:43:46.572+0100][gc,metaspace] GC(0) Metaspace: 17200K(17408K)->17200K(17408K) NonClass: 15099K(15232K)->15099K(15232K) Class: 2100K(2176K)->2100K(2176K)
[2024-07-11T19:43:46.572+0100][gc          ] GC(0) Pause Young (Normal) (G1 Evacuation Pause) 51M->8M(1024M) 8.079ms
[2024-07-11T19:43:46.572+0100][gc,cpu      ] GC(0) User=0.00s Sys=0.00s Real=0.01s
[2024-07-11T19:43:46.874+0100][gc,start    ] GC(1) Pause Young (Concurrent Start) (Metadata GC Threshold)
[2024-07-11T19:43:46.874+0100][gc,task     ] GC(1) Using 10 workers of 10 for evacuation
[2024-07-11T19:43:46.875+0100][gc,phases   ] GC(1)   Pre Evacuate Collection Set: 0.31ms
[2024-07-11T19:43:46.875+0100][gc,phases   ] GC(1)   Merge Heap Roots: 0.14ms
[2024-07-11T19:43:46.875+0100][gc,phases   ] GC(1)   Evacuate Collection Set: 4.38ms
[2024-07-11T19:43:46.875+0100][gc,phases   ] GC(1)   Post Evacuate Collection Set: 0.72ms
[2024-07-11T19:43:46.875+0100][gc,phases   ] GC(1)   Other: 0.14ms
[2024-07-11T19:43:46.875+0100][gc,heap     ] GC(1) Eden regions: 18->0(48)
[2024-07-11T19:43:46.875+0100][gc,heap     ] GC(1) Survivor regions: 7->3(7)
[2024-07-11T19:43:46.875+0100][gc,heap     ] GC(1) Old regions: 2->9
[2024-07-11T19:43:46.875+0100][gc,heap     ] GC(1) Humongous regions: 0->0
[2024-07-11T19:43:46.875+0100][gc,metaspace] GC(1) Metaspace: 21387K(21504K)->21387K(21504K) NonClass: 18813K(18880K)->18813K(18880K) Class: 2573K(2624K)->2573K(2624K)
[2024-07-11T19:43:46.880+0100][gc          ] GC(1) Pause Young (Concurrent Start) (Metadata GC Threshold) 26M->11M(1024M) 5.962ms
[2024-07-11T19:43:46.880+0100][gc,cpu      ] GC(1) User=0.00s Sys=0.00s Real=0.01s
[2024-07-11T19:43:46.880+0100][gc          ] GC(2) Concurrent Mark Cycle
[2024-07-11T19:43:46.880+0100][gc,marking  ] GC(2) Concurrent Scan Root Regions
[2024-07-11T19:43:46.882+0100][gc,marking  ] GC(2) Concurrent Scan Root Regions 1.898ms
[2024-07-11T19:43:46.882+0100][gc,marking  ] GC(2) Concurrent Mark
[2024-07-11T19:43:46.882+0100][gc,marking  ] GC(2) Concurrent Mark From Roots
[2024-07-11T19:43:46.882+0100][gc,task     ] GC(2) Using 3 workers of 3 for marking
[2024-07-11T19:43:46.883+0100][gc,marking  ] GC(2) Concurrent Mark From Roots 1.508ms
[2024-07-11T19:43:46.883+0100][gc,marking  ] GC(2) Concurrent Preclean
[2024-07-11T19:43:46.883+0100][gc,marking  ] GC(2) Concurrent Preclean 0.021ms
[2024-07-11T19:43:46.883+0100][gc,start    ] GC(2) Pause Remark
[2024-07-11T19:43:46.886+0100][gc          ] GC(2) Pause Remark 11M->11M(1024M) 2.060ms
[2024-07-11T19:43:46.886+0100][gc,cpu      ] GC(2) User=0.00s Sys=0.00s Real=0.00s
[2024-07-11T19:43:46.886+0100][gc,marking  ] GC(2) Concurrent Mark 3.829ms
[2024-07-11T19:43:46.886+0100][gc,marking  ] GC(2) Concurrent Rebuild Remembered Sets and Scrub Regions
[2024-07-11T19:43:46.886+0100][gc,marking  ] GC(2) Concurrent Rebuild Remembered Sets and Scrub Regions 0.877ms
[2024-07-11T19:43:46.886+0100][gc,start    ] GC(2) Pause Cleanup
[2024-07-11T19:43:46.886+0100][gc          ] GC(2) Pause Cleanup 11M->11M(1024M) 0.039ms
[2024-07-11T19:43:46.886+0100][gc,cpu      ] GC(2) User=0.00s Sys=0.00s Real=0.00s
[2024-07-11T19:43:46.886+0100][gc,marking  ] GC(2) Concurrent Clear Claimed Marks
[2024-07-11T19:43:46.886+0100][gc,marking  ] GC(2) Concurrent Clear Claimed Marks 0.045ms
[2024-07-11T19:43:46.886+0100][gc,marking  ] GC(2) Concurrent Cleanup for Next Mark
[2024-07-11T19:43:46.886+0100][gc,marking  ] GC(2) Concurrent Cleanup for Next Mark 4.964ms
[2024-07-11T19:43:46.886+0100][gc          ] GC(2) Concurrent Mark Cycle 12.176ms
[2024-07-11T19:43:48.106+0100][gc,start    ] GC(3) Pause Young (Normal) (G1 Evacuation Pause)
[2024-07-11T19:43:48.106+0100][gc,task     ] GC(3) Using 10 workers of 10 for evacuation
[2024-07-11T19:43:48.109+0100][gc,phases   ] GC(3)   Pre Evacuate Collection Set: 0.22ms
[2024-07-11T19:43:48.109+0100][gc,phases   ] GC(3)   Merge Heap Roots: 0.08ms
[2024-07-11T19:43:48.109+0100][gc,phases   ] GC(3)   Evacuate Collection Set: 4.32ms
[2024-07-11T19:43:48.109+0100][gc,phases   ] GC(3)   Post Evacuate Collection Set: 0.74ms
[2024-07-11T19:43:48.109+0100][gc,phases   ] GC(3)   Other: 0.11ms
[2024-07-11T19:43:48.109+0100][gc,heap     ] GC(3) Eden regions: 48->0(46)
[2024-07-11T19:43:48.109+0100][gc,heap     ] GC(3) Survivor regions: 3->5(7)
[2024-07-11T19:43:48.109+0100][gc,heap     ] GC(3) Old regions: 9->9
[2024-07-11T19:43:48.109+0100][gc,heap     ] GC(3) Humongous regions: 9->9
[2024-07-11T19:43:48.109+0100][gc,metaspace] GC(3) Metaspace: 32769K(33152K)->32769K(33152K) NonClass: 28701K(28928K)->28701K(28928K) Class: 4067K(4224K)->4067K(4224K)
[2024-07-11T19:43:48.109+0100][gc          ] GC(3) Pause Young (Normal) (G1 Evacuation Pause) 68M->22M(1024M) 5.829ms
[2024-07-11T19:43:48.109+0100][gc,cpu      ] GC(3) User=0.00s Sys=0.00s Real=0.00s
[2024-07-11T19:43:48.596+0100][gc,start    ] GC(4) Pause Young (Concurrent Start) (Metadata GC Threshold)
[2024-07-11T19:43:48.596+0100][gc,task     ] GC(4) Using 10 workers of 10 for evacuation
[2024-07-11T19:43:48.602+0100][gc,phases   ] GC(4)   Pre Evacuate Collection Set: 0.31ms
[2024-07-11T19:43:48.602+0100][gc,phases   ] GC(4)   Merge Heap Roots: 0.14ms
[2024-07-11T19:43:48.602+0100][gc,phases   ] GC(4)   Evacuate Collection Set: 4.28ms
[2024-07-11T19:43:48.602+0100][gc,phases   ] GC(4)   Post Evacuate Collection Set: 0.69ms
[2024-07-11T19:43:48.602+0100][gc,phases   ] GC(4)   Other: 0.16ms
[2024-07-11T19:43:48.602+0100][gc,heap     ] GC(4) Eden regions: 19->0(45)
[2024-07-11T19:43:48.602+0100][gc,heap     ] GC(4) Survivor regions: 5->6(7)
[2024-07-11T19:43:48.602+0100][gc,heap     ] GC(4) Old regions: 9->11
[2024-07-11T19:43:48.602+0100][gc,heap     ] GC(4) Humongous regions: 9->9
[2024-07-11T19:43:48.602+0100][gc,metaspace] GC(4) Metaspace: 35690K(35968K)->35690K(35968K) NonClass: 31388K(31552K)->31388K(31552K) Class: 4301K(4416K)->4301K(4416K)
[2024-07-11T19:43:48.602+0100][gc          ] GC(4) Pause Young (Concurrent Start) (Metadata GC Threshold) 41M->25M(1024M) 6.011ms
[2024-07-11T19:43:48.602+0100][gc,cpu      ] GC(4) User=0.00s Sys=0.00s Real=0.01s
[2024-07-11T19:43:48.602+0100][gc          ] GC(5) Concurrent Mark Cycle
[2024-07-11T19:43:48.602+0100][gc,marking  ] GC(5) Concurrent Scan Root Regions
[2024-07-11T19:43:48.605+0100][gc,marking  ] GC(5) Concurrent Scan Root Regions 3.704ms
[2024-07-11T19:43:48.605+0100][gc,marking  ] GC(5) Concurrent Mark
[2024-07-11T19:43:48.605+0100][gc,marking  ] GC(5) Concurrent Mark From Roots
[2024-07-11T19:43:48.605+0100][gc,task     ] GC(5) Using 3 workers of 3 for marking
[2024-07-11T19:43:48.611+0100][gc,marking  ] GC(5) Concurrent Mark From Roots 6.700ms
[2024-07-11T19:43:48.611+0100][gc,marking  ] GC(5) Concurrent Preclean
[2024-07-11T19:43:48.611+0100][gc,marking  ] GC(5) Concurrent Preclean 0.051ms
[2024-07-11T19:43:48.619+0100][gc,start    ] GC(5) Pause Remark
[2024-07-11T19:43:48.622+0100][gc          ] GC(5) Pause Remark 26M->26M(1024M) 3.557ms
[2024-07-11T19:43:48.622+0100][gc,cpu      ] GC(5) User=0.00s Sys=0.00s Real=0.00s
[2024-07-11T19:43:48.622+0100][gc,marking  ] GC(5) Concurrent Mark 16.395ms
[2024-07-11T19:43:48.622+0100][gc,marking  ] GC(5) Concurrent Rebuild Remembered Sets and Scrub Regions
[2024-07-11T19:43:48.623+0100][gc,marking  ] GC(5) Concurrent Rebuild Remembered Sets and Scrub Regions 2.885ms
[2024-07-11T19:43:48.623+0100][gc,start    ] GC(5) Pause Cleanup
[2024-07-11T19:43:48.623+0100][gc          ] GC(5) Pause Cleanup 26M->26M(1024M) 0.202ms
[2024-07-11T19:43:48.623+0100][gc,cpu      ] GC(5) User=0.00s Sys=0.00s Real=0.00s
[2024-07-11T19:43:48.623+0100][gc,marking  ] GC(5) Concurrent Clear Claimed Marks
[2024-07-11T19:43:48.623+0100][gc,marking  ] GC(5) Concurrent Clear Claimed Marks 0.046ms
[2024-07-11T19:43:48.623+0100][gc,marking  ] GC(5) Concurrent Cleanup for Next Mark
[2024-07-11T19:43:48.626+0100][gc,marking  ] GC(5) Concurrent Cleanup for Next Mark 2.189ms
[2024-07-11T19:43:48.626+0100][gc          ] GC(5) Concurrent Mark Cycle 25.960ms
[2024-07-11T20:16:50.504+0100][gc,start    ] GC(6) Pause Young (Prepare Mixed) (G1 Evacuation Pause)
[2024-07-11T20:16:50.504+0100][gc,task     ] GC(6) Using 10 workers of 10 for evacuation
[2024-07-11T20:16:50.507+0100][gc,phases   ] GC(6)   Pre Evacuate Collection Set: 1.19ms
[2024-07-11T20:16:50.507+0100][gc,phases   ] GC(6)   Merge Heap Roots: 0.33ms
[2024-07-11T20:16:50.507+0100][gc,phases   ] GC(6)   Evacuate Collection Set: 7.39ms
[2024-07-11T20:16:50.507+0100][gc,phases   ] GC(6)   Post Evacuate Collection Set: 0.84ms
[2024-07-11T20:16:50.507+0100][gc,phases   ] GC(6)   Other: 0.23ms
[2024-07-11T20:16:50.507+0100][gc,heap     ] GC(6) Eden regions: 45->0(46)
[2024-07-11T20:16:50.507+0100][gc,heap     ] GC(6) Survivor regions: 6->5(7)
[2024-07-11T20:16:50.507+0100][gc,heap     ] GC(6) Old regions: 11->14
[2024-07-11T20:16:50.507+0100][gc,heap     ] GC(6) Humongous regions: 138->138
[2024-07-11T20:16:50.507+0100][gc,metaspace] GC(6) Metaspace: 38608K(38976K)->38608K(38976K) NonClass: 34035K(34240K)->34035K(34240K) Class: 4573K(4736K)->4573K(4736K)
[2024-07-11T20:16:50.507+0100][gc          ] GC(6) Pause Young (Prepare Mixed) (G1 Evacuation Pause) 199M->156M(1024M) 10.574ms
[2024-07-11T20:16:50.507+0100][gc,cpu      ] GC(6) User=0.00s Sys=0.00s Real=0.00s
[2024-07-11T20:33:55.048+0100][gc,start    ] GC(7) Pause Young (Mixed) (G1 Evacuation Pause)
[2024-07-11T20:33:55.048+0100][gc,task     ] GC(7) Using 10 workers of 10 for evacuation
[2024-07-11T20:33:55.050+0100][gc,phases   ] GC(7)   Pre Evacuate Collection Set: 0.85ms
[2024-07-11T20:33:55.050+0100][gc,phases   ] GC(7)   Merge Heap Roots: 0.30ms
[2024-07-11T20:33:55.050+0100][gc,phases   ] GC(7)   Evacuate Collection Set: 8.87ms
[2024-07-11T20:33:55.050+0100][gc,phases   ] GC(7)   Post Evacuate Collection Set: 1.66ms
[2024-07-11T20:33:55.050+0100][gc,phases   ] GC(7)   Other: 0.37ms
[2024-07-11T20:33:55.050+0100][gc,heap     ] GC(7) Eden regions: 46->0(49)
[2024-07-11T20:33:55.050+0100][gc,heap     ] GC(7) Survivor regions: 5->2(7)
[2024-07-11T20:33:55.050+0100][gc,heap     ] GC(7) Old regions: 14->17
[2024-07-11T20:33:55.050+0100][gc,heap     ] GC(7) Humongous regions: 138->138
[2024-07-11T20:33:55.050+0100][gc,metaspace] GC(7) Metaspace: 38871K(39296K)->38871K(39296K) NonClass: 34297K(34560K)->34297K(34560K) Class: 4573K(4736K)->4573K(4736K)
[2024-07-11T20:33:55.050+0100][gc          ] GC(7) Pause Young (Mixed) (G1 Evacuation Pause) 202M->156M(1024M) 13.305ms
[2024-07-11T20:33:55.050+0100][gc,cpu      ] GC(7) User=0.00s Sys=0.00s Real=0.00s
[2024-07-11T20:37:12.529+0100][gc,start    ] GC(8) Pause Young (Normal) (G1 Evacuation Pause)
[2024-07-11T20:37:12.529+0100][gc,task     ] GC(8) Using 10 workers of 10 for evacuation
[2024-07-11T20:37:12.541+0100][gc,phases   ] GC(8)   Pre Evacuate Collection Set: 0.51ms
[2024-07-11T20:37:12.541+0100][gc,phases   ] GC(8)   Merge Heap Roots: 0.19ms
[2024-07-11T20:37:12.541+0100][gc,phases   ] GC(8)   Evacuate Collection Set: 6.78ms
[2024-07-11T20:37:12.541+0100][gc,phases   ] GC(8)   Post Evacuate Collection Set: 1.79ms
[2024-07-11T20:37:12.541+0100][gc,phases   ] GC(8)   Other: 0.23ms
[2024-07-11T20:37:12.541+0100][gc,heap     ] GC(8) Eden regions: 49->0(45)
[2024-07-11T20:37:12.542+0100][gc,heap     ] GC(8) Survivor regions: 2->6(7)
[2024-07-11T20:37:12.542+0100][gc,heap     ] GC(8) Old regions: 17->17
[2024-07-11T20:37:12.542+0100][gc,heap     ] GC(8) Humongous regions: 138->138
[2024-07-11T20:37:12.542+0100][gc,metaspace] GC(8) Metaspace: 42247K(42880K)->42247K(42880K) NonClass: 37059K(37440K)->37059K(37440K) Class: 5188K(5440K)->5188K(5440K)
[2024-07-11T20:37:12.542+0100][gc          ] GC(8) Pause Young (Normal) (G1 Evacuation Pause) 205M->159M(1024M) 10.358ms
[2024-07-11T20:37:12.542+0100][gc,cpu      ] GC(8) User=0.02s Sys=0.00s Real=0.01s
[2024-07-11T20:41:27.045+0100][gc,start    ] GC(9) Pause Young (Normal) (G1 Evacuation Pause)
[2024-07-11T20:41:27.045+0100][gc,task     ] GC(9) Using 10 workers of 10 for evacuation
[2024-07-11T20:41:27.060+0100][gc,phases   ] GC(9)   Pre Evacuate Collection Set: 0.72ms
[2024-07-11T20:41:27.060+0100][gc,phases   ] GC(9)   Merge Heap Roots: 0.38ms
[2024-07-11T20:41:27.060+0100][gc,phases   ] GC(9)   Evacuate Collection Set: 12.01ms
[2024-07-11T20:41:27.060+0100][gc,phases   ] GC(9)   Post Evacuate Collection Set: 1.96ms
[2024-07-11T20:41:27.060+0100][gc,phases   ] GC(9)   Other: 0.39ms
[2024-07-11T20:41:27.060+0100][gc,heap     ] GC(9) Eden regions: 45->0(45)
[2024-07-11T20:41:27.060+0100][gc,heap     ] GC(9) Survivor regions: 6->6(7)
[2024-07-11T20:41:27.060+0100][gc,heap     ] GC(9) Old regions: 17->18
[2024-07-11T20:41:27.060+0100][gc,heap     ] GC(9) Humongous regions: 138->138
[2024-07-11T20:41:27.060+0100][gc,metaspace] GC(9) Metaspace: 43956K(44672K)->43956K(44672K) NonClass: 38546K(38912K)->38546K(38912K) Class: 5409K(5760K)->5409K(5760K)
[2024-07-11T20:41:27.060+0100][gc          ] GC(9) Pause Young (Normal) (G1 Evacuation Pause) 204M->161M(1024M) 16.555ms
[2024-07-11T20:41:27.060+0100][gc,cpu      ] GC(9) User=0.03s Sys=0.00s Real=0.01s
[2024-07-11T21:24:05.498+0100][gc,start    ] GC(10) Pause Young (Normal) (G1 Evacuation Pause)
[2024-07-11T21:24:05.498+0100][gc,task     ] GC(10) Using 10 workers of 10 for evacuation
[2024-07-11T21:24:05.507+0100][gc,phases   ] GC(10)   Pre Evacuate Collection Set: 0.29ms
[2024-07-11T21:24:05.507+0100][gc,phases   ] GC(10)   Merge Heap Roots: 0.08ms
[2024-07-11T21:24:05.507+0100][gc,phases   ] GC(10)   Evacuate Collection Set: 5.01ms
[2024-07-11T21:24:05.507+0100][gc,phases   ] GC(10)   Post Evacuate Collection Set: 2.94ms
[2024-07-11T21:24:05.507+0100][gc,phases   ] GC(10)   Other: 0.29ms
[2024-07-11T21:24:05.507+0100][gc,heap     ] GC(10) Eden regions: 45->0(46)
[2024-07-11T21:24:05.507+0100][gc,heap     ] GC(10) Survivor regions: 6->5(7)
[2024-07-11T21:24:05.507+0100][gc,heap     ] GC(10) Old regions: 18->21
[2024-07-11T21:24:05.507+0100][gc,heap     ] GC(10) Humongous regions: 147->147
[2024-07-11T21:24:05.507+0100][gc,metaspace] GC(10) Metaspace: 44540K(45248K)->44540K(45248K) NonClass: 39019K(39424K)->39019K(39424K) Class: 5521K(5824K)->5521K(5824K)
[2024-07-11T21:24:05.509+0100][gc          ] GC(10) Pause Young (Normal) (G1 Evacuation Pause) 215M->171M(1024M) 10.857ms
[2024-07-11T21:24:05.509+0100][gc,cpu      ] GC(10) User=0.12s Sys=0.00s Real=0.01s
