[2024-07-12T06:00:59.734+0100][gc,init] CardTable entry size: 512
[2024-07-12T06:00:59.734+0100][gc     ] Using G1
[2024-07-12T06:00:59.734+0100][gc,init] Version: 22.0.1+8-16 (release)
[2024-07-12T06:00:59.734+0100][gc,init] CPUs: 12 total, 12 available
[2024-07-12T06:00:59.734+0100][gc,init] Memory: 16146M
[2024-07-12T06:00:59.734+0100][gc,init] Large Page Support: Disabled
[2024-07-12T06:00:59.734+0100][gc,init] NUMA Support: Disabled
[2024-07-12T06:00:59.734+0100][gc,init] Compressed Oops: Enabled (32-bit)
[2024-07-12T06:00:59.734+0100][gc,init] Heap Region Size: 1M
[2024-07-12T06:00:59.734+0100][gc,init] Heap Min Capacity: 1G
[2024-07-12T06:00:59.734+0100][gc,init] Heap Initial Capacity: 1G
[2024-07-12T06:00:59.734+0100][gc,init] Heap Max Capacity: 1G
[2024-07-12T06:00:59.734+0100][gc,init] Pre-touch: Disabled
[2024-07-12T06:00:59.734+0100][gc,init] Parallel Workers: 10
[2024-07-12T06:00:59.734+0100][gc,init] Concurrent Workers: 3
[2024-07-12T06:00:59.734+0100][gc,init] Concurrent Refinement Workers: 10
[2024-07-12T06:00:59.734+0100][gc,init] Periodic GC: Disabled
[2024-07-12T06:00:59.749+0100][gc,metaspace] CDS archive(s) mapped at: [0x00000255c0000000-0x00000255c0c60000-0x00000255c0c60000), size 12976128, SharedBaseAddress: 0x00000255c0000000, ArchiveRelocationMode: 1.
[2024-07-12T06:00:59.749+0100][gc,metaspace] Compressed class space mapped at: 0x00000255c1000000-0x0000025601000000, reserved size: 1073741824
[2024-07-12T06:00:59.749+0100][gc,metaspace] Narrow klass base: 0x00000255c0000000, Narrow klass shift: 0, Narrow klass range: 0x41000000
[2024-07-12T06:01:00.917+0100][gc,start    ] GC(0) Pause Young (Normal) (G1 Evacuation Pause)
[2024-07-12T06:01:00.918+0100][gc,task     ] GC(0) Using 10 workers of 10 for evacuation
[2024-07-12T06:01:00.923+0100][gc,phases   ] GC(0)   Pre Evacuate Collection Set: 0.24ms
[2024-07-12T06:01:00.923+0100][gc,phases   ] GC(0)   Merge Heap Roots: 0.10ms
[2024-07-12T06:01:00.923+0100][gc,phases   ] GC(0)   Evacuate Collection Set: 3.97ms
[2024-07-12T06:01:00.923+0100][gc,phases   ] GC(0)   Post Evacuate Collection Set: 0.82ms
[2024-07-12T06:01:00.923+0100][gc,phases   ] GC(0)   Other: 0.57ms
[2024-07-12T06:01:00.923+0100][gc,heap     ] GC(0) Eden regions: 51->0(44)
[2024-07-12T06:01:00.923+0100][gc,heap     ] GC(0) Survivor regions: 0->7(7)
[2024-07-12T06:01:00.924+0100][gc,heap     ] GC(0) Old regions: 0->2
[2024-07-12T06:01:00.924+0100][gc,heap     ] GC(0) Humongous regions: 0->0
[2024-07-12T06:01:00.924+0100][gc,metaspace] GC(0) Metaspace: 17232K(17408K)->17232K(17408K) NonClass: 15136K(15232K)->15136K(15232K) Class: 2096K(2176K)->2096K(2176K)
[2024-07-12T06:01:00.924+0100][gc          ] GC(0) Pause Young (Normal) (G1 Evacuation Pause) 51M->8M(1024M) 6.005ms
[2024-07-12T06:01:00.924+0100][gc,cpu      ] GC(0) User=0.00s Sys=0.00s Real=0.01s
[2024-07-12T06:01:01.128+0100][gc,start    ] GC(1) Pause Young (Concurrent Start) (Metadata GC Threshold)
[2024-07-12T06:01:01.128+0100][gc,task     ] GC(1) Using 10 workers of 10 for evacuation
[2024-07-12T06:01:01.128+0100][gc,phases   ] GC(1)   Pre Evacuate Collection Set: 0.29ms
[2024-07-12T06:01:01.128+0100][gc,phases   ] GC(1)   Merge Heap Roots: 0.16ms
[2024-07-12T06:01:01.128+0100][gc,phases   ] GC(1)   Evacuate Collection Set: 3.15ms
[2024-07-12T06:01:01.128+0100][gc,phases   ] GC(1)   Post Evacuate Collection Set: 0.72ms
[2024-07-12T06:01:01.128+0100][gc,phases   ] GC(1)   Other: 0.14ms
[2024-07-12T06:01:01.128+0100][gc,heap     ] GC(1) Eden regions: 17->0(49)
[2024-07-12T06:01:01.128+0100][gc,heap     ] GC(1) Survivor regions: 7->2(7)
[2024-07-12T06:01:01.128+0100][gc,heap     ] GC(1) Old regions: 2->9
[2024-07-12T06:01:01.128+0100][gc,heap     ] GC(1) Humongous regions: 0->0
[2024-07-12T06:01:01.128+0100][gc,metaspace] GC(1) Metaspace: 21382K(21504K)->21382K(21504K) NonClass: 18809K(18880K)->18809K(18880K) Class: 2573K(2624K)->2573K(2624K)
[2024-07-12T06:01:01.128+0100][gc          ] GC(1) Pause Young (Concurrent Start) (Metadata GC Threshold) 25M->10M(1024M) 4.688ms
[2024-07-12T06:01:01.128+0100][gc,cpu      ] GC(1) User=0.00s Sys=0.00s Real=0.00s
[2024-07-12T06:01:01.128+0100][gc          ] GC(2) Concurrent Mark Cycle
[2024-07-12T06:01:01.128+0100][gc,marking  ] GC(2) Concurrent Scan Root Regions
[2024-07-12T06:01:01.143+0100][gc,marking  ] GC(2) Concurrent Scan Root Regions 2.236ms
[2024-07-12T06:01:01.143+0100][gc,marking  ] GC(2) Concurrent Mark
[2024-07-12T06:01:01.143+0100][gc,marking  ] GC(2) Concurrent Mark From Roots
[2024-07-12T06:01:01.143+0100][gc,task     ] GC(2) Using 3 workers of 3 for marking
[2024-07-12T06:01:01.143+0100][gc,marking  ] GC(2) Concurrent Mark From Roots 2.288ms
[2024-07-12T06:01:01.143+0100][gc,marking  ] GC(2) Concurrent Preclean
[2024-07-12T06:01:01.143+0100][gc,marking  ] GC(2) Concurrent Preclean 0.018ms
[2024-07-12T06:01:01.143+0100][gc,start    ] GC(2) Pause Remark
[2024-07-12T06:01:01.143+0100][gc          ] GC(2) Pause Remark 11M->11M(1024M) 1.814ms
[2024-07-12T06:01:01.143+0100][gc,cpu      ] GC(2) User=0.00s Sys=0.00s Real=0.00s
[2024-07-12T06:01:01.143+0100][gc,marking  ] GC(2) Concurrent Mark 4.425ms
[2024-07-12T06:01:01.143+0100][gc,marking  ] GC(2) Concurrent Rebuild Remembered Sets and Scrub Regions
[2024-07-12T06:01:01.143+0100][gc,marking  ] GC(2) Concurrent Rebuild Remembered Sets and Scrub Regions 0.918ms
[2024-07-12T06:01:01.143+0100][gc,start    ] GC(2) Pause Cleanup
[2024-07-12T06:01:01.143+0100][gc          ] GC(2) Pause Cleanup 11M->11M(1024M) 0.029ms
[2024-07-12T06:01:01.143+0100][gc,cpu      ] GC(2) User=0.00s Sys=0.00s Real=0.00s
[2024-07-12T06:01:01.143+0100][gc,marking  ] GC(2) Concurrent Clear Claimed Marks
[2024-07-12T06:01:01.143+0100][gc,marking  ] GC(2) Concurrent Clear Claimed Marks 0.030ms
[2024-07-12T06:01:01.143+0100][gc,marking  ] GC(2) Concurrent Cleanup for Next Mark
[2024-07-12T06:01:01.143+0100][gc,marking  ] GC(2) Concurrent Cleanup for Next Mark 4.006ms
[2024-07-12T06:01:01.143+0100][gc          ] GC(2) Concurrent Mark Cycle 12.193ms
[2024-07-12T06:01:02.125+0100][gc,start    ] GC(3) Pause Young (Normal) (G1 Evacuation Pause)
[2024-07-12T06:01:02.125+0100][gc,task     ] GC(3) Using 10 workers of 10 for evacuation
[2024-07-12T06:01:02.129+0100][gc,phases   ] GC(3)   Pre Evacuate Collection Set: 0.18ms
[2024-07-12T06:01:02.129+0100][gc,phases   ] GC(3)   Merge Heap Roots: 0.06ms
[2024-07-12T06:01:02.129+0100][gc,phases   ] GC(3)   Evacuate Collection Set: 3.28ms
[2024-07-12T06:01:02.129+0100][gc,phases   ] GC(3)   Post Evacuate Collection Set: 0.56ms
[2024-07-12T06:01:02.129+0100][gc,phases   ] GC(3)   Other: 0.10ms
[2024-07-12T06:01:02.129+0100][gc,heap     ] GC(3) Eden regions: 49->0(46)
[2024-07-12T06:01:02.129+0100][gc,heap     ] GC(3) Survivor regions: 2->5(7)
[2024-07-12T06:01:02.129+0100][gc,heap     ] GC(3) Old regions: 9->9
[2024-07-12T06:01:02.129+0100][gc,heap     ] GC(3) Humongous regions: 9->9
[2024-07-12T06:01:02.129+0100][gc,metaspace] GC(3) Metaspace: 32737K(33088K)->32737K(33088K) NonClass: 28679K(28864K)->28679K(28864K) Class: 4058K(4224K)->4058K(4224K)
[2024-07-12T06:01:02.129+0100][gc          ] GC(3) Pause Young (Normal) (G1 Evacuation Pause) 68M->22M(1024M) 4.461ms
[2024-07-12T06:01:02.129+0100][gc,cpu      ] GC(3) User=0.00s Sys=0.00s Real=0.00s
[2024-07-12T06:01:02.461+0100][gc,start    ] GC(4) Pause Young (Concurrent Start) (Metadata GC Threshold)
[2024-07-12T06:01:02.461+0100][gc,task     ] GC(4) Using 10 workers of 10 for evacuation
[2024-07-12T06:01:02.468+0100][gc,phases   ] GC(4)   Pre Evacuate Collection Set: 0.31ms
[2024-07-12T06:01:02.468+0100][gc,phases   ] GC(4)   Merge Heap Roots: 0.06ms
[2024-07-12T06:01:02.468+0100][gc,phases   ] GC(4)   Evacuate Collection Set: 4.93ms
[2024-07-12T06:01:02.468+0100][gc,phases   ] GC(4)   Post Evacuate Collection Set: 0.91ms
[2024-07-12T06:01:02.468+0100][gc,phases   ] GC(4)   Other: 0.17ms
[2024-07-12T06:01:02.468+0100][gc,heap     ] GC(4) Eden regions: 21->0(44)
[2024-07-12T06:01:02.468+0100][gc,heap     ] GC(4) Survivor regions: 5->7(7)
[2024-07-12T06:01:02.468+0100][gc,heap     ] GC(4) Old regions: 9->11
[2024-07-12T06:01:02.468+0100][gc,heap     ] GC(4) Humongous regions: 9->9
[2024-07-12T06:01:02.468+0100][gc,metaspace] GC(4) Metaspace: 35642K(35968K)->35642K(35968K) NonClass: 31358K(31552K)->31358K(31552K) Class: 4283K(4416K)->4283K(4416K)
[2024-07-12T06:01:02.468+0100][gc          ] GC(4) Pause Young (Concurrent Start) (Metadata GC Threshold) 42M->25M(1024M) 6.856ms
[2024-07-12T06:01:02.468+0100][gc          ] GC(5) Concurrent Mark Cycle
[2024-07-12T06:01:02.468+0100][gc,cpu      ] GC(4) User=0.03s Sys=0.00s Real=0.01s
[2024-07-12T06:01:02.468+0100][gc,marking  ] GC(5) Concurrent Scan Root Regions
[2024-07-12T06:01:02.475+0100][gc,marking  ] GC(5) Concurrent Scan Root Regions 6.367ms
[2024-07-12T06:01:02.475+0100][gc,marking  ] GC(5) Concurrent Mark
[2024-07-12T06:01:02.475+0100][gc,marking  ] GC(5) Concurrent Mark From Roots
[2024-07-12T06:01:02.475+0100][gc,task     ] GC(5) Using 3 workers of 3 for marking
[2024-07-12T06:01:02.485+0100][gc,marking  ] GC(5) Concurrent Mark From Roots 9.735ms
[2024-07-12T06:01:02.485+0100][gc,marking  ] GC(5) Concurrent Preclean
[2024-07-12T06:01:02.485+0100][gc,marking  ] GC(5) Concurrent Preclean 0.115ms
[2024-07-12T06:01:02.485+0100][gc,start    ] GC(5) Pause Remark
[2024-07-12T06:01:02.489+0100][gc          ] GC(5) Pause Remark 26M->26M(1024M) 3.817ms
[2024-07-12T06:01:02.489+0100][gc,cpu      ] GC(5) User=0.00s Sys=0.02s Real=0.00s
[2024-07-12T06:01:02.489+0100][gc,marking  ] GC(5) Concurrent Mark 14.244ms
[2024-07-12T06:01:02.489+0100][gc,marking  ] GC(5) Concurrent Rebuild Remembered Sets and Scrub Regions
[2024-07-12T06:01:02.496+0100][gc,marking  ] GC(5) Concurrent Rebuild Remembered Sets and Scrub Regions 5.899ms
[2024-07-12T06:01:02.496+0100][gc,start    ] GC(5) Pause Cleanup
[2024-07-12T06:01:02.497+0100][gc          ] GC(5) Pause Cleanup 26M->26M(1024M) 0.810ms
[2024-07-12T06:01:02.497+0100][gc,cpu      ] GC(5) User=0.00s Sys=0.00s Real=0.00s
[2024-07-12T06:01:02.497+0100][gc,marking  ] GC(5) Concurrent Clear Claimed Marks
[2024-07-12T06:01:02.497+0100][gc,marking  ] GC(5) Concurrent Clear Claimed Marks 0.123ms
[2024-07-12T06:01:02.497+0100][gc,marking  ] GC(5) Concurrent Cleanup for Next Mark
[2024-07-12T06:01:02.501+0100][gc,marking  ] GC(5) Concurrent Cleanup for Next Mark 3.719ms
[2024-07-12T06:01:02.501+0100][gc          ] GC(5) Concurrent Mark Cycle 32.589ms
[2024-07-12T06:02:57.751+0100][gc,start    ] GC(6) Pause Young (Prepare Mixed) (G1 Evacuation Pause)
[2024-07-12T06:02:57.751+0100][gc,task     ] GC(6) Using 10 workers of 10 for evacuation
[2024-07-12T06:02:57.751+0100][gc,phases   ] GC(6)   Pre Evacuate Collection Set: 0.75ms
[2024-07-12T06:02:57.751+0100][gc,phases   ] GC(6)   Merge Heap Roots: 0.33ms
[2024-07-12T06:02:57.751+0100][gc,phases   ] GC(6)   Evacuate Collection Set: 6.38ms
[2024-07-12T06:02:57.751+0100][gc,phases   ] GC(6)   Post Evacuate Collection Set: 0.92ms
[2024-07-12T06:02:57.751+0100][gc,phases   ] GC(6)   Other: 0.18ms
[2024-07-12T06:02:57.751+0100][gc,heap     ] GC(6) Eden regions: 44->0(44)
[2024-07-12T06:02:57.751+0100][gc,heap     ] GC(6) Survivor regions: 7->7(7)
[2024-07-12T06:02:57.751+0100][gc,heap     ] GC(6) Old regions: 11->14
[2024-07-12T06:02:57.751+0100][gc,heap     ] GC(6) Humongous regions: 138->138
[2024-07-12T06:02:57.751+0100][gc,metaspace] GC(6) Metaspace: 41162K(41792K)->41162K(41792K) NonClass: 35989K(36352K)->35989K(36352K) Class: 5173K(5440K)->5173K(5440K)
[2024-07-12T06:02:57.751+0100][gc          ] GC(6) Pause Young (Prepare Mixed) (G1 Evacuation Pause) 198M->158M(1024M) 8.937ms
[2024-07-12T06:02:57.751+0100][gc,cpu      ] GC(6) User=0.00s Sys=0.00s Real=0.00s
[2024-07-12T06:03:54.603+0100][gc,start    ] GC(7) Pause Young (Mixed) (G1 Evacuation Pause)
[2024-07-12T06:03:54.603+0100][gc,task     ] GC(7) Using 10 workers of 10 for evacuation
[2024-07-12T06:03:54.603+0100][gc,phases   ] GC(7)   Pre Evacuate Collection Set: 0.44ms
[2024-07-12T06:03:54.603+0100][gc,phases   ] GC(7)   Merge Heap Roots: 0.19ms
[2024-07-12T06:03:54.603+0100][gc,phases   ] GC(7)   Evacuate Collection Set: 7.13ms
[2024-07-12T06:03:54.603+0100][gc,phases   ] GC(7)   Post Evacuate Collection Set: 1.21ms
[2024-07-12T06:03:54.603+0100][gc,phases   ] GC(7)   Other: 0.12ms
[2024-07-12T06:03:54.603+0100][gc,heap     ] GC(7) Eden regions: 44->0(44)
[2024-07-12T06:03:54.603+0100][gc,heap     ] GC(7) Survivor regions: 7->7(7)
[2024-07-12T06:03:54.603+0100][gc,heap     ] GC(7) Old regions: 14->17
[2024-07-12T06:03:54.603+0100][gc,heap     ] GC(7) Humongous regions: 147->147
[2024-07-12T06:03:54.603+0100][gc,metaspace] GC(7) Metaspace: 43357K(44032K)->43357K(44032K) NonClass: 37956K(38336K)->37956K(38336K) Class: 5401K(5696K)->5401K(5696K)
[2024-07-12T06:03:54.603+0100][gc          ] GC(7) Pause Young (Mixed) (G1 Evacuation Pause) 211M->169M(1024M) 9.392ms
[2024-07-12T06:03:54.603+0100][gc,cpu      ] GC(7) User=0.00s Sys=0.00s Real=0.00s
[2024-07-12T06:05:52.746+0100][gc,start    ] GC(8) Pause Young (Normal) (G1 Evacuation Pause)
[2024-07-12T06:05:52.746+0100][gc,task     ] GC(8) Using 10 workers of 10 for evacuation
[2024-07-12T06:05:52.746+0100][gc,phases   ] GC(8)   Pre Evacuate Collection Set: 0.24ms
[2024-07-12T06:05:52.746+0100][gc,phases   ] GC(8)   Merge Heap Roots: 0.19ms
[2024-07-12T06:05:52.746+0100][gc,phases   ] GC(8)   Evacuate Collection Set: 3.24ms
[2024-07-12T06:05:52.746+0100][gc,phases   ] GC(8)   Post Evacuate Collection Set: 0.72ms
[2024-07-12T06:05:52.746+0100][gc,phases   ] GC(8)   Other: 0.08ms
[2024-07-12T06:05:52.746+0100][gc,heap     ] GC(8) Eden regions: 44->0(45)
[2024-07-12T06:05:52.746+0100][gc,heap     ] GC(8) Survivor regions: 7->6(7)
[2024-07-12T06:05:52.746+0100][gc,heap     ] GC(8) Old regions: 17->20
[2024-07-12T06:05:52.746+0100][gc,heap     ] GC(8) Humongous regions: 147->147
[2024-07-12T06:05:52.746+0100][gc,metaspace] GC(8) Metaspace: 43732K(44480K)->43732K(44480K) NonClass: 38325K(38720K)->38325K(38720K) Class: 5407K(5760K)->5407K(5760K)
[2024-07-12T06:05:52.746+0100][gc          ] GC(8) Pause Young (Normal) (G1 Evacuation Pause) 213M->171M(1024M) 4.719ms
[2024-07-12T06:05:52.746+0100][gc,cpu      ] GC(8) User=0.00s Sys=0.00s Real=0.00s
[2024-07-12T06:08:02.710+0100][gc,start    ] GC(9) Pause Young (Normal) (G1 Evacuation Pause)
[2024-07-12T06:08:02.710+0100][gc,task     ] GC(9) Using 10 workers of 10 for evacuation
[2024-07-12T06:08:02.710+0100][gc,phases   ] GC(9)   Pre Evacuate Collection Set: 0.82ms
[2024-07-12T06:08:02.710+0100][gc,phases   ] GC(9)   Merge Heap Roots: 0.27ms
[2024-07-12T06:08:02.710+0100][gc,phases   ] GC(9)   Evacuate Collection Set: 7.01ms
[2024-07-12T06:08:02.710+0100][gc,phases   ] GC(9)   Post Evacuate Collection Set: 0.61ms
[2024-07-12T06:08:02.710+0100][gc,phases   ] GC(9)   Other: 0.19ms
[2024-07-12T06:08:02.710+0100][gc,heap     ] GC(9) Eden regions: 45->0(45)
[2024-07-12T06:08:02.710+0100][gc,heap     ] GC(9) Survivor regions: 6->6(7)
[2024-07-12T06:08:02.710+0100][gc,heap     ] GC(9) Old regions: 20->22
[2024-07-12T06:08:02.710+0100][gc,heap     ] GC(9) Humongous regions: 147->147
[2024-07-12T06:08:02.710+0100][gc,metaspace] GC(9) Metaspace: 43817K(44544K)->43817K(44544K) NonClass: 38406K(38784K)->38406K(38784K) Class: 5411K(5760K)->5411K(5760K)
[2024-07-12T06:08:02.710+0100][gc          ] GC(9) Pause Young (Normal) (G1 Evacuation Pause) 216M->174M(1024M) 9.306ms
[2024-07-12T06:08:02.710+0100][gc,cpu      ] GC(9) User=0.00s Sys=0.00s Real=0.00s
[2024-07-12T06:10:16.080+0100][gc,start    ] GC(10) Pause Young (Normal) (G1 Evacuation Pause)
[2024-07-12T06:10:16.080+0100][gc,task     ] GC(10) Using 10 workers of 10 for evacuation
[2024-07-12T06:10:16.085+0100][gc,phases   ] GC(10)   Pre Evacuate Collection Set: 0.30ms
[2024-07-12T06:10:16.085+0100][gc,phases   ] GC(10)   Merge Heap Roots: 0.15ms
[2024-07-12T06:10:16.085+0100][gc,phases   ] GC(10)   Evacuate Collection Set: 3.29ms
[2024-07-12T06:10:16.085+0100][gc,phases   ] GC(10)   Post Evacuate Collection Set: 0.59ms
[2024-07-12T06:10:16.085+0100][gc,phases   ] GC(10)   Other: 0.08ms
[2024-07-12T06:10:16.085+0100][gc,heap     ] GC(10) Eden regions: 45->0(48)
[2024-07-12T06:10:16.085+0100][gc,heap     ] GC(10) Survivor regions: 6->3(7)
[2024-07-12T06:10:16.085+0100][gc,heap     ] GC(10) Old regions: 22->25
[2024-07-12T06:10:16.085+0100][gc,heap     ] GC(10) Humongous regions: 147->147
[2024-07-12T06:10:16.085+0100][gc,metaspace] GC(10) Metaspace: 43991K(44736K)->43991K(44736K) NonClass: 38579K(38976K)->38579K(38976K) Class: 5411K(5760K)->5411K(5760K)
[2024-07-12T06:10:16.085+0100][gc          ] GC(10) Pause Young (Normal) (G1 Evacuation Pause) 219M->174M(1024M) 4.764ms
[2024-07-12T06:10:16.085+0100][gc,cpu      ] GC(10) User=0.00s Sys=0.00s Real=0.01s
[2024-07-12T06:12:41.312+0100][gc,start    ] GC(11) Pause Young (Normal) (G1 Evacuation Pause)
[2024-07-12T06:12:41.312+0100][gc,task     ] GC(11) Using 10 workers of 10 for evacuation
[2024-07-12T06:12:41.317+0100][gc,phases   ] GC(11)   Pre Evacuate Collection Set: 0.24ms
[2024-07-12T06:12:41.317+0100][gc,phases   ] GC(11)   Merge Heap Roots: 0.12ms
[2024-07-12T06:12:41.317+0100][gc,phases   ] GC(11)   Evacuate Collection Set: 3.80ms
[2024-07-12T06:12:41.317+0100][gc,phases   ] GC(11)   Post Evacuate Collection Set: 0.67ms
[2024-07-12T06:12:41.317+0100][gc,phases   ] GC(11)   Other: 0.14ms
[2024-07-12T06:12:41.317+0100][gc,heap     ] GC(11) Eden regions: 48->0(45)
[2024-07-12T06:12:41.317+0100][gc,heap     ] GC(11) Survivor regions: 3->6(7)
[2024-07-12T06:12:41.317+0100][gc,heap     ] GC(11) Old regions: 25->25
[2024-07-12T06:12:41.317+0100][gc,heap     ] GC(11) Humongous regions: 147->147
[2024-07-12T06:12:41.317+0100][gc,metaspace] GC(11) Metaspace: 44077K(44800K)->44077K(44800K) NonClass: 38650K(39040K)->38650K(39040K) Class: 5427K(5760K)->5427K(5760K)
[2024-07-12T06:12:41.317+0100][gc          ] GC(11) Pause Young (Normal) (G1 Evacuation Pause) 222M->177M(1024M) 5.365ms
[2024-07-12T06:12:41.317+0100][gc,cpu      ] GC(11) User=0.00s Sys=0.00s Real=0.00s
