Java HotSpot(TM) Client VM (25.421-b09) for windows-x86 JRE (1.8.0_421-b09), built on Jun  5 2024 13:01:59 by "java_re" with MS VC++ 17.6 (VS2022)
Memory: 4k page, physical 33182856k(17971264k free), swap 35280008k(15687192k free)
CommandLine flags: -XX:+ExplicitGCInvokesConcurrent -XX:GCLogFileSize=104857600 -XX:InitialHeapSize=1073741824 -XX:InitiatingHeapOccupancyPercent=35 -XX:+ManagementServer -XX:MaxGCPauseMillis=20 -XX:MaxHeapSize=1073741824 -XX:MaxInlineLevel=15 -XX:NumberOfGCLogFiles=10 -XX:+PrintGC -XX:+PrintGCDateStamps -XX:+PrintGCDetails -XX:+PrintGCTimeStamps -XX:+UseG1GC -XX:+UseGCLogFileRotation -XX:-UseLargePagesIndividualAllocation 
2024-08-07T14:16:34.138+0100: 0.640: [GC pause (G1 Evacuation Pause) (young), 0.0079603 secs]
   [Parallel Time: 3.8 ms, GC Workers: 15]
      [GC Worker Start (ms): Min: 639.8, Avg: 641.2, Max: 643.4, Diff: 3.5]
      [Ext Root Scanning (ms): Min: 0.0, Avg: 0.1, Max: 0.7, Diff: 0.7, Sum: 1.0]
      [Update RS (ms): Min: 0.0, Avg: 0.0, Max: 0.0, Diff: 0.0, Sum: 0.0]
         [Processed Buffers: Min: 0, Avg: 0.0, Max: 0, Diff: 0, Sum: 0]
      [Scan RS (ms): Min: 0.0, Avg: 0.0, Max: 0.0, Diff: 0.0, Sum: 0.0]
      [Code Root Scanning (ms): Min: 0.0, Avg: 0.2, Max: 2.1, Diff: 2.1, Sum: 2.3]
      [Object Copy (ms): Min: 0.0, Avg: 0.9, Max: 2.3, Diff: 2.3, Sum: 14.1]
      [Termination (ms): Min: 0.0, Avg: 1.0, Max: 1.5, Diff: 1.5, Sum: 15.0]
         [Termination Attempts: Min: 1, Avg: 36.5, Max: 98, Diff: 97, Sum: 548]
      [GC Worker Other (ms): Min: 0.0, Avg: 0.0, Max: 0.0, Diff: 0.0, Sum: 0.2]
      [GC Worker Total (ms): Min: 0.0, Avg: 2.2, Max: 3.6, Diff: 3.5, Sum: 32.6]
      [GC Worker End (ms): Min: 643.4, Avg: 643.4, Max: 643.4, Diff: 0.0]
   [Code Root Fixup: 0.0 ms]
   [Code Root Purge: 0.0 ms]
   [Clear CT: 0.4 ms]
   [Other: 3.8 ms]
      [Choose CSet: 0.0 ms]
      [Ref Proc: 3.5 ms]
      [Ref Enq: 0.0 ms]
      [Redirty Cards: 0.1 ms]
      [Humongous Register: 0.0 ms]
      [Humongous Reclaim: 0.0 ms]
      [Free CSet: 0.0 ms]
   [Eden: 51.0M(51.0M)->0.0B(44.0M) Survivors: 0.0B->7168.0K Heap: 51.0M(1024.0M)->8226.5K(1024.0M)]
 [Times: user=0.00 sys=0.00, real=0.01 secs] 
2024-08-07T14:16:34.350+0100: 0.851: [GC pause (G1 Evacuation Pause) (young), 0.0076410 secs]
   [Parallel Time: 4.1 ms, GC Workers: 15]
      [GC Worker Start (ms): Min: 851.3, Avg: 853.5, Max: 855.2, Diff: 3.9]
      [Ext Root Scanning (ms): Min: 0.0, Avg: 0.1, Max: 0.8, Diff: 0.8, Sum: 1.2]
      [Update RS (ms): Min: 0.0, Avg: 0.0, Max: 0.0, Diff: 0.0, Sum: 0.0]
         [Processed Buffers: Min: 0, Avg: 0.1, Max: 1, Diff: 1, Sum: 1]
      [Scan RS (ms): Min: 0.0, Avg: 0.0, Max: 0.0, Diff: 0.0, Sum: 0.0]
      [Code Root Scanning (ms): Min: 0.0, Avg: 0.0, Max: 0.1, Diff: 0.1, Sum: 0.3]
      [Object Copy (ms): Min: 0.0, Avg: 1.0, Max: 2.5, Diff: 2.5, Sum: 14.7]
      [Termination (ms): Min: 0.0, Avg: 0.7, Max: 1.1, Diff: 1.1, Sum: 9.8]
         [Termination Attempts: Min: 1, Avg: 65.9, Max: 222, Diff: 221, Sum: 989]
      [GC Worker Other (ms): Min: 0.0, Avg: 0.0, Max: 0.0, Diff: 0.0, Sum: 0.1]
      [GC Worker Total (ms): Min: 0.0, Avg: 1.7, Max: 4.0, Diff: 4.0, Sum: 26.0]
      [GC Worker End (ms): Min: 855.2, Avg: 855.2, Max: 855.3, Diff: 0.1]
   [Code Root Fixup: 0.0 ms]
   [Code Root Purge: 0.0 ms]
   [Clear CT: 0.3 ms]
   [Other: 3.3 ms]
      [Choose CSet: 0.0 ms]
      [Ref Proc: 3.0 ms]
      [Ref Enq: 0.0 ms]
      [Redirty Cards: 0.1 ms]
      [Humongous Register: 0.0 ms]
      [Humongous Reclaim: 0.0 ms]
      [Free CSet: 0.0 ms]
   [Eden: 44.0M(44.0M)->0.0B(44.0M) Survivors: 7168.0K->7168.0K Heap: 52.0M(1024.0M)->12.3M(1024.0M)]
 [Times: user=0.00 sys=0.00, real=0.01 secs] 
2024-08-07T14:16:34.375+0100: 0.884: [GC pause (Metadata GC Threshold) (young) (initial-mark), 0.0070733 secs]
   [Parallel Time: 4.8 ms, GC Workers: 15]
      [GC Worker Start (ms): Min: 884.0, Avg: 884.5, Max: 884.9, Diff: 1.0]
      [Ext Root Scanning (ms): Min: 0.1, Avg: 2.3, Max: 4.4, Diff: 4.3, Sum: 34.2]
      [Update RS (ms): Min: 0.0, Avg: 0.0, Max: 0.1, Diff: 0.1, Sum: 0.2]
         [Processed Buffers: Min: 0, Avg: 0.4, Max: 3, Diff: 3, Sum: 6]
      [Scan RS (ms): Min: 0.0, Avg: 0.0, Max: 0.0, Diff: 0.0, Sum: 0.0]
      [Code Root Scanning (ms): Min: 0.0, Avg: 0.0, Max: 0.1, Diff: 0.1, Sum: 0.2]
      [Object Copy (ms): Min: 0.0, Avg: 1.0, Max: 2.4, Diff: 2.4, Sum: 15.1]
      [Termination (ms): Min: 0.0, Avg: 0.7, Max: 1.1, Diff: 1.1, Sum: 9.8]
         [Termination Attempts: Min: 1, Avg: 53.5, Max: 116, Diff: 115, Sum: 803]
      [GC Worker Other (ms): Min: 0.0, Avg: 0.0, Max: 0.0, Diff: 0.0, Sum: 0.1]
      [GC Worker Total (ms): Min: 3.5, Avg: 4.0, Max: 4.5, Diff: 0.9, Sum: 59.7]
      [GC Worker End (ms): Min: 888.4, Avg: 888.4, Max: 888.5, Diff: 0.1]
   [Code Root Fixup: 0.0 ms]
   [Code Root Purge: 0.0 ms]
   [Clear CT: 0.1 ms]
   [Other: 2.2 ms]
      [Choose CSet: 0.0 ms]
      [Ref Proc: 1.9 ms]
      [Ref Enq: 0.0 ms]
      [Redirty Cards: 0.2 ms]
      [Humongous Register: 0.0 ms]
      [Humongous Reclaim: 0.0 ms]
      [Free CSet: 0.0 ms]
   [Eden: 4096.0K(44.0M)->0.0B(45.0M) Survivors: 7168.0K->6144.0K Heap: 16.3M(1024.0M)->14.1M(1024.0M)]
 [Times: user=0.01 sys=0.00, real=0.01 secs] 
2024-08-07T14:16:34.385+0100: 0.891: [GC concurrent-root-region-scan-start]
2024-08-07T14:16:34.385+0100: 0.892: [GC concurrent-root-region-scan-end, 0.0005615 secs]
2024-08-07T14:16:34.385+0100: 0.892: [GC concurrent-mark-start]
2024-08-07T14:16:34.392+0100: 0.893: [GC concurrent-mark-end, 0.0015983 secs]
2024-08-07T14:16:34.392+0100: 0.893: [GC remark 2024-08-07T14:16:34.392+0100: 0.893: [Finalize Marking, 0.0010331 secs] 2024-08-07T14:16:34.392+0100: 0.894: [GC ref-proc, 0.0002043 secs] 2024-08-07T14:16:34.392+0100: 0.895: [Unloading, 0.0013897 secs], 0.0028489 secs]
 [Times: user=0.00 sys=0.00, real=0.00 secs] 
2024-08-07T14:16:34.392+0100: 0.897: [GC cleanup 14M->9807K(1024M), 0.0012216 secs]
 [Times: user=0.00 sys=0.00, real=0.00 secs] 
2024-08-07T14:16:34.392+0100: 0.898: [GC concurrent-cleanup-start]
2024-08-07T14:16:34.392+0100: 0.898: [GC concurrent-cleanup-end, 0.0000107 secs]
2024-08-07T14:16:34.677+0100: 1.179: [GC pause (G1 Evacuation Pause) (young), 0.0046911 secs]
   [Parallel Time: 2.5 ms, GC Workers: 15]
      [GC Worker Start (ms): Min: 1178.7, Avg: 1179.2, Max: 1179.6, Diff: 0.9]
      [Ext Root Scanning (ms): Min: 0.0, Avg: 0.1, Max: 0.7, Diff: 0.7, Sum: 1.3]
      [Update RS (ms): Min: 0.0, Avg: 0.1, Max: 0.3, Diff: 0.3, Sum: 1.9]
         [Processed Buffers: Min: 0, Avg: 1.3, Max: 6, Diff: 6, Sum: 19]
      [Scan RS (ms): Min: 0.0, Avg: 0.0, Max: 0.1, Diff: 0.1, Sum: 0.2]
      [Code Root Scanning (ms): Min: 0.0, Avg: 0.0, Max: 0.0, Diff: 0.0, Sum: 0.1]
      [Object Copy (ms): Min: 1.2, Avg: 1.4, Max: 1.6, Diff: 0.4, Sum: 21.4]
      [Termination (ms): Min: 0.0, Avg: 0.1, Max: 0.1, Diff: 0.1, Sum: 1.0]
         [Termination Attempts: Min: 1, Avg: 122.1, Max: 154, Diff: 153, Sum: 1831]
      [GC Worker Other (ms): Min: 0.0, Avg: 0.0, Max: 0.0, Diff: 0.0, Sum: 0.3]
      [GC Worker Total (ms): Min: 1.3, Avg: 1.7, Max: 2.2, Diff: 0.9, Sum: 26.1]
      [GC Worker End (ms): Min: 1180.9, Avg: 1180.9, Max: 1180.9, Diff: 0.0]
   [Code Root Fixup: 0.0 ms]
   [Code Root Purge: 0.0 ms]
   [Clear CT: 0.2 ms]
   [Other: 1.9 ms]
      [Choose CSet: 0.0 ms]
      [Ref Proc: 1.7 ms]
      [Ref Enq: 0.0 ms]
      [Redirty Cards: 0.1 ms]
      [Humongous Register: 0.0 ms]
      [Humongous Reclaim: 0.0 ms]
      [Free CSet: 0.0 ms]
   [Eden: 45.0M(45.0M)->0.0B(44.0M) Survivors: 6144.0K->7168.0K Heap: 54.1M(1024.0M)->13.2M(1024.0M)]
 [Times: user=0.00 sys=0.00, real=0.00 secs] 
2024-08-07T14:16:34.827+0100: 1.329: [GC pause (G1 Evacuation Pause) (young), 0.0048365 secs]
   [Parallel Time: 2.8 ms, GC Workers: 15]
      [GC Worker Start (ms): Min: 1329.1, Avg: 1329.6, Max: 1331.7, Diff: 2.6]
      [Ext Root Scanning (ms): Min: 0.0, Avg: 0.2, Max: 1.0, Diff: 1.0, Sum: 3.1]
      [Update RS (ms): Min: 0.0, Avg: 0.1, Max: 0.3, Diff: 0.3, Sum: 0.8]
         [Processed Buffers: Min: 0, Avg: 1.6, Max: 7, Diff: 7, Sum: 24]
      [Scan RS (ms): Min: 0.0, Avg: 0.0, Max: 0.0, Diff: 0.0, Sum: 0.0]
      [Code Root Scanning (ms): Min: 0.0, Avg: 0.0, Max: 0.3, Diff: 0.3, Sum: 0.6]
      [Object Copy (ms): Min: 0.0, Avg: 1.3, Max: 1.6, Diff: 1.6, Sum: 19.7]
      [Termination (ms): Min: 0.0, Avg: 0.6, Max: 0.7, Diff: 0.7, Sum: 8.5]
         [Termination Attempts: Min: 1, Avg: 82.5, Max: 127, Diff: 126, Sum: 1237]
      [GC Worker Other (ms): Min: 0.0, Avg: 0.0, Max: 0.0, Diff: 0.0, Sum: 0.1]
      [GC Worker Total (ms): Min: 0.0, Avg: 2.2, Max: 2.7, Diff: 2.7, Sum: 32.9]
      [GC Worker End (ms): Min: 1331.7, Avg: 1331.8, Max: 1331.8, Diff: 0.1]
   [Code Root Fixup: 0.0 ms]
   [Code Root Purge: 0.0 ms]
   [Clear CT: 0.2 ms]
   [Other: 1.8 ms]
      [Choose CSet: 0.0 ms]
      [Ref Proc: 1.4 ms]
      [Ref Enq: 0.0 ms]
      [Redirty Cards: 0.2 ms]
      [Humongous Register: 0.0 ms]
      [Humongous Reclaim: 0.0 ms]
      [Free CSet: 0.0 ms]
   [Eden: 44.0M(44.0M)->0.0B(44.0M) Survivors: 7168.0K->7168.0K Heap: 65.2M(1024.0M)->25.3M(1024.0M)]
 [Times: user=0.00 sys=0.00, real=0.01 secs] 
2024-08-07T14:16:34.836+0100: 1.337: [GC pause (Metadata GC Threshold) (young) (initial-mark), 0.0042291 secs]
   [Parallel Time: 3.1 ms, GC Workers: 15]
      [GC Worker Start (ms): Min: 1337.5, Avg: 1337.7, Max: 1337.9, Diff: 0.4]
      [Ext Root Scanning (ms): Min: 0.4, Avg: 0.7, Max: 2.5, Diff: 2.1, Sum: 10.5]
      [Update RS (ms): Min: 0.0, Avg: 0.0, Max: 0.1, Diff: 0.1, Sum: 0.7]
         [Processed Buffers: Min: 0, Avg: 1.3, Max: 6, Diff: 6, Sum: 19]
      [Scan RS (ms): Min: 0.0, Avg: 0.0, Max: 0.0, Diff: 0.0, Sum: 0.0]
      [Code Root Scanning (ms): Min: 0.0, Avg: 0.0, Max: 0.1, Diff: 0.1, Sum: 0.2]
      [Object Copy (ms): Min: 0.0, Avg: 1.6, Max: 1.9, Diff: 1.9, Sum: 23.7]
      [Termination (ms): Min: 0.0, Avg: 0.3, Max: 0.4, Diff: 0.4, Sum: 4.8]
         [Termination Attempts: Min: 1, Avg: 132.5, Max: 177, Diff: 176, Sum: 1988]
      [GC Worker Other (ms): Min: 0.0, Avg: 0.0, Max: 0.0, Diff: 0.0, Sum: 0.1]
      [GC Worker Total (ms): Min: 2.5, Avg: 2.7, Max: 3.0, Diff: 0.4, Sum: 40.0]
      [GC Worker End (ms): Min: 1340.4, Avg: 1340.4, Max: 1340.4, Diff: 0.1]
   [Code Root Fixup: 0.0 ms]
   [Code Root Purge: 0.0 ms]
   [Clear CT: 0.1 ms]
   [Other: 1.0 ms]
      [Choose CSet: 0.0 ms]
      [Ref Proc: 0.7 ms]
      [Ref Enq: 0.0 ms]
      [Redirty Cards: 0.1 ms]
      [Humongous Register: 0.0 ms]
      [Humongous Reclaim: 0.0 ms]
      [Free CSet: 0.0 ms]
   [Eden: 2048.0K(44.0M)->0.0B(44.0M) Survivors: 7168.0K->7168.0K Heap: 27.2M(1024.0M)->28.5M(1024.0M)]
 [Times: user=0.00 sys=0.00, real=0.00 secs] 
2024-08-07T14:16:34.837+0100: 1.342: [GC concurrent-root-region-scan-start]
2024-08-07T14:16:34.841+0100: 1.343: [GC concurrent-root-region-scan-end, 0.0009246 secs]
2024-08-07T14:16:34.841+0100: 1.343: [GC concurrent-mark-start]
2024-08-07T14:16:34.841+0100: 1.344: [GC concurrent-mark-end, 0.0016799 secs]
2024-08-07T14:16:34.841+0100: 1.344: [GC remark 2024-08-07T14:16:34.841+0100: 1.344: [Finalize Marking, 0.0007626 secs] 2024-08-07T14:16:34.844+0100: 1.345: [GC ref-proc, 0.0003185 secs] 2024-08-07T14:16:34.844+0100: 1.346: [Unloading, 0.0019748 secs], 0.0032826 secs]
 [Times: user=0.00 sys=0.00, real=0.00 secs] 
2024-08-07T14:16:34.845+0100: 1.348: [GC cleanup 29M->23M(1024M), 0.0010542 secs]
 [Times: user=0.00 sys=0.00, real=0.00 secs] 
2024-08-07T14:16:34.845+0100: 1.349: [GC concurrent-cleanup-start]
2024-08-07T14:16:34.845+0100: 1.349: [GC concurrent-cleanup-end, 0.0000161 secs]
2024-08-07T14:16:35.162+0100: 1.665: [GC pause (System.gc()) (young) (initial-mark), 0.0045591 secs]
   [Parallel Time: 2.6 ms, GC Workers: 15]
      [GC Worker Start (ms): Min: 1664.6, Avg: 1664.8, Max: 1665.0, Diff: 0.3]
      [Ext Root Scanning (ms): Min: 0.5, Avg: 0.6, Max: 0.9, Diff: 0.4, Sum: 9.6]
      [Update RS (ms): Min: 0.1, Avg: 0.2, Max: 0.3, Diff: 0.2, Sum: 3.0]
         [Processed Buffers: Min: 1, Avg: 1.9, Max: 6, Diff: 5, Sum: 28]
      [Scan RS (ms): Min: 0.0, Avg: 0.0, Max: 0.0, Diff: 0.0, Sum: 0.0]
      [Code Root Scanning (ms): Min: 0.0, Avg: 0.0, Max: 0.1, Diff: 0.1, Sum: 0.3]
      [Object Copy (ms): Min: 1.3, Avg: 1.4, Max: 1.5, Diff: 0.2, Sum: 20.4]
      [Termination (ms): Min: 0.0, Avg: 0.0, Max: 0.0, Diff: 0.0, Sum: 0.1]
         [Termination Attempts: Min: 1, Avg: 10.1, Max: 15, Diff: 14, Sum: 152]
      [GC Worker Other (ms): Min: 0.0, Avg: 0.0, Max: 0.0, Diff: 0.0, Sum: 0.2]
      [GC Worker Total (ms): Min: 2.1, Avg: 2.2, Max: 2.4, Diff: 0.3, Sum: 33.6]
      [GC Worker End (ms): Min: 1667.1, Avg: 1667.1, Max: 1667.1, Diff: 0.0]
   [Code Root Fixup: 0.0 ms]
   [Code Root Purge: 0.0 ms]
   [Clear CT: 0.2 ms]
   [Other: 1.7 ms]
      [Choose CSet: 0.0 ms]
      [Ref Proc: 1.5 ms]
      [Ref Enq: 0.0 ms]
      [Redirty Cards: 0.1 ms]
      [Humongous Register: 0.0 ms]
      [Humongous Reclaim: 0.0 ms]
      [Free CSet: 0.0 ms]
   [Eden: 37.0M(44.0M)->0.0B(44.0M) Survivors: 7168.0K->7168.0K Heap: 58.9M(1024.0M)->24.9M(1024.0M)]
 [Times: user=0.00 sys=0.00, real=0.01 secs] 
2024-08-07T14:16:35.168+0100: 1.669: [GC concurrent-root-region-scan-start]
2024-08-07T14:16:35.169+0100: 1.671: [GC concurrent-root-region-scan-end, 0.0013492 secs]
2024-08-07T14:16:35.169+0100: 1.671: [GC concurrent-mark-start]
2024-08-07T14:16:35.170+0100: 1.672: [GC concurrent-mark-end, 0.0016320 secs]
2024-08-07T14:16:35.170+0100: 1.672: [GC remark 2024-08-07T14:16:35.170+0100: 1.672: [Finalize Marking, 0.0016233 secs] 2024-08-07T14:16:35.170+0100: 1.674: [GC ref-proc, 0.0003157 secs] 2024-08-07T14:16:35.170+0100: 1.674: [Unloading, 0.0018375 secs], 0.0040289 secs]
 [Times: user=0.00 sys=0.00, real=0.00 secs] 
2024-08-07T14:16:35.170+0100: 1.676: [GC cleanup 24M->24M(1024M), 0.0007963 secs]
 [Times: user=0.00 sys=0.00, real=0.00 secs] 
2024-08-07T14:16:35.287+0100: 1.788: [GC pause (System.gc()) (young) (initial-mark), 0.0058123 secs]
   [Parallel Time: 3.6 ms, GC Workers: 15]
      [GC Worker Start (ms): Min: 1788.6, Avg: 1788.8, Max: 1789.0, Diff: 0.4]
      [Ext Root Scanning (ms): Min: 0.6, Avg: 1.2, Max: 2.8, Diff: 2.1, Sum: 17.5]
      [Update RS (ms): Min: 0.0, Avg: 0.1, Max: 0.3, Diff: 0.3, Sum: 1.1]
         [Processed Buffers: Min: 0, Avg: 1.4, Max: 7, Diff: 7, Sum: 21]
      [Scan RS (ms): Min: 0.0, Avg: 0.0, Max: 0.0, Diff: 0.0, Sum: 0.0]
      [Code Root Scanning (ms): Min: 0.0, Avg: 0.0, Max: 0.2, Diff: 0.2, Sum: 0.3]
      [Object Copy (ms): Min: 0.0, Avg: 1.2, Max: 1.7, Diff: 1.7, Sum: 17.9]
      [Termination (ms): Min: 0.0, Avg: 0.6, Max: 0.8, Diff: 0.8, Sum: 8.3]
         [Termination Attempts: Min: 1, Avg: 18.7, Max: 30, Diff: 29, Sum: 281]
      [GC Worker Other (ms): Min: 0.0, Avg: 0.0, Max: 0.0, Diff: 0.0, Sum: 0.1]
      [GC Worker Total (ms): Min: 2.8, Avg: 3.0, Max: 3.4, Diff: 0.6, Sum: 45.3]
      [GC Worker End (ms): Min: 1791.7, Avg: 1791.9, Max: 1792.0, Diff: 0.3]
   [Code Root Fixup: 0.0 ms]
   [Code Root Purge: 0.0 ms]
   [Clear CT: 0.2 ms]
   [Other: 2.0 ms]
      [Choose CSet: 0.0 ms]
      [Ref Proc: 1.6 ms]
      [Ref Enq: 0.0 ms]
      [Redirty Cards: 0.2 ms]
      [Humongous Register: 0.0 ms]
      [Humongous Reclaim: 0.0 ms]
      [Free CSet: 0.0 ms]
   [Eden: 3072.0K(44.0M)->0.0B(52.0M) Survivors: 7168.0K->7168.0K Heap: 27.5M(1024.0M)->28.2M(1024.0M)]
 [Times: user=0.00 sys=0.00, real=0.01 secs] 
2024-08-07T14:16:35.293+0100: 1.794: [GC concurrent-root-region-scan-start]
2024-08-07T14:16:35.294+0100: 1.796: [GC concurrent-root-region-scan-end, 0.0013423 secs]
2024-08-07T14:16:35.294+0100: 1.796: [GC concurrent-mark-start]
2024-08-07T14:16:35.297+0100: 1.799: [GC concurrent-mark-end, 0.0034894 secs]
2024-08-07T14:16:35.297+0100: 1.799: [GC remark 2024-08-07T14:16:35.297+0100: 1.799: [Finalize Marking, 0.0010451 secs] 2024-08-07T14:16:35.299+0100: 1.801: [GC ref-proc, 0.0003384 secs] 2024-08-07T14:16:35.299+0100: 1.801: [Unloading, 0.0024832 secs], 0.0042200 secs]
 [Times: user=0.00 sys=0.00, real=0.01 secs] 
2024-08-07T14:16:35.302+0100: 1.804: [GC cleanup 28M->26M(1024M), 0.0012494 secs]
 [Times: user=0.00 sys=0.00, real=0.00 secs] 
2024-08-07T14:16:35.303+0100: 1.805: [GC concurrent-cleanup-start]
2024-08-07T14:16:35.303+0100: 1.805: [GC concurrent-cleanup-end, 0.0000134 secs]
2024-08-07T14:16:35.410+0100: 1.918: [GC pause (System.gc()) (young) (initial-mark), 0.0106043 secs]
   [Parallel Time: 8.0 ms, GC Workers: 15]
      [GC Worker Start (ms): Min: 1918.6, Avg: 1919.3, Max: 1919.7, Diff: 1.1]
      [Ext Root Scanning (ms): Min: 0.3, Avg: 4.9, Max: 7.1, Diff: 6.9, Sum: 72.9]
      [Update RS (ms): Min: 0.0, Avg: 0.4, Max: 1.7, Diff: 1.7, Sum: 6.4]
         [Processed Buffers: Min: 0, Avg: 2.1, Max: 15, Diff: 15, Sum: 32]
      [Scan RS (ms): Min: 0.0, Avg: 0.1, Max: 0.3, Diff: 0.3, Sum: 0.9]
      [Code Root Scanning (ms): Min: 0.0, Avg: 0.0, Max: 0.1, Diff: 0.1, Sum: 0.1]
      [Object Copy (ms): Min: 0.0, Avg: 0.6, Max: 2.3, Diff: 2.3, Sum: 9.0]
      [Termination (ms): Min: 0.0, Avg: 1.1, Max: 2.4, Diff: 2.4, Sum: 16.1]
         [Termination Attempts: Min: 1, Avg: 1.5, Max: 3, Diff: 2, Sum: 23]
      [GC Worker Other (ms): Min: 0.0, Avg: 0.0, Max: 0.0, Diff: 0.0, Sum: 0.1]
      [GC Worker Total (ms): Min: 6.6, Avg: 7.0, Max: 7.7, Diff: 1.1, Sum: 105.6]
      [GC Worker End (ms): Min: 1926.3, Avg: 1926.3, Max: 1926.4, Diff: 0.1]
   [Code Root Fixup: 0.0 ms]
   [Code Root Purge: 0.0 ms]
   [Clear CT: 0.4 ms]
   [Other: 2.2 ms]
      [Choose CSet: 0.0 ms]
      [Ref Proc: 1.7 ms]
      [Ref Enq: 0.0 ms]
      [Redirty Cards: 0.3 ms]
      [Humongous Register: 0.0 ms]
      [Humongous Reclaim: 0.0 ms]
      [Free CSet: 0.0 ms]
   [Eden: 2048.0K(52.0M)->0.0B(57.0M) Survivors: 7168.0K->6144.0K Heap: 27.7M(1024.0M)->25.0M(1024.0M)]
 [Times: user=0.00 sys=0.00, real=0.02 secs] 
2024-08-07T14:16:35.427+0100: 1.929: [GC concurrent-root-region-scan-start]
2024-08-07T14:16:35.427+0100: 1.930: [GC concurrent-root-region-scan-end, 0.0009596 secs]
2024-08-07T14:16:35.427+0100: 1.930: [GC concurrent-mark-start]
2024-08-07T14:16:35.427+0100: 1.933: [GC concurrent-mark-end, 0.0026336 secs]
2024-08-07T14:16:35.427+0100: 1.933: [GC remark 2024-08-07T14:16:35.427+0100: 1.933: [Finalize Marking, 0.0015156 secs] 2024-08-07T14:16:35.427+0100: 1.934: [GC ref-proc, 0.0003405 secs] 2024-08-07T14:16:35.427+0100: 1.935: [Unloading, 0.0019285 secs], 0.0041028 secs]
 [Times: user=0.00 sys=0.00, real=0.00 secs] 
2024-08-07T14:16:35.427+0100: 1.937: [GC cleanup 25M->25M(1024M), 0.0010949 secs]
 [Times: user=0.00 sys=0.00, real=0.01 secs] 
2024-08-07T14:16:35.567+0100: 2.071: [GC pause (System.gc()) (young) (initial-mark), 0.0060057 secs]
   [Parallel Time: 4.0 ms, GC Workers: 15]
      [GC Worker Start (ms): Min: 2071.3, Avg: 2071.6, Max: 2071.7, Diff: 0.4]
      [Ext Root Scanning (ms): Min: 0.6, Avg: 2.3, Max: 3.3, Diff: 2.7, Sum: 34.8]
      [Update RS (ms): Min: 0.0, Avg: 0.1, Max: 0.4, Diff: 0.4, Sum: 1.1]
         [Processed Buffers: Min: 0, Avg: 1.3, Max: 9, Diff: 9, Sum: 20]
      [Scan RS (ms): Min: 0.0, Avg: 0.0, Max: 0.0, Diff: 0.0, Sum: 0.0]
      [Code Root Scanning (ms): Min: 0.0, Avg: 0.0, Max: 0.0, Diff: 0.0, Sum: 0.1]
      [Object Copy (ms): Min: 0.0, Avg: 0.3, Max: 1.2, Diff: 1.2, Sum: 4.7]
      [Termination (ms): Min: 0.0, Avg: 0.7, Max: 1.6, Diff: 1.6, Sum: 10.8]
         [Termination Attempts: Min: 1, Avg: 1.2, Max: 3, Diff: 2, Sum: 18]
      [GC Worker Other (ms): Min: 0.0, Avg: 0.0, Max: 0.0, Diff: 0.0, Sum: 0.1]
      [GC Worker Total (ms): Min: 3.3, Avg: 3.4, Max: 3.7, Diff: 0.5, Sum: 51.5]
      [GC Worker End (ms): Min: 2074.9, Avg: 2075.0, Max: 2075.1, Diff: 0.2]
   [Code Root Fixup: 0.0 ms]
   [Code Root Purge: 0.0 ms]
   [Clear CT: 0.1 ms]
   [Other: 1.9 ms]
      [Choose CSet: 0.0 ms]
      [Ref Proc: 1.7 ms]
      [Ref Enq: 0.0 ms]
      [Redirty Cards: 0.1 ms]
      [Humongous Register: 0.0 ms]
      [Humongous Reclaim: 0.0 ms]
      [Free CSet: 0.0 ms]
   [Eden: 3072.0K(57.0M)->0.0B(116.0M) Survivors: 6144.0K->4096.0K Heap: 27.1M(1024.0M)->23.4M(1024.0M)]
 [Times: user=0.00 sys=0.00, real=0.00 secs] 
2024-08-07T14:16:35.567+0100: 2.077: [GC concurrent-root-region-scan-start]
2024-08-07T14:16:35.567+0100: 2.078: [GC concurrent-root-region-scan-end, 0.0007661 secs]
2024-08-07T14:16:35.567+0100: 2.078: [GC concurrent-mark-start]
2024-08-07T14:16:35.579+0100: 2.081: [GC concurrent-mark-end, 0.0027771 secs]
2024-08-07T14:16:35.580+0100: 2.081: [GC remark 2024-08-07T14:16:35.580+0100: 2.081: [Finalize Marking, 0.0005638 secs] 2024-08-07T14:16:35.580+0100: 2.082: [GC ref-proc, 0.0003578 secs] 2024-08-07T14:16:35.581+0100: 2.082: [Unloading, 0.0027020 secs], 0.0039055 secs]
 [Times: user=0.02 sys=0.00, real=0.00 secs] 
2024-08-07T14:16:35.584+0100: 2.085: [GC cleanup 24M->24M(1024M), 0.0009957 secs]
 [Times: user=0.00 sys=0.00, real=0.00 secs] 
2024-08-07T14:16:35.693+0100: 2.195: [GC pause (System.gc()) (young) (initial-mark), 0.0074422 secs]
   [Parallel Time: 5.0 ms, GC Workers: 15]
      [GC Worker Start (ms): Min: 2195.2, Avg: 2195.6, Max: 2195.8, Diff: 0.6]
      [Ext Root Scanning (ms): Min: 0.1, Avg: 2.6, Max: 4.1, Diff: 3.9, Sum: 38.8]
      [Update RS (ms): Min: 0.0, Avg: 0.1, Max: 0.2, Diff: 0.2, Sum: 0.9]
         [Processed Buffers: Min: 0, Avg: 1.1, Max: 12, Diff: 12, Sum: 17]
      [Scan RS (ms): Min: 0.0, Avg: 0.0, Max: 0.0, Diff: 0.0, Sum: 0.0]
      [Code Root Scanning (ms): Min: 0.0, Avg: 0.0, Max: 0.0, Diff: 0.0, Sum: 0.0]
      [Object Copy (ms): Min: 0.0, Avg: 0.3, Max: 0.9, Diff: 0.9, Sum: 4.3]
      [Termination (ms): Min: 0.0, Avg: 1.3, Max: 2.9, Diff: 2.9, Sum: 20.2]
         [Termination Attempts: Min: 1, Avg: 1.2, Max: 2, Diff: 1, Sum: 18]
      [GC Worker Other (ms): Min: 0.0, Avg: 0.0, Max: 0.0, Diff: 0.0, Sum: 0.1]
      [GC Worker Total (ms): Min: 4.1, Avg: 4.3, Max: 4.7, Diff: 0.6, Sum: 64.4]
      [GC Worker End (ms): Min: 2199.8, Avg: 2199.9, Max: 2199.9, Diff: 0.1]
   [Code Root Fixup: 0.0 ms]
   [Code Root Purge: 0.0 ms]
   [Clear CT: 0.1 ms]
   [Other: 2.3 ms]
      [Choose CSet: 0.0 ms]
      [Ref Proc: 2.0 ms]
      [Ref Enq: 0.0 ms]
      [Redirty Cards: 0.3 ms]
      [Humongous Register: 0.0 ms]
      [Humongous Reclaim: 0.0 ms]
      [Free CSet: 0.0 ms]
   [Eden: 4096.0K(116.0M)->0.0B(185.0M) Survivors: 4096.0K->5120.0K Heap: 26.4M(1024.0M)->23.7M(1024.0M)]
 [Times: user=0.00 sys=0.00, real=0.00 secs] 
2024-08-07T14:16:35.693+0100: 2.203: [GC concurrent-root-region-scan-start]
2024-08-07T14:16:35.693+0100: 2.203: [GC concurrent-root-region-scan-end, 0.0007699 secs]
2024-08-07T14:16:35.693+0100: 2.203: [GC concurrent-mark-start]
2024-08-07T14:16:35.693+0100: 2.207: [GC concurrent-mark-end, 0.0030478 secs]
2024-08-07T14:16:35.693+0100: 2.207: [GC remark 2024-08-07T14:16:35.693+0100: 2.207: [Finalize Marking, 0.0010489 secs] 2024-08-07T14:16:35.693+0100: 2.208: [GC ref-proc, 0.0003400 secs] 2024-08-07T14:16:35.693+0100: 2.208: [Unloading, 0.0020585 secs], 0.0040064 secs]
 [Times: user=0.05 sys=0.00, real=0.01 secs] 
2024-08-07T14:16:35.708+0100: 2.211: [GC cleanup 24M->24M(1024M), 0.0011133 secs]
 [Times: user=0.00 sys=0.00, real=0.00 secs] 
2024-08-07T14:16:35.819+0100: 2.326: [GC pause (System.gc()) (young) (initial-mark), 0.0062894 secs]
   [Parallel Time: 4.2 ms, GC Workers: 15]
      [GC Worker Start (ms): Min: 2326.0, Avg: 2326.4, Max: 2326.6, Diff: 0.5]
      [Ext Root Scanning (ms): Min: 0.1, Avg: 2.4, Max: 3.5, Diff: 3.4, Sum: 35.7]
      [Update RS (ms): Min: 0.0, Avg: 0.1, Max: 0.3, Diff: 0.3, Sum: 0.8]
         [Processed Buffers: Min: 0, Avg: 1.7, Max: 12, Diff: 12, Sum: 26]
      [Scan RS (ms): Min: 0.0, Avg: 0.0, Max: 0.0, Diff: 0.0, Sum: 0.0]
      [Code Root Scanning (ms): Min: 0.0, Avg: 0.0, Max: 0.0, Diff: 0.0, Sum: 0.0]
      [Object Copy (ms): Min: 0.0, Avg: 0.2, Max: 1.4, Diff: 1.4, Sum: 3.7]
      [Termination (ms): Min: 0.0, Avg: 1.0, Max: 2.0, Diff: 2.0, Sum: 15.0]
         [Termination Attempts: Min: 1, Avg: 1.3, Max: 4, Diff: 3, Sum: 19]
      [GC Worker Other (ms): Min: 0.0, Avg: 0.0, Max: 0.0, Diff: 0.0, Sum: 0.1]
      [GC Worker Total (ms): Min: 3.5, Avg: 3.7, Max: 4.1, Diff: 0.5, Sum: 55.4]
      [GC Worker End (ms): Min: 2330.1, Avg: 2330.1, Max: 2330.2, Diff: 0.1]
   [Code Root Fixup: 0.0 ms]
   [Code Root Purge: 0.0 ms]
   [Clear CT: 0.1 ms]
   [Other: 2.0 ms]
      [Choose CSet: 0.0 ms]
      [Ref Proc: 1.7 ms]
      [Ref Enq: 0.0 ms]
      [Redirty Cards: 0.1 ms]
      [Humongous Register: 0.0 ms]
      [Humongous Reclaim: 0.0 ms]
      [Free CSet: 0.0 ms]
   [Eden: 8192.0K(185.0M)->0.0B(295.0M) Survivors: 5120.0K->5120.0K Heap: 31.1M(1024.0M)->23.7M(1024.0M)]
 [Times: user=0.00 sys=0.00, real=0.00 secs] 
2024-08-07T14:16:35.819+0100: 2.332: [GC concurrent-root-region-scan-start]
2024-08-07T14:16:35.819+0100: 2.333: [GC concurrent-root-region-scan-end, 0.0007144 secs]
2024-08-07T14:16:35.819+0100: 2.333: [GC concurrent-mark-start]
2024-08-07T14:16:35.834+0100: 2.336: [GC concurrent-mark-end, 0.0032385 secs]
2024-08-07T14:16:35.834+0100: 2.336: [GC remark 2024-08-07T14:16:35.835+0100: 2.336: [Finalize Marking, 0.0009869 secs] 2024-08-07T14:16:35.836+0100: 2.337: [GC ref-proc, 0.0003497 secs] 2024-08-07T14:16:35.837+0100: 2.338: [Unloading, 0.0019456 secs], 0.0037516 secs]
 [Times: user=0.00 sys=0.00, real=0.00 secs] 
2024-08-07T14:16:35.839+0100: 2.340: [GC cleanup 25M->25M(1024M), 0.0010178 secs]
 [Times: user=0.00 sys=0.00, real=0.00 secs] 
2024-08-07T14:16:35.943+0100: 2.445: [GC pause (System.gc()) (young) (initial-mark), 0.0036827 secs]
   [Parallel Time: 2.1 ms, GC Workers: 15]
      [GC Worker Start (ms): Min: 2445.3, Avg: 2445.6, Max: 2445.8, Diff: 0.6]
      [Ext Root Scanning (ms): Min: 0.1, Avg: 0.8, Max: 1.3, Diff: 1.2, Sum: 11.5]
      [Update RS (ms): Min: 0.0, Avg: 0.1, Max: 0.2, Diff: 0.2, Sum: 0.9]
         [Processed Buffers: Min: 0, Avg: 1.3, Max: 9, Diff: 9, Sum: 19]
      [Scan RS (ms): Min: 0.0, Avg: 0.0, Max: 0.0, Diff: 0.0, Sum: 0.0]
      [Code Root Scanning (ms): Min: 0.0, Avg: 0.0, Max: 0.1, Diff: 0.1, Sum: 0.1]
      [Object Copy (ms): Min: 0.0, Avg: 0.4, Max: 0.7, Diff: 0.7, Sum: 5.9]
      [Termination (ms): Min: 0.0, Avg: 0.3, Max: 0.5, Diff: 0.5, Sum: 4.9]
         [Termination Attempts: Min: 1, Avg: 3.4, Max: 7, Diff: 6, Sum: 51]
      [GC Worker Other (ms): Min: 0.0, Avg: 0.0, Max: 0.0, Diff: 0.0, Sum: 0.1]
      [GC Worker Total (ms): Min: 1.3, Avg: 1.6, Max: 2.0, Diff: 0.7, Sum: 23.4]
      [GC Worker End (ms): Min: 2447.1, Avg: 2447.2, Max: 2447.2, Diff: 0.1]
   [Code Root Fixup: 0.0 ms]
   [Code Root Purge: 0.0 ms]
   [Clear CT: 0.4 ms]
   [Other: 1.2 ms]
      [Choose CSet: 0.0 ms]
      [Ref Proc: 0.9 ms]
      [Ref Enq: 0.0 ms]
      [Redirty Cards: 0.1 ms]
      [Humongous Register: 0.0 ms]
      [Humongous Reclaim: 0.0 ms]
      [Free CSet: 0.0 ms]
   [Eden: 9216.0K(295.0M)->0.0B(481.0M) Survivors: 5120.0K->5120.0K Heap: 31.7M(1024.0M)->24.4M(1024.0M)]
 [Times: user=0.00 sys=0.00, real=0.00 secs] 
2024-08-07T14:16:35.943+0100: 2.449: [GC concurrent-root-region-scan-start]
2024-08-07T14:16:35.943+0100: 2.450: [GC concurrent-root-region-scan-end, 0.0007838 secs]
2024-08-07T14:16:35.943+0100: 2.450: [GC concurrent-mark-start]
2024-08-07T14:16:35.943+0100: 2.452: [GC concurrent-mark-end, 0.0027625 secs]
2024-08-07T14:16:35.943+0100: 2.453: [GC remark 2024-08-07T14:16:35.943+0100: 2.453: [Finalize Marking, 0.0009916 secs] 2024-08-07T14:16:35.943+0100: 2.454: [GC ref-proc, 0.0003417 secs] 2024-08-07T14:16:35.943+0100: 2.454: [Unloading, 0.0021622 secs], 0.0037767 secs]
 [Times: user=0.00 sys=0.00, real=0.00 secs] 
2024-08-07T14:16:35.943+0100: 2.456: [GC cleanup 24M->24M(1024M), 0.0010728 secs]
 [Times: user=0.00 sys=0.00, real=0.00 secs] 
2024-08-07T14:16:36.054+0100: 2.567: [GC pause (System.gc()) (young) (initial-mark), 0.0050719 secs]
   [Parallel Time: 3.7 ms, GC Workers: 15]
      [GC Worker Start (ms): Min: 2567.0, Avg: 2567.2, Max: 2567.4, Diff: 0.4]
      [Ext Root Scanning (ms): Min: 0.6, Avg: 2.3, Max: 2.9, Diff: 2.2, Sum: 33.9]
      [Update RS (ms): Min: 0.0, Avg: 0.1, Max: 0.4, Diff: 0.4, Sum: 1.4]
         [Processed Buffers: Min: 0, Avg: 1.6, Max: 12, Diff: 12, Sum: 24]
      [Scan RS (ms): Min: 0.0, Avg: 0.0, Max: 0.0, Diff: 0.0, Sum: 0.0]
      [Code Root Scanning (ms): Min: 0.0, Avg: 0.0, Max: 0.1, Diff: 0.1, Sum: 0.1]
      [Object Copy (ms): Min: 0.0, Avg: 0.4, Max: 1.5, Diff: 1.5, Sum: 5.8]
      [Termination (ms): Min: 0.0, Avg: 0.3, Max: 0.9, Diff: 0.9, Sum: 4.7]
         [Termination Attempts: Min: 1, Avg: 1.5, Max: 4, Diff: 3, Sum: 23]
      [GC Worker Other (ms): Min: 0.0, Avg: 0.0, Max: 0.0, Diff: 0.0, Sum: 0.1]
      [GC Worker Total (ms): Min: 2.9, Avg: 3.1, Max: 3.5, Diff: 0.6, Sum: 46.1]
      [GC Worker End (ms): Min: 2570.3, Avg: 2570.3, Max: 2570.4, Diff: 0.2]
   [Code Root Fixup: 0.0 ms]
   [Code Root Purge: 0.0 ms]
   [Clear CT: 0.1 ms]
   [Other: 1.3 ms]
      [Choose CSet: 0.0 ms]
      [Ref Proc: 0.9 ms]
      [Ref Enq: 0.0 ms]
      [Redirty Cards: 0.2 ms]
      [Humongous Register: 0.0 ms]
      [Humongous Reclaim: 0.0 ms]
      [Free CSet: 0.0 ms]
   [Eden: 7168.0K(481.0M)->0.0B(609.0M) Survivors: 5120.0K->5120.0K Heap: 30.4M(1024.0M)->23.7M(1024.0M)]
 [Times: user=0.02 sys=0.00, real=0.02 secs] 
2024-08-07T14:16:36.071+0100: 2.572: [GC concurrent-root-region-scan-start]
2024-08-07T14:16:36.072+0100: 2.573: [GC concurrent-root-region-scan-end, 0.0010667 secs]
2024-08-07T14:16:36.072+0100: 2.573: [GC concurrent-mark-start]
2024-08-07T14:16:36.074+0100: 2.576: [GC concurrent-mark-end, 0.0030437 secs]
2024-08-07T14:16:36.074+0100: 2.576: [GC remark 2024-08-07T14:16:36.074+0100: 2.576: [Finalize Marking, 0.0015837 secs] 2024-08-07T14:16:36.076+0100: 2.578: [GC ref-proc, 0.0003418 secs] 2024-08-07T14:16:36.076+0100: 2.578: [Unloading, 0.0029383 secs], 0.0055970 secs]
 [Times: user=0.00 sys=0.00, real=0.01 secs] 
2024-08-07T14:16:36.081+0100: 2.582: [GC cleanup 26M->26M(1024M), 0.0014189 secs]
 [Times: user=0.00 sys=0.00, real=0.00 secs] 
2024-08-07T14:16:36.194+0100: 2.696: [GC pause (System.gc()) (young) (initial-mark), 0.0100373 secs]
   [Parallel Time: 5.7 ms, GC Workers: 15]
      [GC Worker Start (ms): Min: 2696.4, Avg: 2697.0, Max: 2697.6, Diff: 1.2]
      [Ext Root Scanning (ms): Min: 0.1, Avg: 2.1, Max: 3.9, Diff: 3.7, Sum: 31.7]
      [Update RS (ms): Min: 0.0, Avg: 0.1, Max: 0.4, Diff: 0.4, Sum: 1.6]
         [Processed Buffers: Min: 0, Avg: 1.1, Max: 7, Diff: 7, Sum: 17]
      [Scan RS (ms): Min: 0.0, Avg: 0.0, Max: 0.0, Diff: 0.0, Sum: 0.0]
      [Code Root Scanning (ms): Min: 0.0, Avg: 0.0, Max: 0.1, Diff: 0.1, Sum: 0.1]
      [Object Copy (ms): Min: 0.0, Avg: 0.6, Max: 1.2, Diff: 1.2, Sum: 9.2]
      [Termination (ms): Min: 0.0, Avg: 1.7, Max: 2.4, Diff: 2.4, Sum: 24.9]
         [Termination Attempts: Min: 1, Avg: 1.0, Max: 1, Diff: 0, Sum: 15]
      [GC Worker Other (ms): Min: 0.0, Avg: 0.0, Max: 0.0, Diff: 0.0, Sum: 0.2]
      [GC Worker Total (ms): Min: 3.9, Avg: 4.5, Max: 5.3, Diff: 1.4, Sum: 67.8]
      [GC Worker End (ms): Min: 2701.4, Avg: 2701.6, Max: 2701.8, Diff: 0.4]
   [Code Root Fixup: 0.0 ms]
   [Code Root Purge: 0.0 ms]
   [Clear CT: 0.9 ms]
   [Other: 3.5 ms]
      [Choose CSet: 0.0 ms]
      [Ref Proc: 2.5 ms]
      [Ref Enq: 0.0 ms]
      [Redirty Cards: 0.7 ms]
      [Humongous Register: 0.0 ms]
      [Humongous Reclaim: 0.0 ms]
      [Free CSet: 0.0 ms]
   [Eden: 9216.0K(609.0M)->0.0B(609.0M) Survivors: 5120.0K->5120.0K Heap: 32.7M(1024.0M)->23.9M(1024.0M)]
 [Times: user=0.00 sys=0.00, real=0.00 secs] 
2024-08-07T14:16:36.194+0100: 2.706: [GC concurrent-root-region-scan-start]
2024-08-07T14:16:36.194+0100: 2.707: [GC concurrent-root-region-scan-end, 0.0009250 secs]
2024-08-07T14:16:36.194+0100: 2.707: [GC concurrent-mark-start]
2024-08-07T14:16:36.209+0100: 2.711: [GC concurrent-mark-end, 0.0034641 secs]
2024-08-07T14:16:36.209+0100: 2.711: [GC remark 2024-08-07T14:16:36.209+0100: 2.711: [Finalize Marking, 0.0009015 secs] 2024-08-07T14:16:36.209+0100: 2.712: [GC ref-proc, 0.0003364 secs] 2024-08-07T14:16:36.209+0100: 2.712: [Unloading, 0.0025233 secs], 0.0041232 secs]
 [Times: user=0.00 sys=0.00, real=0.00 secs] 
2024-08-07T14:16:36.209+0100: 2.715: [GC cleanup 27M->27M(1024M), 0.0019988 secs]
 [Times: user=0.00 sys=0.00, real=0.00 secs] 
2024-08-07T14:16:36.333+0100: 2.835: [GC pause (System.gc()) (young) (initial-mark), 0.0042455 secs]
   [Parallel Time: 3.0 ms, GC Workers: 15]
      [GC Worker Start (ms): Min: 2834.8, Avg: 2835.1, Max: 2835.2, Diff: 0.4]
      [Ext Root Scanning (ms): Min: 0.6, Avg: 1.7, Max: 2.4, Diff: 1.8, Sum: 25.3]
      [Update RS (ms): Min: 0.0, Avg: 0.1, Max: 0.4, Diff: 0.4, Sum: 1.2]
         [Processed Buffers: Min: 0, Avg: 1.5, Max: 12, Diff: 12, Sum: 23]
      [Scan RS (ms): Min: 0.0, Avg: 0.0, Max: 0.0, Diff: 0.0, Sum: 0.0]
      [Code Root Scanning (ms): Min: 0.0, Avg: 0.0, Max: 0.0, Diff: 0.0, Sum: 0.1]
      [Object Copy (ms): Min: 0.0, Avg: 0.4, Max: 1.0, Diff: 1.0, Sum: 5.6]
      [Termination (ms): Min: 0.0, Avg: 0.4, Max: 0.9, Diff: 0.9, Sum: 6.1]
         [Termination Attempts: Min: 1, Avg: 1.0, Max: 1, Diff: 0, Sum: 15]
      [GC Worker Other (ms): Min: 0.0, Avg: 0.0, Max: 0.0, Diff: 0.0, Sum: 0.1]
      [GC Worker Total (ms): Min: 2.4, Avg: 2.6, Max: 2.9, Diff: 0.5, Sum: 38.3]
      [GC Worker End (ms): Min: 2837.6, Avg: 2837.6, Max: 2837.7, Diff: 0.1]
   [Code Root Fixup: 0.0 ms]
   [Code Root Purge: 0.0 ms]
   [Clear CT: 0.1 ms]
   [Other: 1.1 ms]
      [Choose CSet: 0.0 ms]
      [Ref Proc: 0.9 ms]
      [Ref Enq: 0.0 ms]
      [Redirty Cards: 0.1 ms]
      [Humongous Register: 0.0 ms]
      [Humongous Reclaim: 0.0 ms]
      [Free CSet: 0.0 ms]
   [Eden: 10.0M(609.0M)->0.0B(609.0M) Survivors: 5120.0K->5120.0K Heap: 32.9M(1024.0M)->23.9M(1024.0M)]
 [Times: user=0.00 sys=0.00, real=0.01 secs] 
2024-08-07T14:16:36.338+0100: 2.839: [GC concurrent-root-region-scan-start]
2024-08-07T14:16:36.339+0100: 2.840: [GC concurrent-root-region-scan-end, 0.0012638 secs]
2024-08-07T14:16:36.339+0100: 2.840: [GC concurrent-mark-start]
2024-08-07T14:16:36.341+0100: 2.843: [GC concurrent-mark-end, 0.0027788 secs]
2024-08-07T14:16:36.341+0100: 2.843: [GC remark 2024-08-07T14:16:36.341+0100: 2.843: [Finalize Marking, 0.0012214 secs] 2024-08-07T14:16:36.343+0100: 2.844: [GC ref-proc, 0.0003457 secs] 2024-08-07T14:16:36.343+0100: 2.845: [Unloading, 0.0019452 secs], 0.0038676 secs]
 [Times: user=0.00 sys=0.00, real=0.00 secs] 
2024-08-07T14:16:36.346+0100: 2.847: [GC cleanup 25M->25M(1024M), 0.0010219 secs]
 [Times: user=0.00 sys=0.00, real=0.00 secs] 
2024-08-07T14:16:36.447+0100: 2.954: [GC pause (System.gc()) (young) (initial-mark), 0.0057621 secs]
   [Parallel Time: 3.8 ms, GC Workers: 15]
      [GC Worker Start (ms): Min: 2953.9, Avg: 2954.2, Max: 2954.4, Diff: 0.6]
      [Ext Root Scanning (ms): Min: 0.8, Avg: 2.2, Max: 2.8, Diff: 2.1, Sum: 33.5]
      [Update RS (ms): Min: 0.0, Avg: 0.1, Max: 0.4, Diff: 0.4, Sum: 1.4]
         [Processed Buffers: Min: 0, Avg: 1.3, Max: 12, Diff: 12, Sum: 19]
      [Scan RS (ms): Min: 0.0, Avg: 0.0, Max: 0.0, Diff: 0.0, Sum: 0.0]
      [Code Root Scanning (ms): Min: 0.0, Avg: 0.0, Max: 0.0, Diff: 0.0, Sum: 0.0]
      [Object Copy (ms): Min: 0.0, Avg: 0.3, Max: 1.3, Diff: 1.3, Sum: 5.0]
      [Termination (ms): Min: 0.0, Avg: 0.4, Max: 1.1, Diff: 1.1, Sum: 6.4]
         [Termination Attempts: Min: 1, Avg: 2.3, Max: 8, Diff: 7, Sum: 35]
      [GC Worker Other (ms): Min: 0.0, Avg: 0.0, Max: 0.0, Diff: 0.0, Sum: 0.1]
      [GC Worker Total (ms): Min: 2.9, Avg: 3.1, Max: 3.5, Diff: 0.7, Sum: 46.4]
      [GC Worker End (ms): Min: 2957.3, Avg: 2957.3, Max: 2957.4, Diff: 0.1]
   [Code Root Fixup: 0.0 ms]
   [Code Root Purge: 0.0 ms]
   [Clear CT: 0.2 ms]
   [Other: 1.8 ms]
      [Choose CSet: 0.0 ms]
      [Ref Proc: 1.5 ms]
      [Ref Enq: 0.0 ms]
      [Redirty Cards: 0.1 ms]
      [Humongous Register: 0.0 ms]
      [Humongous Reclaim: 0.0 ms]
      [Free CSet: 0.0 ms]
   [Eden: 8192.0K(609.0M)->0.0B(609.0M) Survivors: 5120.0K->5120.0K Heap: 30.9M(1024.0M)->23.7M(1024.0M)]
 [Times: user=0.00 sys=0.00, real=0.01 secs] 
2024-08-07T14:16:36.458+0100: 2.959: [GC concurrent-root-region-scan-start]
2024-08-07T14:16:36.458+0100: 2.960: [GC concurrent-root-region-scan-end, 0.0006909 secs]
2024-08-07T14:16:36.458+0100: 2.960: [GC concurrent-mark-start]
2024-08-07T14:16:36.461+0100: 2.963: [GC concurrent-mark-end, 0.0030446 secs]
2024-08-07T14:16:36.461+0100: 2.963: [GC remark 2024-08-07T14:16:36.462+0100: 2.963: [Finalize Marking, 0.0009594 secs] 2024-08-07T14:16:36.463+0100: 2.964: [GC ref-proc, 0.0003314 secs] 2024-08-07T14:16:36.463+0100: 2.965: [Unloading, 0.0024601 secs], 0.0039594 secs]
 [Times: user=0.00 sys=0.00, real=0.01 secs] 
2024-08-07T14:16:36.466+0100: 2.967: [GC cleanup 24M->24M(1024M), 0.0008551 secs]
 [Times: user=0.00 sys=0.00, real=0.00 secs] 
2024-08-07T14:16:36.583+0100: 3.087: [GC pause (System.gc()) (young) (initial-mark), 0.0057256 secs]
   [Parallel Time: 3.6 ms, GC Workers: 15]
      [GC Worker Start (ms): Min: 3087.1, Avg: 3087.6, Max: 3087.7, Diff: 0.6]
      [Ext Root Scanning (ms): Min: 0.1, Avg: 2.0, Max: 2.6, Diff: 2.5, Sum: 30.3]
      [Update RS (ms): Min: 0.0, Avg: 0.1, Max: 0.5, Diff: 0.5, Sum: 0.9]
         [Processed Buffers: Min: 0, Avg: 1.2, Max: 16, Diff: 16, Sum: 18]
      [Scan RS (ms): Min: 0.0, Avg: 0.0, Max: 0.0, Diff: 0.0, Sum: 0.0]
      [Code Root Scanning (ms): Min: 0.0, Avg: 0.0, Max: 0.0, Diff: 0.0, Sum: 0.0]
      [Object Copy (ms): Min: 0.0, Avg: 0.3, Max: 1.8, Diff: 1.8, Sum: 5.0]
      [Termination (ms): Min: 0.0, Avg: 0.2, Max: 0.3, Diff: 0.3, Sum: 3.1]
         [Termination Attempts: Min: 1, Avg: 3.7, Max: 6, Diff: 5, Sum: 55]
      [GC Worker Other (ms): Min: 0.0, Avg: 0.0, Max: 0.0, Diff: 0.0, Sum: 0.1]
      [GC Worker Total (ms): Min: 2.4, Avg: 2.6, Max: 3.2, Diff: 0.8, Sum: 39.4]
      [GC Worker End (ms): Min: 3090.1, Avg: 3090.2, Max: 3090.3, Diff: 0.2]
   [Code Root Fixup: 0.0 ms]
   [Code Root Purge: 0.0 ms]
   [Clear CT: 0.3 ms]
   [Other: 1.8 ms]
      [Choose CSet: 0.0 ms]
      [Ref Proc: 1.3 ms]
      [Ref Enq: 0.0 ms]
      [Redirty Cards: 0.4 ms]
      [Humongous Register: 0.0 ms]
      [Humongous Reclaim: 0.0 ms]
      [Free CSet: 0.0 ms]
   [Eden: 12.0M(609.0M)->0.0B(608.0M) Survivors: 5120.0K->6144.0K Heap: 34.7M(1024.0M)->25.1M(1024.0M)]
 [Times: user=0.00 sys=0.00, real=0.01 secs] 
2024-08-07T14:16:36.592+0100: 3.093: [GC concurrent-root-region-scan-start]
2024-08-07T14:16:36.593+0100: 3.094: [GC concurrent-root-region-scan-end, 0.0012610 secs]
2024-08-07T14:16:36.593+0100: 3.094: [GC concurrent-mark-start]
2024-08-07T14:16:36.595+0100: 3.098: [GC concurrent-mark-end, 0.0041884 secs]
2024-08-07T14:16:36.595+0100: 3.099: [GC remark 2024-08-07T14:16:36.595+0100: 3.099: [Finalize Marking, 0.0013036 secs] 2024-08-07T14:16:36.595+0100: 3.100: [GC ref-proc, 0.0005869 secs] 2024-08-07T14:16:36.595+0100: 3.101: [Unloading, 0.0021440 secs], 0.0042856 secs]
 [Times: user=0.00 sys=0.00, real=0.00 secs] 
2024-08-07T14:16:36.595+0100: 3.103: [GC cleanup 27M->27M(1024M), 0.0008777 secs]
 [Times: user=0.00 sys=0.00, real=0.00 secs] 
2024-08-07T14:16:36.710+0100: 3.216: [GC pause (System.gc()) (young) (initial-mark), 0.0116553 secs]
   [Parallel Time: 7.6 ms, GC Workers: 15]
      [GC Worker Start (ms): Min: 3216.4, Avg: 3217.1, Max: 3217.7, Diff: 1.2]
      [Ext Root Scanning (ms): Min: 0.2, Avg: 3.9, Max: 6.7, Diff: 6.5, Sum: 58.1]
      [Update RS (ms): Min: 0.0, Avg: 0.2, Max: 1.0, Diff: 1.0, Sum: 3.1]
         [Processed Buffers: Min: 0, Avg: 1.1, Max: 9, Diff: 9, Sum: 17]
      [Scan RS (ms): Min: 0.0, Avg: 0.0, Max: 0.0, Diff: 0.0, Sum: 0.0]
      [Code Root Scanning (ms): Min: 0.0, Avg: 0.0, Max: 0.1, Diff: 0.1, Sum: 0.1]
      [Object Copy (ms): Min: 0.0, Avg: 0.9, Max: 2.4, Diff: 2.4, Sum: 13.3]
      [Termination (ms): Min: 0.0, Avg: 1.3, Max: 2.7, Diff: 2.7, Sum: 20.1]
         [Termination Attempts: Min: 1, Avg: 1.9, Max: 5, Diff: 4, Sum: 29]
      [GC Worker Other (ms): Min: 0.0, Avg: 0.0, Max: 0.1, Diff: 0.0, Sum: 0.2]
      [GC Worker Total (ms): Min: 5.7, Avg: 6.3, Max: 6.9, Diff: 1.2, Sum: 95.0]
      [GC Worker End (ms): Min: 3223.3, Avg: 3223.4, Max: 3223.7, Diff: 0.4]
   [Code Root Fixup: 0.0 ms]
   [Code Root Purge: 0.0 ms]
   [Clear CT: 0.9 ms]
   [Other: 3.2 ms]
      [Choose CSet: 0.0 ms]
      [Ref Proc: 2.7 ms]
      [Ref Enq: 0.0 ms]
      [Redirty Cards: 0.2 ms]
      [Humongous Register: 0.0 ms]
      [Humongous Reclaim: 0.0 ms]
      [Free CSet: 0.0 ms]
   [Eden: 7168.0K(608.0M)->0.0B(608.0M) Survivors: 6144.0K->6144.0K Heap: 32.1M(1024.0M)->25.1M(1024.0M)]
 [Times: user=0.00 sys=0.00, real=0.02 secs] 
2024-08-07T14:16:36.726+0100: 3.228: [GC concurrent-root-region-scan-start]
2024-08-07T14:16:36.726+0100: 3.229: [GC concurrent-root-region-scan-end, 0.0009422 secs]
2024-08-07T14:16:36.726+0100: 3.229: [GC concurrent-mark-start]
2024-08-07T14:16:36.726+0100: 3.232: [GC concurrent-mark-end, 0.0030586 secs]
2024-08-07T14:16:36.726+0100: 3.232: [GC remark 2024-08-07T14:16:36.726+0100: 3.232: [Finalize Marking, 0.0011370 secs] 2024-08-07T14:16:36.726+0100: 3.233: [GC ref-proc, 0.0003550 secs] 2024-08-07T14:16:36.726+0100: 3.233: [Unloading, 0.0019525 secs], 0.0037568 secs]
 [Times: user=0.00 sys=0.00, real=0.00 secs] 
2024-08-07T14:16:36.726+0100: 3.236: [GC cleanup 26M->26M(1024M), 0.0011407 secs]
 [Times: user=0.00 sys=0.00, real=0.00 secs] 
2024-08-07T14:16:36.852+0100: 3.359: [GC pause (System.gc()) (young) (initial-mark), 0.0051526 secs]
   [Parallel Time: 3.1 ms, GC Workers: 15]
      [GC Worker Start (ms): Min: 3359.5, Avg: 3359.8, Max: 3360.0, Diff: 0.5]
      [Ext Root Scanning (ms): Min: 0.1, Avg: 1.6, Max: 2.8, Diff: 2.6, Sum: 24.2]
      [Update RS (ms): Min: 0.0, Avg: 0.1, Max: 0.3, Diff: 0.3, Sum: 1.0]
         [Processed Buffers: Min: 0, Avg: 1.9, Max: 13, Diff: 13, Sum: 28]
      [Scan RS (ms): Min: 0.0, Avg: 0.0, Max: 0.0, Diff: 0.0, Sum: 0.0]
      [Code Root Scanning (ms): Min: 0.0, Avg: 0.0, Max: 0.0, Diff: 0.0, Sum: 0.0]
      [Object Copy (ms): Min: 0.0, Avg: 0.3, Max: 0.9, Diff: 0.9, Sum: 4.3]
      [Termination (ms): Min: 0.0, Avg: 0.6, Max: 1.3, Diff: 1.3, Sum: 9.5]
         [Termination Attempts: Min: 1, Avg: 1.3, Max: 2, Diff: 1, Sum: 20]
      [GC Worker Other (ms): Min: 0.0, Avg: 0.0, Max: 0.0, Diff: 0.0, Sum: 0.1]
      [GC Worker Total (ms): Min: 2.4, Avg: 2.6, Max: 2.9, Diff: 0.6, Sum: 39.1]
      [GC Worker End (ms): Min: 3362.4, Avg: 3362.5, Max: 3362.6, Diff: 0.2]
   [Code Root Fixup: 0.0 ms]
   [Code Root Purge: 0.0 ms]
   [Clear CT: 0.2 ms]
   [Other: 1.8 ms]
      [Choose CSet: 0.0 ms]
      [Ref Proc: 1.6 ms]
      [Ref Enq: 0.0 ms]
      [Redirty Cards: 0.2 ms]
      [Humongous Register: 0.0 ms]
      [Humongous Reclaim: 0.0 ms]
      [Free CSet: 0.0 ms]
   [Eden: 15.0M(608.0M)->0.0B(609.0M) Survivors: 6144.0K->5120.0K Heap: 39.7M(1024.0M)->24.4M(1024.0M)]
 [Times: user=0.00 sys=0.00, real=0.00 secs] 
2024-08-07T14:16:36.852+0100: 3.365: [GC concurrent-root-region-scan-start]
2024-08-07T14:16:36.852+0100: 3.365: [GC concurrent-root-region-scan-end, 0.0007442 secs]
2024-08-07T14:16:36.852+0100: 3.365: [GC concurrent-mark-start]
2024-08-07T14:16:36.852+0100: 3.368: [GC concurrent-mark-end, 0.0026952 secs]
2024-08-07T14:16:36.852+0100: 3.368: [GC remark 2024-08-07T14:16:36.852+0100: 3.368: [Finalize Marking, 0.0011007 secs] 2024-08-07T14:16:36.867+0100: 3.369: [GC ref-proc, 0.0003486 secs] 2024-08-07T14:16:36.868+0100: 3.370: [Unloading, 0.0030287 secs], 0.0051702 secs]
 [Times: user=0.00 sys=0.00, real=0.02 secs] 
2024-08-07T14:16:36.872+0100: 3.374: [GC cleanup 24M->24M(1024M), 0.0015253 secs]
 [Times: user=0.00 sys=0.00, real=0.00 secs] 
2024-08-07T14:16:36.978+0100: 3.480: [GC pause (System.gc()) (young) (initial-mark), 0.0039693 secs]
   [Parallel Time: 2.1 ms, GC Workers: 15]
      [GC Worker Start (ms): Min: 3479.7, Avg: 3480.0, Max: 3480.3, Diff: 0.7]
      [Ext Root Scanning (ms): Min: 0.1, Avg: 0.9, Max: 1.5, Diff: 1.4, Sum: 13.1]
      [Update RS (ms): Min: 0.0, Avg: 0.1, Max: 0.2, Diff: 0.2, Sum: 0.9]
         [Processed Buffers: Min: 0, Avg: 1.1, Max: 5, Diff: 5, Sum: 16]
      [Scan RS (ms): Min: 0.0, Avg: 0.0, Max: 0.0, Diff: 0.0, Sum: 0.0]
      [Code Root Scanning (ms): Min: 0.0, Avg: 0.0, Max: 0.0, Diff: 0.0, Sum: 0.0]
      [Object Copy (ms): Min: 0.0, Avg: 0.4, Max: 0.8, Diff: 0.8, Sum: 6.2]
      [Termination (ms): Min: 0.0, Avg: 0.0, Max: 0.0, Diff: 0.0, Sum: 0.1]
         [Termination Attempts: Min: 1, Avg: 1.1, Max: 2, Diff: 1, Sum: 17]
      [GC Worker Other (ms): Min: 0.0, Avg: 0.0, Max: 0.0, Diff: 0.0, Sum: 0.2]
      [GC Worker Total (ms): Min: 1.1, Avg: 1.4, Max: 1.7, Diff: 0.7, Sum: 20.5]
      [GC Worker End (ms): Min: 3481.4, Avg: 3481.4, Max: 3481.4, Diff: 0.0]
   [Code Root Fixup: 0.0 ms]
   [Code Root Purge: 0.0 ms]
   [Clear CT: 0.2 ms]
   [Other: 1.6 ms]
      [Choose CSet: 0.0 ms]
      [Ref Proc: 1.3 ms]
      [Ref Enq: 0.0 ms]
      [Redirty Cards: 0.3 ms]
      [Humongous Register: 0.0 ms]
      [Humongous Reclaim: 0.0 ms]
      [Free CSet: 0.0 ms]
   [Eden: 8192.0K(609.0M)->0.0B(608.0M) Survivors: 5120.0K->6144.0K Heap: 32.4M(1024.0M)->25.4M(1024.0M)]
 [Times: user=0.00 sys=0.00, real=0.00 secs] 
2024-08-07T14:16:36.978+0100: 3.484: [GC concurrent-root-region-scan-start]
2024-08-07T14:16:36.978+0100: 3.484: [GC concurrent-root-region-scan-end, 0.0007278 secs]
2024-08-07T14:16:36.978+0100: 3.484: [GC concurrent-mark-start]
2024-08-07T14:16:36.978+0100: 3.487: [GC concurrent-mark-end, 0.0028465 secs]
2024-08-07T14:16:36.978+0100: 3.487: [GC remark 2024-08-07T14:16:36.978+0100: 3.487: [Finalize Marking, 0.0010417 secs] 2024-08-07T14:16:36.978+0100: 3.488: [GC ref-proc, 0.0003310 secs] 2024-08-07T14:16:36.978+0100: 3.489: [Unloading, 0.0021026 secs], 0.0037396 secs]
 [Times: user=0.00 sys=0.00, real=0.01 secs] 
2024-08-07T14:16:36.988+0100: 3.491: [GC cleanup 25M->25M(1024M), 0.0009472 secs]
 [Times: user=0.00 sys=0.00, real=0.00 secs] 
2024-08-07T14:16:37.096+0100: 3.601: [GC pause (System.gc()) (young) (initial-mark), 0.0068048 secs]
   [Parallel Time: 5.0 ms, GC Workers: 15]
      [GC Worker Start (ms): Min: 3601.0, Avg: 3601.4, Max: 3601.5, Diff: 0.5]
      [Ext Root Scanning (ms): Min: 0.6, Avg: 3.2, Max: 4.2, Diff: 3.6, Sum: 48.3]
      [Update RS (ms): Min: 0.0, Avg: 0.1, Max: 0.5, Diff: 0.5, Sum: 1.3]
         [Processed Buffers: Min: 0, Avg: 1.4, Max: 12, Diff: 12, Sum: 21]
      [Scan RS (ms): Min: 0.0, Avg: 0.0, Max: 0.0, Diff: 0.0, Sum: 0.0]
      [Code Root Scanning (ms): Min: 0.0, Avg: 0.0, Max: 0.1, Diff: 0.1, Sum: 0.1]
      [Object Copy (ms): Min: 0.0, Avg: 0.4, Max: 2.3, Diff: 2.3, Sum: 6.5]
      [Termination (ms): Min: 0.0, Avg: 0.6, Max: 1.4, Diff: 1.4, Sum: 8.9]
         [Termination Attempts: Min: 1, Avg: 1.2, Max: 3, Diff: 2, Sum: 18]
      [GC Worker Other (ms): Min: 0.0, Avg: 0.0, Max: 0.0, Diff: 0.0, Sum: 0.1]
      [GC Worker Total (ms): Min: 4.2, Avg: 4.3, Max: 4.7, Diff: 0.6, Sum: 65.2]
      [GC Worker End (ms): Min: 3605.7, Avg: 3605.7, Max: 3605.8, Diff: 0.1]
   [Code Root Fixup: 0.0 ms]
   [Code Root Purge: 0.0 ms]
   [Clear CT: 0.3 ms]
   [Other: 1.5 ms]
      [Choose CSet: 0.0 ms]
      [Ref Proc: 1.2 ms]
      [Ref Enq: 0.0 ms]
      [Redirty Cards: 0.2 ms]
      [Humongous Register: 0.0 ms]
      [Humongous Reclaim: 0.0 ms]
      [Free CSet: 0.0 ms]
   [Eden: 7168.0K(608.0M)->0.0B(613.0M) Survivors: 6144.0K->1024.0K Heap: 31.4M(1024.0M)->23.4M(1024.0M)]
 [Times: user=0.02 sys=0.00, real=0.01 secs] 
2024-08-07T14:16:37.107+0100: 3.608: [GC concurrent-root-region-scan-start]
2024-08-07T14:16:37.107+0100: 3.608: [GC concurrent-root-region-scan-end, 0.0006899 secs]
2024-08-07T14:16:37.107+0100: 3.608: [GC concurrent-mark-start]
2024-08-07T14:16:37.111+0100: 3.613: [GC concurrent-mark-end, 0.0042192 secs]
2024-08-07T14:16:37.111+0100: 3.613: [GC remark 2024-08-07T14:16:37.111+0100: 3.613: [Finalize Marking, 0.0017827 secs] 2024-08-07T14:16:37.111+0100: 3.615: [GC ref-proc, 0.0003031 secs] 2024-08-07T14:16:37.111+0100: 3.615: [Unloading, 0.0019853 secs], 0.0043364 secs]
 [Times: user=0.00 sys=0.00, real=0.00 secs] 
2024-08-07T14:16:37.111+0100: 3.617: [GC cleanup 25M->25M(1024M), 0.0009594 secs]
 [Times: user=0.00 sys=0.00, real=0.00 secs] 
2024-08-07T14:16:37.226+0100: 3.727: [GC pause (System.gc()) (young) (initial-mark), 0.0058630 secs]
   [Parallel Time: 3.3 ms, GC Workers: 15]
      [GC Worker Start (ms): Min: 3726.9, Avg: 3727.5, Max: 3727.9, Diff: 1.0]
      [Ext Root Scanning (ms): Min: 0.1, Avg: 1.4, Max: 2.1, Diff: 2.0, Sum: 20.3]
      [Update RS (ms): Min: 0.0, Avg: 0.4, Max: 1.5, Diff: 1.5, Sum: 5.4]
         [Processed Buffers: Min: 0, Avg: 2.2, Max: 8, Diff: 8, Sum: 33]
      [Scan RS (ms): Min: 0.0, Avg: 0.0, Max: 0.0, Diff: 0.0, Sum: 0.0]
      [Code Root Scanning (ms): Min: 0.0, Avg: 0.0, Max: 0.0, Diff: 0.0, Sum: 0.0]
      [Object Copy (ms): Min: 0.0, Avg: 0.0, Max: 0.1, Diff: 0.1, Sum: 0.5]
      [Termination (ms): Min: 0.0, Avg: 0.7, Max: 1.1, Diff: 1.1, Sum: 10.0]
         [Termination Attempts: Min: 1, Avg: 1.0, Max: 1, Diff: 0, Sum: 15]
      [GC Worker Other (ms): Min: 0.0, Avg: 0.0, Max: 0.0, Diff: 0.0, Sum: 0.1]
      [GC Worker Total (ms): Min: 2.0, Avg: 2.4, Max: 3.0, Diff: 0.9, Sum: 36.4]
      [GC Worker End (ms): Min: 3729.9, Avg: 3729.9, Max: 3730.0, Diff: 0.1]
   [Code Root Fixup: 0.0 ms]
   [Code Root Purge: 0.0 ms]
   [Clear CT: 0.3 ms]
   [Other: 2.3 ms]
      [Choose CSet: 0.0 ms]
      [Ref Proc: 1.8 ms]
      [Ref Enq: 0.0 ms]
      [Redirty Cards: 0.3 ms]
      [Humongous Register: 0.0 ms]
      [Humongous Reclaim: 0.0 ms]
      [Free CSet: 0.0 ms]
   [Eden: 11.0M(613.0M)->0.0B(613.0M) Survivors: 1024.0K->1024.0K Heap: 34.4M(1024.0M)->24.6M(1024.0M)]
 [Times: user=0.00 sys=0.00, real=0.00 secs] 
2024-08-07T14:16:37.226+0100: 3.733: [GC concurrent-root-region-scan-start]
2024-08-07T14:16:37.226+0100: 3.733: [GC concurrent-root-region-scan-end, 0.0004779 secs]
2024-08-07T14:16:37.226+0100: 3.733: [GC concurrent-mark-start]
2024-08-07T14:16:37.235+0100: 3.738: [GC concurrent-mark-end, 0.0045628 secs]
2024-08-07T14:16:37.235+0100: 3.738: [GC remark 2024-08-07T14:16:37.235+0100: 3.738: [Finalize Marking, 0.0011253 secs] 2024-08-07T14:16:37.235+0100: 3.739: [GC ref-proc, 0.0003017 secs] 2024-08-07T14:16:37.235+0100: 3.739: [Unloading, 0.0019475 secs], 0.0038397 secs]
 [Times: user=0.02 sys=0.00, real=0.01 secs] 
2024-08-07T14:16:37.241+0100: 3.742: [GC cleanup 26M->26M(1024M), 0.0010008 secs]
 [Times: user=0.00 sys=0.00, real=0.00 secs] 
2024-08-07T14:16:37.355+0100: 3.861: [GC pause (System.gc()) (young) (initial-mark), 0.0050125 secs]
   [Parallel Time: 2.9 ms, GC Workers: 15]
      [GC Worker Start (ms): Min: 3860.7, Avg: 3861.2, Max: 3861.3, Diff: 0.6]
      [Ext Root Scanning (ms): Min: 0.1, Avg: 1.5, Max: 2.0, Diff: 1.9, Sum: 21.9]
      [Update RS (ms): Min: 0.0, Avg: 0.0, Max: 0.3, Diff: 0.3, Sum: 0.4]
         [Processed Buffers: Min: 0, Avg: 1.2, Max: 12, Diff: 12, Sum: 18]
      [Scan RS (ms): Min: 0.0, Avg: 0.0, Max: 0.0, Diff: 0.0, Sum: 0.0]
      [Code Root Scanning (ms): Min: 0.0, Avg: 0.0, Max: 0.0, Diff: 0.0, Sum: 0.0]
      [Object Copy (ms): Min: 0.0, Avg: 0.1, Max: 0.6, Diff: 0.6, Sum: 0.9]
      [Termination (ms): Min: 0.0, Avg: 0.6, Max: 1.7, Diff: 1.7, Sum: 8.8]
         [Termination Attempts: Min: 1, Avg: 1.1, Max: 2, Diff: 1, Sum: 16]
      [GC Worker Other (ms): Min: 0.0, Avg: 0.0, Max: 0.0, Diff: 0.0, Sum: 0.1]
      [GC Worker Total (ms): Min: 2.0, Avg: 2.1, Max: 2.8, Diff: 0.8, Sum: 32.1]
      [GC Worker End (ms): Min: 3863.3, Avg: 3863.3, Max: 3863.5, Diff: 0.2]
   [Code Root Fixup: 0.0 ms]
   [Code Root Purge: 0.0 ms]
   [Clear CT: 0.1 ms]
   [Other: 1.9 ms]
      [Choose CSet: 0.0 ms]
      [Ref Proc: 1.8 ms]
      [Ref Enq: 0.0 ms]
      [Redirty Cards: 0.1 ms]
      [Humongous Register: 0.0 ms]
      [Humongous Reclaim: 0.0 ms]
      [Free CSet: 0.0 ms]
   [Eden: 7168.0K(613.0M)->0.0B(613.0M) Survivors: 1024.0K->1024.0K Heap: 30.6M(1024.0M)->24.3M(1024.0M)]
 [Times: user=0.00 sys=0.00, real=0.00 secs] 
2024-08-07T14:16:37.355+0100: 3.866: [GC concurrent-root-region-scan-start]
2024-08-07T14:16:37.355+0100: 3.866: [GC concurrent-root-region-scan-end, 0.0005214 secs]
2024-08-07T14:16:37.355+0100: 3.866: [GC concurrent-mark-start]
2024-08-07T14:16:37.370+0100: 3.872: [GC concurrent-mark-end, 0.0055261 secs]
2024-08-07T14:16:37.370+0100: 3.872: [GC remark 2024-08-07T14:16:37.370+0100: 3.872: [Finalize Marking, 0.0013687 secs] 2024-08-07T14:16:37.371+0100: 3.873: [GC ref-proc, 0.0003901 secs] 2024-08-07T14:16:37.372+0100: 3.874: [Unloading, 0.0032618 secs], 0.0062472 secs]
 [Times: user=0.00 sys=0.00, real=0.00 secs] 
2024-08-07T14:16:37.377+0100: 3.878: [GC cleanup 28M->28M(1024M), 0.0011980 secs]
 [Times: user=0.00 sys=0.00, real=0.00 secs] 
2024-08-07T14:16:37.494+0100: 3.998: [GC pause (System.gc()) (young) (initial-mark), 0.0095722 secs]
   [Parallel Time: 5.7 ms, GC Workers: 15]
      [GC Worker Start (ms): Min: 3998.0, Avg: 3998.7, Max: 3999.2, Diff: 1.2]
      [Ext Root Scanning (ms): Min: 0.2, Avg: 2.3, Max: 3.6, Diff: 3.4, Sum: 35.1]
      [Update RS (ms): Min: 0.0, Avg: 0.1, Max: 0.4, Diff: 0.4, Sum: 0.9]
         [Processed Buffers: Min: 0, Avg: 1.1, Max: 10, Diff: 10, Sum: 17]
      [Scan RS (ms): Min: 0.0, Avg: 0.0, Max: 0.0, Diff: 0.0, Sum: 0.0]
      [Code Root Scanning (ms): Min: 0.0, Avg: 0.0, Max: 0.0, Diff: 0.0, Sum: 0.0]
      [Object Copy (ms): Min: 0.0, Avg: 0.1, Max: 0.3, Diff: 0.3, Sum: 1.2]
      [Termination (ms): Min: 0.0, Avg: 1.6, Max: 3.2, Diff: 3.2, Sum: 24.7]
         [Termination Attempts: Min: 1, Avg: 1.3, Max: 3, Diff: 2, Sum: 20]
      [GC Worker Other (ms): Min: 0.0, Avg: 0.0, Max: 0.0, Diff: 0.0, Sum: 0.2]
      [GC Worker Total (ms): Min: 3.5, Avg: 4.1, Max: 4.9, Diff: 1.5, Sum: 62.2]
      [GC Worker End (ms): Min: 4002.7, Avg: 4002.8, Max: 4003.1, Diff: 0.4]
   [Code Root Fixup: 0.0 ms]
   [Code Root Purge: 0.0 ms]
   [Clear CT: 0.4 ms]
   [Other: 3.4 ms]
      [Choose CSet: 0.0 ms]
      [Ref Proc: 2.9 ms]
      [Ref Enq: 0.0 ms]
      [Redirty Cards: 0.3 ms]
      [Humongous Register: 0.0 ms]
      [Humongous Reclaim: 0.0 ms]
      [Free CSet: 0.0 ms]
   [Eden: 11.0M(613.0M)->0.0B(613.0M) Survivors: 1024.0K->1024.0K Heap: 34.8M(1024.0M)->24.4M(1024.0M)]
 [Times: user=0.00 sys=0.00, real=0.01 secs] 
2024-08-07T14:16:37.501+0100: 4.008: [GC concurrent-root-region-scan-start]
2024-08-07T14:16:37.501+0100: 4.009: [GC concurrent-root-region-scan-end, 0.0010728 secs]
2024-08-07T14:16:37.501+0100: 4.009: [GC concurrent-mark-start]
2024-08-07T14:16:37.513+0100: 4.015: [GC concurrent-mark-end, 0.0059045 secs]
2024-08-07T14:16:37.513+0100: 4.015: [GC remark 2024-08-07T14:16:37.513+0100: 4.015: [Finalize Marking, 0.0013579 secs] 2024-08-07T14:16:37.515+0100: 4.016: [GC ref-proc, 0.0002919 secs] 2024-08-07T14:16:37.515+0100: 4.016: [Unloading, 0.0020304 secs], 0.0039851 secs]
 [Times: user=0.00 sys=0.00, real=0.00 secs] 
2024-08-07T14:16:37.517+0100: 4.019: [GC cleanup 26M->26M(1024M), 0.0011632 secs]
 [Times: user=0.00 sys=0.00, real=0.00 secs] 
2024-08-07T14:16:37.632+0100: 4.136: [GC pause (System.gc()) (young) (initial-mark), 0.0053570 secs]
   [Parallel Time: 3.7 ms, GC Workers: 15]
      [GC Worker Start (ms): Min: 4135.9, Avg: 4136.4, Max: 4136.5, Diff: 0.7]
      [Ext Root Scanning (ms): Min: 0.1, Avg: 1.8, Max: 2.5, Diff: 2.4, Sum: 26.7]
      [Update RS (ms): Min: 0.0, Avg: 0.0, Max: 0.2, Diff: 0.2, Sum: 0.3]
         [Processed Buffers: Min: 0, Avg: 0.9, Max: 7, Diff: 7, Sum: 14]
      [Scan RS (ms): Min: 0.0, Avg: 0.0, Max: 0.0, Diff: 0.0, Sum: 0.0]
      [Code Root Scanning (ms): Min: 0.0, Avg: 0.0, Max: 0.0, Diff: 0.0, Sum: 0.0]
      [Object Copy (ms): Min: 0.0, Avg: 0.0, Max: 0.2, Diff: 0.2, Sum: 0.3]
      [Termination (ms): Min: 0.0, Avg: 0.8, Max: 2.2, Diff: 2.2, Sum: 12.3]
         [Termination Attempts: Min: 1, Avg: 1.1, Max: 2, Diff: 1, Sum: 16]
      [GC Worker Other (ms): Min: 0.0, Avg: 0.0, Max: 0.0, Diff: 0.0, Sum: 0.1]
      [GC Worker Total (ms): Min: 2.5, Avg: 2.7, Max: 3.2, Diff: 0.7, Sum: 39.8]
      [GC Worker End (ms): Min: 4139.1, Avg: 4139.1, Max: 4139.2, Diff: 0.1]
   [Code Root Fixup: 0.0 ms]
   [Code Root Purge: 0.0 ms]
   [Clear CT: 0.2 ms]
   [Other: 1.4 ms]
      [Choose CSet: 0.0 ms]
      [Ref Proc: 1.0 ms]
      [Ref Enq: 0.0 ms]
      [Redirty Cards: 0.2 ms]
      [Humongous Register: 0.0 ms]
      [Humongous Reclaim: 0.0 ms]
      [Free CSet: 0.0 ms]
   [Eden: 8192.0K(613.0M)->0.0B(613.0M) Survivors: 1024.0K->1024.0K Heap: 31.9M(1024.0M)->24.4M(1024.0M)]
 [Times: user=0.00 sys=0.00, real=0.01 secs] 
2024-08-07T14:16:37.640+0100: 4.141: [GC concurrent-root-region-scan-start]
2024-08-07T14:16:37.641+0100: 4.142: [GC concurrent-root-region-scan-end, 0.0007397 secs]
2024-08-07T14:16:37.641+0100: 4.142: [GC concurrent-mark-start]
2024-08-07T14:16:37.644+0100: 4.146: [GC concurrent-mark-end, 0.0041526 secs]
2024-08-07T14:16:37.644+0100: 4.146: [GC remark 2024-08-07T14:16:37.645+0100: 4.146: [Finalize Marking, 0.0006573 secs] 2024-08-07T14:16:37.646+0100: 4.147: [GC ref-proc, 0.0003030 secs] 2024-08-07T14:16:37.646+0100: 4.147: [Unloading, 0.0023622 secs], 0.0035904 secs]
 [Times: user=0.00 sys=0.00, real=0.00 secs] 
2024-08-07T14:16:37.649+0100: 4.150: [GC cleanup 26M->26M(1024M), 0.0010855 secs]
 [Times: user=0.00 sys=0.00, real=0.00 secs] 
2024-08-07T14:16:37.761+0100: 4.264: [GC pause (System.gc()) (young) (initial-mark), 0.0091473 secs]
   [Parallel Time: 4.8 ms, GC Workers: 15]
      [GC Worker Start (ms): Min: 4264.8, Avg: 4265.6, Max: 4266.4, Diff: 1.7]
      [Ext Root Scanning (ms): Min: 0.2, Avg: 1.6, Max: 2.4, Diff: 2.2, Sum: 23.5]
      [Update RS (ms): Min: 0.0, Avg: 0.0, Max: 0.3, Diff: 0.3, Sum: 0.7]
         [Processed Buffers: Min: 0, Avg: 1.1, Max: 11, Diff: 11, Sum: 17]
      [Scan RS (ms): Min: 0.0, Avg: 0.0, Max: 0.0, Diff: 0.0, Sum: 0.0]
      [Code Root Scanning (ms): Min: 0.0, Avg: 0.0, Max: 0.0, Diff: 0.0, Sum: 0.0]
      [Object Copy (ms): Min: 0.0, Avg: 0.1, Max: 0.3, Diff: 0.3, Sum: 1.4]
      [Termination (ms): Min: 0.0, Avg: 1.0, Max: 1.4, Diff: 1.4, Sum: 15.5]
         [Termination Attempts: Min: 1, Avg: 1.1, Max: 2, Diff: 1, Sum: 17]
      [GC Worker Other (ms): Min: 0.0, Avg: 0.0, Max: 0.0, Diff: 0.0, Sum: 0.2]
      [GC Worker Total (ms): Min: 2.0, Avg: 2.8, Max: 3.6, Diff: 1.6, Sum: 41.3]
      [GC Worker End (ms): Min: 4268.4, Avg: 4268.4, Max: 4268.5, Diff: 0.1]
   [Code Root Fixup: 0.0 ms]
   [Code Root Purge: 0.0 ms]
   [Clear CT: 0.5 ms]
   [Other: 3.8 ms]
      [Choose CSet: 0.0 ms]
      [Ref Proc: 2.8 ms]
      [Ref Enq: 0.0 ms]
      [Redirty Cards: 0.7 ms]
      [Humongous Register: 0.0 ms]
      [Humongous Reclaim: 0.0 ms]
      [Free CSet: 0.0 ms]
   [Eden: 9216.0K(613.0M)->0.0B(613.0M) Survivors: 1024.0K->1024.0K Heap: 33.4M(1024.0M)->24.4M(1024.0M)]
 [Times: user=0.00 sys=0.00, real=0.00 secs] 
2024-08-07T14:16:37.761+0100: 4.274: [GC concurrent-root-region-scan-start]
2024-08-07T14:16:37.761+0100: 4.275: [GC concurrent-root-region-scan-end, 0.0007659 secs]
2024-08-07T14:16:37.761+0100: 4.275: [GC concurrent-mark-start]
2024-08-07T14:16:37.777+0100: 4.280: [GC concurrent-mark-end, 0.0052321 secs]
2024-08-07T14:16:37.777+0100: 4.280: [GC remark 2024-08-07T14:16:37.777+0100: 4.280: [Finalize Marking, 0.0009840 secs] 2024-08-07T14:16:37.777+0100: 4.281: [GC ref-proc, 0.0003008 secs] 2024-08-07T14:16:37.777+0100: 4.281: [Unloading, 0.0024912 secs], 0.0042939 secs]
 [Times: user=0.00 sys=0.00, real=0.00 secs] 
2024-08-07T14:16:37.777+0100: 4.284: [GC cleanup 27M->27M(1024M), 0.0019723 secs]
 [Times: user=0.00 sys=0.00, real=0.00 secs] 
2024-08-07T14:16:37.911+0100: 4.412: [GC pause (System.gc()) (young) (initial-mark), 0.0028988 secs]
   [Parallel Time: 1.5 ms, GC Workers: 15]
      [GC Worker Start (ms): Min: 4412.4, Avg: 4412.6, Max: 4412.7, Diff: 0.4]
      [Ext Root Scanning (ms): Min: 0.5, Avg: 0.8, Max: 1.3, Diff: 0.8, Sum: 11.5]
      [Update RS (ms): Min: 0.0, Avg: 0.0, Max: 0.1, Diff: 0.1, Sum: 0.5]
         [Processed Buffers: Min: 0, Avg: 1.3, Max: 5, Diff: 5, Sum: 19]
      [Scan RS (ms): Min: 0.0, Avg: 0.0, Max: 0.0, Diff: 0.0, Sum: 0.0]
      [Code Root Scanning (ms): Min: 0.0, Avg: 0.0, Max: 0.0, Diff: 0.0, Sum: 0.0]
      [Object Copy (ms): Min: 0.0, Avg: 0.0, Max: 0.1, Diff: 0.1, Sum: 0.7]
      [Termination (ms): Min: 0.0, Avg: 0.3, Max: 0.5, Diff: 0.5, Sum: 4.5]
         [Termination Attempts: Min: 1, Avg: 1.4, Max: 4, Diff: 3, Sum: 21]
      [GC Worker Other (ms): Min: 0.0, Avg: 0.0, Max: 0.0, Diff: 0.0, Sum: 0.1]
      [GC Worker Total (ms): Min: 1.0, Avg: 1.2, Max: 1.3, Diff: 0.4, Sum: 17.3]
      [GC Worker End (ms): Min: 4413.7, Avg: 4413.7, Max: 4413.8, Diff: 0.1]
   [Code Root Fixup: 0.0 ms]
   [Code Root Purge: 0.0 ms]
   [Clear CT: 0.1 ms]
   [Other: 1.2 ms]
      [Choose CSet: 0.0 ms]
      [Ref Proc: 1.0 ms]
      [Ref Enq: 0.0 ms]
      [Redirty Cards: 0.1 ms]
      [Humongous Register: 0.0 ms]
      [Humongous Reclaim: 0.0 ms]
      [Free CSet: 0.0 ms]
   [Eden: 11.0M(613.0M)->0.0B(613.0M) Survivors: 1024.0K->1024.0K Heap: 34.9M(1024.0M)->24.4M(1024.0M)]
 [Times: user=0.00 sys=0.00, real=0.00 secs] 
2024-08-07T14:16:37.912+0100: 4.415: [GC concurrent-root-region-scan-start]
2024-08-07T14:16:37.912+0100: 4.416: [GC concurrent-root-region-scan-end, 0.0006310 secs]
2024-08-07T14:16:37.912+0100: 4.416: [GC concurrent-mark-start]
2024-08-07T14:16:37.912+0100: 4.420: [GC concurrent-mark-end, 0.0039551 secs]
2024-08-07T14:16:37.912+0100: 4.420: [GC remark 2024-08-07T14:16:37.912+0100: 4.420: [Finalize Marking, 0.0006954 secs] 2024-08-07T14:16:37.912+0100: 4.421: [GC ref-proc, 0.0003221 secs] 2024-08-07T14:16:37.912+0100: 4.421: [Unloading, 0.0022183 secs], 0.0037789 secs]
 [Times: user=0.00 sys=0.00, real=0.00 secs] 
2024-08-07T14:16:37.912+0100: 4.424: [GC cleanup 24M->24M(1024M), 0.0015718 secs]
 [Times: user=0.00 sys=0.00, real=0.00 secs] 
2024-08-07T14:16:38.029+0100: 4.531: [GC pause (System.gc()) (young) (initial-mark), 0.0040647 secs]
   [Parallel Time: 2.4 ms, GC Workers: 15]
      [GC Worker Start (ms): Min: 4530.6, Avg: 4531.0, Max: 4531.1, Diff: 0.5]
      [Ext Root Scanning (ms): Min: 0.1, Avg: 1.0, Max: 1.7, Diff: 1.6, Sum: 15.6]
      [Update RS (ms): Min: 0.0, Avg: 0.0, Max: 0.1, Diff: 0.1, Sum: 0.3]
         [Processed Buffers: Min: 0, Avg: 1.2, Max: 5, Diff: 5, Sum: 18]
      [Scan RS (ms): Min: 0.0, Avg: 0.0, Max: 0.0, Diff: 0.0, Sum: 0.0]
      [Code Root Scanning (ms): Min: 0.0, Avg: 0.0, Max: 0.0, Diff: 0.0, Sum: 0.0]
      [Object Copy (ms): Min: 0.0, Avg: 0.0, Max: 0.1, Diff: 0.1, Sum: 0.4]
      [Termination (ms): Min: 0.0, Avg: 0.8, Max: 1.5, Diff: 1.5, Sum: 11.4]
         [Termination Attempts: Min: 1, Avg: 1.3, Max: 2, Diff: 1, Sum: 19]
      [GC Worker Other (ms): Min: 0.0, Avg: 0.0, Max: 0.0, Diff: 0.0, Sum: 0.1]
      [GC Worker Total (ms): Min: 1.7, Avg: 1.9, Max: 2.2, Diff: 0.5, Sum: 27.9]
      [GC Worker End (ms): Min: 4532.8, Avg: 4532.8, Max: 4532.9, Diff: 0.1]
   [Code Root Fixup: 0.0 ms]
   [Code Root Purge: 0.0 ms]
   [Clear CT: 0.2 ms]
   [Other: 1.4 ms]
      [Choose CSet: 0.0 ms]
      [Ref Proc: 1.2 ms]
      [Ref Enq: 0.0 ms]
      [Redirty Cards: 0.1 ms]
      [Humongous Register: 0.0 ms]
      [Humongous Reclaim: 0.0 ms]
      [Free CSet: 0.0 ms]
   [Eden: 8192.0K(613.0M)->0.0B(613.0M) Survivors: 1024.0K->1024.0K Heap: 32.4M(1024.0M)->24.4M(1024.0M)]
 [Times: user=0.00 sys=0.00, real=0.00 secs] 
2024-08-07T14:16:38.029+0100: 4.535: [GC concurrent-root-region-scan-start]
2024-08-07T14:16:38.029+0100: 4.535: [GC concurrent-root-region-scan-end, 0.0006291 secs]
2024-08-07T14:16:38.029+0100: 4.535: [GC concurrent-mark-start]
2024-08-07T14:16:38.038+0100: 4.539: [GC concurrent-mark-end, 0.0039687 secs]
2024-08-07T14:16:38.038+0100: 4.539: [GC remark 2024-08-07T14:16:38.038+0100: 4.539: [Finalize Marking, 0.0011222 secs] 2024-08-07T14:16:38.038+0100: 4.541: [GC ref-proc, 0.0004050 secs] 2024-08-07T14:16:38.038+0100: 4.541: [Unloading, 0.0020225 secs], 0.0038060 secs]
 [Times: user=0.00 sys=0.00, real=0.00 secs] 
2024-08-07T14:16:38.040+0100: 4.543: [GC cleanup 24M->24M(1024M), 0.0009803 secs]
 [Times: user=0.00 sys=0.00, real=0.00 secs] 
2024-08-07T14:16:38.171+0100: 4.672: [GC pause (System.gc()) (young) (initial-mark), 0.0050369 secs]
   [Parallel Time: 1.6 ms, GC Workers: 15]
      [GC Worker Start (ms): Min: 4672.6, Avg: 4673.0, Max: 4673.3, Diff: 0.7]
      [Ext Root Scanning (ms): Min: 0.2, Avg: 0.6, Max: 1.1, Diff: 1.0, Sum: 9.0]
      [Update RS (ms): Min: 0.0, Avg: 0.0, Max: 0.2, Diff: 0.2, Sum: 0.6]
         [Processed Buffers: Min: 0, Avg: 1.0, Max: 9, Diff: 9, Sum: 15]
      [Scan RS (ms): Min: 0.0, Avg: 0.0, Max: 0.0, Diff: 0.0, Sum: 0.0]
      [Code Root Scanning (ms): Min: 0.0, Avg: 0.0, Max: 0.0, Diff: 0.0, Sum: 0.0]
      [Object Copy (ms): Min: 0.0, Avg: 0.1, Max: 0.2, Diff: 0.2, Sum: 0.9]
      [Termination (ms): Min: 0.0, Avg: 0.2, Max: 0.3, Diff: 0.3, Sum: 2.4]
         [Termination Attempts: Min: 1, Avg: 1.3, Max: 2, Diff: 1, Sum: 20]
      [GC Worker Other (ms): Min: 0.0, Avg: 0.0, Max: 0.0, Diff: 0.0, Sum: 0.1]
      [GC Worker Total (ms): Min: 0.6, Avg: 0.9, Max: 1.3, Diff: 0.7, Sum: 13.1]
      [GC Worker End (ms): Min: 4673.9, Avg: 4673.9, Max: 4674.0, Diff: 0.1]
   [Code Root Fixup: 0.0 ms]
   [Code Root Purge: 0.0 ms]
   [Clear CT: 0.9 ms]
   [Other: 2.5 ms]
      [Choose CSet: 0.0 ms]
      [Ref Proc: 1.7 ms]
      [Ref Enq: 0.0 ms]
      [Redirty Cards: 0.6 ms]
      [Humongous Register: 0.0 ms]
      [Humongous Reclaim: 0.0 ms]
      [Free CSet: 0.0 ms]
   [Eden: 9216.0K(613.0M)->0.0B(613.0M) Survivors: 1024.0K->1024.0K Heap: 32.9M(1024.0M)->24.4M(1024.0M)]
 [Times: user=0.00 sys=0.00, real=0.01 secs] 
2024-08-07T14:16:38.176+0100: 4.678: [GC concurrent-root-region-scan-start]
2024-08-07T14:16:38.177+0100: 4.679: [GC concurrent-root-region-scan-end, 0.0007728 secs]
2024-08-07T14:16:38.177+0100: 4.679: [GC concurrent-mark-start]
2024-08-07T14:16:38.179+0100: 4.683: [GC concurrent-mark-end, 0.0048674 secs]
2024-08-07T14:16:38.179+0100: 4.684: [GC remark 2024-08-07T14:16:38.182+0100: 4.684: [Finalize Marking, 0.0009297 secs] 2024-08-07T14:16:38.182+0100: 4.685: [GC ref-proc, 0.0004018 secs] 2024-08-07T14:16:38.182+0100: 4.685: [Unloading, 0.0019885 secs], 0.0036022 secs]
 [Times: user=0.00 sys=0.00, real=0.00 secs] 
2024-08-07T14:16:38.182+0100: 4.687: [GC cleanup 27M->27M(1024M), 0.0015200 secs]
 [Times: user=0.00 sys=0.00, real=0.00 secs] 
2024-08-07T14:16:38.287+0100: 4.788: [GC pause (System.gc()) (young) (initial-mark), 0.0042752 secs]
   [Parallel Time: 2.8 ms, GC Workers: 15]
      [GC Worker Start (ms): Min: 4788.6, Avg: 4789.0, Max: 4789.2, Diff: 0.6]
      [Ext Root Scanning (ms): Min: 0.1, Avg: 1.0, Max: 1.9, Diff: 1.8, Sum: 15.7]
      [Update RS (ms): Min: 0.0, Avg: 0.0, Max: 0.1, Diff: 0.1, Sum: 0.3]
         [Processed Buffers: Min: 0, Avg: 1.1, Max: 7, Diff: 7, Sum: 16]
      [Scan RS (ms): Min: 0.0, Avg: 0.0, Max: 0.0, Diff: 0.0, Sum: 0.0]
      [Code Root Scanning (ms): Min: 0.0, Avg: 0.0, Max: 0.0, Diff: 0.0, Sum: 0.0]
      [Object Copy (ms): Min: 0.0, Avg: 0.0, Max: 0.1, Diff: 0.1, Sum: 0.4]
      [Termination (ms): Min: 0.0, Avg: 1.0, Max: 1.7, Diff: 1.7, Sum: 15.3]
         [Termination Attempts: Min: 1, Avg: 1.0, Max: 1, Diff: 0, Sum: 15]
      [GC Worker Other (ms): Min: 0.0, Avg: 0.0, Max: 0.0, Diff: 0.0, Sum: 0.1]
      [GC Worker Total (ms): Min: 1.9, Avg: 2.1, Max: 2.5, Diff: 0.6, Sum: 31.8]
      [GC Worker End (ms): Min: 4791.1, Avg: 4791.1, Max: 4791.2, Diff: 0.2]
   [Code Root Fixup: 0.0 ms]
   [Code Root Purge: 0.0 ms]
   [Clear CT: 0.2 ms]
   [Other: 1.3 ms]
      [Choose CSet: 0.0 ms]
      [Ref Proc: 1.1 ms]
      [Ref Enq: 0.0 ms]
      [Redirty Cards: 0.1 ms]
      [Humongous Register: 0.0 ms]
      [Humongous Reclaim: 0.0 ms]
      [Free CSet: 0.0 ms]
   [Eden: 8192.0K(613.0M)->0.0B(613.0M) Survivors: 1024.0K->1024.0K Heap: 31.4M(1024.0M)->24.4M(1024.0M)]
 [Times: user=0.00 sys=0.00, real=0.00 secs] 
2024-08-07T14:16:38.287+0100: 4.793: [GC concurrent-root-region-scan-start]
2024-08-07T14:16:38.287+0100: 4.793: [GC concurrent-root-region-scan-end, 0.0004854 secs]
2024-08-07T14:16:38.287+0100: 4.793: [GC concurrent-mark-start]
2024-08-07T14:16:38.287+0100: 4.797: [GC concurrent-mark-end, 0.0041027 secs]
2024-08-07T14:16:38.287+0100: 4.798: [GC remark 2024-08-07T14:16:38.287+0100: 4.798: [Finalize Marking, 0.0012068 secs] 2024-08-07T14:16:38.297+0100: 4.799: [GC ref-proc, 0.0004117 secs] 2024-08-07T14:16:38.297+0100: 4.799: [Unloading, 0.0019390 secs], 0.0038344 secs]
 [Times: user=0.00 sys=0.00, real=0.01 secs] 
2024-08-07T14:16:38.297+0100: 4.801: [GC cleanup 24M->24M(1024M), 0.0015220 secs]
 [Times: user=0.00 sys=0.00, real=0.00 secs] 
2024-08-07T14:16:38.413+0100: 4.926: [GC pause (System.gc()) (young) (initial-mark), 0.0065764 secs]
   [Parallel Time: 3.6 ms, GC Workers: 15]
      [GC Worker Start (ms): Min: 4926.7, Avg: 4927.3, Max: 4927.5, Diff: 0.8]
      [Ext Root Scanning (ms): Min: 0.1, Avg: 1.9, Max: 2.4, Diff: 2.3, Sum: 28.8]
      [Update RS (ms): Min: 0.0, Avg: 0.0, Max: 0.3, Diff: 0.3, Sum: 0.5]
         [Processed Buffers: Min: 0, Avg: 1.1, Max: 11, Diff: 11, Sum: 17]
      [Scan RS (ms): Min: 0.0, Avg: 0.0, Max: 0.0, Diff: 0.0, Sum: 0.0]
      [Code Root Scanning (ms): Min: 0.0, Avg: 0.0, Max: 0.0, Diff: 0.0, Sum: 0.0]
      [Object Copy (ms): Min: 0.0, Avg: 0.0, Max: 0.2, Diff: 0.2, Sum: 0.4]
      [Termination (ms): Min: 0.0, Avg: 0.6, Max: 1.9, Diff: 1.9, Sum: 9.1]
         [Termination Attempts: Min: 1, Avg: 1.1, Max: 2, Diff: 1, Sum: 16]
      [GC Worker Other (ms): Min: 0.0, Avg: 0.0, Max: 0.0, Diff: 0.0, Sum: 0.1]
      [GC Worker Total (ms): Min: 2.4, Avg: 2.6, Max: 3.2, Diff: 0.8, Sum: 39.0]
      [GC Worker End (ms): Min: 4929.9, Avg: 4929.9, Max: 4930.1, Diff: 0.2]
   [Code Root Fixup: 0.0 ms]
   [Code Root Purge: 0.0 ms]
   [Clear CT: 1.0 ms]
   [Other: 2.0 ms]
      [Choose CSet: 0.0 ms]
      [Ref Proc: 1.3 ms]
      [Ref Enq: 0.0 ms]
      [Redirty Cards: 0.5 ms]
      [Humongous Register: 0.0 ms]
      [Humongous Reclaim: 0.0 ms]
      [Free CSet: 0.0 ms]
   [Eden: 10.0M(613.0M)->0.0B(613.0M) Survivors: 1024.0K->1024.0K Heap: 33.4M(1024.0M)->24.4M(1024.0M)]
 [Times: user=0.02 sys=0.00, real=0.02 secs] 
2024-08-07T14:16:38.432+0100: 4.933: [GC concurrent-root-region-scan-start]
2024-08-07T14:16:38.432+0100: 4.934: [GC concurrent-root-region-scan-end, 0.0007417 secs]
2024-08-07T14:16:38.432+0100: 4.934: [GC concurrent-mark-start]
2024-08-07T14:16:38.436+0100: 4.938: [GC concurrent-mark-end, 0.0041120 secs]
2024-08-07T14:16:38.436+0100: 4.938: [GC remark 2024-08-07T14:16:38.436+0100: 4.938: [Finalize Marking, 0.0014152 secs] 2024-08-07T14:16:38.436+0100: 4.940: [GC ref-proc, 0.0004045 secs] 2024-08-07T14:16:38.439+0100: 4.940: [Unloading, 0.0018932 secs], 0.0039793 secs]
 [Times: user=0.00 sys=0.02, real=0.00 secs] 
2024-08-07T14:16:38.441+0100: 4.942: [GC cleanup 26M->26M(1024M), 0.0007866 secs]
 [Times: user=0.00 sys=0.00, real=0.00 secs] 
2024-08-07T14:16:38.543+0100: 5.045: [GC pause (System.gc()) (young) (initial-mark), 0.0044142 secs]
   [Parallel Time: 2.5 ms, GC Workers: 15]
      [GC Worker Start (ms): Min: 5044.7, Avg: 5045.1, Max: 5045.3, Diff: 0.6]
      [Ext Root Scanning (ms): Min: 0.1, Avg: 1.2, Max: 1.6, Diff: 1.5, Sum: 17.3]
      [Update RS (ms): Min: 0.0, Avg: 0.0, Max: 0.1, Diff: 0.1, Sum: 0.3]
         [Processed Buffers: Min: 0, Avg: 0.8, Max: 10, Diff: 10, Sum: 12]
      [Scan RS (ms): Min: 0.0, Avg: 0.0, Max: 0.0, Diff: 0.0, Sum: 0.0]
      [Code Root Scanning (ms): Min: 0.0, Avg: 0.0, Max: 0.0, Diff: 0.0, Sum: 0.0]
      [Object Copy (ms): Min: 0.0, Avg: 0.0, Max: 0.2, Diff: 0.2, Sum: 0.4]
      [Termination (ms): Min: 0.0, Avg: 0.6, Max: 1.3, Diff: 1.3, Sum: 8.3]
         [Termination Attempts: Min: 1, Avg: 1.1, Max: 3, Diff: 2, Sum: 17]
      [GC Worker Other (ms): Min: 0.0, Avg: 0.0, Max: 0.0, Diff: 0.0, Sum: 0.1]
      [GC Worker Total (ms): Min: 1.5, Avg: 1.8, Max: 2.2, Diff: 0.7, Sum: 26.4]
      [GC Worker End (ms): Min: 5046.8, Avg: 5046.9, Max: 5047.0, Diff: 0.1]
   [Code Root Fixup: 0.0 ms]
   [Code Root Purge: 0.0 ms]
   [Clear CT: 0.2 ms]
   [Other: 1.8 ms]
      [Choose CSet: 0.0 ms]
      [Ref Proc: 1.6 ms]
      [Ref Enq: 0.0 ms]
      [Redirty Cards: 0.1 ms]
      [Humongous Register: 0.0 ms]
      [Humongous Reclaim: 0.0 ms]
      [Free CSet: 0.0 ms]
   [Eden: 7168.0K(613.0M)->0.0B(613.0M) Survivors: 1024.0K->1024.0K Heap: 30.9M(1024.0M)->24.4M(1024.0M)]
 [Times: user=0.00 sys=0.00, real=0.00 secs] 
2024-08-07T14:16:38.543+0100: 5.049: [GC concurrent-root-region-scan-start]
2024-08-07T14:16:38.543+0100: 5.050: [GC concurrent-root-region-scan-end, 0.0004213 secs]
2024-08-07T14:16:38.543+0100: 5.050: [GC concurrent-mark-start]
2024-08-07T14:16:38.543+0100: 5.053: [GC concurrent-mark-end, 0.0039175 secs]
2024-08-07T14:16:38.543+0100: 5.054: [GC remark 2024-08-07T14:16:38.543+0100: 5.054: [Finalize Marking, 0.0022841 secs] 2024-08-07T14:16:38.543+0100: 5.056: [GC ref-proc, 0.0003999 secs] 2024-08-07T14:16:38.543+0100: 5.056: [Unloading, 0.0020450 secs], 0.0050472 secs]
 [Times: user=0.00 sys=0.00, real=0.00 secs] 
2024-08-07T14:16:38.543+0100: 5.059: [GC cleanup 26M->26M(1024M), 0.0009655 secs]
 [Times: user=0.00 sys=0.00, real=0.00 secs] 
2024-08-07T14:16:38.682+0100: 5.188: [GC pause (System.gc()) (young) (initial-mark), 0.0041136 secs]
   [Parallel Time: 1.8 ms, GC Workers: 15]
      [GC Worker Start (ms): Min: 5188.0, Avg: 5188.3, Max: 5188.4, Diff: 0.4]
      [Ext Root Scanning (ms): Min: 0.3, Avg: 0.8, Max: 1.0, Diff: 0.7, Sum: 11.8]
      [Update RS (ms): Min: 0.0, Avg: 0.0, Max: 0.1, Diff: 0.1, Sum: 0.4]
         [Processed Buffers: Min: 0, Avg: 0.9, Max: 7, Diff: 7, Sum: 14]
      [Scan RS (ms): Min: 0.0, Avg: 0.0, Max: 0.0, Diff: 0.0, Sum: 0.0]
      [Code Root Scanning (ms): Min: 0.0, Avg: 0.0, Max: 0.0, Diff: 0.0, Sum: 0.0]
      [Object Copy (ms): Min: 0.0, Avg: 0.0, Max: 0.2, Diff: 0.2, Sum: 0.4]
      [Termination (ms): Min: 0.0, Avg: 0.3, Max: 0.7, Diff: 0.7, Sum: 4.5]
         [Termination Attempts: Min: 1, Avg: 1.1, Max: 2, Diff: 1, Sum: 16]
      [GC Worker Other (ms): Min: 0.0, Avg: 0.0, Max: 0.0, Diff: 0.0, Sum: 0.1]
      [GC Worker Total (ms): Min: 1.0, Avg: 1.1, Max: 1.5, Diff: 0.5, Sum: 17.2]
      [GC Worker End (ms): Min: 5189.4, Avg: 5189.5, Max: 5189.5, Diff: 0.1]
   [Code Root Fixup: 0.0 ms]
   [Code Root Purge: 0.0 ms]
   [Clear CT: 0.5 ms]
   [Other: 1.8 ms]
      [Choose CSet: 0.0 ms]
      [Ref Proc: 0.9 ms]
      [Ref Enq: 0.0 ms]
      [Redirty Cards: 0.7 ms]
      [Humongous Register: 0.0 ms]
      [Humongous Reclaim: 0.0 ms]
      [Free CSet: 0.0 ms]
   [Eden: 10.0M(613.0M)->0.0B(613.0M) Survivors: 1024.0K->1024.0K Heap: 34.4M(1024.0M)->24.5M(1024.0M)]
 [Times: user=0.00 sys=0.00, real=0.01 secs] 
2024-08-07T14:16:38.691+0100: 5.192: [GC concurrent-root-region-scan-start]
2024-08-07T14:16:38.691+0100: 5.193: [GC concurrent-root-region-scan-end, 0.0008913 secs]
2024-08-07T14:16:38.691+0100: 5.193: [GC concurrent-mark-start]
2024-08-07T14:16:38.695+0100: 5.197: [GC concurrent-mark-end, 0.0041592 secs]
2024-08-07T14:16:38.695+0100: 5.197: [GC remark 2024-08-07T14:16:38.695+0100: 5.197: [Finalize Marking, 0.0011504 secs] 2024-08-07T14:16:38.695+0100: 5.198: [GC ref-proc, 0.0004065 secs] 2024-08-07T14:16:38.695+0100: 5.199: [Unloading, 0.0018598 secs], 0.0036559 secs]
 [Times: user=0.00 sys=0.00, real=0.00 secs] 
2024-08-07T14:16:38.695+0100: 5.201: [GC cleanup 28M->28M(1024M), 0.0007818 secs]
 [Times: user=0.00 sys=0.00, real=0.00 secs] 
2024-08-07T14:16:38.796+0100: 5.299: [GC pause (System.gc()) (young) (initial-mark), 0.0079647 secs]
   [Parallel Time: 6.2 ms, GC Workers: 15]
      [GC Worker Start (ms): Min: 5299.3, Avg: 5300.2, Max: 5300.8, Diff: 1.5]
      [Ext Root Scanning (ms): Min: 0.3, Avg: 3.2, Max: 5.4, Diff: 5.0, Sum: 48.4]
      [Update RS (ms): Min: 0.0, Avg: 0.1, Max: 0.3, Diff: 0.3, Sum: 1.2]
         [Processed Buffers: Min: 0, Avg: 0.8, Max: 7, Diff: 7, Sum: 12]
      [Scan RS (ms): Min: 0.0, Avg: 0.0, Max: 0.0, Diff: 0.0, Sum: 0.0]
      [Code Root Scanning (ms): Min: 0.0, Avg: 0.0, Max: 0.0, Diff: 0.0, Sum: 0.0]
      [Object Copy (ms): Min: 0.0, Avg: 0.1, Max: 0.4, Diff: 0.4, Sum: 1.5]
      [Termination (ms): Min: 0.0, Avg: 1.3, Max: 3.2, Diff: 3.2, Sum: 19.2]
         [Termination Attempts: Min: 1, Avg: 1.3, Max: 3, Diff: 2, Sum: 20]
      [GC Worker Other (ms): Min: 0.0, Avg: 0.0, Max: 0.0, Diff: 0.0, Sum: 0.2]
      [GC Worker Total (ms): Min: 4.1, Avg: 4.7, Max: 5.6, Diff: 1.5, Sum: 70.6]
      [GC Worker End (ms): Min: 5304.9, Avg: 5304.9, Max: 5304.9, Diff: 0.1]
   [Code Root Fixup: 0.0 ms]
   [Code Root Purge: 0.0 ms]
   [Clear CT: 0.2 ms]
   [Other: 1.6 ms]
      [Choose CSet: 0.0 ms]
      [Ref Proc: 1.2 ms]
      [Ref Enq: 0.0 ms]
      [Redirty Cards: 0.2 ms]
      [Humongous Register: 0.0 ms]
      [Humongous Reclaim: 0.0 ms]
      [Free CSet: 0.0 ms]
   [Eden: 11.0M(613.0M)->0.0B(613.0M) Survivors: 1024.0K->1024.0K Heap: 35.5M(1024.0M)->24.5M(1024.0M)]
 [Times: user=0.00 sys=0.00, real=0.00 secs] 
2024-08-07T14:16:38.796+0100: 5.307: [GC concurrent-root-region-scan-start]
2024-08-07T14:16:38.796+0100: 5.307: [GC concurrent-root-region-scan-end, 0.0005243 secs]
2024-08-07T14:16:38.796+0100: 5.307: [GC concurrent-mark-start]
2024-08-07T14:16:38.811+0100: 5.312: [GC concurrent-mark-end, 0.0049403 secs]
2024-08-07T14:16:38.811+0100: 5.312: [GC remark 2024-08-07T14:16:38.811+0100: 5.312: [Finalize Marking, 0.0012015 secs] 2024-08-07T14:16:38.811+0100: 5.314: [GC ref-proc, 0.0002824 secs] 2024-08-07T14:16:38.811+0100: 5.314: [Unloading, 0.0026559 secs], 0.0045015 secs]
 [Times: user=0.00 sys=0.00, real=0.00 secs] 
2024-08-07T14:16:38.811+0100: 5.317: [GC cleanup 26M->26M(1024M), 0.0015444 secs]
 [Times: user=0.00 sys=0.00, real=0.00 secs] 
2024-08-07T14:16:38.935+0100: 5.439: [GC pause (System.gc()) (young) (initial-mark), 0.0039321 secs]
   [Parallel Time: 2.4 ms, GC Workers: 15]
      [GC Worker Start (ms): Min: 5439.1, Avg: 5439.3, Max: 5439.4, Diff: 0.4]
      [Ext Root Scanning (ms): Min: 0.3, Avg: 1.1, Max: 1.8, Diff: 1.5, Sum: 17.0]
      [Update RS (ms): Min: 0.0, Avg: 0.0, Max: 0.2, Diff: 0.2, Sum: 0.5]
         [Processed Buffers: Min: 0, Avg: 1.3, Max: 7, Diff: 7, Sum: 19]
      [Scan RS (ms): Min: 0.0, Avg: 0.0, Max: 0.0, Diff: 0.0, Sum: 0.0]
      [Code Root Scanning (ms): Min: 0.0, Avg: 0.0, Max: 0.0, Diff: 0.0, Sum: 0.0]
      [Object Copy (ms): Min: 0.0, Avg: 0.0, Max: 0.2, Diff: 0.2, Sum: 0.4]
      [Termination (ms): Min: 0.0, Avg: 0.8, Max: 1.5, Diff: 1.5, Sum: 11.4]
         [Termination Attempts: Min: 1, Avg: 1.5, Max: 5, Diff: 4, Sum: 22]
      [GC Worker Other (ms): Min: 0.0, Avg: 0.0, Max: 0.0, Diff: 0.0, Sum: 0.1]
      [GC Worker Total (ms): Min: 1.8, Avg: 2.0, Max: 2.3, Diff: 0.5, Sum: 29.4]
      [GC Worker End (ms): Min: 5441.3, Avg: 5441.3, Max: 5441.4, Diff: 0.1]
   [Code Root Fixup: 0.0 ms]
   [Code Root Purge: 0.0 ms]
   [Clear CT: 0.1 ms]
   [Other: 1.4 ms]
      [Choose CSet: 0.0 ms]
      [Ref Proc: 1.2 ms]
      [Ref Enq: 0.0 ms]
      [Redirty Cards: 0.1 ms]
      [Humongous Register: 0.0 ms]
      [Humongous Reclaim: 0.0 ms]
      [Free CSet: 0.0 ms]
   [Eden: 9216.0K(613.0M)->0.0B(613.0M) Survivors: 1024.0K->1024.0K Heap: 32.5M(1024.0M)->24.5M(1024.0M)]
 [Times: user=0.00 sys=0.00, real=0.00 secs] 
2024-08-07T14:16:38.935+0100: 5.443: [GC concurrent-root-region-scan-start]
2024-08-07T14:16:38.942+0100: 5.444: [GC concurrent-root-region-scan-end, 0.0006986 secs]
2024-08-07T14:16:38.942+0100: 5.444: [GC concurrent-mark-start]
2024-08-07T14:16:38.946+0100: 5.448: [GC concurrent-mark-end, 0.0040828 secs]
2024-08-07T14:16:38.946+0100: 5.448: [GC remark 2024-08-07T14:16:38.946+0100: 5.448: [Finalize Marking, 0.0009974 secs] 2024-08-07T14:16:38.947+0100: 5.449: [GC ref-proc, 0.0002968 secs] 2024-08-07T14:16:38.947+0100: 5.449: [Unloading, 0.0028118 secs], 0.0046014 secs]
 [Times: user=0.00 sys=0.00, real=0.00 secs] 
2024-08-07T14:16:38.951+0100: 5.453: [GC cleanup 24M->24M(1024M), 0.0014435 secs]
 [Times: user=0.00 sys=0.00, real=0.00 secs] 
2024-08-07T14:16:39.060+0100: 5.564: [GC pause (System.gc()) (young) (initial-mark), 0.0051655 secs]
   [Parallel Time: 3.1 ms, GC Workers: 15]
      [GC Worker Start (ms): Min: 5563.8, Avg: 5564.3, Max: 5564.7, Diff: 0.9]
      [Ext Root Scanning (ms): Min: 0.2, Avg: 1.4, Max: 2.5, Diff: 2.3, Sum: 21.6]
      [Update RS (ms): Min: 0.0, Avg: 0.1, Max: 0.3, Diff: 0.3, Sum: 1.1]
         [Processed Buffers: Min: 0, Avg: 0.9, Max: 11, Diff: 11, Sum: 14]
      [Scan RS (ms): Min: 0.0, Avg: 0.0, Max: 0.0, Diff: 0.0, Sum: 0.0]
      [Code Root Scanning (ms): Min: 0.0, Avg: 0.0, Max: 0.0, Diff: 0.0, Sum: 0.0]
      [Object Copy (ms): Min: 0.0, Avg: 0.1, Max: 0.3, Diff: 0.3, Sum: 1.0]
      [Termination (ms): Min: 0.0, Avg: 0.5, Max: 1.1, Diff: 1.1, Sum: 8.1]
         [Termination Attempts: Min: 1, Avg: 1.1, Max: 2, Diff: 1, Sum: 17]
      [GC Worker Other (ms): Min: 0.0, Avg: 0.0, Max: 0.0, Diff: 0.0, Sum: 0.2]
      [GC Worker Total (ms): Min: 1.7, Avg: 2.1, Max: 2.6, Diff: 0.9, Sum: 32.1]
      [GC Worker End (ms): Min: 5566.4, Avg: 5566.4, Max: 5566.5, Diff: 0.1]
   [Code Root Fixup: 0.0 ms]
   [Code Root Purge: 0.0 ms]
   [Clear CT: 0.2 ms]
   [Other: 1.9 ms]
      [Choose CSet: 0.0 ms]
      [Ref Proc: 1.5 ms]
      [Ref Enq: 0.0 ms]
      [Redirty Cards: 0.2 ms]
      [Humongous Register: 0.0 ms]
      [Humongous Reclaim: 0.0 ms]
      [Free CSet: 0.0 ms]
   [Eden: 10.0M(613.0M)->0.0B(613.0M) Survivors: 1024.0K->1024.0K Heap: 34.5M(1024.0M)->24.5M(1024.0M)]
 [Times: user=0.00 sys=0.00, real=0.00 secs] 
2024-08-07T14:16:39.060+0100: 5.569: [GC concurrent-root-region-scan-start]
2024-08-07T14:16:39.060+0100: 5.569: [GC concurrent-root-region-scan-end, 0.0005303 secs]
2024-08-07T14:16:39.060+0100: 5.569: [GC concurrent-mark-start]
2024-08-07T14:16:39.060+0100: 5.573: [GC concurrent-mark-end, 0.0040364 secs]
2024-08-07T14:16:39.060+0100: 5.573: [GC remark 2024-08-07T14:16:39.060+0100: 5.573: [Finalize Marking, 0.0014640 secs] 2024-08-07T14:16:39.060+0100: 5.575: [GC ref-proc, 0.0002869 secs] 2024-08-07T14:16:39.060+0100: 5.575: [Unloading, 0.0022148 secs], 0.0042759 secs]
 [Times: user=0.02 sys=0.00, real=0.02 secs] 
2024-08-07T14:16:39.076+0100: 5.578: [GC cleanup 24M->24M(1024M), 0.0008887 secs]
 [Times: user=0.00 sys=0.00, real=0.00 secs] 
2024-08-07T14:16:39.206+0100: 5.709: [GC pause (System.gc()) (young) (initial-mark), 0.0050522 secs]
   [Parallel Time: 2.7 ms, GC Workers: 15]
      [GC Worker Start (ms): Min: 5708.8, Avg: 5709.2, Max: 5709.4, Diff: 0.6]
      [Ext Root Scanning (ms): Min: 0.5, Avg: 1.0, Max: 1.4, Diff: 0.9, Sum: 15.3]
      [Update RS (ms): Min: 0.0, Avg: 0.0, Max: 0.2, Diff: 0.2, Sum: 0.7]
         [Processed Buffers: Min: 0, Avg: 1.0, Max: 6, Diff: 6, Sum: 15]
      [Scan RS (ms): Min: 0.0, Avg: 0.0, Max: 0.0, Diff: 0.0, Sum: 0.0]
      [Code Root Scanning (ms): Min: 0.0, Avg: 0.0, Max: 0.0, Diff: 0.0, Sum: 0.0]
      [Object Copy (ms): Min: 0.0, Avg: 0.0, Max: 0.2, Diff: 0.2, Sum: 0.7]
      [Termination (ms): Min: 0.0, Avg: 0.5, Max: 1.0, Diff: 1.0, Sum: 7.9]
         [Termination Attempts: Min: 1, Avg: 1.1, Max: 2, Diff: 1, Sum: 16]
      [GC Worker Other (ms): Min: 0.0, Avg: 0.0, Max: 0.0, Diff: 0.0, Sum: 0.1]
      [GC Worker Total (ms): Min: 1.4, Avg: 1.7, Max: 2.0, Diff: 0.6, Sum: 24.8]
      [GC Worker End (ms): Min: 5710.8, Avg: 5710.8, Max: 5710.9, Diff: 0.1]
   [Code Root Fixup: 0.0 ms]
   [Code Root Purge: 0.0 ms]
   [Clear CT: 0.5 ms]
   [Other: 1.9 ms]
      [Choose CSet: 0.0 ms]
      [Ref Proc: 1.6 ms]
      [Ref Enq: 0.0 ms]
      [Redirty Cards: 0.2 ms]
      [Humongous Register: 0.0 ms]
      [Humongous Reclaim: 0.0 ms]
      [Free CSet: 0.0 ms]
   [Eden: 7168.0K(613.0M)->0.0B(613.0M) Survivors: 1024.0K->1024.0K Heap: 31.5M(1024.0M)->24.5M(1024.0M)]
 [Times: user=0.00 sys=0.00, real=0.01 secs] 
2024-08-07T14:16:39.212+0100: 5.714: [GC concurrent-root-region-scan-start]
2024-08-07T14:16:39.213+0100: 5.715: [GC concurrent-root-region-scan-end, 0.0009945 secs]
2024-08-07T14:16:39.213+0100: 5.715: [GC concurrent-mark-start]
2024-08-07T14:16:39.218+0100: 5.719: [GC concurrent-mark-end, 0.0042331 secs]
2024-08-07T14:16:39.218+0100: 5.719: [GC remark 2024-08-07T14:16:39.218+0100: 5.719: [Finalize Marking, 0.0020772 secs] 2024-08-07T14:16:39.220+0100: 5.721: [GC ref-proc, 0.0002864 secs] 2024-08-07T14:16:39.220+0100: 5.722: [Unloading, 0.0020218 secs], 0.0046615 secs]
 [Times: user=0.00 sys=0.00, real=0.00 secs] 
2024-08-07T14:16:39.221+0100: 5.724: [GC cleanup 28M->28M(1024M), 0.0007941 secs]
 [Times: user=0.00 sys=0.00, real=0.00 secs] 
2024-08-07T14:16:39.327+0100: 5.830: [GC pause (System.gc()) (young) (initial-mark), 0.0095036 secs]
   [Parallel Time: 4.9 ms, GC Workers: 15]
      [GC Worker Start (ms): Min: 5830.3, Avg: 5831.0, Max: 5831.7, Diff: 1.4]
      [Ext Root Scanning (ms): Min: 0.1, Avg: 2.2, Max: 3.1, Diff: 3.0, Sum: 33.0]
      [Update RS (ms): Min: 0.0, Avg: 0.1, Max: 0.4, Diff: 0.4, Sum: 0.8]
         [Processed Buffers: Min: 0, Avg: 1.0, Max: 6, Diff: 6, Sum: 15]
      [Scan RS (ms): Min: 0.0, Avg: 0.0, Max: 0.0, Diff: 0.0, Sum: 0.0]
      [Code Root Scanning (ms): Min: 0.0, Avg: 0.0, Max: 0.0, Diff: 0.0, Sum: 0.0]
      [Object Copy (ms): Min: 0.0, Avg: 0.1, Max: 0.3, Diff: 0.3, Sum: 1.5]
      [Termination (ms): Min: 0.0, Avg: 1.1, Max: 2.2, Diff: 2.2, Sum: 17.1]
         [Termination Attempts: Min: 1, Avg: 1.7, Max: 4, Diff: 3, Sum: 26]
      [GC Worker Other (ms): Min: 0.0, Avg: 0.0, Max: 0.0, Diff: 0.0, Sum: 0.2]
      [GC Worker Total (ms): Min: 2.9, Avg: 3.5, Max: 4.2, Diff: 1.4, Sum: 52.6]
      [GC Worker End (ms): Min: 5834.5, Avg: 5834.5, Max: 5834.6, Diff: 0.1]
   [Code Root Fixup: 0.0 ms]
   [Code Root Purge: 0.0 ms]
   [Clear CT: 0.7 ms]
   [Other: 4.0 ms]
      [Choose CSet: 0.0 ms]
      [Ref Proc: 2.9 ms]
      [Ref Enq: 0.0 ms]
      [Redirty Cards: 0.7 ms]
      [Humongous Register: 0.0 ms]
      [Humongous Reclaim: 0.0 ms]
      [Free CSet: 0.0 ms]
   [Eden: 11.0M(613.0M)->0.0B(613.0M) Survivors: 1024.0K->1024.0K Heap: 35.0M(1024.0M)->24.5M(1024.0M)]
 [Times: user=0.00 sys=0.00, real=0.01 secs] 
2024-08-07T14:16:39.337+0100: 5.840: [GC concurrent-root-region-scan-start]
2024-08-07T14:16:39.337+0100: 5.840: [GC concurrent-root-region-scan-end, 0.0005486 secs]
2024-08-07T14:16:39.337+0100: 5.840: [GC concurrent-mark-start]
2024-08-07T14:16:39.344+0100: 5.845: [GC concurrent-mark-end, 0.0048009 secs]
2024-08-07T14:16:39.344+0100: 5.845: [GC remark 2024-08-07T14:16:39.344+0100: 5.845: [Finalize Marking, 0.0010999 secs] 2024-08-07T14:16:39.345+0100: 5.846: [GC ref-proc, 0.0003043 secs] 2024-08-07T14:16:39.345+0100: 5.847: [Unloading, 0.0020381 secs], 0.0037776 secs]
 [Times: user=0.00 sys=0.00, real=0.00 secs] 
2024-08-07T14:16:39.348+0100: 5.849: [GC cleanup 24M->24M(1024M), 0.0013548 secs]
 [Times: user=0.00 sys=0.00, real=0.00 secs] 
2024-08-07T14:16:39.454+0100: 5.966: [GC pause (System.gc()) (young) (initial-mark), 0.0059252 secs]
   [Parallel Time: 3.7 ms, GC Workers: 15]
      [GC Worker Start (ms): Min: 5965.7, Avg: 5966.2, Max: 5966.4, Diff: 0.6]
      [Ext Root Scanning (ms): Min: 0.1, Avg: 2.1, Max: 2.8, Diff: 2.7, Sum: 31.1]
      [Update RS (ms): Min: 0.0, Avg: 0.0, Max: 0.3, Diff: 0.3, Sum: 0.6]
         [Processed Buffers: Min: 0, Avg: 1.1, Max: 9, Diff: 9, Sum: 17]
      [Scan RS (ms): Min: 0.0, Avg: 0.0, Max: 0.0, Diff: 0.0, Sum: 0.0]
      [Code Root Scanning (ms): Min: 0.0, Avg: 0.0, Max: 0.0, Diff: 0.0, Sum: 0.0]
      [Object Copy (ms): Min: 0.0, Avg: 0.0, Max: 0.2, Diff: 0.2, Sum: 0.5]
      [Termination (ms): Min: 0.0, Avg: 0.9, Max: 2.4, Diff: 2.4, Sum: 13.2]
         [Termination Attempts: Min: 1, Avg: 1.1, Max: 2, Diff: 1, Sum: 17]
      [GC Worker Other (ms): Min: 0.0, Avg: 0.0, Max: 0.0, Diff: 0.0, Sum: 0.1]
      [GC Worker Total (ms): Min: 2.8, Avg: 3.0, Max: 3.5, Diff: 0.6, Sum: 45.5]
      [GC Worker End (ms): Min: 5969.2, Avg: 5969.2, Max: 5969.3, Diff: 0.2]
   [Code Root Fixup: 0.0 ms]
   [Code Root Purge: 0.0 ms]
   [Clear CT: 0.1 ms]
   [Other: 2.1 ms]
      [Choose CSet: 0.0 ms]
      [Ref Proc: 1.7 ms]
      [Ref Enq: 0.0 ms]
      [Redirty Cards: 0.3 ms]
      [Humongous Register: 0.0 ms]
      [Humongous Reclaim: 0.0 ms]
      [Free CSet: 0.0 ms]
   [Eden: 9216.0K(613.0M)->0.0B(613.0M) Survivors: 1024.0K->1024.0K Heap: 32.5M(1024.0M)->24.5M(1024.0M)]
 [Times: user=0.00 sys=0.00, real=0.02 secs] 
2024-08-07T14:16:39.470+0100: 5.972: [GC concurrent-root-region-scan-start]
2024-08-07T14:16:39.471+0100: 5.972: [GC concurrent-root-region-scan-end, 0.0005291 secs]
2024-08-07T14:16:39.471+0100: 5.972: [GC concurrent-mark-start]
2024-08-07T14:16:39.475+0100: 5.977: [GC concurrent-mark-end, 0.0044208 secs]
2024-08-07T14:16:39.475+0100: 5.977: [GC remark 2024-08-07T14:16:39.475+0100: 5.977: [Finalize Marking, 0.0013152 secs] 2024-08-07T14:16:39.476+0100: 5.978: [GC ref-proc, 0.0004330 secs] 2024-08-07T14:16:39.476+0100: 5.978: [Unloading, 0.0027257 secs], 0.0050170 secs]
 [Times: user=0.00 sys=0.00, real=0.00 secs] 
2024-08-07T14:16:39.479+0100: 5.982: [GC cleanup 26M->26M(1024M), 0.0014270 secs]
 [Times: user=0.00 sys=0.00, real=0.00 secs] 
2024-08-07T14:16:39.593+0100: 6.097: [GC pause (System.gc()) (young) (initial-mark), 0.0144397 secs]
   [Parallel Time: 9.9 ms, GC Workers: 15]
      [GC Worker Start (ms): Min: 6097.4, Avg: 6099.5, Max: 6100.4, Diff: 3.1]
      [Ext Root Scanning (ms): Min: 0.2, Avg: 5.0, Max: 6.1, Diff: 5.9, Sum: 75.4]
      [Update RS (ms): Min: 0.0, Avg: 0.1, Max: 0.6, Diff: 0.6, Sum: 1.0]
         [Processed Buffers: Min: 0, Avg: 1.1, Max: 9, Diff: 9, Sum: 16]
      [Scan RS (ms): Min: 0.0, Avg: 0.0, Max: 0.0, Diff: 0.0, Sum: 0.0]
      [Code Root Scanning (ms): Min: 0.0, Avg: 0.0, Max: 0.0, Diff: 0.0, Sum: 0.0]
      [Object Copy (ms): Min: 0.0, Avg: 0.1, Max: 0.6, Diff: 0.6, Sum: 1.0]
      [Termination (ms): Min: 0.0, Avg: 1.5, Max: 4.9, Diff: 4.9, Sum: 22.6]
         [Termination Attempts: Min: 1, Avg: 1.2, Max: 4, Diff: 3, Sum: 18]
      [GC Worker Other (ms): Min: 0.0, Avg: 0.0, Max: 0.0, Diff: 0.0, Sum: 0.2]
      [GC Worker Total (ms): Min: 5.7, Avg: 6.7, Max: 9.1, Diff: 3.5, Sum: 100.4]
      [GC Worker End (ms): Min: 6106.1, Avg: 6106.1, Max: 6106.5, Diff: 0.4]
   [Code Root Fixup: 0.0 ms]
   [Code Root Purge: 0.0 ms]
   [Clear CT: 0.1 ms]
   [Other: 4.4 ms]
      [Choose CSet: 0.0 ms]
      [Ref Proc: 3.5 ms]
      [Ref Enq: 0.0 ms]
      [Redirty Cards: 0.6 ms]
      [Humongous Register: 0.0 ms]
      [Humongous Reclaim: 0.0 ms]
      [Free CSet: 0.0 ms]
   [Eden: 9216.0K(613.0M)->0.0B(613.0M) Survivors: 1024.0K->1024.0K Heap: 32.5M(1024.0M)->24.5M(1024.0M)]
 [Times: user=0.02 sys=0.00, real=0.02 secs] 
2024-08-07T14:16:39.610+0100: 6.112: [GC concurrent-root-region-scan-start]
2024-08-07T14:16:39.611+0100: 6.112: [GC concurrent-root-region-scan-end, 0.0007276 secs]
2024-08-07T14:16:39.611+0100: 6.112: [GC concurrent-mark-start]
2024-08-07T14:16:39.617+0100: 6.119: [GC concurrent-mark-end, 0.0064939 secs]
2024-08-07T14:16:39.617+0100: 6.119: [GC remark 2024-08-07T14:16:39.617+0100: 6.119: [Finalize Marking, 0.0022029 secs] 2024-08-07T14:16:39.620+0100: 6.121: [GC ref-proc, 0.0003524 secs] 2024-08-07T14:16:39.620+0100: 6.121: [Unloading, 0.0023265 secs], 0.0052922 secs]
 [Times: user=0.00 sys=0.00, real=0.01 secs] 
2024-08-07T14:16:39.623+0100: 6.124: [GC cleanup 26M->26M(1024M), 0.0015039 secs]
 [Times: user=0.00 sys=0.00, real=0.00 secs] 
2024-08-07T14:16:39.753+0100: 6.255: [GC pause (System.gc()) (young) (initial-mark), 0.0049007 secs]
   [Parallel Time: 3.0 ms, GC Workers: 15]
      [GC Worker Start (ms): Min: 6255.2, Avg: 6255.5, Max: 6255.6, Diff: 0.4]
      [Ext Root Scanning (ms): Min: 0.5, Avg: 1.5, Max: 2.3, Diff: 1.8, Sum: 21.9]
      [Update RS (ms): Min: 0.0, Avg: 0.0, Max: 0.3, Diff: 0.3, Sum: 0.7]
         [Processed Buffers: Min: 0, Avg: 0.9, Max: 6, Diff: 6, Sum: 13]
      [Scan RS (ms): Min: 0.0, Avg: 0.0, Max: 0.0, Diff: 0.0, Sum: 0.0]
      [Code Root Scanning (ms): Min: 0.0, Avg: 0.0, Max: 0.0, Diff: 0.0, Sum: 0.0]
      [Object Copy (ms): Min: 0.0, Avg: 0.0, Max: 0.3, Diff: 0.3, Sum: 0.5]
      [Termination (ms): Min: 0.0, Avg: 0.9, Max: 1.8, Diff: 1.8, Sum: 13.7]
         [Termination Attempts: Min: 1, Avg: 1.1, Max: 2, Diff: 1, Sum: 17]
      [GC Worker Other (ms): Min: 0.0, Avg: 0.0, Max: 0.0, Diff: 0.0, Sum: 0.1]
      [GC Worker Total (ms): Min: 2.3, Avg: 2.5, Max: 2.7, Diff: 0.4, Sum: 36.9]
      [GC Worker End (ms): Min: 6257.9, Avg: 6258.0, Max: 6258.1, Diff: 0.1]
   [Code Root Fixup: 0.0 ms]
   [Code Root Purge: 0.0 ms]
   [Clear CT: 0.2 ms]
   [Other: 1.8 ms]
      [Choose CSet: 0.0 ms]
      [Ref Proc: 1.6 ms]
      [Ref Enq: 0.0 ms]
      [Redirty Cards: 0.1 ms]
      [Humongous Register: 0.0 ms]
      [Humongous Reclaim: 0.0 ms]
      [Free CSet: 0.0 ms]
   [Eden: 11.0M(613.0M)->0.0B(613.0M) Survivors: 1024.0K->1024.0K Heap: 34.5M(1024.0M)->24.5M(1024.0M)]
 [Times: user=0.00 sys=0.00, real=0.00 secs] 
2024-08-07T14:16:39.753+0100: 6.260: [GC concurrent-root-region-scan-start]
2024-08-07T14:16:39.753+0100: 6.261: [GC concurrent-root-region-scan-end, 0.0006067 secs]
2024-08-07T14:16:39.753+0100: 6.261: [GC concurrent-mark-start]
2024-08-07T14:16:39.763+0100: 6.265: [GC concurrent-mark-end, 0.0042488 secs]
2024-08-07T14:16:39.763+0100: 6.265: [GC remark 2024-08-07T14:16:39.763+0100: 6.265: [Finalize Marking, 0.0020521 secs] 2024-08-07T14:16:39.765+0100: 6.267: [GC ref-proc, 0.0003007 secs] 2024-08-07T14:16:39.766+0100: 6.268: [Unloading, 0.0019006 secs], 0.0047176 secs]
 [Times: user=0.00 sys=0.00, real=0.00 secs] 
2024-08-07T14:16:39.768+0100: 6.270: [GC cleanup 26M->26M(1024M), 0.0007808 secs]
 [Times: user=0.00 sys=0.00, real=0.00 secs] 
2024-08-07T14:16:39.877+0100: 6.385: [GC pause (System.gc()) (young) (initial-mark), 0.0104468 secs]
   [Parallel Time: 4.9 ms, GC Workers: 15]
      [GC Worker Start (ms): Min: 6385.5, Avg: 6386.5, Max: 6386.7, Diff: 1.2]
      [Ext Root Scanning (ms): Min: 0.1, Avg: 2.6, Max: 3.4, Diff: 3.3, Sum: 38.4]
      [Update RS (ms): Min: 0.0, Avg: 0.1, Max: 0.4, Diff: 0.4, Sum: 0.9]
         [Processed Buffers: Min: 0, Avg: 1.0, Max: 13, Diff: 13, Sum: 15]
      [Scan RS (ms): Min: 0.0, Avg: 0.0, Max: 0.0, Diff: 0.0, Sum: 0.0]
      [Code Root Scanning (ms): Min: 0.0, Avg: 0.0, Max: 0.0, Diff: 0.0, Sum: 0.0]
      [Object Copy (ms): Min: 0.0, Avg: 0.1, Max: 0.4, Diff: 0.4, Sum: 0.9]
      [Termination (ms): Min: 0.0, Avg: 1.0, Max: 2.8, Diff: 2.8, Sum: 15.1]
         [Termination Attempts: Min: 1, Avg: 1.0, Max: 1, Diff: 0, Sum: 15]
      [GC Worker Other (ms): Min: 0.0, Avg: 0.0, Max: 0.0, Diff: 0.0, Sum: 0.1]
      [GC Worker Total (ms): Min: 3.5, Avg: 3.7, Max: 4.7, Diff: 1.3, Sum: 55.6]
      [GC Worker End (ms): Min: 6390.1, Avg: 6390.2, Max: 6390.2, Diff: 0.1]
   [Code Root Fixup: 0.0 ms]
   [Code Root Purge: 0.0 ms]
   [Clear CT: 0.4 ms]
   [Other: 5.1 ms]
      [Choose CSet: 0.0 ms]
      [Ref Proc: 4.3 ms]
      [Ref Enq: 0.0 ms]
      [Redirty Cards: 0.5 ms]
      [Humongous Register: 0.0 ms]
      [Humongous Reclaim: 0.0 ms]
      [Free CSet: 0.0 ms]
   [Eden: 12.0M(613.0M)->0.0B(613.0M) Survivors: 1024.0K->1024.0K Heap: 36.0M(1024.0M)->24.5M(1024.0M)]
 [Times: user=0.02 sys=0.00, real=0.02 secs] 
2024-08-07T14:16:39.893+0100: 6.396: [GC concurrent-root-region-scan-start]
2024-08-07T14:16:39.893+0100: 6.397: [GC concurrent-root-region-scan-end, 0.0008303 secs]
2024-08-07T14:16:39.893+0100: 6.397: [GC concurrent-mark-start]
2024-08-07T14:16:39.893+0100: 6.402: [GC concurrent-mark-end, 0.0047710 secs]
2024-08-07T14:16:39.893+0100: 6.402: [GC remark 2024-08-07T14:16:39.893+0100: 6.402: [Finalize Marking, 0.0009253 secs] 2024-08-07T14:16:39.893+0100: 6.403: [GC ref-proc, 0.0002898 secs] 2024-08-07T14:16:39.893+0100: 6.403: [Unloading, 0.0020158 secs], 0.0036489 secs]
 [Times: user=0.00 sys=0.00, real=0.00 secs] 
2024-08-07T14:16:39.893+0100: 6.405: [GC cleanup 27M->27M(1024M), 0.0016353 secs]
 [Times: user=0.00 sys=0.00, real=0.00 secs] 
2024-08-07T14:16:40.015+0100: 6.517: [GC pause (System.gc()) (young) (initial-mark), 0.0059602 secs]
   [Parallel Time: 3.7 ms, GC Workers: 15]
      [GC Worker Start (ms): Min: 6517.5, Avg: 6517.9, Max: 6518.1, Diff: 0.5]
      [Ext Root Scanning (ms): Min: 0.1, Avg: 1.7, Max: 2.5, Diff: 2.4, Sum: 25.3]
      [Update RS (ms): Min: 0.0, Avg: 0.0, Max: 0.2, Diff: 0.2, Sum: 0.6]
         [Processed Buffers: Min: 0, Avg: 1.1, Max: 15, Diff: 15, Sum: 17]
      [Scan RS (ms): Min: 0.0, Avg: 0.0, Max: 0.0, Diff: 0.0, Sum: 0.0]
      [Code Root Scanning (ms): Min: 0.0, Avg: 0.0, Max: 0.0, Diff: 0.0, Sum: 0.0]
      [Object Copy (ms): Min: 0.0, Avg: 0.0, Max: 0.2, Diff: 0.2, Sum: 0.4]
      [Termination (ms): Min: 0.0, Avg: 0.8, Max: 2.1, Diff: 2.1, Sum: 12.1]
         [Termination Attempts: Min: 1, Avg: 1.1, Max: 2, Diff: 1, Sum: 17]
      [GC Worker Other (ms): Min: 0.0, Avg: 0.0, Max: 0.0, Diff: 0.0, Sum: 0.1]
      [GC Worker Total (ms): Min: 2.4, Avg: 2.6, Max: 3.0, Diff: 0.6, Sum: 38.5]
      [GC Worker End (ms): Min: 6520.4, Avg: 6520.5, Max: 6520.6, Diff: 0.2]
   [Code Root Fixup: 0.0 ms]
   [Code Root Purge: 0.0 ms]
   [Clear CT: 0.5 ms]
   [Other: 1.7 ms]
      [Choose CSet: 0.0 ms]
      [Ref Proc: 1.1 ms]
      [Ref Enq: 0.0 ms]
      [Redirty Cards: 0.4 ms]
      [Humongous Register: 0.0 ms]
      [Humongous Reclaim: 0.0 ms]
      [Free CSet: 0.0 ms]
   [Eden: 11.0M(613.0M)->0.0B(613.0M) Survivors: 1024.0K->1024.0K Heap: 35.0M(1024.0M)->24.5M(1024.0M)]
 [Times: user=0.02 sys=0.00, real=0.01 secs] 
2024-08-07T14:16:40.021+0100: 6.524: [GC concurrent-root-region-scan-start]
2024-08-07T14:16:40.024+0100: 6.525: [GC concurrent-root-region-scan-end, 0.0014338 secs]
2024-08-07T14:16:40.024+0100: 6.525: [GC concurrent-mark-start]
2024-08-07T14:16:40.028+0100: 6.530: [GC concurrent-mark-end, 0.0044209 secs]
2024-08-07T14:16:40.028+0100: 6.530: [GC remark 2024-08-07T14:16:40.028+0100: 6.530: [Finalize Marking, 0.0006284 secs] 2024-08-07T14:16:40.029+0100: 6.530: [GC ref-proc, 0.0003125 secs] 2024-08-07T14:16:40.029+0100: 6.531: [Unloading, 0.0024490 secs], 0.0036454 secs]
 [Times: user=0.00 sys=0.00, real=0.00 secs] 
2024-08-07T14:16:40.032+0100: 6.533: [GC cleanup 28M->28M(1024M), 0.0011073 secs]
 [Times: user=0.00 sys=0.00, real=0.00 secs] 
2024-08-07T14:16:40.144+0100: 6.646: [GC pause (System.gc()) (young) (initial-mark), 0.0027724 secs]
   [Parallel Time: 1.3 ms, GC Workers: 15]
      [GC Worker Start (ms): Min: 6645.9, Avg: 6646.1, Max: 6646.2, Diff: 0.3]
      [Ext Root Scanning (ms): Min: 0.3, Avg: 0.6, Max: 0.9, Diff: 0.6, Sum: 8.7]
      [Update RS (ms): Min: 0.0, Avg: 0.0, Max: 0.1, Diff: 0.1, Sum: 0.4]
         [Processed Buffers: Min: 0, Avg: 0.9, Max: 8, Diff: 8, Sum: 14]
      [Scan RS (ms): Min: 0.0, Avg: 0.0, Max: 0.0, Diff: 0.0, Sum: 0.0]
      [Code Root Scanning (ms): Min: 0.0, Avg: 0.0, Max: 0.0, Diff: 0.0, Sum: 0.0]
      [Object Copy (ms): Min: 0.0, Avg: 0.0, Max: 0.1, Diff: 0.1, Sum: 0.6]
      [Termination (ms): Min: 0.0, Avg: 0.3, Max: 0.6, Diff: 0.6, Sum: 4.6]
         [Termination Attempts: Min: 1, Avg: 1.0, Max: 1, Diff: 0, Sum: 15]
      [GC Worker Other (ms): Min: 0.0, Avg: 0.0, Max: 0.0, Diff: 0.0, Sum: 0.1]
      [GC Worker Total (ms): Min: 0.8, Avg: 1.0, Max: 1.1, Diff: 0.3, Sum: 14.4]
      [GC Worker End (ms): Min: 6647.1, Avg: 6647.1, Max: 6647.2, Diff: 0.1]
   [Code Root Fixup: 0.0 ms]
   [Code Root Purge: 0.0 ms]
   [Clear CT: 0.1 ms]
   [Other: 1.3 ms]
      [Choose CSet: 0.0 ms]
      [Ref Proc: 1.1 ms]
      [Ref Enq: 0.0 ms]
      [Redirty Cards: 0.1 ms]
      [Humongous Register: 0.0 ms]
      [Humongous Reclaim: 0.0 ms]
      [Free CSet: 0.0 ms]
   [Eden: 9216.0K(613.0M)->0.0B(613.0M) Survivors: 1024.0K->1024.0K Heap: 33.5M(1024.0M)->24.6M(1024.0M)]
 [Times: user=0.00 sys=0.00, real=0.00 secs] 
2024-08-07T14:16:40.148+0100: 6.649: [GC concurrent-root-region-scan-start]
2024-08-07T14:16:40.148+0100: 6.649: [GC concurrent-root-region-scan-end, 0.0006058 secs]
2024-08-07T14:16:40.148+0100: 6.649: [GC concurrent-mark-start]
2024-08-07T14:16:40.152+0100: 6.653: [GC concurrent-mark-end, 0.0040972 secs]
2024-08-07T14:16:40.152+0100: 6.654: [GC remark 2024-08-07T14:16:40.152+0100: 6.654: [Finalize Marking, 0.0013023 secs] 2024-08-07T14:16:40.154+0100: 6.655: [GC ref-proc, 0.0003233 secs] 2024-08-07T14:16:40.154+0100: 6.655: [Unloading, 0.0020516 secs], 0.0039267 secs]
 [Times: user=0.00 sys=0.00, real=0.00 secs] 
2024-08-07T14:16:40.156+0100: 6.658: [GC cleanup 24M->24M(1024M), 0.0008150 secs]
 [Times: user=0.00 sys=0.00, real=0.00 secs] 
2024-08-07T14:16:40.285+0100: 6.788: [GC pause (System.gc()) (young) (initial-mark), 0.0034415 secs]
   [Parallel Time: 1.9 ms, GC Workers: 15]
      [GC Worker Start (ms): Min: 6788.1, Avg: 6788.4, Max: 6788.6, Diff: 0.5]
      [Ext Root Scanning (ms): Min: 0.5, Avg: 0.7, Max: 1.0, Diff: 0.5, Sum: 10.9]
      [Update RS (ms): Min: 0.0, Avg: 0.1, Max: 0.4, Diff: 0.4, Sum: 1.5]
         [Processed Buffers: Min: 0, Avg: 1.3, Max: 5, Diff: 5, Sum: 19]
      [Scan RS (ms): Min: 0.0, Avg: 0.0, Max: 0.0, Diff: 0.0, Sum: 0.0]
      [Code Root Scanning (ms): Min: 0.0, Avg: 0.0, Max: 0.0, Diff: 0.0, Sum: 0.0]
      [Object Copy (ms): Min: 0.0, Avg: 0.1, Max: 0.1, Diff: 0.1, Sum: 0.8]
      [Termination (ms): Min: 0.0, Avg: 0.4, Max: 0.5, Diff: 0.5, Sum: 5.3]
         [Termination Attempts: Min: 1, Avg: 1.5, Max: 3, Diff: 2, Sum: 22]
      [GC Worker Other (ms): Min: 0.0, Avg: 0.0, Max: 0.0, Diff: 0.0, Sum: 0.1]
      [GC Worker Total (ms): Min: 1.0, Avg: 1.2, Max: 1.7, Diff: 0.7, Sum: 18.6]
      [GC Worker End (ms): Min: 6789.6, Avg: 6789.7, Max: 6789.8, Diff: 0.2]
   [Code Root Fixup: 0.0 ms]
   [Code Root Purge: 0.0 ms]
   [Clear CT: 0.4 ms]
   [Other: 1.2 ms]
      [Choose CSet: 0.0 ms]
      [Ref Proc: 0.8 ms]
      [Ref Enq: 0.0 ms]
      [Redirty Cards: 0.2 ms]
      [Humongous Register: 0.0 ms]
      [Humongous Reclaim: 0.0 ms]
      [Free CSet: 0.0 ms]
   [Eden: 11.0M(613.0M)->0.0B(613.0M) Survivors: 1024.0K->1024.0K Heap: 34.6M(1024.0M)->24.6M(1024.0M)]
 [Times: user=0.00 sys=0.00, real=0.00 secs] 
2024-08-07T14:16:40.290+0100: 6.791: [GC concurrent-root-region-scan-start]
2024-08-07T14:16:40.292+0100: 6.793: [GC concurrent-root-region-scan-end, 0.0013010 secs]
2024-08-07T14:16:40.292+0100: 6.793: [GC concurrent-mark-start]
2024-08-07T14:16:40.301+0100: 6.804: [GC concurrent-mark-end, 0.0112973 secs]
2024-08-07T14:16:40.301+0100: 6.804: [GC remark 2024-08-07T14:16:40.301+0100: 6.804: [Finalize Marking, 0.0014073 secs] 2024-08-07T14:16:40.301+0100: 6.806: [GC ref-proc, 0.0006255 secs] 2024-08-07T14:16:40.301+0100: 6.806: [Unloading, 0.0025934 secs], 0.0049925 secs]
 [Times: user=0.00 sys=0.00, real=0.00 secs] 
2024-08-07T14:16:40.301+0100: 6.809: [GC cleanup 26M->26M(1024M), 0.0012488 secs]
 [Times: user=0.00 sys=0.00, real=0.00 secs] 
2024-08-07T14:16:40.424+0100: 6.926: [GC pause (System.gc()) (young) (initial-mark), 0.0054121 secs]
   [Parallel Time: 3.4 ms, GC Workers: 15]
      [GC Worker Start (ms): Min: 6926.5, Avg: 6926.8, Max: 6926.9, Diff: 0.4]
      [Ext Root Scanning (ms): Min: 0.4, Avg: 1.8, Max: 2.8, Diff: 2.3, Sum: 26.3]
      [Update RS (ms): Min: 0.0, Avg: 0.0, Max: 0.2, Diff: 0.2, Sum: 0.3]
         [Processed Buffers: Min: 0, Avg: 1.1, Max: 11, Diff: 11, Sum: 16]
      [Scan RS (ms): Min: 0.0, Avg: 0.0, Max: 0.0, Diff: 0.0, Sum: 0.0]
      [Code Root Scanning (ms): Min: 0.0, Avg: 0.0, Max: 0.0, Diff: 0.0, Sum: 0.0]
      [Object Copy (ms): Min: 0.0, Avg: 0.0, Max: 0.1, Diff: 0.1, Sum: 0.3]
      [Termination (ms): Min: 0.0, Avg: 1.1, Max: 2.5, Diff: 2.5, Sum: 16.1]
         [Termination Attempts: Min: 1, Avg: 1.1, Max: 2, Diff: 1, Sum: 16]
      [GC Worker Other (ms): Min: 0.0, Avg: 0.0, Max: 0.0, Diff: 0.0, Sum: 0.0]
      [GC Worker Total (ms): Min: 2.8, Avg: 2.9, Max: 3.2, Diff: 0.4, Sum: 43.0]
      [GC Worker End (ms): Min: 6929.6, Avg: 6929.6, Max: 6929.8, Diff: 0.1]
   [Code Root Fixup: 0.0 ms]
   [Code Root Purge: 0.0 ms]
   [Clear CT: 0.0 ms]
   [Other: 2.0 ms]
      [Choose CSet: 0.0 ms]
      [Ref Proc: 1.9 ms]
      [Ref Enq: 0.0 ms]
      [Redirty Cards: 0.0 ms]
      [Humongous Register: 0.0 ms]
      [Humongous Reclaim: 0.0 ms]
      [Free CSet: 0.0 ms]
   [Eden: 7168.0K(613.0M)->0.0B(613.0M) Survivors: 1024.0K->1024.0K Heap: 30.6M(1024.0M)->24.6M(1024.0M)]
 [Times: user=0.00 sys=0.00, real=0.00 secs] 
2024-08-07T14:16:40.424+0100: 6.932: [GC concurrent-root-region-scan-start]
2024-08-07T14:16:40.424+0100: 6.932: [GC concurrent-root-region-scan-end, 0.0005793 secs]
2024-08-07T14:16:40.424+0100: 6.932: [GC concurrent-mark-start]
2024-08-07T14:16:40.434+0100: 6.938: [GC concurrent-mark-end, 0.0058505 secs]
2024-08-07T14:16:40.434+0100: 6.939: [GC remark 2024-08-07T14:16:40.434+0100: 6.939: [Finalize Marking, 0.0016254 secs] 2024-08-07T14:16:40.434+0100: 6.940: [GC ref-proc, 0.0004774 secs] 2024-08-07T14:16:40.434+0100: 6.941: [Unloading, 0.0019664 secs], 0.0044370 secs]
 [Times: user=0.00 sys=0.00, real=0.01 secs] 
2024-08-07T14:16:40.440+0100: 6.943: [GC cleanup 25M->25M(1024M), 0.0011158 secs]
 [Times: user=0.00 sys=0.00, real=0.00 secs] 
2024-08-07T14:16:40.550+0100: 7.061: [GC pause (System.gc()) (young) (initial-mark), 0.0065204 secs]
   [Parallel Time: 4.1 ms, GC Workers: 15]
      [GC Worker Start (ms): Min: 7061.6, Avg: 7062.0, Max: 7062.1, Diff: 0.5]
      [Ext Root Scanning (ms): Min: 0.5, Avg: 2.1, Max: 3.1, Diff: 2.6, Sum: 31.1]
      [Update RS (ms): Min: 0.0, Avg: 0.0, Max: 0.4, Diff: 0.4, Sum: 0.7]
         [Processed Buffers: Min: 0, Avg: 0.9, Max: 12, Diff: 12, Sum: 14]
      [Scan RS (ms): Min: 0.0, Avg: 0.0, Max: 0.0, Diff: 0.0, Sum: 0.0]
      [Code Root Scanning (ms): Min: 0.0, Avg: 0.0, Max: 0.0, Diff: 0.0, Sum: 0.0]
      [Object Copy (ms): Min: 0.0, Avg: 0.0, Max: 0.1, Diff: 0.1, Sum: 0.4]
      [Termination (ms): Min: 0.0, Avg: 1.1, Max: 2.6, Diff: 2.6, Sum: 17.1]
         [Termination Attempts: Min: 1, Avg: 1.1, Max: 2, Diff: 1, Sum: 16]
      [GC Worker Other (ms): Min: 0.0, Avg: 0.0, Max: 0.0, Diff: 0.0, Sum: 0.1]
      [GC Worker Total (ms): Min: 3.1, Avg: 3.3, Max: 3.6, Diff: 0.5, Sum: 49.4]
      [GC Worker End (ms): Min: 7065.2, Avg: 7065.3, Max: 7065.4, Diff: 0.2]
   [Code Root Fixup: 0.0 ms]
   [Code Root Purge: 0.0 ms]
   [Clear CT: 0.3 ms]
   [Other: 2.2 ms]
      [Choose CSet: 0.0 ms]
      [Ref Proc: 1.8 ms]
      [Ref Enq: 0.0 ms]
      [Redirty Cards: 0.3 ms]
      [Humongous Register: 0.0 ms]
      [Humongous Reclaim: 0.0 ms]
      [Free CSet: 0.0 ms]
   [Eden: 12.0M(613.0M)->0.0B(613.0M) Survivors: 1024.0K->1024.0K Heap: 36.1M(1024.0M)->24.6M(1024.0M)]
 [Times: user=0.00 sys=0.00, real=0.02 secs] 
2024-08-07T14:16:40.567+0100: 7.068: [GC concurrent-root-region-scan-start]
2024-08-07T14:16:40.568+0100: 7.069: [GC concurrent-root-region-scan-end, 0.0007209 secs]
2024-08-07T14:16:40.568+0100: 7.069: [GC concurrent-mark-start]
2024-08-07T14:16:40.571+0100: 7.073: [GC concurrent-mark-end, 0.0041392 secs]
2024-08-07T14:16:40.572+0100: 7.073: [GC remark 2024-08-07T14:16:40.572+0100: 7.073: [Finalize Marking, 0.0014591 secs] 2024-08-07T14:16:40.572+0100: 7.075: [GC ref-proc, 0.0004040 secs] 2024-08-07T14:16:40.572+0100: 7.075: [Unloading, 0.0022468 secs], 0.0044695 secs]
 [Times: user=0.00 sys=0.00, real=0.00 secs] 
2024-08-07T14:16:40.576+0100: 7.078: [GC cleanup 27M->27M(1024M), 0.0010312 secs]
 [Times: user=0.00 sys=0.00, real=0.00 secs] 
2024-08-07T14:16:40.680+0100: 7.187: [GC pause (System.gc()) (young) (initial-mark), 0.0080338 secs]
   [Parallel Time: 4.6 ms, GC Workers: 15]
      [GC Worker Start (ms): Min: 7187.0, Avg: 7187.7, Max: 7188.1, Diff: 1.0]
      [Ext Root Scanning (ms): Min: 0.2, Avg: 1.9, Max: 3.3, Diff: 3.1, Sum: 29.1]
      [Update RS (ms): Min: 0.0, Avg: 0.1, Max: 0.5, Diff: 0.5, Sum: 1.0]
         [Processed Buffers: Min: 0, Avg: 0.7, Max: 6, Diff: 6, Sum: 11]
      [Scan RS (ms): Min: 0.0, Avg: 0.0, Max: 0.0, Diff: 0.0, Sum: 0.0]
      [Code Root Scanning (ms): Min: 0.0, Avg: 0.0, Max: 0.0, Diff: 0.0, Sum: 0.0]
      [Object Copy (ms): Min: 0.0, Avg: 0.1, Max: 0.6, Diff: 0.6, Sum: 2.1]
      [Termination (ms): Min: 0.5, Avg: 1.2, Max: 2.4, Diff: 1.9, Sum: 17.9]
         [Termination Attempts: Min: 1, Avg: 1.9, Max: 5, Diff: 4, Sum: 28]
      [GC Worker Other (ms): Min: 0.0, Avg: 0.0, Max: 0.0, Diff: 0.0, Sum: 0.2]
      [GC Worker Total (ms): Min: 2.9, Avg: 3.3, Max: 4.1, Diff: 1.2, Sum: 50.2]
      [GC Worker End (ms): Min: 7190.9, Avg: 7191.0, Max: 7191.3, Diff: 0.4]
   [Code Root Fixup: 0.0 ms]
   [Code Root Purge: 0.0 ms]
   [Clear CT: 0.3 ms]
   [Other: 3.1 ms]
      [Choose CSet: 0.0 ms]
      [Ref Proc: 2.7 ms]
      [Ref Enq: 0.0 ms]
      [Redirty Cards: 0.2 ms]
      [Humongous Register: 0.0 ms]
      [Humongous Reclaim: 0.0 ms]
      [Free CSet: 0.0 ms]
   [Eden: 8192.0K(613.0M)->0.0B(613.0M) Survivors: 1024.0K->1024.0K Heap: 32.1M(1024.0M)->24.6M(1024.0M)]
 [Times: user=0.00 sys=0.00, real=0.01 secs] 
2024-08-07T14:16:40.688+0100: 7.195: [GC concurrent-root-region-scan-start]
2024-08-07T14:16:40.694+0100: 7.196: [GC concurrent-root-region-scan-end, 0.0011294 secs]
2024-08-07T14:16:40.694+0100: 7.196: [GC concurrent-mark-start]
2024-08-07T14:16:40.699+0100: 7.201: [GC concurrent-mark-end, 0.0047314 secs]
2024-08-07T14:16:40.699+0100: 7.201: [GC remark 2024-08-07T14:16:40.699+0100: 7.201: [Finalize Marking, 0.0011446 secs] 2024-08-07T14:16:40.700+0100: 7.202: [GC ref-proc, 0.0004048 secs] 2024-08-07T14:16:40.701+0100: 7.203: [Unloading, 0.0031067 secs], 0.0051685 secs]
 [Times: user=0.00 sys=0.00, real=0.01 secs] 
2024-08-07T14:16:40.705+0100: 7.206: [GC cleanup 25M->25M(1024M), 0.0016653 secs]
 [Times: user=0.00 sys=0.00, real=0.00 secs] 
2024-08-07T14:16:40.823+0100: 7.334: [GC pause (System.gc()) (young) (initial-mark), 0.0061752 secs]
   [Parallel Time: 4.7 ms, GC Workers: 15]
      [GC Worker Start (ms): Min: 7334.0, Avg: 7334.6, Max: 7334.8, Diff: 0.8]
      [Ext Root Scanning (ms): Min: 0.1, Avg: 2.1, Max: 2.8, Diff: 2.7, Sum: 31.6]
      [Update RS (ms): Min: 0.0, Avg: 0.0, Max: 0.3, Diff: 0.3, Sum: 0.5]
         [Processed Buffers: Min: 0, Avg: 0.9, Max: 12, Diff: 12, Sum: 14]
      [Scan RS (ms): Min: 0.0, Avg: 0.0, Max: 0.0, Diff: 0.0, Sum: 0.0]
      [Code Root Scanning (ms): Min: 0.0, Avg: 0.0, Max: 0.0, Diff: 0.0, Sum: 0.0]
      [Object Copy (ms): Min: 0.0, Avg: 0.0, Max: 0.2, Diff: 0.2, Sum: 0.4]
      [Termination (ms): Min: 0.0, Avg: 0.8, Max: 2.4, Diff: 2.4, Sum: 12.4]
         [Termination Attempts: Min: 1, Avg: 1.1, Max: 2, Diff: 1, Sum: 16]
      [GC Worker Other (ms): Min: 0.0, Avg: 0.0, Max: 0.0, Diff: 0.0, Sum: 0.1]
      [GC Worker Total (ms): Min: 2.8, Avg: 3.0, Max: 3.7, Diff: 1.0, Sum: 45.0]
      [GC Worker End (ms): Min: 7337.5, Avg: 7337.6, Max: 7337.7, Diff: 0.1]
   [Code Root Fixup: 0.0 ms]
   [Code Root Purge: 0.0 ms]
   [Clear CT: 0.2 ms]
   [Other: 1.3 ms]
      [Choose CSet: 0.0 ms]
      [Ref Proc: 0.8 ms]
      [Ref Enq: 0.0 ms]
      [Redirty Cards: 0.4 ms]
      [Humongous Register: 0.0 ms]
      [Humongous Reclaim: 0.0 ms]
      [Free CSet: 0.0 ms]
   [Eden: 10.0M(613.0M)->0.0B(613.0M) Survivors: 1024.0K->1024.0K Heap: 33.6M(1024.0M)->24.6M(1024.0M)]
 [Times: user=0.00 sys=0.00, real=0.02 secs] 
2024-08-07T14:16:40.839+0100: 7.340: [GC concurrent-root-region-scan-start]
2024-08-07T14:16:40.839+0100: 7.341: [GC concurrent-root-region-scan-end, 0.0006194 secs]
2024-08-07T14:16:40.839+0100: 7.341: [GC concurrent-mark-start]
2024-08-07T14:16:40.843+0100: 7.345: [GC concurrent-mark-end, 0.0041694 secs]
2024-08-07T14:16:40.843+0100: 7.345: [GC remark 2024-08-07T14:16:40.843+0100: 7.345: [Finalize Marking, 0.0013987 secs] 2024-08-07T14:16:40.844+0100: 7.346: [GC ref-proc, 0.0004310 secs] 2024-08-07T14:16:40.845+0100: 7.347: [Unloading, 0.0030808 secs], 0.0054801 secs]
 [Times: user=0.00 sys=0.00, real=0.01 secs] 
2024-08-07T14:16:40.849+0100: 7.351: [GC cleanup 28M->28M(1024M), 0.0012704 secs]
 [Times: user=0.00 sys=0.00, real=0.00 secs] 
2024-08-07T14:16:40.961+0100: 7.469: [GC pause (System.gc()) (young) (initial-mark), 0.0101653 secs]
   [Parallel Time: 6.6 ms, GC Workers: 15]
      [GC Worker Start (ms): Min: 7469.8, Avg: 7470.7, Max: 7471.4, Diff: 1.6]
      [Ext Root Scanning (ms): Min: 0.1, Avg: 3.3, Max: 4.2, Diff: 4.1, Sum: 49.6]
      [Update RS (ms): Min: 0.0, Avg: 0.1, Max: 0.5, Diff: 0.5, Sum: 1.1]
         [Processed Buffers: Min: 0, Avg: 0.9, Max: 11, Diff: 11, Sum: 13]
      [Scan RS (ms): Min: 0.0, Avg: 0.0, Max: 0.0, Diff: 0.0, Sum: 0.0]
      [Code Root Scanning (ms): Min: 0.0, Avg: 0.0, Max: 0.0, Diff: 0.0, Sum: 0.0]
      [Object Copy (ms): Min: 0.0, Avg: 0.1, Max: 0.5, Diff: 0.5, Sum: 1.3]
      [Termination (ms): Min: 0.0, Avg: 1.3, Max: 3.1, Diff: 3.1, Sum: 18.9]
         [Termination Attempts: Min: 1, Avg: 1.2, Max: 3, Diff: 2, Sum: 18]
      [GC Worker Other (ms): Min: 0.0, Avg: 0.0, Max: 0.0, Diff: 0.0, Sum: 0.2]
      [GC Worker Total (ms): Min: 4.0, Avg: 4.7, Max: 5.6, Diff: 1.6, Sum: 71.1]
      [GC Worker End (ms): Min: 7475.4, Avg: 7475.5, Max: 7475.7, Diff: 0.3]
   [Code Root Fixup: 0.0 ms]
   [Code Root Purge: 0.0 ms]
   [Clear CT: 0.6 ms]
   [Other: 2.9 ms]
      [Choose CSet: 0.0 ms]
      [Ref Proc: 2.3 ms]
      [Ref Enq: 0.0 ms]
      [Redirty Cards: 0.4 ms]
      [Humongous Register: 0.0 ms]
      [Humongous Reclaim: 0.0 ms]
      [Free CSet: 0.0 ms]
   [Eden: 10.0M(613.0M)->0.0B(613.0M) Survivors: 1024.0K->1024.0K Heap: 34.1M(1024.0M)->24.6M(1024.0M)]
 [Times: user=0.05 sys=0.02, real=0.02 secs] 
2024-08-07T14:16:40.977+0100: 7.480: [GC concurrent-root-region-scan-start]
2024-08-07T14:16:40.977+0100: 7.481: [GC concurrent-root-region-scan-end, 0.0008301 secs]
2024-08-07T14:16:40.977+0100: 7.481: [GC concurrent-mark-start]
2024-08-07T14:16:40.977+0100: 7.486: [GC concurrent-mark-end, 0.0049989 secs]
2024-08-07T14:16:40.977+0100: 7.486: [GC remark 2024-08-07T14:16:40.977+0100: 7.486: [Finalize Marking, 0.0013164 secs] 2024-08-07T14:16:40.977+0100: 7.487: [GC ref-proc, 0.0004008 secs] 2024-08-07T14:16:40.977+0100: 7.488: [Unloading, 0.0021693 secs], 0.0042313 secs]
 [Times: user=0.00 sys=0.00, real=0.01 secs] 
2024-08-07T14:16:40.987+0100: 7.490: [GC cleanup 27M->27M(1024M), 0.0014438 secs]
 [Times: user=0.00 sys=0.00, real=0.00 secs] 
2024-08-07T14:16:41.116+0100: 7.618: [GC pause (System.gc()) (young) (initial-mark), 0.0046854 secs]
   [Parallel Time: 2.2 ms, GC Workers: 15]
      [GC Worker Start (ms): Min: 7617.7, Avg: 7618.0, Max: 7618.1, Diff: 0.4]
      [Ext Root Scanning (ms): Min: 0.4, Avg: 1.0, Max: 1.5, Diff: 1.1, Sum: 14.4]
      [Update RS (ms): Min: 0.0, Avg: 0.0, Max: 0.2, Diff: 0.2, Sum: 0.6]
         [Processed Buffers: Min: 0, Avg: 1.0, Max: 8, Diff: 8, Sum: 15]
      [Scan RS (ms): Min: 0.0, Avg: 0.0, Max: 0.0, Diff: 0.0, Sum: 0.0]
      [Code Root Scanning (ms): Min: 0.0, Avg: 0.0, Max: 0.0, Diff: 0.0, Sum: 0.0]
      [Object Copy (ms): Min: 0.0, Avg: 0.0, Max: 0.2, Diff: 0.2, Sum: 0.7]
      [Termination (ms): Min: 0.0, Avg: 0.6, Max: 1.1, Diff: 1.1, Sum: 9.4]
         [Termination Attempts: Min: 1, Avg: 1.1, Max: 2, Diff: 1, Sum: 17]
      [GC Worker Other (ms): Min: 0.0, Avg: 0.0, Max: 0.0, Diff: 0.0, Sum: 0.1]
      [GC Worker Total (ms): Min: 1.5, Avg: 1.7, Max: 2.0, Diff: 0.5, Sum: 25.3]
      [GC Worker End (ms): Min: 7619.6, Avg: 7619.7, Max: 7619.7, Diff: 0.1]
   [Code Root Fixup: 0.0 ms]
   [Code Root Purge: 0.0 ms]
   [Clear CT: 0.2 ms]
   [Other: 2.3 ms]
      [Choose CSet: 0.0 ms]
      [Ref Proc: 2.0 ms]
      [Ref Enq: 0.0 ms]
      [Redirty Cards: 0.2 ms]
      [Humongous Register: 0.0 ms]
      [Humongous Reclaim: 0.0 ms]
      [Free CSet: 0.0 ms]
   [Eden: 9216.0K(613.0M)->0.0B(613.0M) Survivors: 1024.0K->1024.0K Heap: 33.6M(1024.0M)->24.6M(1024.0M)]
 [Times: user=0.00 sys=0.00, real=0.00 secs] 
2024-08-07T14:16:41.117+0100: 7.622: [GC concurrent-root-region-scan-start]
2024-08-07T14:16:41.117+0100: 7.623: [GC concurrent-root-region-scan-end, 0.0007152 secs]
2024-08-07T14:16:41.117+0100: 7.623: [GC concurrent-mark-start]
2024-08-07T14:16:41.117+0100: 7.627: [GC concurrent-mark-end, 0.0041579 secs]
2024-08-07T14:16:41.117+0100: 7.627: [GC remark 2024-08-07T14:16:41.117+0100: 7.627: [Finalize Marking, 0.0015312 secs] 2024-08-07T14:16:41.128+0100: 7.629: [GC ref-proc, 0.0004360 secs] 2024-08-07T14:16:41.128+0100: 7.629: [Unloading, 0.0029909 secs], 0.0057531 secs]
 [Times: user=0.00 sys=0.00, real=0.01 secs] 
2024-08-07T14:16:41.131+0100: 7.633: [GC cleanup 25M->25M(1024M), 0.0017573 secs]
 [Times: user=0.00 sys=0.00, real=0.00 secs] 
2024-08-07T14:16:41.244+0100: 7.746: [GC pause (System.gc()) (young) (initial-mark), 0.0045304 secs]
   [Parallel Time: 1.9 ms, GC Workers: 15]
      [GC Worker Start (ms): Min: 7746.1, Avg: 7746.5, Max: 7746.7, Diff: 0.6]
      [Ext Root Scanning (ms): Min: 0.4, Avg: 0.7, Max: 1.0, Diff: 0.6, Sum: 11.0]
      [Update RS (ms): Min: 0.0, Avg: 0.1, Max: 0.3, Diff: 0.3, Sum: 1.0]
         [Processed Buffers: Min: 0, Avg: 0.9, Max: 9, Diff: 9, Sum: 14]
      [Scan RS (ms): Min: 0.0, Avg: 0.0, Max: 0.0, Diff: 0.0, Sum: 0.0]
      [Code Root Scanning (ms): Min: 0.0, Avg: 0.0, Max: 0.0, Diff: 0.0, Sum: 0.0]
      [Object Copy (ms): Min: 0.0, Avg: 0.1, Max: 0.2, Diff: 0.2, Sum: 1.3]
      [Termination (ms): Min: 0.0, Avg: 0.3, Max: 0.4, Diff: 0.4, Sum: 5.0]
         [Termination Attempts: Min: 1, Avg: 1.5, Max: 5, Diff: 4, Sum: 23]
      [GC Worker Other (ms): Min: 0.0, Avg: 0.0, Max: 0.0, Diff: 0.0, Sum: 0.1]
      [GC Worker Total (ms): Min: 1.0, Avg: 1.2, Max: 1.7, Diff: 0.7, Sum: 18.5]
      [GC Worker End (ms): Min: 7747.7, Avg: 7747.7, Max: 7747.7, Diff: 0.1]
   [Code Root Fixup: 0.0 ms]
   [Code Root Purge: 0.0 ms]
   [Clear CT: 0.4 ms]
   [Other: 2.3 ms]
      [Choose CSet: 0.0 ms]
      [Ref Proc: 1.6 ms]
      [Ref Enq: 0.0 ms]
      [Redirty Cards: 0.4 ms]
      [Humongous Register: 0.0 ms]
      [Humongous Reclaim: 0.0 ms]
      [Free CSet: 0.0 ms]
   [Eden: 9216.0K(613.0M)->0.0B(613.0M) Survivors: 1024.0K->1024.0K Heap: 32.6M(1024.0M)->24.7M(1024.0M)]
 [Times: user=0.00 sys=0.00, real=0.00 secs] 
2024-08-07T14:16:41.245+0100: 7.751: [GC concurrent-root-region-scan-start]
2024-08-07T14:16:41.245+0100: 7.752: [GC concurrent-root-region-scan-end, 0.0009847 secs]
2024-08-07T14:16:41.245+0100: 7.752: [GC concurrent-mark-start]
2024-08-07T14:16:41.245+0100: 7.756: [GC concurrent-mark-end, 0.0044320 secs]
2024-08-07T14:16:41.245+0100: 7.756: [GC remark 2024-08-07T14:16:41.245+0100: 7.756: [Finalize Marking, 0.0008994 secs] 2024-08-07T14:16:41.245+0100: 7.757: [GC ref-proc, 0.0004052 secs] 2024-08-07T14:16:41.245+0100: 7.757: [Unloading, 0.0019553 secs], 0.0035939 secs]
 [Times: user=0.00 sys=0.00, real=0.00 secs] 
2024-08-07T14:16:41.245+0100: 7.760: [GC cleanup 25M->25M(1024M), 0.0013908 secs]
 [Times: user=0.00 sys=0.00, real=0.01 secs] 
2024-08-07T14:16:41.370+0100: 7.881: [GC pause (System.gc()) (young) (initial-mark), 0.0078226 secs]
   [Parallel Time: 5.4 ms, GC Workers: 15]
      [GC Worker Start (ms): Min: 7881.5, Avg: 7882.4, Max: 7882.6, Diff: 1.0]
      [Ext Root Scanning (ms): Min: 0.1, Avg: 2.7, Max: 3.6, Diff: 3.5, Sum: 40.9]
      [Update RS (ms): Min: 0.0, Avg: 0.1, Max: 0.5, Diff: 0.5, Sum: 0.9]
         [Processed Buffers: Min: 0, Avg: 1.3, Max: 13, Diff: 13, Sum: 20]
      [Scan RS (ms): Min: 0.0, Avg: 0.0, Max: 0.0, Diff: 0.0, Sum: 0.0]
      [Code Root Scanning (ms): Min: 0.0, Avg: 0.0, Max: 0.0, Diff: 0.0, Sum: 0.0]
      [Object Copy (ms): Min: 0.0, Avg: 0.0, Max: 0.4, Diff: 0.4, Sum: 0.7]
      [Termination (ms): Min: 0.0, Avg: 1.0, Max: 2.8, Diff: 2.8, Sum: 15.2]
         [Termination Attempts: Min: 1, Avg: 1.2, Max: 4, Diff: 3, Sum: 18]
      [GC Worker Other (ms): Min: 0.0, Avg: 0.0, Max: 0.0, Diff: 0.0, Sum: 0.1]
      [GC Worker Total (ms): Min: 3.6, Avg: 3.9, Max: 4.7, Diff: 1.1, Sum: 57.8]
      [GC Worker End (ms): Min: 7886.2, Avg: 7886.2, Max: 7886.3, Diff: 0.2]
   [Code Root Fixup: 0.0 ms]
   [Code Root Purge: 0.0 ms]
   [Clear CT: 0.8 ms]
   [Other: 1.6 ms]
      [Choose CSet: 0.0 ms]
      [Ref Proc: 1.1 ms]
      [Ref Enq: 0.0 ms]
      [Redirty Cards: 0.3 ms]
      [Humongous Register: 0.0 ms]
      [Humongous Reclaim: 0.0 ms]
      [Free CSet: 0.0 ms]
   [Eden: 9216.0K(613.0M)->0.0B(613.0M) Survivors: 1024.0K->1024.0K Heap: 33.7M(1024.0M)->24.6M(1024.0M)]
 [Times: user=0.00 sys=0.00, real=0.02 secs] 
2024-08-07T14:16:41.388+0100: 7.889: [GC concurrent-root-region-scan-start]
2024-08-07T14:16:41.388+0100: 7.890: [GC concurrent-root-region-scan-end, 0.0011179 secs]
2024-08-07T14:16:41.388+0100: 7.890: [GC concurrent-mark-start]
2024-08-07T14:16:41.394+0100: 7.896: [GC concurrent-mark-end, 0.0054735 secs]
2024-08-07T14:16:41.394+0100: 7.896: [GC remark 2024-08-07T14:16:41.394+0100: 7.896: [Finalize Marking, 0.0008464 secs] 2024-08-07T14:16:41.395+0100: 7.897: [GC ref-proc, 0.0005549 secs] 2024-08-07T14:16:41.396+0100: 7.898: [Unloading, 0.0030752 secs], 0.0051951 secs]
 [Times: user=0.00 sys=0.00, real=0.01 secs] 
2024-08-07T14:16:41.400+0100: 7.902: [GC cleanup 27M->27M(1024M), 0.0015699 secs]
 [Times: user=0.00 sys=0.00, real=0.00 secs] 
2024-08-07T14:16:41.511+0100: 8.016: [GC pause (System.gc()) (young) (initial-mark), 0.0108145 secs]
   [Parallel Time: 6.4 ms, GC Workers: 15]
      [GC Worker Start (ms): Min: 8016.7, Avg: 8017.5, Max: 8018.1, Diff: 1.4]
      [Ext Root Scanning (ms): Min: 0.2, Avg: 2.9, Max: 4.3, Diff: 4.2, Sum: 43.3]
      [Update RS (ms): Min: 0.0, Avg: 0.1, Max: 0.5, Diff: 0.5, Sum: 1.3]
         [Processed Buffers: Min: 0, Avg: 0.9, Max: 9, Diff: 9, Sum: 13]
      [Scan RS (ms): Min: 0.0, Avg: 0.0, Max: 0.0, Diff: 0.0, Sum: 0.0]
      [Code Root Scanning (ms): Min: 0.0, Avg: 0.0, Max: 0.0, Diff: 0.0, Sum: 0.0]
      [Object Copy (ms): Min: 0.0, Avg: 0.1, Max: 0.6, Diff: 0.6, Sum: 1.9]
      [Termination (ms): Min: 0.0, Avg: 1.4, Max: 3.0, Diff: 3.0, Sum: 20.7]
         [Termination Attempts: Min: 1, Avg: 1.3, Max: 3, Diff: 2, Sum: 20]
      [GC Worker Other (ms): Min: 0.0, Avg: 0.0, Max: 0.0, Diff: 0.0, Sum: 0.2]
      [GC Worker Total (ms): Min: 3.9, Avg: 4.5, Max: 5.5, Diff: 1.6, Sum: 67.5]
      [GC Worker End (ms): Min: 8022.0, Avg: 8022.0, Max: 8022.2, Diff: 0.3]
   [Code Root Fixup: 0.0 ms]
   [Code Root Purge: 0.0 ms]
   [Clear CT: 0.3 ms]
   [Other: 4.1 ms]
      [Choose CSet: 0.0 ms]
      [Ref Proc: 3.6 ms]
      [Ref Enq: 0.0 ms]
      [Redirty Cards: 0.2 ms]
      [Humongous Register: 0.0 ms]
      [Humongous Reclaim: 0.0 ms]
      [Free CSet: 0.0 ms]
   [Eden: 11.0M(613.0M)->0.0B(613.0M) Survivors: 1024.0K->1024.0K Heap: 34.6M(1024.0M)->24.7M(1024.0M)]
 [Times: user=0.00 sys=0.00, real=0.00 secs] 
2024-08-07T14:16:41.511+0100: 8.027: [GC concurrent-root-region-scan-start]
2024-08-07T14:16:41.527+0100: 8.028: [GC concurrent-root-region-scan-end, 0.0008734 secs]
2024-08-07T14:16:41.527+0100: 8.028: [GC concurrent-mark-start]
2024-08-07T14:16:41.527+0100: 8.034: [GC concurrent-mark-end, 0.0053738 secs]
2024-08-07T14:16:41.527+0100: 8.034: [GC remark 2024-08-07T14:16:41.527+0100: 8.034: [Finalize Marking, 0.0011421 secs] 2024-08-07T14:16:41.527+0100: 8.035: [GC ref-proc, 0.0003932 secs] 2024-08-07T14:16:41.527+0100: 8.035: [Unloading, 0.0020373 secs], 0.0038867 secs]
 [Times: user=0.00 sys=0.00, real=0.00 secs] 
2024-08-07T14:16:41.536+0100: 8.038: [GC cleanup 26M->26M(1024M), 0.0011628 secs]
 [Times: user=0.00 sys=0.00, real=0.00 secs] 
Heap
 garbage-first heap   total 1048576K, used 170672K [0x05a00000, 0x05b01000, 0x45a00000)
  region size 1024K, 16 young (16384K), 1 survivors (1024K)
 Metaspace       used 22257K, capacity 23614K, committed 23680K, reserved 23936K
