[2024-07-12T05:17:54.021+0100][gc,init] CardTable entry size: 512
[2024-07-12T05:17:54.021+0100][gc     ] Using G1
[2024-07-12T05:17:54.037+0100][gc,init] Version: 22.0.1+8-16 (release)
[2024-07-12T05:17:54.037+0100][gc,init] CPUs: 12 total, 12 available
[2024-07-12T05:17:54.037+0100][gc,init] Memory: 16146M
[2024-07-12T05:17:54.037+0100][gc,init] Large Page Support: Disabled
[2024-07-12T05:17:54.037+0100][gc,init] NUMA Support: Disabled
[2024-07-12T05:17:54.037+0100][gc,init] Compressed Oops: Enabled (32-bit)
[2024-07-12T05:17:54.037+0100][gc,init] Heap Region Size: 1M
[2024-07-12T05:17:54.037+0100][gc,init] Heap Min Capacity: 1G
[2024-07-12T05:17:54.037+0100][gc,init] Heap Initial Capacity: 1G
[2024-07-12T05:17:54.037+0100][gc,init] Heap Max Capacity: 1G
[2024-07-12T05:17:54.037+0100][gc,init] Pre-touch: Disabled
[2024-07-12T05:17:54.037+0100][gc,init] Parallel Workers: 10
[2024-07-12T05:17:54.037+0100][gc,init] Concurrent Workers: 3
[2024-07-12T05:17:54.037+0100][gc,init] Concurrent Refinement Workers: 10
[2024-07-12T05:17:54.037+0100][gc,init] Periodic GC: Disabled
[2024-07-12T05:17:54.037+0100][gc,metaspace] CDS archive(s) mapped at: [0x0000018ea6000000-0x0000018ea6c60000-0x0000018ea6c60000), size 12976128, SharedBaseAddress: 0x0000018ea6000000, ArchiveRelocationMode: 1.
[2024-07-12T05:17:54.037+0100][gc,metaspace] Compressed class space mapped at: 0x0000018ea7000000-0x0000018ee7000000, reserved size: 1073741824
[2024-07-12T05:17:54.037+0100][gc,metaspace] Narrow klass base: 0x0000018ea6000000, Narrow klass shift: 0, Narrow klass range: 0x41000000
[2024-07-12T05:17:55.192+0100][gc,start    ] GC(0) Pause Young (Normal) (G1 Evacuation Pause)
[2024-07-12T05:17:55.192+0100][gc,task     ] GC(0) Using 10 workers of 10 for evacuation
[2024-07-12T05:17:55.199+0100][gc,phases   ] GC(0)   Pre Evacuate Collection Set: 0.31ms
[2024-07-12T05:17:55.199+0100][gc,phases   ] GC(0)   Merge Heap Roots: 0.12ms
[2024-07-12T05:17:55.199+0100][gc,phases   ] GC(0)   Evacuate Collection Set: 4.86ms
[2024-07-12T05:17:55.199+0100][gc,phases   ] GC(0)   Post Evacuate Collection Set: 0.97ms
[2024-07-12T05:17:55.199+0100][gc,phases   ] GC(0)   Other: 0.63ms
[2024-07-12T05:17:55.199+0100][gc,heap     ] GC(0) Eden regions: 51->0(44)
[2024-07-12T05:17:55.200+0100][gc,heap     ] GC(0) Survivor regions: 0->7(7)
[2024-07-12T05:17:55.200+0100][gc,heap     ] GC(0) Old regions: 0->2
[2024-07-12T05:17:55.200+0100][gc,heap     ] GC(0) Humongous regions: 0->0
[2024-07-12T05:17:55.200+0100][gc,metaspace] GC(0) Metaspace: 17217K(17408K)->17217K(17408K) NonClass: 15121K(15232K)->15121K(15232K) Class: 2095K(2176K)->2095K(2176K)
[2024-07-12T05:17:55.200+0100][gc          ] GC(0) Pause Young (Normal) (G1 Evacuation Pause) 51M->8M(1024M) 7.204ms
[2024-07-12T05:17:55.200+0100][gc,cpu      ] GC(0) User=0.00s Sys=0.00s Real=0.01s
[2024-07-12T05:17:55.406+0100][gc,start    ] GC(1) Pause Young (Concurrent Start) (Metadata GC Threshold)
[2024-07-12T05:17:55.406+0100][gc,task     ] GC(1) Using 10 workers of 10 for evacuation
[2024-07-12T05:17:55.415+0100][gc,phases   ] GC(1)   Pre Evacuate Collection Set: 0.28ms
[2024-07-12T05:17:55.415+0100][gc,phases   ] GC(1)   Merge Heap Roots: 0.11ms
[2024-07-12T05:17:55.415+0100][gc,phases   ] GC(1)   Evacuate Collection Set: 3.38ms
[2024-07-12T05:17:55.415+0100][gc,phases   ] GC(1)   Post Evacuate Collection Set: 0.73ms
[2024-07-12T05:17:55.415+0100][gc,phases   ] GC(1)   Other: 0.13ms
[2024-07-12T05:17:55.415+0100][gc,heap     ] GC(1) Eden regions: 16->0(49)
[2024-07-12T05:17:55.415+0100][gc,heap     ] GC(1) Survivor regions: 7->2(7)
[2024-07-12T05:17:55.415+0100][gc,heap     ] GC(1) Old regions: 2->10
[2024-07-12T05:17:55.415+0100][gc,heap     ] GC(1) Humongous regions: 0->0
[2024-07-12T05:17:55.415+0100][gc,metaspace] GC(1) Metaspace: 21380K(21504K)->21380K(21504K) NonClass: 18807K(18880K)->18807K(18880K) Class: 2572K(2624K)->2572K(2624K)
[2024-07-12T05:17:55.415+0100][gc          ] GC(1) Pause Young (Concurrent Start) (Metadata GC Threshold) 24M->10M(1024M) 4.871ms
[2024-07-12T05:17:55.415+0100][gc,cpu      ] GC(1) User=0.00s Sys=0.00s Real=0.01s
[2024-07-12T05:17:55.415+0100][gc          ] GC(2) Concurrent Mark Cycle
[2024-07-12T05:17:55.415+0100][gc,marking  ] GC(2) Concurrent Scan Root Regions
[2024-07-12T05:17:55.417+0100][gc,marking  ] GC(2) Concurrent Scan Root Regions 1.841ms
[2024-07-12T05:17:55.417+0100][gc,marking  ] GC(2) Concurrent Mark
[2024-07-12T05:17:55.417+0100][gc,marking  ] GC(2) Concurrent Mark From Roots
[2024-07-12T05:17:55.417+0100][gc,task     ] GC(2) Using 3 workers of 3 for marking
[2024-07-12T05:17:55.419+0100][gc,marking  ] GC(2) Concurrent Mark From Roots 1.293ms
[2024-07-12T05:17:55.419+0100][gc,marking  ] GC(2) Concurrent Preclean
[2024-07-12T05:17:55.419+0100][gc,marking  ] GC(2) Concurrent Preclean 0.017ms
[2024-07-12T05:17:55.419+0100][gc,start    ] GC(2) Pause Remark
[2024-07-12T05:17:55.421+0100][gc          ] GC(2) Pause Remark 11M->11M(1024M) 2.403ms
[2024-07-12T05:17:55.421+0100][gc,cpu      ] GC(2) User=0.00s Sys=0.00s Real=0.00s
[2024-07-12T05:17:55.421+0100][gc,marking  ] GC(2) Concurrent Mark 4.027ms
[2024-07-12T05:17:55.421+0100][gc,marking  ] GC(2) Concurrent Rebuild Remembered Sets and Scrub Regions
[2024-07-12T05:17:55.423+0100][gc,marking  ] GC(2) Concurrent Rebuild Remembered Sets and Scrub Regions 1.222ms
[2024-07-12T05:17:55.423+0100][gc,start    ] GC(2) Pause Cleanup
[2024-07-12T05:17:55.423+0100][gc          ] GC(2) Pause Cleanup 11M->11M(1024M) 0.157ms
[2024-07-12T05:17:55.423+0100][gc,cpu      ] GC(2) User=0.00s Sys=0.00s Real=0.00s
[2024-07-12T05:17:55.423+0100][gc,marking  ] GC(2) Concurrent Clear Claimed Marks
[2024-07-12T05:17:55.423+0100][gc,marking  ] GC(2) Concurrent Clear Claimed Marks 0.036ms
[2024-07-12T05:17:55.423+0100][gc,marking  ] GC(2) Concurrent Cleanup for Next Mark
[2024-07-12T05:17:55.424+0100][gc,marking  ] GC(2) Concurrent Cleanup for Next Mark 3.221ms
[2024-07-12T05:17:55.424+0100][gc          ] GC(2) Concurrent Mark Cycle 11.031ms
[2024-07-12T05:17:56.381+0100][gc,start    ] GC(3) Pause Young (Normal) (G1 Evacuation Pause)
[2024-07-12T05:17:56.381+0100][gc,task     ] GC(3) Using 10 workers of 10 for evacuation
[2024-07-12T05:17:56.386+0100][gc,phases   ] GC(3)   Pre Evacuate Collection Set: 0.20ms
[2024-07-12T05:17:56.386+0100][gc,phases   ] GC(3)   Merge Heap Roots: 0.13ms
[2024-07-12T05:17:56.386+0100][gc,phases   ] GC(3)   Evacuate Collection Set: 2.96ms
[2024-07-12T05:17:56.386+0100][gc,phases   ] GC(3)   Post Evacuate Collection Set: 0.75ms
[2024-07-12T05:17:56.386+0100][gc,phases   ] GC(3)   Other: 0.14ms
[2024-07-12T05:17:56.386+0100][gc,heap     ] GC(3) Eden regions: 49->0(46)
[2024-07-12T05:17:56.386+0100][gc,heap     ] GC(3) Survivor regions: 2->5(7)
[2024-07-12T05:17:56.386+0100][gc,heap     ] GC(3) Old regions: 10->10
[2024-07-12T05:17:56.386+0100][gc,heap     ] GC(3) Humongous regions: 9->9
[2024-07-12T05:17:56.386+0100][gc,metaspace] GC(3) Metaspace: 32755K(33152K)->32755K(33152K) NonClass: 28692K(28928K)->28692K(28928K) Class: 4062K(4224K)->4062K(4224K)
[2024-07-12T05:17:56.386+0100][gc          ] GC(3) Pause Young (Normal) (G1 Evacuation Pause) 68M->22M(1024M) 4.690ms
[2024-07-12T05:17:56.386+0100][gc,cpu      ] GC(3) User=0.00s Sys=0.00s Real=0.00s
[2024-07-12T05:17:56.677+0100][gc,start    ] GC(4) Pause Young (Concurrent Start) (Metadata GC Threshold)
[2024-07-12T05:17:56.677+0100][gc,task     ] GC(4) Using 10 workers of 10 for evacuation
[2024-07-12T05:17:56.683+0100][gc,phases   ] GC(4)   Pre Evacuate Collection Set: 0.71ms
[2024-07-12T05:17:56.683+0100][gc,phases   ] GC(4)   Merge Heap Roots: 0.13ms
[2024-07-12T05:17:56.683+0100][gc,phases   ] GC(4)   Evacuate Collection Set: 4.24ms
[2024-07-12T05:17:56.683+0100][gc,phases   ] GC(4)   Post Evacuate Collection Set: 0.68ms
[2024-07-12T05:17:56.683+0100][gc,phases   ] GC(4)   Other: 0.22ms
[2024-07-12T05:17:56.683+0100][gc,heap     ] GC(4) Eden regions: 21->0(44)
[2024-07-12T05:17:56.683+0100][gc,heap     ] GC(4) Survivor regions: 5->7(7)
[2024-07-12T05:17:56.683+0100][gc,heap     ] GC(4) Old regions: 10->11
[2024-07-12T05:17:56.684+0100][gc,heap     ] GC(4) Humongous regions: 9->9
[2024-07-12T05:17:56.684+0100][gc,metaspace] GC(4) Metaspace: 35642K(35968K)->35642K(35968K) NonClass: 31358K(31552K)->31358K(31552K) Class: 4284K(4416K)->4284K(4416K)
[2024-07-12T05:17:56.684+0100][gc          ] GC(4) Pause Young (Concurrent Start) (Metadata GC Threshold) 42M->25M(1024M) 6.384ms
[2024-07-12T05:17:56.684+0100][gc          ] GC(5) Concurrent Mark Cycle
[2024-07-12T05:17:56.684+0100][gc,cpu      ] GC(4) User=0.02s Sys=0.00s Real=0.01s
[2024-07-12T05:17:56.684+0100][gc,marking  ] GC(5) Concurrent Scan Root Regions
[2024-07-12T05:17:56.688+0100][gc,marking  ] GC(5) Concurrent Scan Root Regions 4.370ms
[2024-07-12T05:17:56.688+0100][gc,marking  ] GC(5) Concurrent Mark
[2024-07-12T05:17:56.688+0100][gc,marking  ] GC(5) Concurrent Mark From Roots
[2024-07-12T05:17:56.688+0100][gc,task     ] GC(5) Using 3 workers of 3 for marking
[2024-07-12T05:17:56.699+0100][gc,marking  ] GC(5) Concurrent Mark From Roots 10.333ms
[2024-07-12T05:17:56.699+0100][gc,marking  ] GC(5) Concurrent Preclean
[2024-07-12T05:17:56.700+0100][gc,marking  ] GC(5) Concurrent Preclean 0.125ms
[2024-07-12T05:17:56.700+0100][gc,start    ] GC(5) Pause Remark
[2024-07-12T05:17:56.702+0100][gc          ] GC(5) Pause Remark 26M->26M(1024M) 3.129ms
[2024-07-12T05:17:56.702+0100][gc,cpu      ] GC(5) User=0.00s Sys=0.00s Real=0.00s
[2024-07-12T05:17:56.703+0100][gc,marking  ] GC(5) Concurrent Mark 14.121ms
[2024-07-12T05:17:56.703+0100][gc,marking  ] GC(5) Concurrent Rebuild Remembered Sets and Scrub Regions
[2024-07-12T05:17:56.705+0100][gc,marking  ] GC(5) Concurrent Rebuild Remembered Sets and Scrub Regions 2.677ms
[2024-07-12T05:17:56.706+0100][gc,start    ] GC(5) Pause Cleanup
[2024-07-12T05:17:56.706+0100][gc          ] GC(5) Pause Cleanup 27M->27M(1024M) 0.288ms
[2024-07-12T05:17:56.706+0100][gc,cpu      ] GC(5) User=0.00s Sys=0.00s Real=0.00s
[2024-07-12T05:17:56.706+0100][gc,marking  ] GC(5) Concurrent Clear Claimed Marks
[2024-07-12T05:17:56.706+0100][gc,marking  ] GC(5) Concurrent Clear Claimed Marks 0.101ms
[2024-07-12T05:17:56.706+0100][gc,marking  ] GC(5) Concurrent Cleanup for Next Mark
[2024-07-12T05:17:56.710+0100][gc,marking  ] GC(5) Concurrent Cleanup for Next Mark 3.629ms
[2024-07-12T05:17:56.710+0100][gc          ] GC(5) Concurrent Mark Cycle 26.193ms
[2024-07-12T05:17:59.975+0100][gc,start    ] GC(6) Pause Young (Prepare Mixed) (G1 Evacuation Pause)
[2024-07-12T05:17:59.975+0100][gc,task     ] GC(6) Using 10 workers of 10 for evacuation
[2024-07-12T05:17:59.984+0100][gc,phases   ] GC(6)   Pre Evacuate Collection Set: 0.55ms
[2024-07-12T05:17:59.984+0100][gc,phases   ] GC(6)   Merge Heap Roots: 0.14ms
[2024-07-12T05:17:59.985+0100][gc,phases   ] GC(6)   Evacuate Collection Set: 6.53ms
[2024-07-12T05:17:59.985+0100][gc,phases   ] GC(6)   Post Evacuate Collection Set: 1.41ms
[2024-07-12T05:17:59.985+0100][gc,phases   ] GC(6)   Other: 0.24ms
[2024-07-12T05:17:59.985+0100][gc,heap     ] GC(6) Eden regions: 44->0(44)
[2024-07-12T05:17:59.985+0100][gc,heap     ] GC(6) Survivor regions: 7->7(7)
[2024-07-12T05:17:59.985+0100][gc,heap     ] GC(6) Old regions: 11->14
[2024-07-12T05:17:59.985+0100][gc,heap     ] GC(6) Humongous regions: 147->147
[2024-07-12T05:17:59.985+0100][gc,metaspace] GC(6) Metaspace: 39794K(40256K)->39794K(40256K) NonClass: 34958K(35200K)->34958K(35200K) Class: 4836K(5056K)->4836K(5056K)
[2024-07-12T05:17:59.985+0100][gc          ] GC(6) Pause Young (Prepare Mixed) (G1 Evacuation Pause) 207M->167M(1024M) 9.944ms
[2024-07-12T05:17:59.985+0100][gc,cpu      ] GC(6) User=0.02s Sys=0.00s Real=0.01s
[2024-07-12T05:18:48.840+0100][gc,start    ] GC(7) Pause Young (Mixed) (G1 Evacuation Pause)
[2024-07-12T05:18:48.840+0100][gc,task     ] GC(7) Using 10 workers of 10 for evacuation
[2024-07-12T05:18:48.848+0100][gc,phases   ] GC(7)   Pre Evacuate Collection Set: 0.25ms
[2024-07-12T05:18:48.848+0100][gc,phases   ] GC(7)   Merge Heap Roots: 0.13ms
[2024-07-12T05:18:48.848+0100][gc,phases   ] GC(7)   Evacuate Collection Set: 6.07ms
[2024-07-12T05:18:48.848+0100][gc,phases   ] GC(7)   Post Evacuate Collection Set: 1.03ms
[2024-07-12T05:18:48.848+0100][gc,phases   ] GC(7)   Other: 0.10ms
[2024-07-12T05:18:48.848+0100][gc,heap     ] GC(7) Eden regions: 44->0(44)
[2024-07-12T05:18:48.848+0100][gc,heap     ] GC(7) Survivor regions: 7->7(7)
[2024-07-12T05:18:48.848+0100][gc,heap     ] GC(7) Old regions: 14->17
[2024-07-12T05:18:48.848+0100][gc,heap     ] GC(7) Humongous regions: 147->147
[2024-07-12T05:18:48.848+0100][gc,metaspace] GC(7) Metaspace: 42398K(43008K)->42398K(43008K) NonClass: 37124K(37440K)->37124K(37440K) Class: 5274K(5568K)->5274K(5568K)
[2024-07-12T05:18:48.848+0100][gc          ] GC(7) Pause Young (Mixed) (G1 Evacuation Pause) 211M->169M(1024M) 7.921ms
[2024-07-12T05:18:48.848+0100][gc,cpu      ] GC(7) User=0.00s Sys=0.00s Real=0.01s
[2024-07-12T05:19:20.757+0100][gc,heap,exit] Heap
[2024-07-12T05:19:20.757+0100][gc,heap,exit]  garbage-first heap   total reserved 1048576K, committed 1048576K, used 202595K [0x00000000c0000000, 0x0000000100000000)
[2024-07-12T05:19:20.757+0100][gc,heap,exit]   region size 1024K, 36 young (36864K), 7 survivors (7168K)
[2024-07-12T05:19:20.757+0100][gc,heap,exit]  Metaspace       used 43885K, committed 44544K, reserved 1114112K
[2024-07-12T05:19:20.757+0100][gc,heap,exit]   class space    used 5547K, committed 5824K, reserved 1048576K
