[2024-07-12T05:14:50.779+0100][gc,init] CardTable entry size: 512
[2024-07-12T05:14:50.779+0100][gc     ] Using G1
[2024-07-12T05:14:50.779+0100][gc,init] Version: 22.0.1+8-16 (release)
[2024-07-12T05:14:50.779+0100][gc,init] CPUs: 12 total, 12 available
[2024-07-12T05:14:50.779+0100][gc,init] Memory: 16146M
[2024-07-12T05:14:50.779+0100][gc,init] Large Page Support: Disabled
[2024-07-12T05:14:50.779+0100][gc,init] NUMA Support: Disabled
[2024-07-12T05:14:50.779+0100][gc,init] Compressed Oops: Enabled (32-bit)
[2024-07-12T05:14:50.779+0100][gc,init] Heap Region Size: 1M
[2024-07-12T05:14:50.779+0100][gc,init] Heap Min Capacity: 1G
[2024-07-12T05:14:50.779+0100][gc,init] Heap Initial Capacity: 1G
[2024-07-12T05:14:50.779+0100][gc,init] Heap Max Capacity: 1G
[2024-07-12T05:14:50.779+0100][gc,init] Pre-touch: Disabled
[2024-07-12T05:14:50.779+0100][gc,init] Parallel Workers: 10
[2024-07-12T05:14:50.779+0100][gc,init] Concurrent Workers: 3
[2024-07-12T05:14:50.779+0100][gc,init] Concurrent Refinement Workers: 10
[2024-07-12T05:14:50.779+0100][gc,init] Periodic GC: Disabled
[2024-07-12T05:14:50.795+0100][gc,metaspace] CDS archive(s) mapped at: [0x000001b200000000-0x000001b200c60000-0x000001b200c60000), size 12976128, SharedBaseAddress: 0x000001b200000000, ArchiveRelocationMode: 1.
[2024-07-12T05:14:50.795+0100][gc,metaspace] Compressed class space mapped at: 0x000001b201000000-0x000001b241000000, reserved size: 1073741824
[2024-07-12T05:14:50.795+0100][gc,metaspace] Narrow klass base: 0x000001b200000000, Narrow klass shift: 0, Narrow klass range: 0x41000000
[2024-07-12T05:14:51.925+0100][gc,start    ] GC(0) Pause Young (Normal) (G1 Evacuation Pause)
[2024-07-12T05:14:51.925+0100][gc,task     ] GC(0) Using 10 workers of 10 for evacuation
[2024-07-12T05:14:51.931+0100][gc,phases   ] GC(0)   Pre Evacuate Collection Set: 0.26ms
[2024-07-12T05:14:51.931+0100][gc,phases   ] GC(0)   Merge Heap Roots: 0.11ms
[2024-07-12T05:14:51.931+0100][gc,phases   ] GC(0)   Evacuate Collection Set: 4.44ms
[2024-07-12T05:14:51.931+0100][gc,phases   ] GC(0)   Post Evacuate Collection Set: 0.81ms
[2024-07-12T05:14:51.931+0100][gc,phases   ] GC(0)   Other: 0.54ms
[2024-07-12T05:14:51.931+0100][gc,heap     ] GC(0) Eden regions: 51->0(44)
[2024-07-12T05:14:51.931+0100][gc,heap     ] GC(0) Survivor regions: 0->7(7)
[2024-07-12T05:14:51.931+0100][gc,heap     ] GC(0) Old regions: 0->2
[2024-07-12T05:14:51.931+0100][gc,heap     ] GC(0) Humongous regions: 0->0
[2024-07-12T05:14:51.931+0100][gc,metaspace] GC(0) Metaspace: 17199K(17408K)->17199K(17408K) NonClass: 15102K(15232K)->15102K(15232K) Class: 2096K(2176K)->2096K(2176K)
[2024-07-12T05:14:51.931+0100][gc          ] GC(0) Pause Young (Normal) (G1 Evacuation Pause) 51M->8M(1024M) 6.483ms
[2024-07-12T05:14:51.931+0100][gc,cpu      ] GC(0) User=0.00s Sys=0.00s Real=0.01s
[2024-07-12T05:14:52.156+0100][gc,start    ] GC(1) Pause Young (Concurrent Start) (Metadata GC Threshold)
[2024-07-12T05:14:52.156+0100][gc,task     ] GC(1) Using 10 workers of 10 for evacuation
[2024-07-12T05:14:52.171+0100][gc,phases   ] GC(1)   Pre Evacuate Collection Set: 0.27ms
[2024-07-12T05:14:52.171+0100][gc,phases   ] GC(1)   Merge Heap Roots: 0.11ms
[2024-07-12T05:14:52.171+0100][gc,phases   ] GC(1)   Evacuate Collection Set: 3.52ms
[2024-07-12T05:14:52.171+0100][gc,phases   ] GC(1)   Post Evacuate Collection Set: 0.70ms
[2024-07-12T05:14:52.171+0100][gc,phases   ] GC(1)   Other: 0.12ms
[2024-07-12T05:14:52.171+0100][gc,heap     ] GC(1) Eden regions: 18->0(49)
[2024-07-12T05:14:52.171+0100][gc,heap     ] GC(1) Survivor regions: 7->2(7)
[2024-07-12T05:14:52.171+0100][gc,heap     ] GC(1) Old regions: 2->9
[2024-07-12T05:14:52.171+0100][gc,heap     ] GC(1) Humongous regions: 0->0
[2024-07-12T05:14:52.171+0100][gc,metaspace] GC(1) Metaspace: 21388K(21504K)->21388K(21504K) NonClass: 18815K(18880K)->18815K(18880K) Class: 2572K(2624K)->2572K(2624K)
[2024-07-12T05:14:52.171+0100][gc          ] GC(1) Pause Young (Concurrent Start) (Metadata GC Threshold) 26M->10M(1024M) 4.968ms
[2024-07-12T05:14:52.171+0100][gc,cpu      ] GC(1) User=0.02s Sys=0.00s Real=0.02s
[2024-07-12T05:14:52.171+0100][gc          ] GC(2) Concurrent Mark Cycle
[2024-07-12T05:14:52.171+0100][gc,marking  ] GC(2) Concurrent Scan Root Regions
[2024-07-12T05:14:52.171+0100][gc,marking  ] GC(2) Concurrent Scan Root Regions 1.479ms
[2024-07-12T05:14:52.171+0100][gc,marking  ] GC(2) Concurrent Mark
[2024-07-12T05:14:52.171+0100][gc,marking  ] GC(2) Concurrent Mark From Roots
[2024-07-12T05:14:52.171+0100][gc,task     ] GC(2) Using 3 workers of 3 for marking
[2024-07-12T05:14:52.171+0100][gc,marking  ] GC(2) Concurrent Mark From Roots 1.707ms
[2024-07-12T05:14:52.171+0100][gc,marking  ] GC(2) Concurrent Preclean
[2024-07-12T05:14:52.171+0100][gc,marking  ] GC(2) Concurrent Preclean 0.019ms
[2024-07-12T05:14:52.171+0100][gc,start    ] GC(2) Pause Remark
[2024-07-12T05:14:52.171+0100][gc          ] GC(2) Pause Remark 11M->11M(1024M) 2.173ms
[2024-07-12T05:14:52.171+0100][gc,cpu      ] GC(2) User=0.00s Sys=0.00s Real=0.00s
[2024-07-12T05:14:52.171+0100][gc,marking  ] GC(2) Concurrent Mark 4.188ms
[2024-07-12T05:14:52.171+0100][gc,marking  ] GC(2) Concurrent Rebuild Remembered Sets and Scrub Regions
[2024-07-12T05:14:52.171+0100][gc,marking  ] GC(2) Concurrent Rebuild Remembered Sets and Scrub Regions 1.466ms
[2024-07-12T05:14:52.171+0100][gc,start    ] GC(2) Pause Cleanup
[2024-07-12T05:14:52.171+0100][gc          ] GC(2) Pause Cleanup 11M->11M(1024M) 0.242ms
[2024-07-12T05:14:52.171+0100][gc,cpu      ] GC(2) User=0.00s Sys=0.00s Real=0.00s
[2024-07-12T05:14:52.171+0100][gc,marking  ] GC(2) Concurrent Clear Claimed Marks
[2024-07-12T05:14:52.171+0100][gc,marking  ] GC(2) Concurrent Clear Claimed Marks 0.030ms
[2024-07-12T05:14:52.171+0100][gc,marking  ] GC(2) Concurrent Cleanup for Next Mark
[2024-07-12T05:14:52.171+0100][gc,marking  ] GC(2) Concurrent Cleanup for Next Mark 4.187ms
[2024-07-12T05:14:52.171+0100][gc          ] GC(2) Concurrent Mark Cycle 12.169ms
[2024-07-12T05:14:53.093+0100][gc,start    ] GC(3) Pause Young (Normal) (G1 Evacuation Pause)
[2024-07-12T05:14:53.093+0100][gc,task     ] GC(3) Using 10 workers of 10 for evacuation
[2024-07-12T05:14:53.097+0100][gc,phases   ] GC(3)   Pre Evacuate Collection Set: 0.19ms
[2024-07-12T05:14:53.097+0100][gc,phases   ] GC(3)   Merge Heap Roots: 0.07ms
[2024-07-12T05:14:53.097+0100][gc,phases   ] GC(3)   Evacuate Collection Set: 3.12ms
[2024-07-12T05:14:53.097+0100][gc,phases   ] GC(3)   Post Evacuate Collection Set: 0.62ms
[2024-07-12T05:14:53.097+0100][gc,phases   ] GC(3)   Other: 0.08ms
[2024-07-12T05:14:53.097+0100][gc,heap     ] GC(3) Eden regions: 49->0(46)
[2024-07-12T05:14:53.097+0100][gc,heap     ] GC(3) Survivor regions: 2->5(7)
[2024-07-12T05:14:53.097+0100][gc,heap     ] GC(3) Old regions: 9->9
[2024-07-12T05:14:53.097+0100][gc,heap     ] GC(3) Humongous regions: 9->9
[2024-07-12T05:14:53.097+0100][gc,metaspace] GC(3) Metaspace: 32950K(33280K)->32950K(33280K) NonClass: 28857K(29056K)->28857K(29056K) Class: 4093K(4224K)->4093K(4224K)
[2024-07-12T05:14:53.097+0100][gc          ] GC(3) Pause Young (Normal) (G1 Evacuation Pause) 68M->22M(1024M) 4.402ms
[2024-07-12T05:14:53.097+0100][gc,cpu      ] GC(3) User=0.00s Sys=0.00s Real=0.00s
[2024-07-12T05:14:53.408+0100][gc,start    ] GC(4) Pause Young (Concurrent Start) (Metadata GC Threshold)
[2024-07-12T05:14:53.408+0100][gc,task     ] GC(4) Using 10 workers of 10 for evacuation
[2024-07-12T05:14:53.408+0100][gc,phases   ] GC(4)   Pre Evacuate Collection Set: 0.65ms
[2024-07-12T05:14:53.408+0100][gc,phases   ] GC(4)   Merge Heap Roots: 0.14ms
[2024-07-12T05:14:53.408+0100][gc,phases   ] GC(4)   Evacuate Collection Set: 5.92ms
[2024-07-12T05:14:53.408+0100][gc,phases   ] GC(4)   Post Evacuate Collection Set: 0.68ms
[2024-07-12T05:14:53.408+0100][gc,phases   ] GC(4)   Other: 0.36ms
[2024-07-12T05:14:53.408+0100][gc,heap     ] GC(4) Eden regions: 19->0(45)
[2024-07-12T05:14:53.408+0100][gc,heap     ] GC(4) Survivor regions: 5->6(7)
[2024-07-12T05:14:53.408+0100][gc,heap     ] GC(4) Old regions: 9->11
[2024-07-12T05:14:53.408+0100][gc,heap     ] GC(4) Humongous regions: 9->9
[2024-07-12T05:14:53.408+0100][gc,metaspace] GC(4) Metaspace: 35639K(35968K)->35639K(35968K) NonClass: 31353K(31552K)->31353K(31552K) Class: 4286K(4416K)->4286K(4416K)
[2024-07-12T05:14:53.408+0100][gc          ] GC(4) Pause Young (Concurrent Start) (Metadata GC Threshold) 41M->25M(1024M) 8.397ms
[2024-07-12T05:14:53.408+0100][gc          ] GC(5) Concurrent Mark Cycle
[2024-07-12T05:14:53.408+0100][gc,cpu      ] GC(4) User=0.00s Sys=0.00s Real=0.00s
[2024-07-12T05:14:53.408+0100][gc,marking  ] GC(5) Concurrent Scan Root Regions
[2024-07-12T05:14:53.426+0100][gc,marking  ] GC(5) Concurrent Scan Root Regions 4.611ms
[2024-07-12T05:14:53.426+0100][gc,marking  ] GC(5) Concurrent Mark
[2024-07-12T05:14:53.426+0100][gc,marking  ] GC(5) Concurrent Mark From Roots
[2024-07-12T05:14:53.426+0100][gc,task     ] GC(5) Using 3 workers of 3 for marking
[2024-07-12T05:14:53.437+0100][gc,marking  ] GC(5) Concurrent Mark From Roots 11.392ms
[2024-07-12T05:14:53.437+0100][gc,marking  ] GC(5) Concurrent Preclean
[2024-07-12T05:14:53.437+0100][gc,marking  ] GC(5) Concurrent Preclean 0.094ms
[2024-07-12T05:14:53.437+0100][gc,start    ] GC(5) Pause Remark
[2024-07-12T05:14:53.440+0100][gc          ] GC(5) Pause Remark 26M->26M(1024M) 3.065ms
[2024-07-12T05:14:53.440+0100][gc,cpu      ] GC(5) User=0.00s Sys=0.00s Real=0.00s
[2024-07-12T05:14:53.440+0100][gc,marking  ] GC(5) Concurrent Mark 15.021ms
[2024-07-12T05:14:53.440+0100][gc,marking  ] GC(5) Concurrent Rebuild Remembered Sets and Scrub Regions
[2024-07-12T05:14:53.447+0100][gc,marking  ] GC(5) Concurrent Rebuild Remembered Sets and Scrub Regions 6.111ms
[2024-07-12T05:14:53.447+0100][gc,start    ] GC(5) Pause Cleanup
[2024-07-12T05:14:53.447+0100][gc          ] GC(5) Pause Cleanup 26M->26M(1024M) 0.384ms
[2024-07-12T05:14:53.447+0100][gc,cpu      ] GC(5) User=0.00s Sys=0.00s Real=0.00s
[2024-07-12T05:14:53.447+0100][gc,marking  ] GC(5) Concurrent Clear Claimed Marks
[2024-07-12T05:14:53.447+0100][gc,marking  ] GC(5) Concurrent Clear Claimed Marks 0.100ms
[2024-07-12T05:14:53.447+0100][gc,marking  ] GC(5) Concurrent Cleanup for Next Mark
[2024-07-12T05:14:53.452+0100][gc,marking  ] GC(5) Concurrent Cleanup for Next Mark 4.037ms
[2024-07-12T05:14:53.452+0100][gc          ] GC(5) Concurrent Mark Cycle 31.269ms
[2024-07-12T05:14:56.634+0100][gc,start    ] GC(6) Pause Young (Prepare Mixed) (G1 Evacuation Pause)
[2024-07-12T05:14:56.635+0100][gc,task     ] GC(6) Using 10 workers of 10 for evacuation
[2024-07-12T05:14:56.646+0100][gc,phases   ] GC(6)   Pre Evacuate Collection Set: 0.42ms
[2024-07-12T05:14:56.646+0100][gc,phases   ] GC(6)   Merge Heap Roots: 0.11ms
[2024-07-12T05:14:56.646+0100][gc,phases   ] GC(6)   Evacuate Collection Set: 7.72ms
[2024-07-12T05:14:56.646+0100][gc,phases   ] GC(6)   Post Evacuate Collection Set: 2.66ms
[2024-07-12T05:14:56.647+0100][gc,phases   ] GC(6)   Other: 0.20ms
[2024-07-12T05:14:56.647+0100][gc,heap     ] GC(6) Eden regions: 45->0(44)
[2024-07-12T05:14:56.647+0100][gc,heap     ] GC(6) Survivor regions: 6->7(7)
[2024-07-12T05:14:56.647+0100][gc,heap     ] GC(6) Old regions: 11->14
[2024-07-12T05:14:56.647+0100][gc,heap     ] GC(6) Humongous regions: 147->147
[2024-07-12T05:14:56.647+0100][gc,metaspace] GC(6) Metaspace: 39993K(40448K)->39993K(40448K) NonClass: 35107K(35392K)->35107K(35392K) Class: 4885K(5056K)->4885K(5056K)
[2024-07-12T05:14:56.647+0100][gc          ] GC(6) Pause Young (Prepare Mixed) (G1 Evacuation Pause) 208M->166M(1024M) 12.484ms
[2024-07-12T05:14:56.647+0100][gc,cpu      ] GC(6) User=0.06s Sys=0.00s Real=0.01s
