[2024-07-12T10:05:41.491+0100][gc,init] CardTable entry size: 512
[2024-07-12T10:05:41.491+0100][gc     ] Using G1
[2024-07-12T10:05:41.491+0100][gc,init] Version: 22.0.1+8-16 (release)
[2024-07-12T10:05:41.491+0100][gc,init] CPUs: 12 total, 12 available
[2024-07-12T10:05:41.491+0100][gc,init] Memory: 16146M
[2024-07-12T10:05:41.491+0100][gc,init] Large Page Support: Disabled
[2024-07-12T10:05:41.491+0100][gc,init] NUMA Support: Disabled
[2024-07-12T10:05:41.491+0100][gc,init] Compressed Oops: Enabled (32-bit)
[2024-07-12T10:05:41.491+0100][gc,init] Heap Region Size: 1M
[2024-07-12T10:05:41.491+0100][gc,init] Heap Min Capacity: 1G
[2024-07-12T10:05:41.491+0100][gc,init] Heap Initial Capacity: 1G
[2024-07-12T10:05:41.491+0100][gc,init] Heap Max Capacity: 1G
[2024-07-12T10:05:41.491+0100][gc,init] Pre-touch: Disabled
[2024-07-12T10:05:41.491+0100][gc,init] Parallel Workers: 10
[2024-07-12T10:05:41.491+0100][gc,init] Concurrent Workers: 3
[2024-07-12T10:05:41.491+0100][gc,init] Concurrent Refinement Workers: 10
[2024-07-12T10:05:41.491+0100][gc,init] Periodic GC: Disabled
[2024-07-12T10:05:41.506+0100][gc,metaspace] CDS archive(s) mapped at: [0x00000245be000000-0x00000245bec60000-0x00000245bec60000), size 12976128, SharedBaseAddress: 0x00000245be000000, ArchiveRelocationMode: 1.
[2024-07-12T10:05:41.506+0100][gc,metaspace] Compressed class space mapped at: 0x00000245bf000000-0x00000245ff000000, reserved size: 1073741824
[2024-07-12T10:05:41.506+0100][gc,metaspace] Narrow klass base: 0x00000245be000000, Narrow klass shift: 0, Narrow klass range: 0x41000000
[2024-07-12T10:05:43.257+0100][gc,start    ] GC(0) Pause Young (Normal) (G1 Evacuation Pause)
[2024-07-12T10:05:43.258+0100][gc,task     ] GC(0) Using 10 workers of 10 for evacuation
[2024-07-12T10:05:43.273+0100][gc,phases   ] GC(0)   Pre Evacuate Collection Set: 0.20ms
[2024-07-12T10:05:43.273+0100][gc,phases   ] GC(0)   Merge Heap Roots: 0.13ms
[2024-07-12T10:05:43.273+0100][gc,phases   ] GC(0)   Evacuate Collection Set: 15.37ms
[2024-07-12T10:05:43.273+0100][gc,phases   ] GC(0)   Post Evacuate Collection Set: 0.99ms
[2024-07-12T10:05:43.273+0100][gc,phases   ] GC(0)   Other: 1.04ms
[2024-07-12T10:05:43.273+0100][gc,heap     ] GC(0) Eden regions: 51->0(44)
[2024-07-12T10:05:43.273+0100][gc,heap     ] GC(0) Survivor regions: 0->7(7)
[2024-07-12T10:05:43.273+0100][gc,heap     ] GC(0) Old regions: 0->2
[2024-07-12T10:05:43.273+0100][gc,heap     ] GC(0) Humongous regions: 0->0
[2024-07-12T10:05:43.273+0100][gc,metaspace] GC(0) Metaspace: 17225K(17408K)->17225K(17408K) NonClass: 15129K(15232K)->15129K(15232K) Class: 2096K(2176K)->2096K(2176K)
[2024-07-12T10:05:43.273+0100][gc          ] GC(0) Pause Young (Normal) (G1 Evacuation Pause) 51M->9M(1024M) 18.512ms
[2024-07-12T10:05:43.273+0100][gc,cpu      ] GC(0) User=0.00s Sys=0.02s Real=0.02s
[2024-07-12T10:05:43.590+0100][gc,start    ] GC(1) Pause Young (Concurrent Start) (Metadata GC Threshold)
[2024-07-12T10:05:43.590+0100][gc,task     ] GC(1) Using 10 workers of 10 for evacuation
[2024-07-12T10:05:43.603+0100][gc,phases   ] GC(1)   Pre Evacuate Collection Set: 0.87ms
[2024-07-12T10:05:43.603+0100][gc,phases   ] GC(1)   Merge Heap Roots: 0.09ms
[2024-07-12T10:05:43.603+0100][gc,phases   ] GC(1)   Evacuate Collection Set: 12.04ms
[2024-07-12T10:05:43.603+0100][gc,phases   ] GC(1)   Post Evacuate Collection Set: 0.85ms
[2024-07-12T10:05:43.603+0100][gc,phases   ] GC(1)   Other: -0.16ms
[2024-07-12T10:05:43.603+0100][gc,heap     ] GC(1) Eden regions: 16->0(49)
[2024-07-12T10:05:43.603+0100][gc,heap     ] GC(1) Survivor regions: 7->2(7)
[2024-07-12T10:05:43.603+0100][gc,heap     ] GC(1) Old regions: 2->10
[2024-07-12T10:05:43.603+0100][gc,heap     ] GC(1) Humongous regions: 0->0
[2024-07-12T10:05:43.603+0100][gc,metaspace] GC(1) Metaspace: 21386K(21504K)->21386K(21504K) NonClass: 18813K(18880K)->18813K(18880K) Class: 2573K(2624K)->2573K(2624K)
[2024-07-12T10:05:43.603+0100][gc          ] GC(1) Pause Young (Concurrent Start) (Metadata GC Threshold) 25M->10M(1024M) 13.940ms
[2024-07-12T10:05:43.603+0100][gc,cpu      ] GC(1) User=0.00s Sys=0.00s Real=0.01s
[2024-07-12T10:05:43.603+0100][gc          ] GC(2) Concurrent Mark Cycle
[2024-07-12T10:05:43.603+0100][gc,marking  ] GC(2) Concurrent Scan Root Regions
[2024-07-12T10:05:43.603+0100][gc,marking  ] GC(2) Concurrent Scan Root Regions 1.721ms
[2024-07-12T10:05:43.603+0100][gc,marking  ] GC(2) Concurrent Mark
[2024-07-12T10:05:43.603+0100][gc,marking  ] GC(2) Concurrent Mark From Roots
[2024-07-12T10:05:43.603+0100][gc,task     ] GC(2) Using 3 workers of 3 for marking
[2024-07-12T10:05:43.603+0100][gc,marking  ] GC(2) Concurrent Mark From Roots 1.724ms
[2024-07-12T10:05:43.603+0100][gc,marking  ] GC(2) Concurrent Preclean
[2024-07-12T10:05:43.603+0100][gc,marking  ] GC(2) Concurrent Preclean 0.032ms
[2024-07-12T10:05:43.603+0100][gc,start    ] GC(2) Pause Remark
[2024-07-12T10:05:43.603+0100][gc          ] GC(2) Pause Remark 11M->11M(1024M) 2.810ms
[2024-07-12T10:05:43.603+0100][gc,cpu      ] GC(2) User=0.00s Sys=0.00s Real=0.00s
[2024-07-12T10:05:43.603+0100][gc,marking  ] GC(2) Concurrent Mark 4.817ms
[2024-07-12T10:05:43.603+0100][gc,marking  ] GC(2) Concurrent Rebuild Remembered Sets and Scrub Regions
[2024-07-12T10:05:43.603+0100][gc,marking  ] GC(2) Concurrent Rebuild Remembered Sets and Scrub Regions 1.130ms
[2024-07-12T10:05:43.603+0100][gc,start    ] GC(2) Pause Cleanup
[2024-07-12T10:05:43.603+0100][gc          ] GC(2) Pause Cleanup 11M->11M(1024M) 0.195ms
[2024-07-12T10:05:43.603+0100][gc,cpu      ] GC(2) User=0.00s Sys=0.00s Real=0.00s
[2024-07-12T10:05:43.603+0100][gc,marking  ] GC(2) Concurrent Clear Claimed Marks
[2024-07-12T10:05:43.603+0100][gc,marking  ] GC(2) Concurrent Clear Claimed Marks 0.031ms
[2024-07-12T10:05:43.603+0100][gc,marking  ] GC(2) Concurrent Cleanup for Next Mark
[2024-07-12T10:05:43.619+0100][gc,marking  ] GC(2) Concurrent Cleanup for Next Mark 16.889ms
[2024-07-12T10:05:43.619+0100][gc          ] GC(2) Concurrent Mark Cycle 25.388ms
[2024-07-12T10:05:44.712+0100][gc,start    ] GC(3) Pause Young (Normal) (G1 Evacuation Pause)
[2024-07-12T10:05:44.712+0100][gc,task     ] GC(3) Using 10 workers of 10 for evacuation
[2024-07-12T10:05:44.717+0100][gc,phases   ] GC(3)   Pre Evacuate Collection Set: 0.24ms
[2024-07-12T10:05:44.717+0100][gc,phases   ] GC(3)   Merge Heap Roots: 0.09ms
[2024-07-12T10:05:44.717+0100][gc,phases   ] GC(3)   Evacuate Collection Set: 4.86ms
[2024-07-12T10:05:44.717+0100][gc,phases   ] GC(3)   Post Evacuate Collection Set: 0.66ms
[2024-07-12T10:05:44.717+0100][gc,phases   ] GC(3)   Other: 0.10ms
[2024-07-12T10:05:44.717+0100][gc,heap     ] GC(3) Eden regions: 49->0(46)
[2024-07-12T10:05:44.717+0100][gc,heap     ] GC(3) Survivor regions: 2->5(7)
[2024-07-12T10:05:44.717+0100][gc,heap     ] GC(3) Old regions: 10->10
[2024-07-12T10:05:44.717+0100][gc,heap     ] GC(3) Humongous regions: 9->9
[2024-07-12T10:05:44.717+0100][gc,metaspace] GC(3) Metaspace: 32226K(32576K)->32226K(32576K) NonClass: 28284K(28480K)->28284K(28480K) Class: 3942K(4096K)->3942K(4096K)
[2024-07-12T10:05:44.717+0100][gc          ] GC(3) Pause Young (Normal) (G1 Evacuation Pause) 68M->22M(1024M) 6.316ms
[2024-07-12T10:05:44.717+0100][gc,cpu      ] GC(3) User=0.00s Sys=0.00s Real=0.01s
[2024-07-12T10:05:45.166+0100][gc,start    ] GC(4) Pause Young (Concurrent Start) (Metadata GC Threshold)
[2024-07-12T10:05:45.166+0100][gc,task     ] GC(4) Using 10 workers of 10 for evacuation
[2024-07-12T10:05:45.173+0100][gc,phases   ] GC(4)   Pre Evacuate Collection Set: 0.32ms
[2024-07-12T10:05:45.173+0100][gc,phases   ] GC(4)   Merge Heap Roots: 0.07ms
[2024-07-12T10:05:45.173+0100][gc,phases   ] GC(4)   Evacuate Collection Set: 5.69ms
[2024-07-12T10:05:45.173+0100][gc,phases   ] GC(4)   Post Evacuate Collection Set: 0.70ms
[2024-07-12T10:05:45.173+0100][gc,phases   ] GC(4)   Other: 0.13ms
[2024-07-12T10:05:45.173+0100][gc,heap     ] GC(4) Eden regions: 22->0(44)
[2024-07-12T10:05:45.173+0100][gc,heap     ] GC(4) Survivor regions: 5->7(7)
[2024-07-12T10:05:45.173+0100][gc,heap     ] GC(4) Old regions: 10->12
[2024-07-12T10:05:45.173+0100][gc,heap     ] GC(4) Humongous regions: 9->9
[2024-07-12T10:05:45.173+0100][gc,metaspace] GC(4) Metaspace: 35666K(35968K)->35666K(35968K) NonClass: 31371K(31552K)->31371K(31552K) Class: 4295K(4416K)->4295K(4416K)
[2024-07-12T10:05:45.173+0100][gc          ] GC(4) Pause Young (Concurrent Start) (Metadata GC Threshold) (Evacuation Failure: Pinned) 44M->27M(1024M) 7.398ms
[2024-07-12T10:05:45.173+0100][gc,cpu      ] GC(4) User=0.02s Sys=0.00s Real=0.01s
[2024-07-12T10:05:45.173+0100][gc          ] GC(5) Concurrent Mark Cycle
[2024-07-12T10:05:45.173+0100][gc,marking  ] GC(5) Concurrent Scan Root Regions
[2024-07-12T10:05:45.177+0100][gc,marking  ] GC(5) Concurrent Scan Root Regions 3.666ms
[2024-07-12T10:05:45.177+0100][gc,marking  ] GC(5) Concurrent Mark
[2024-07-12T10:05:45.177+0100][gc,marking  ] GC(5) Concurrent Mark From Roots
[2024-07-12T10:05:45.177+0100][gc,task     ] GC(5) Using 3 workers of 3 for marking
[2024-07-12T10:05:45.184+0100][gc,marking  ] GC(5) Concurrent Mark From Roots 7.185ms
[2024-07-12T10:05:45.184+0100][gc,marking  ] GC(5) Concurrent Preclean
[2024-07-12T10:05:45.184+0100][gc,marking  ] GC(5) Concurrent Preclean 0.148ms
[2024-07-12T10:05:45.194+0100][gc,start    ] GC(5) Pause Remark
[2024-07-12T10:05:45.199+0100][gc          ] GC(5) Pause Remark 28M->28M(1024M) 4.316ms
[2024-07-12T10:05:45.199+0100][gc,cpu      ] GC(5) User=0.00s Sys=0.00s Real=0.00s
[2024-07-12T10:05:45.199+0100][gc,marking  ] GC(5) Concurrent Mark 21.818ms
[2024-07-12T10:05:45.199+0100][gc,marking  ] GC(5) Concurrent Rebuild Remembered Sets and Scrub Regions
[2024-07-12T10:05:45.203+0100][gc,marking  ] GC(5) Concurrent Rebuild Remembered Sets and Scrub Regions 3.586ms
[2024-07-12T10:05:45.203+0100][gc,start    ] GC(5) Pause Cleanup
[2024-07-12T10:05:45.203+0100][gc          ] GC(5) Pause Cleanup 28M->28M(1024M) 0.257ms
[2024-07-12T10:05:45.203+0100][gc,cpu      ] GC(5) User=0.00s Sys=0.00s Real=0.00s
[2024-07-12T10:05:45.203+0100][gc,marking  ] GC(5) Concurrent Clear Claimed Marks
[2024-07-12T10:05:45.203+0100][gc,marking  ] GC(5) Concurrent Clear Claimed Marks 0.092ms
[2024-07-12T10:05:45.203+0100][gc,marking  ] GC(5) Concurrent Cleanup for Next Mark
[2024-07-12T10:05:45.208+0100][gc,marking  ] GC(5) Concurrent Cleanup for Next Mark 5.122ms
[2024-07-12T10:05:45.209+0100][gc          ] GC(5) Concurrent Mark Cycle 35.913ms
[2024-07-12T10:05:49.642+0100][gc,start    ] GC(6) Pause Young (Prepare Mixed) (G1 Evacuation Pause)
[2024-07-12T10:05:49.642+0100][gc,task     ] GC(6) Using 10 workers of 10 for evacuation
[2024-07-12T10:05:49.644+0100][gc,phases   ] GC(6)   Pre Evacuate Collection Set: 0.32ms
[2024-07-12T10:05:49.644+0100][gc,phases   ] GC(6)   Merge Heap Roots: 0.15ms
[2024-07-12T10:05:49.644+0100][gc,phases   ] GC(6)   Evacuate Collection Set: 4.15ms
[2024-07-12T10:05:49.644+0100][gc,phases   ] GC(6)   Post Evacuate Collection Set: 0.78ms
[2024-07-12T10:05:49.644+0100][gc,phases   ] GC(6)   Other: 0.07ms
[2024-07-12T10:05:49.644+0100][gc,heap     ] GC(6) Eden regions: 44->0(44)
[2024-07-12T10:05:49.644+0100][gc,heap     ] GC(6) Survivor regions: 7->7(7)
[2024-07-12T10:05:49.648+0100][gc,heap     ] GC(6) Old regions: 12->14
[2024-07-12T10:05:49.648+0100][gc,heap     ] GC(6) Humongous regions: 138->138
[2024-07-12T10:05:49.648+0100][gc,metaspace] GC(6) Metaspace: 38429K(38848K)->38429K(38848K) NonClass: 33841K(34112K)->33841K(34112K) Class: 4588K(4736K)->4588K(4736K)
[2024-07-12T10:05:49.648+0100][gc          ] GC(6) Pause Young (Prepare Mixed) (G1 Evacuation Pause) 200M->157M(1024M) 5.717ms
[2024-07-12T10:05:49.648+0100][gc,cpu      ] GC(6) User=0.00s Sys=0.00s Real=0.01s
[2024-07-12T10:08:34.472+0100][gc,start    ] GC(7) Pause Young (Mixed) (G1 Evacuation Pause)
[2024-07-12T10:08:34.472+0100][gc,task     ] GC(7) Using 10 workers of 10 for evacuation
[2024-07-12T10:08:34.480+0100][gc,phases   ] GC(7)   Pre Evacuate Collection Set: 0.28ms
[2024-07-12T10:08:34.480+0100][gc,phases   ] GC(7)   Merge Heap Roots: 0.07ms
[2024-07-12T10:08:34.480+0100][gc,phases   ] GC(7)   Evacuate Collection Set: 5.27ms
[2024-07-12T10:08:34.480+0100][gc,phases   ] GC(7)   Post Evacuate Collection Set: 1.04ms
[2024-07-12T10:08:34.480+0100][gc,phases   ] GC(7)   Other: 0.15ms
[2024-07-12T10:08:34.480+0100][gc,heap     ] GC(7) Eden regions: 44->0(45)
[2024-07-12T10:08:34.480+0100][gc,heap     ] GC(7) Survivor regions: 7->6(7)
[2024-07-12T10:08:34.480+0100][gc,heap     ] GC(7) Old regions: 14->17
[2024-07-12T10:08:34.480+0100][gc,heap     ] GC(7) Humongous regions: 156->138
[2024-07-12T10:08:34.480+0100][gc,metaspace] GC(7) Metaspace: 42693K(43328K)->42693K(43328K) NonClass: 37428K(37760K)->37428K(37760K) Class: 5264K(5568K)->5264K(5568K)
[2024-07-12T10:08:34.480+0100][gc          ] GC(7) Pause Young (Mixed) (G1 Evacuation Pause) 219M->159M(1024M) 7.323ms
[2024-07-12T10:08:34.480+0100][gc,cpu      ] GC(7) User=0.02s Sys=0.00s Real=0.01s
[2024-07-12T10:10:28.574+0100][gc,start    ] GC(8) Pause Young (Normal) (G1 Evacuation Pause)
[2024-07-12T10:10:28.574+0100][gc,task     ] GC(8) Using 10 workers of 10 for evacuation
[2024-07-12T10:10:28.579+0100][gc,phases   ] GC(8)   Pre Evacuate Collection Set: 0.39ms
[2024-07-12T10:10:28.579+0100][gc,phases   ] GC(8)   Merge Heap Roots: 0.09ms
[2024-07-12T10:10:28.579+0100][gc,phases   ] GC(8)   Evacuate Collection Set: 3.53ms
[2024-07-12T10:10:28.579+0100][gc,phases   ] GC(8)   Post Evacuate Collection Set: 0.92ms
[2024-07-12T10:10:28.579+0100][gc,phases   ] GC(8)   Other: 0.07ms
[2024-07-12T10:10:28.579+0100][gc,heap     ] GC(8) Eden regions: 45->0(46)
[2024-07-12T10:10:28.579+0100][gc,heap     ] GC(8) Survivor regions: 6->5(7)
[2024-07-12T10:10:28.579+0100][gc,heap     ] GC(8) Old regions: 17->20
[2024-07-12T10:10:28.579+0100][gc,heap     ] GC(8) Humongous regions: 138->138
[2024-07-12T10:10:28.579+0100][gc,metaspace] GC(8) Metaspace: 43434K(44032K)->43434K(44032K) NonClass: 38148K(38464K)->38148K(38464K) Class: 5285K(5568K)->5285K(5568K)
[2024-07-12T10:10:28.579+0100][gc          ] GC(8) Pause Young (Normal) (G1 Evacuation Pause) 204M->161M(1024M) 5.327ms
[2024-07-12T10:10:28.579+0100][gc,cpu      ] GC(8) User=0.00s Sys=0.00s Real=0.01s
[2024-07-12T10:12:48.053+0100][gc,start    ] GC(9) Pause Young (Normal) (G1 Evacuation Pause)
[2024-07-12T10:12:48.053+0100][gc,task     ] GC(9) Using 10 workers of 10 for evacuation
[2024-07-12T10:12:48.059+0100][gc,phases   ] GC(9)   Pre Evacuate Collection Set: 0.78ms
[2024-07-12T10:12:48.059+0100][gc,phases   ] GC(9)   Merge Heap Roots: 0.33ms
[2024-07-12T10:12:48.059+0100][gc,phases   ] GC(9)   Evacuate Collection Set: 4.80ms
[2024-07-12T10:12:48.059+0100][gc,phases   ] GC(9)   Post Evacuate Collection Set: 0.62ms
[2024-07-12T10:12:48.059+0100][gc,phases   ] GC(9)   Other: 0.21ms
[2024-07-12T10:12:48.059+0100][gc,heap     ] GC(9) Eden regions: 46->0(47)
[2024-07-12T10:12:48.059+0100][gc,heap     ] GC(9) Survivor regions: 5->4(7)
[2024-07-12T10:12:48.059+0100][gc,heap     ] GC(9) Old regions: 20->22
[2024-07-12T10:12:48.059+0100][gc,heap     ] GC(9) Humongous regions: 138->138
[2024-07-12T10:12:48.059+0100][gc,metaspace] GC(9) Metaspace: 43502K(44096K)->43502K(44096K) NonClass: 38215K(38528K)->38215K(38528K) Class: 5286K(5568K)->5286K(5568K)
[2024-07-12T10:12:48.059+0100][gc          ] GC(9) Pause Young (Normal) (G1 Evacuation Pause) 207M->163M(1024M) 7.148ms
[2024-07-12T10:12:48.060+0100][gc,cpu      ] GC(9) User=0.00s Sys=0.00s Real=0.01s
[2024-07-12T10:15:14.275+0100][gc,start    ] GC(10) Pause Young (Normal) (G1 Evacuation Pause)
[2024-07-12T10:15:14.275+0100][gc,task     ] GC(10) Using 10 workers of 10 for evacuation
[2024-07-12T10:15:14.281+0100][gc,phases   ] GC(10)   Pre Evacuate Collection Set: 0.61ms
[2024-07-12T10:15:14.281+0100][gc,phases   ] GC(10)   Merge Heap Roots: 0.07ms
[2024-07-12T10:15:14.281+0100][gc,phases   ] GC(10)   Evacuate Collection Set: 3.03ms
[2024-07-12T10:15:14.281+0100][gc,phases   ] GC(10)   Post Evacuate Collection Set: 0.59ms
[2024-07-12T10:15:14.281+0100][gc,phases   ] GC(10)   Other: 0.20ms
[2024-07-12T10:15:14.281+0100][gc,heap     ] GC(10) Eden regions: 47->0(45)
[2024-07-12T10:15:14.281+0100][gc,heap     ] GC(10) Survivor regions: 4->6(7)
[2024-07-12T10:15:14.281+0100][gc,heap     ] GC(10) Old regions: 22->22
[2024-07-12T10:15:14.281+0100][gc,heap     ] GC(10) Humongous regions: 138->138
[2024-07-12T10:15:14.281+0100][gc,metaspace] GC(10) Metaspace: 43692K(44352K)->43692K(44352K) NonClass: 38406K(38784K)->38406K(38784K) Class: 5286K(5568K)->5286K(5568K)
[2024-07-12T10:15:14.281+0100][gc          ] GC(10) Pause Young (Normal) (G1 Evacuation Pause) 210M->165M(1024M) 4.986ms
[2024-07-12T10:15:14.281+0100][gc,cpu      ] GC(10) User=0.00s Sys=0.00s Real=0.01s
[2024-07-12T10:17:35.390+0100][gc,start    ] GC(11) Pause Young (Normal) (G1 Evacuation Pause)
[2024-07-12T10:17:35.390+0100][gc,task     ] GC(11) Using 10 workers of 10 for evacuation
[2024-07-12T10:17:35.390+0100][gc,phases   ] GC(11)   Pre Evacuate Collection Set: 0.30ms
[2024-07-12T10:17:35.390+0100][gc,phases   ] GC(11)   Merge Heap Roots: 0.11ms
[2024-07-12T10:17:35.390+0100][gc,phases   ] GC(11)   Evacuate Collection Set: 2.99ms
[2024-07-12T10:17:35.390+0100][gc,phases   ] GC(11)   Post Evacuate Collection Set: 0.62ms
[2024-07-12T10:17:35.390+0100][gc,phases   ] GC(11)   Other: 0.12ms
[2024-07-12T10:17:35.390+0100][gc,heap     ] GC(11) Eden regions: 45->0(54)
[2024-07-12T10:17:35.390+0100][gc,heap     ] GC(11) Survivor regions: 6->4(7)
[2024-07-12T10:17:35.390+0100][gc,heap     ] GC(11) Old regions: 22->26
[2024-07-12T10:17:35.390+0100][gc,heap     ] GC(11) Humongous regions: 138->138
[2024-07-12T10:17:35.390+0100][gc,metaspace] GC(11) Metaspace: 43774K(44480K)->43774K(44480K) NonClass: 38472K(38848K)->38472K(38848K) Class: 5302K(5632K)->5302K(5632K)
[2024-07-12T10:17:35.390+0100][gc          ] GC(11) Pause Young (Normal) (G1 Evacuation Pause) 210M->167M(1024M) 4.383ms
[2024-07-12T10:17:35.390+0100][gc,cpu      ] GC(11) User=0.00s Sys=0.00s Real=0.00s
[2024-07-12T10:20:13.601+0100][gc,start    ] GC(12) Pause Young (Normal) (G1 Evacuation Pause)
[2024-07-12T10:20:13.601+0100][gc,task     ] GC(12) Using 10 workers of 10 for evacuation
[2024-07-12T10:20:13.605+0100][gc,phases   ] GC(12)   Pre Evacuate Collection Set: 0.19ms
[2024-07-12T10:20:13.606+0100][gc,phases   ] GC(12)   Merge Heap Roots: 0.15ms
[2024-07-12T10:20:13.606+0100][gc,phases   ] GC(12)   Evacuate Collection Set: 3.49ms
[2024-07-12T10:20:13.606+0100][gc,phases   ] GC(12)   Post Evacuate Collection Set: 0.53ms
[2024-07-12T10:20:13.606+0100][gc,phases   ] GC(12)   Other: 0.08ms
[2024-07-12T10:20:13.606+0100][gc,heap     ] GC(12) Eden regions: 47->0(44)
[2024-07-12T10:20:13.606+0100][gc,heap     ] GC(12) Survivor regions: 4->7(7)
[2024-07-12T10:20:13.606+0100][gc,heap     ] GC(12) Old regions: 26->26
[2024-07-12T10:20:13.606+0100][gc,heap     ] GC(12) Humongous regions: 138->138
[2024-07-12T10:20:13.606+0100][gc,metaspace] GC(12) Metaspace: 43827K(44480K)->43827K(44480K) NonClass: 38525K(38848K)->38525K(38848K) Class: 5302K(5632K)->5302K(5632K)
[2024-07-12T10:20:13.606+0100][gc          ] GC(12) Pause Young (Normal) (G1 Evacuation Pause) 214M->170M(1024M) 4.709ms
[2024-07-12T10:20:13.606+0100][gc,cpu      ] GC(12) User=0.02s Sys=0.00s Real=0.00s
[2024-07-12T10:22:40.295+0100][gc,start    ] GC(13) Pause Young (Normal) (G1 Evacuation Pause)
[2024-07-12T10:22:40.295+0100][gc,task     ] GC(13) Using 10 workers of 10 for evacuation
[2024-07-12T10:22:40.300+0100][gc,phases   ] GC(13)   Pre Evacuate Collection Set: 0.25ms
[2024-07-12T10:22:40.300+0100][gc,phases   ] GC(13)   Merge Heap Roots: 0.13ms
[2024-07-12T10:22:40.300+0100][gc,phases   ] GC(13)   Evacuate Collection Set: 3.87ms
[2024-07-12T10:22:40.300+0100][gc,phases   ] GC(13)   Post Evacuate Collection Set: 0.46ms
[2024-07-12T10:22:40.300+0100][gc,phases   ] GC(13)   Other: 0.07ms
[2024-07-12T10:22:40.300+0100][gc,heap     ] GC(13) Eden regions: 44->0(90)
[2024-07-12T10:22:40.300+0100][gc,heap     ] GC(13) Survivor regions: 7->4(7)
[2024-07-12T10:22:40.300+0100][gc,heap     ] GC(13) Old regions: 26->31
[2024-07-12T10:22:40.300+0100][gc,heap     ] GC(13) Humongous regions: 138->138
[2024-07-12T10:22:40.300+0100][gc,metaspace] GC(13) Metaspace: 43862K(44544K)->43862K(44544K) NonClass: 38560K(38912K)->38560K(38912K) Class: 5302K(5632K)->5302K(5632K)
[2024-07-12T10:22:40.300+0100][gc          ] GC(13) Pause Young (Normal) (G1 Evacuation Pause) 214M->172M(1024M) 5.055ms
[2024-07-12T10:22:40.300+0100][gc,cpu      ] GC(13) User=0.00s Sys=0.00s Real=0.00s
[2024-07-12T10:27:40.052+0100][gc,start    ] GC(14) Pause Young (Normal) (G1 Evacuation Pause)
[2024-07-12T10:27:40.052+0100][gc,task     ] GC(14) Using 10 workers of 10 for evacuation
[2024-07-12T10:27:40.052+0100][gc,phases   ] GC(14)   Pre Evacuate Collection Set: 0.50ms
[2024-07-12T10:27:40.052+0100][gc,phases   ] GC(14)   Merge Heap Roots: 0.13ms
[2024-07-12T10:27:40.052+0100][gc,phases   ] GC(14)   Evacuate Collection Set: 5.27ms
[2024-07-12T10:27:40.052+0100][gc,phases   ] GC(14)   Post Evacuate Collection Set: 0.67ms
[2024-07-12T10:27:40.052+0100][gc,phases   ] GC(14)   Other: 0.23ms
[2024-07-12T10:27:40.052+0100][gc,heap     ] GC(14) Eden regions: 89->0(79)
[2024-07-12T10:27:40.052+0100][gc,heap     ] GC(14) Survivor regions: 4->9(12)
[2024-07-12T10:27:40.052+0100][gc,heap     ] GC(14) Old regions: 31->31
[2024-07-12T10:27:40.052+0100][gc,heap     ] GC(14) Humongous regions: 138->138
[2024-07-12T10:27:40.052+0100][gc,metaspace] GC(14) Metaspace: 43977K(44672K)->43977K(44672K) NonClass: 38674K(39040K)->38674K(39040K) Class: 5302K(5632K)->5302K(5632K)
[2024-07-12T10:27:40.052+0100][gc          ] GC(14) Pause Young (Normal) (G1 Evacuation Pause) 261M->177M(1024M) 7.132ms
[2024-07-12T10:27:40.052+0100][gc,cpu      ] GC(14) User=0.00s Sys=0.00s Real=0.00s
[2024-07-12T10:32:11.882+0100][gc,start    ] GC(15) Pause Young (Normal) (G1 Evacuation Pause)
[2024-07-12T10:32:11.882+0100][gc,task     ] GC(15) Using 10 workers of 10 for evacuation
[2024-07-12T10:32:11.882+0100][gc,phases   ] GC(15)   Pre Evacuate Collection Set: 0.63ms
[2024-07-12T10:32:11.882+0100][gc,phases   ] GC(15)   Merge Heap Roots: 0.22ms
[2024-07-12T10:32:11.882+0100][gc,phases   ] GC(15)   Evacuate Collection Set: 8.37ms
[2024-07-12T10:32:11.882+0100][gc,phases   ] GC(15)   Post Evacuate Collection Set: 0.92ms
[2024-07-12T10:32:11.882+0100][gc,phases   ] GC(15)   Other: 0.13ms
[2024-07-12T10:32:11.882+0100][gc,heap     ] GC(15) Eden regions: 80->0(72)
[2024-07-12T10:32:11.882+0100][gc,heap     ] GC(15) Survivor regions: 9->12(12)
[2024-07-12T10:32:11.882+0100][gc,heap     ] GC(15) Old regions: 31->34
[2024-07-12T10:32:11.882+0100][gc,heap     ] GC(15) Humongous regions: 138->138
[2024-07-12T10:32:11.882+0100][gc,metaspace] GC(15) Metaspace: 44005K(44672K)->44005K(44672K) NonClass: 38702K(39040K)->38702K(39040K) Class: 5302K(5632K)->5302K(5632K)
[2024-07-12T10:32:11.882+0100][gc          ] GC(15) Pause Young (Normal) (G1 Evacuation Pause) 257M->183M(1024M) 10.578ms
[2024-07-12T10:32:11.882+0100][gc,cpu      ] GC(15) User=0.00s Sys=0.00s Real=0.00s
[2024-07-12T10:34:53.477+0100][gc,start    ] GC(16) Pause Young (Normal) (G1 Evacuation Pause)
[2024-07-12T10:34:53.478+0100][gc,task     ] GC(16) Using 10 workers of 10 for evacuation
[2024-07-12T10:34:53.488+0100][gc,phases   ] GC(16)   Pre Evacuate Collection Set: 0.32ms
[2024-07-12T10:34:53.488+0100][gc,phases   ] GC(16)   Merge Heap Roots: 0.11ms
[2024-07-12T10:34:53.488+0100][gc,phases   ] GC(16)   Evacuate Collection Set: 8.69ms
[2024-07-12T10:34:53.488+0100][gc,phases   ] GC(16)   Post Evacuate Collection Set: 0.47ms
[2024-07-12T10:34:53.488+0100][gc,phases   ] GC(16)   Other: 0.21ms
[2024-07-12T10:34:53.488+0100][gc,heap     ] GC(16) Eden regions: 48->0(107)
[2024-07-12T10:34:53.488+0100][gc,heap     ] GC(16) Survivor regions: 12->6(8)
[2024-07-12T10:34:53.488+0100][gc,heap     ] GC(16) Old regions: 34->44
[2024-07-12T10:34:53.488+0100][gc,heap     ] GC(16) Humongous regions: 138->138
[2024-07-12T10:34:53.488+0100][gc,metaspace] GC(16) Metaspace: 44018K(44672K)->44018K(44672K) NonClass: 38716K(39040K)->38716K(39040K) Class: 5302K(5632K)->5302K(5632K)
[2024-07-12T10:34:53.488+0100][gc          ] GC(16) Pause Young (Normal) (G1 Evacuation Pause) 231M->186M(1024M) 10.306ms
[2024-07-12T10:34:53.488+0100][gc,cpu      ] GC(16) User=0.00s Sys=0.00s Real=0.01s
[2024-07-12T10:41:33.203+0100][gc,start    ] GC(17) Pause Young (Normal) (G1 Evacuation Pause)
[2024-07-12T10:41:33.203+0100][gc,task     ] GC(17) Using 10 workers of 10 for evacuation
[2024-07-12T10:41:33.203+0100][gc,phases   ] GC(17)   Pre Evacuate Collection Set: 1.18ms
[2024-07-12T10:41:33.203+0100][gc,phases   ] GC(17)   Merge Heap Roots: 0.42ms
[2024-07-12T10:41:33.203+0100][gc,phases   ] GC(17)   Evacuate Collection Set: 8.17ms
[2024-07-12T10:41:33.203+0100][gc,phases   ] GC(17)   Post Evacuate Collection Set: 0.69ms
[2024-07-12T10:41:33.203+0100][gc,phases   ] GC(17)   Other: 0.29ms
[2024-07-12T10:41:33.203+0100][gc,heap     ] GC(17) Eden regions: 118->0(68)
[2024-07-12T10:41:33.203+0100][gc,heap     ] GC(17) Survivor regions: 6->12(16)
[2024-07-12T10:41:33.203+0100][gc,heap     ] GC(17) Old regions: 44->44
[2024-07-12T10:41:33.203+0100][gc,heap     ] GC(17) Humongous regions: 138->138
[2024-07-12T10:41:33.203+0100][gc,metaspace] GC(17) Metaspace: 44064K(44736K)->44064K(44736K) NonClass: 38762K(39104K)->38762K(39104K) Class: 5302K(5632K)->5302K(5632K)
[2024-07-12T10:41:33.203+0100][gc          ] GC(17) Pause Young (Normal) (G1 Evacuation Pause) 304M->192M(1024M) 11.216ms
[2024-07-12T10:41:33.203+0100][gc,cpu      ] GC(17) User=0.00s Sys=0.00s Real=0.00s
[2024-07-12T10:45:23.770+0100][gc,start    ] GC(18) Pause Young (Normal) (G1 Evacuation Pause)
[2024-07-12T10:45:23.770+0100][gc,task     ] GC(18) Using 10 workers of 10 for evacuation
[2024-07-12T10:45:23.770+0100][gc,phases   ] GC(18)   Pre Evacuate Collection Set: 1.10ms
[2024-07-12T10:45:23.770+0100][gc,phases   ] GC(18)   Merge Heap Roots: 0.36ms
[2024-07-12T10:45:23.770+0100][gc,phases   ] GC(18)   Evacuate Collection Set: 10.00ms
[2024-07-12T10:45:23.770+0100][gc,phases   ] GC(18)   Post Evacuate Collection Set: 0.69ms
[2024-07-12T10:45:23.770+0100][gc,phases   ] GC(18)   Other: 0.20ms
[2024-07-12T10:45:23.770+0100][gc,heap     ] GC(18) Eden regions: 76->0(128)
[2024-07-12T10:45:23.770+0100][gc,heap     ] GC(18) Survivor regions: 12->7(11)
[2024-07-12T10:45:23.770+0100][gc,heap     ] GC(18) Old regions: 44->53
[2024-07-12T10:45:23.770+0100][gc,heap     ] GC(18) Humongous regions: 138->138
[2024-07-12T10:45:23.770+0100][gc,metaspace] GC(18) Metaspace: 44814K(45568K)->44814K(45568K) NonClass: 39337K(39744K)->39337K(39744K) Class: 5477K(5824K)->5477K(5824K)
[2024-07-12T10:45:23.770+0100][gc          ] GC(18) Pause Young (Normal) (G1 Evacuation Pause) 268M->197M(1024M) 12.932ms
[2024-07-12T10:45:23.770+0100][gc,cpu      ] GC(18) User=0.00s Sys=0.00s Real=0.00s
[2024-07-12T10:52:22.526+0100][gc,start    ] GC(19) Pause Young (Normal) (G1 Evacuation Pause)
[2024-07-12T10:52:22.526+0100][gc,task     ] GC(19) Using 10 workers of 10 for evacuation
[2024-07-12T10:52:22.539+0100][gc,mmu      ] GC(19) MMU target violated: 21.0ms (20.0ms/21.0ms)
[2024-07-12T10:52:22.539+0100][gc,phases   ] GC(19)   Pre Evacuate Collection Set: 0.88ms
[2024-07-12T10:52:22.539+0100][gc,phases   ] GC(19)   Merge Heap Roots: 0.17ms
[2024-07-12T10:52:22.539+0100][gc,phases   ] GC(19)   Evacuate Collection Set: 19.51ms
[2024-07-12T10:52:22.539+0100][gc,phases   ] GC(19)   Post Evacuate Collection Set: 1.21ms
[2024-07-12T10:52:22.539+0100][gc,phases   ] GC(19)   Other: 0.42ms
[2024-07-12T10:52:22.539+0100][gc,heap     ] GC(19) Eden regions: 129->0(38)
[2024-07-12T10:52:22.539+0100][gc,heap     ] GC(19) Survivor regions: 7->15(17)
[2024-07-12T10:52:22.539+0100][gc,heap     ] GC(19) Old regions: 53->53
[2024-07-12T10:52:22.539+0100][gc,heap     ] GC(19) Humongous regions: 138->138
[2024-07-12T10:52:22.539+0100][gc,metaspace] GC(19) Metaspace: 44835K(45568K)->44835K(45568K) NonClass: 39357K(39744K)->39357K(39744K) Class: 5477K(5824K)->5477K(5824K)
[2024-07-12T10:52:22.539+0100][gc          ] GC(19) Pause Young (Normal) (G1 Evacuation Pause) 326M->205M(1024M) 22.607ms
[2024-07-12T10:52:22.539+0100][gc,cpu      ] GC(19) User=0.02s Sys=0.00s Real=0.01s
[2024-07-12T10:54:21.181+0100][gc,start    ] GC(20) Pause Young (Normal) (G1 Evacuation Pause)
[2024-07-12T10:54:21.181+0100][gc,task     ] GC(20) Using 10 workers of 10 for evacuation
[2024-07-12T10:54:21.186+0100][gc,phases   ] GC(20)   Pre Evacuate Collection Set: 0.59ms
[2024-07-12T10:54:21.186+0100][gc,phases   ] GC(20)   Merge Heap Roots: 0.19ms
[2024-07-12T10:54:21.186+0100][gc,phases   ] GC(20)   Evacuate Collection Set: 9.37ms
[2024-07-12T10:54:21.186+0100][gc,phases   ] GC(20)   Post Evacuate Collection Set: 0.86ms
[2024-07-12T10:54:21.186+0100][gc,phases   ] GC(20)   Other: 0.12ms
[2024-07-12T10:54:21.186+0100][gc,heap     ] GC(20) Eden regions: 37->0(160)
[2024-07-12T10:54:21.186+0100][gc,heap     ] GC(20) Survivor regions: 15->4(7)
[2024-07-12T10:54:21.186+0100][gc,heap     ] GC(20) Old regions: 53->65
[2024-07-12T10:54:21.186+0100][gc,heap     ] GC(20) Humongous regions: 138->138
[2024-07-12T10:54:21.186+0100][gc,metaspace] GC(20) Metaspace: 44842K(45568K)->44842K(45568K) NonClass: 39364K(39744K)->39364K(39744K) Class: 5477K(5824K)->5477K(5824K)
[2024-07-12T10:54:21.186+0100][gc          ] GC(20) Pause Young (Normal) (G1 Evacuation Pause) 242M->205M(1024M) 11.450ms
[2024-07-12T10:54:21.186+0100][gc,cpu      ] GC(20) User=0.02s Sys=0.00s Real=0.01s
[2024-07-12T11:03:18.707+0100][gc,start    ] GC(21) Pause Young (Normal) (G1 Evacuation Pause)
[2024-07-12T11:03:18.707+0100][gc,task     ] GC(21) Using 10 workers of 10 for evacuation
[2024-07-12T11:03:18.740+0100][gc,mmu      ] GC(21) MMU target violated: 21.0ms (20.0ms/21.0ms)
[2024-07-12T11:03:18.740+0100][gc,phases   ] GC(21)   Pre Evacuate Collection Set: 0.42ms
[2024-07-12T11:03:18.740+0100][gc,phases   ] GC(21)   Merge Heap Roots: 0.12ms
[2024-07-12T11:03:18.740+0100][gc,phases   ] GC(21)   Evacuate Collection Set: 30.79ms
[2024-07-12T11:03:18.740+0100][gc,phases   ] GC(21)   Post Evacuate Collection Set: 1.17ms
[2024-07-12T11:03:18.740+0100][gc,phases   ] GC(21)   Other: 0.45ms
[2024-07-12T11:03:18.740+0100][gc,heap     ] GC(21) Eden regions: 164->0(38)
[2024-07-12T11:03:18.740+0100][gc,heap     ] GC(21) Survivor regions: 4->13(21)
[2024-07-12T11:03:18.740+0100][gc,heap     ] GC(21) Old regions: 65->65
[2024-07-12T11:03:18.740+0100][gc,heap     ] GC(21) Humongous regions: 138->138
[2024-07-12T11:03:18.740+0100][gc,metaspace] GC(21) Metaspace: 44862K(45632K)->44862K(45632K) NonClass: 39384K(39808K)->39384K(39808K) Class: 5477K(5824K)->5477K(5824K)
[2024-07-12T11:03:18.740+0100][gc          ] GC(21) Pause Young (Normal) (G1 Evacuation Pause) 369M->214M(1024M) 33.313ms
[2024-07-12T11:03:18.741+0100][gc,cpu      ] GC(21) User=0.09s Sys=0.03s Real=0.03s
[2024-07-12T11:05:21.531+0100][gc,start    ] GC(22) Pause Young (Normal) (G1 Evacuation Pause)
[2024-07-12T11:05:21.531+0100][gc,task     ] GC(22) Using 10 workers of 10 for evacuation
[2024-07-12T11:05:21.554+0100][gc,mmu      ] GC(22) MMU target violated: 21.0ms (20.0ms/21.0ms)
[2024-07-12T11:05:21.556+0100][gc,phases   ] GC(22)   Pre Evacuate Collection Set: 0.84ms
[2024-07-12T11:05:21.556+0100][gc,phases   ] GC(22)   Merge Heap Roots: 0.15ms
[2024-07-12T11:05:21.556+0100][gc,phases   ] GC(22)   Evacuate Collection Set: 20.20ms
[2024-07-12T11:05:21.556+0100][gc,phases   ] GC(22)   Post Evacuate Collection Set: 1.92ms
[2024-07-12T11:05:21.556+0100][gc,phases   ] GC(22)   Other: 0.93ms
[2024-07-12T11:05:21.556+0100][gc,heap     ] GC(22) Eden regions: 38->0(62)
[2024-07-12T11:05:21.556+0100][gc,heap     ] GC(22) Survivor regions: 13->5(7)
[2024-07-12T11:05:21.556+0100][gc,heap     ] GC(22) Old regions: 65->76
[2024-07-12T11:05:21.556+0100][gc,heap     ] GC(22) Humongous regions: 138->138
[2024-07-12T11:05:21.556+0100][gc,metaspace] GC(22) Metaspace: 44863K(45632K)->44863K(45632K) NonClass: 39385K(39808K)->39385K(39808K) Class: 5477K(5824K)->5477K(5824K)
[2024-07-12T11:05:21.556+0100][gc          ] GC(22) Pause Young (Normal) (G1 Evacuation Pause) 252M->218M(1024M) 24.897ms
[2024-07-12T11:05:21.557+0100][gc,cpu      ] GC(22) User=0.05s Sys=0.02s Real=0.03s
[2024-07-12T11:08:15.805+0100][gc,start    ] GC(23) Pause Young (Normal) (G1 Evacuation Pause)
[2024-07-12T11:08:15.805+0100][gc,task     ] GC(23) Using 10 workers of 10 for evacuation
[2024-07-12T11:08:15.814+0100][gc,phases   ] GC(23)   Pre Evacuate Collection Set: 0.71ms
[2024-07-12T11:08:15.814+0100][gc,phases   ] GC(23)   Merge Heap Roots: 0.39ms
[2024-07-12T11:08:15.814+0100][gc,phases   ] GC(23)   Evacuate Collection Set: 7.37ms
[2024-07-12T11:08:15.814+0100][gc,phases   ] GC(23)   Post Evacuate Collection Set: 0.49ms
[2024-07-12T11:08:15.814+0100][gc,phases   ] GC(23)   Other: 0.21ms
[2024-07-12T11:08:15.814+0100][gc,heap     ] GC(23) Eden regions: 59->0(51)
[2024-07-12T11:08:15.814+0100][gc,heap     ] GC(23) Survivor regions: 5->8(8)
[2024-07-12T11:08:15.814+0100][gc,heap     ] GC(23) Old regions: 76->76
[2024-07-12T11:08:15.814+0100][gc,heap     ] GC(23) Humongous regions: 147->147
[2024-07-12T11:08:15.814+0100][gc,metaspace] GC(23) Metaspace: 44984K(45696K)->44984K(45696K) NonClass: 39480K(39872K)->39480K(39872K) Class: 5503K(5824K)->5503K(5824K)
[2024-07-12T11:08:15.814+0100][gc          ] GC(23) Pause Young (Normal) (G1 Evacuation Pause) 286M->230M(1024M) 9.613ms
[2024-07-12T11:08:15.814+0100][gc,cpu      ] GC(23) User=0.00s Sys=0.00s Real=0.01s
[2024-07-12T11:10:58.564+0100][gc,start    ] GC(24) Pause Young (Normal) (G1 Evacuation Pause)
[2024-07-12T11:10:58.564+0100][gc,task     ] GC(24) Using 10 workers of 10 for evacuation
[2024-07-12T11:10:58.572+0100][gc,phases   ] GC(24)   Pre Evacuate Collection Set: 0.70ms
[2024-07-12T11:10:58.572+0100][gc,phases   ] GC(24)   Merge Heap Roots: 0.30ms
[2024-07-12T11:10:58.572+0100][gc,phases   ] GC(24)   Evacuate Collection Set: 6.46ms
[2024-07-12T11:10:58.572+0100][gc,phases   ] GC(24)   Post Evacuate Collection Set: 0.52ms
[2024-07-12T11:10:58.572+0100][gc,phases   ] GC(24)   Other: 0.23ms
[2024-07-12T11:10:58.572+0100][gc,heap     ] GC(24) Eden regions: 50->0(117)
[2024-07-12T11:10:58.572+0100][gc,heap     ] GC(24) Survivor regions: 8->4(8)
[2024-07-12T11:10:58.572+0100][gc,heap     ] GC(24) Old regions: 76->82
[2024-07-12T11:10:58.572+0100][gc,heap     ] GC(24) Humongous regions: 147->147
[2024-07-12T11:10:58.572+0100][gc,metaspace] GC(24) Metaspace: 45006K(45696K)->45006K(45696K) NonClass: 39502K(39872K)->39502K(39872K) Class: 5503K(5824K)->5503K(5824K)
[2024-07-12T11:10:58.572+0100][gc          ] GC(24) Pause Young (Normal) (G1 Evacuation Pause) 280M->232M(1024M) 8.615ms
[2024-07-12T11:10:58.572+0100][gc,cpu      ] GC(24) User=0.00s Sys=0.00s Real=0.01s
[2024-07-12T11:18:07.132+0100][gc,start    ] GC(25) Pause Young (Normal) (G1 Evacuation Pause)
[2024-07-12T11:18:07.132+0100][gc,task     ] GC(25) Using 10 workers of 10 for evacuation
[2024-07-12T11:18:07.132+0100][gc,phases   ] GC(25)   Pre Evacuate Collection Set: 0.28ms
[2024-07-12T11:18:07.132+0100][gc,phases   ] GC(25)   Merge Heap Roots: 0.12ms
[2024-07-12T11:18:07.132+0100][gc,phases   ] GC(25)   Evacuate Collection Set: 6.25ms
[2024-07-12T11:18:07.132+0100][gc,phases   ] GC(25)   Post Evacuate Collection Set: 0.69ms
[2024-07-12T11:18:07.132+0100][gc,phases   ] GC(25)   Other: 0.09ms
[2024-07-12T11:18:07.132+0100][gc,heap     ] GC(25) Eden regions: 129->0(65)
[2024-07-12T11:18:07.132+0100][gc,heap     ] GC(25) Survivor regions: 4->12(17)
[2024-07-12T11:18:07.132+0100][gc,heap     ] GC(25) Old regions: 82->82
[2024-07-12T11:18:07.132+0100][gc,heap     ] GC(25) Humongous regions: 147->147
[2024-07-12T11:18:07.132+0100][gc,metaspace] GC(25) Metaspace: 45015K(45696K)->45015K(45696K) NonClass: 39511K(39872K)->39511K(39872K) Class: 5503K(5824K)->5503K(5824K)
[2024-07-12T11:18:07.132+0100][gc          ] GC(25) Pause Young (Normal) (G1 Evacuation Pause) 361M->239M(1024M) 7.693ms
[2024-07-12T11:18:07.132+0100][gc,cpu      ] GC(25) User=0.00s Sys=0.00s Real=0.00s
[2024-07-12T11:22:08.093+0100][gc,start    ] GC(26) Pause Young (Normal) (G1 Evacuation Pause)
[2024-07-12T11:22:08.093+0100][gc,task     ] GC(26) Using 10 workers of 10 for evacuation
[2024-07-12T11:22:08.104+0100][gc,phases   ] GC(26)   Pre Evacuate Collection Set: 0.87ms
[2024-07-12T11:22:08.104+0100][gc,phases   ] GC(26)   Merge Heap Roots: 0.59ms
[2024-07-12T11:22:08.104+0100][gc,phases   ] GC(26)   Evacuate Collection Set: 8.05ms
[2024-07-12T11:22:08.104+0100][gc,phases   ] GC(26)   Post Evacuate Collection Set: 0.62ms
[2024-07-12T11:22:08.104+0100][gc,phases   ] GC(26)   Other: 0.34ms
[2024-07-12T11:22:08.104+0100][gc,heap     ] GC(26) Eden regions: 73->0(175)
[2024-07-12T11:22:08.104+0100][gc,heap     ] GC(26) Survivor regions: 12->6(11)
[2024-07-12T11:22:08.104+0100][gc,heap     ] GC(26) Old regions: 82->90
[2024-07-12T11:22:08.104+0100][gc,heap     ] GC(26) Humongous regions: 147->147
[2024-07-12T11:22:08.104+0100][gc,metaspace] GC(26) Metaspace: 45015K(45696K)->45015K(45696K) NonClass: 39511K(39872K)->39511K(39872K) Class: 5503K(5824K)->5503K(5824K)
[2024-07-12T11:22:08.104+0100][gc          ] GC(26) Pause Young (Normal) (G1 Evacuation Pause) 312M->242M(1024M) 10.941ms
[2024-07-12T11:22:08.104+0100][gc,cpu      ] GC(26) User=0.00s Sys=0.00s Real=0.01s
[2024-07-12T11:30:37.459+0100][gc,start    ] GC(27) Pause Young (Normal) (G1 Evacuation Pause)
[2024-07-12T11:30:37.459+0100][gc,task     ] GC(27) Using 10 workers of 10 for evacuation
[2024-07-12T11:30:37.474+0100][gc,phases   ] GC(27)   Pre Evacuate Collection Set: 1.27ms
[2024-07-12T11:30:37.474+0100][gc,phases   ] GC(27)   Merge Heap Roots: 0.47ms
[2024-07-12T11:30:37.474+0100][gc,phases   ] GC(27)   Evacuate Collection Set: 13.15ms
[2024-07-12T11:30:37.474+0100][gc,phases   ] GC(27)   Post Evacuate Collection Set: 0.74ms
[2024-07-12T11:30:37.474+0100][gc,phases   ] GC(27)   Other: 0.27ms
[2024-07-12T11:30:37.474+0100][gc,heap     ] GC(27) Eden regions: 173->0(60)
[2024-07-12T11:30:37.474+0100][gc,heap     ] GC(27) Survivor regions: 6->16(23)
[2024-07-12T11:30:37.474+0100][gc,heap     ] GC(27) Old regions: 90->90
[2024-07-12T11:30:37.474+0100][gc,heap     ] GC(27) Humongous regions: 147->147
[2024-07-12T11:30:37.474+0100][gc,metaspace] GC(27) Metaspace: 45227K(45952K)->45227K(45952K) NonClass: 39686K(40064K)->39686K(40064K) Class: 5541K(5888K)->5541K(5888K)
[2024-07-12T11:30:37.474+0100][gc          ] GC(27) Pause Young (Normal) (G1 Evacuation Pause) 415M->252M(1024M) 16.509ms
[2024-07-12T11:30:37.474+0100][gc,cpu      ] GC(27) User=0.02s Sys=0.00s Real=0.01s
[2024-07-12T11:33:23.088+0100][gc,start    ] GC(28) Pause Young (Normal) (G1 Evacuation Pause)
[2024-07-12T11:33:23.088+0100][gc,task     ] GC(28) Using 10 workers of 10 for evacuation
[2024-07-12T11:33:23.100+0100][gc,phases   ] GC(28)   Pre Evacuate Collection Set: 0.35ms
[2024-07-12T11:33:23.100+0100][gc,phases   ] GC(28)   Merge Heap Roots: 0.11ms
[2024-07-12T11:33:23.100+0100][gc,phases   ] GC(28)   Evacuate Collection Set: 9.74ms
[2024-07-12T11:33:23.100+0100][gc,phases   ] GC(28)   Post Evacuate Collection Set: 0.85ms
[2024-07-12T11:33:23.100+0100][gc,phases   ] GC(28)   Other: 0.10ms
[2024-07-12T11:33:23.100+0100][gc,heap     ] GC(28) Eden regions: 57->0(207)
[2024-07-12T11:33:23.100+0100][gc,heap     ] GC(28) Survivor regions: 16->6(10)
[2024-07-12T11:33:23.100+0100][gc,heap     ] GC(28) Old regions: 90->105
[2024-07-12T11:33:23.100+0100][gc,heap     ] GC(28) Humongous regions: 147->147
[2024-07-12T11:33:23.100+0100][gc,metaspace] GC(28) Metaspace: 45230K(46016K)->45230K(46016K) NonClass: 39689K(40128K)->39689K(40128K) Class: 5541K(5888K)->5541K(5888K)
[2024-07-12T11:33:23.100+0100][gc          ] GC(28) Pause Young (Normal) (G1 Evacuation Pause) 309M->256M(1024M) 11.511ms
[2024-07-12T11:33:23.100+0100][gc,cpu      ] GC(28) User=0.00s Sys=0.02s Real=0.01s
[2024-07-12T11:43:41.642+0100][gc,start    ] GC(29) Pause Young (Normal) (G1 Evacuation Pause)
[2024-07-12T11:43:41.642+0100][gc,task     ] GC(29) Using 10 workers of 10 for evacuation
[2024-07-12T11:43:41.657+0100][gc,phases   ] GC(29)   Pre Evacuate Collection Set: 0.56ms
[2024-07-12T11:43:41.657+0100][gc,phases   ] GC(29)   Merge Heap Roots: 0.19ms
[2024-07-12T11:43:41.657+0100][gc,phases   ] GC(29)   Evacuate Collection Set: 15.56ms
[2024-07-12T11:43:41.657+0100][gc,phases   ] GC(29)   Post Evacuate Collection Set: 0.67ms
[2024-07-12T11:43:41.657+0100][gc,phases   ] GC(29)   Other: 0.44ms
[2024-07-12T11:43:41.657+0100][gc,heap     ] GC(29) Eden regions: 208->0(58)
[2024-07-12T11:43:41.657+0100][gc,heap     ] GC(29) Survivor regions: 6->18(27)
[2024-07-12T11:43:41.657+0100][gc,heap     ] GC(29) Old regions: 105->105
[2024-07-12T11:43:41.657+0100][gc,heap     ] GC(29) Humongous regions: 147->147
[2024-07-12T11:43:41.657+0100][gc,metaspace] GC(29) Metaspace: 45254K(46016K)->45254K(46016K) NonClass: 39712K(40128K)->39712K(40128K) Class: 5541K(5888K)->5541K(5888K)
[2024-07-12T11:43:41.657+0100][gc          ] GC(29) Pause Young (Normal) (G1 Evacuation Pause) 464M->269M(1024M) 17.786ms
[2024-07-12T11:43:41.657+0100][gc,cpu      ] GC(29) User=0.02s Sys=0.00s Real=0.02s
[2024-07-12T11:46:10.385+0100][gc,start    ] GC(30) Pause Young (Normal) (G1 Evacuation Pause)
[2024-07-12T11:46:10.385+0100][gc,task     ] GC(30) Using 10 workers of 10 for evacuation
[2024-07-12T11:46:10.396+0100][gc,phases   ] GC(30)   Pre Evacuate Collection Set: 0.48ms
[2024-07-12T11:46:10.396+0100][gc,phases   ] GC(30)   Merge Heap Roots: 0.12ms
[2024-07-12T11:46:10.396+0100][gc,phases   ] GC(30)   Evacuate Collection Set: 9.22ms
[2024-07-12T11:46:10.396+0100][gc,phases   ] GC(30)   Post Evacuate Collection Set: 0.78ms
[2024-07-12T11:46:10.396+0100][gc,phases   ] GC(30)   Other: 0.13ms
[2024-07-12T11:46:10.396+0100][gc,heap     ] GC(30) Eden regions: 57->0(157)
[2024-07-12T11:46:10.396+0100][gc,heap     ] GC(30) Survivor regions: 18->6(10)
[2024-07-12T11:46:10.396+0100][gc,heap     ] GC(30) Old regions: 105->121
[2024-07-12T11:46:10.396+0100][gc,heap     ] GC(30) Humongous regions: 147->147
[2024-07-12T11:46:10.396+0100][gc,metaspace] GC(30) Metaspace: 45296K(46080K)->45296K(46080K) NonClass: 39754K(40192K)->39754K(40192K) Class: 5542K(5888K)->5542K(5888K)
[2024-07-12T11:46:10.396+0100][gc          ] GC(30) Pause Young (Normal) (G1 Evacuation Pause) 326M->272M(1024M) 11.080ms
[2024-07-12T11:46:10.396+0100][gc,cpu      ] GC(30) User=0.02s Sys=0.00s Real=0.01s
[2024-07-12T11:52:36.530+0100][gc,start    ] GC(31) Pause Young (Normal) (G1 Evacuation Pause)
[2024-07-12T11:52:36.531+0100][gc,task     ] GC(31) Using 10 workers of 10 for evacuation
[2024-07-12T11:52:36.557+0100][gc,mmu      ] GC(31) MMU target violated: 21.0ms (20.0ms/21.0ms)
[2024-07-12T11:52:36.557+0100][gc,phases   ] GC(31)   Pre Evacuate Collection Set: 0.86ms
[2024-07-12T11:52:36.557+0100][gc,phases   ] GC(31)   Merge Heap Roots: 0.45ms
[2024-07-12T11:52:36.557+0100][gc,phases   ] GC(31)   Evacuate Collection Set: 23.67ms
[2024-07-12T11:52:36.557+0100][gc,phases   ] GC(31)   Post Evacuate Collection Set: 0.91ms
[2024-07-12T11:52:36.557+0100][gc,phases   ] GC(31)   Other: 0.41ms
[2024-07-12T11:52:36.557+0100][gc,heap     ] GC(31) Eden regions: 158->0(34)
[2024-07-12T11:52:36.557+0100][gc,heap     ] GC(31) Survivor regions: 6->17(21)
[2024-07-12T11:52:36.557+0100][gc,heap     ] GC(31) Old regions: 121->121
[2024-07-12T11:52:36.557+0100][gc,heap     ] GC(31) Humongous regions: 147->147
[2024-07-12T11:52:36.557+0100][gc,metaspace] GC(31) Metaspace: 45306K(46080K)->45306K(46080K) NonClass: 39763K(40192K)->39763K(40192K) Class: 5542K(5888K)->5542K(5888K)
[2024-07-12T11:52:36.557+0100][gc          ] GC(31) Pause Young (Normal) (G1 Evacuation Pause) 430M->283M(1024M) 26.891ms
[2024-07-12T11:52:36.557+0100][gc,cpu      ] GC(31) User=0.12s Sys=0.00s Real=0.03s
[2024-07-12T11:53:54.755+0100][gc,start    ] GC(32) Pause Young (Normal) (G1 Evacuation Pause)
[2024-07-12T11:53:54.756+0100][gc,task     ] GC(32) Using 10 workers of 10 for evacuation
[2024-07-12T11:53:54.767+0100][gc,phases   ] GC(32)   Pre Evacuate Collection Set: 0.28ms
[2024-07-12T11:53:54.767+0100][gc,phases   ] GC(32)   Merge Heap Roots: 0.07ms
[2024-07-12T11:53:54.768+0100][gc,phases   ] GC(32)   Evacuate Collection Set: 10.38ms
[2024-07-12T11:53:54.768+0100][gc,phases   ] GC(32)   Post Evacuate Collection Set: 0.55ms
[2024-07-12T11:53:54.768+0100][gc,phases   ] GC(32)   Other: 0.16ms
[2024-07-12T11:53:54.768+0100][gc,heap     ] GC(32) Eden regions: 34->0(108)
[2024-07-12T11:53:54.768+0100][gc,heap     ] GC(32) Survivor regions: 17->6(7)
[2024-07-12T11:53:54.768+0100][gc,heap     ] GC(32) Old regions: 121->136
[2024-07-12T11:53:54.768+0100][gc,heap     ] GC(32) Humongous regions: 147->147
[2024-07-12T11:53:54.768+0100][gc,metaspace] GC(32) Metaspace: 45306K(46080K)->45306K(46080K) NonClass: 39763K(40192K)->39763K(40192K) Class: 5542K(5888K)->5542K(5888K)
[2024-07-12T11:53:54.768+0100][gc          ] GC(32) Pause Young (Normal) (G1 Evacuation Pause) 317M->287M(1024M) 11.963ms
[2024-07-12T11:53:54.768+0100][gc,cpu      ] GC(32) User=0.00s Sys=0.00s Real=0.01s
[2024-07-12T11:58:03.594+0100][gc,start    ] GC(33) Pause Young (Normal) (G1 Evacuation Pause)
[2024-07-12T11:58:03.594+0100][gc,task     ] GC(33) Using 10 workers of 10 for evacuation
[2024-07-12T11:58:03.602+0100][gc,phases   ] GC(33)   Pre Evacuate Collection Set: 0.30ms
[2024-07-12T11:58:03.602+0100][gc,phases   ] GC(33)   Merge Heap Roots: 0.11ms
[2024-07-12T11:58:03.602+0100][gc,phases   ] GC(33)   Evacuate Collection Set: 5.92ms
[2024-07-12T11:58:03.602+0100][gc,phases   ] GC(33)   Post Evacuate Collection Set: 0.65ms
[2024-07-12T11:58:03.602+0100][gc,phases   ] GC(33)   Other: 0.15ms
[2024-07-12T11:58:03.602+0100][gc,heap     ] GC(33) Eden regions: 109->0(100)
[2024-07-12T11:58:03.602+0100][gc,heap     ] GC(33) Survivor regions: 6->11(15)
[2024-07-12T11:58:03.602+0100][gc,heap     ] GC(33) Old regions: 136->136
[2024-07-12T11:58:03.602+0100][gc,heap     ] GC(33) Humongous regions: 147->147
[2024-07-12T11:58:03.602+0100][gc,metaspace] GC(33) Metaspace: 45306K(46080K)->45306K(46080K) NonClass: 39764K(40192K)->39764K(40192K) Class: 5542K(5888K)->5542K(5888K)
[2024-07-12T11:58:03.602+0100][gc          ] GC(33) Pause Young (Normal) (G1 Evacuation Pause) 396M->293M(1024M) 7.423ms
[2024-07-12T11:58:03.602+0100][gc,cpu      ] GC(33) User=0.00s Sys=0.00s Real=0.01s
[2024-07-12T12:02:29.379+0100][gc,start    ] GC(34) Pause Young (Normal) (G1 Evacuation Pause)
[2024-07-12T12:02:29.379+0100][gc,task     ] GC(34) Using 10 workers of 10 for evacuation
[2024-07-12T12:02:29.390+0100][gc,phases   ] GC(34)   Pre Evacuate Collection Set: 0.29ms
[2024-07-12T12:02:29.390+0100][gc,phases   ] GC(34)   Merge Heap Roots: 0.09ms
[2024-07-12T12:02:29.390+0100][gc,phases   ] GC(34)   Evacuate Collection Set: 9.23ms
[2024-07-12T12:02:29.390+0100][gc,phases   ] GC(34)   Post Evacuate Collection Set: 0.74ms
[2024-07-12T12:02:29.390+0100][gc,phases   ] GC(34)   Other: 0.18ms
[2024-07-12T12:02:29.390+0100][gc,heap     ] GC(34) Eden regions: 99->0(152)
[2024-07-12T12:02:29.390+0100][gc,heap     ] GC(34) Survivor regions: 11->7(14)
[2024-07-12T12:02:29.390+0100][gc,heap     ] GC(34) Old regions: 136->145
[2024-07-12T12:02:29.390+0100][gc,heap     ] GC(34) Humongous regions: 147->147
[2024-07-12T12:02:29.390+0100][gc,metaspace] GC(34) Metaspace: 45738K(46464K)->45738K(46464K) NonClass: 40123K(40512K)->40123K(40512K) Class: 5615K(5952K)->5615K(5952K)
[2024-07-12T12:02:29.390+0100][gc          ] GC(34) Pause Young (Normal) (G1 Evacuation Pause) 392M->298M(1024M) 11.096ms
[2024-07-12T12:02:29.390+0100][gc,cpu      ] GC(34) User=0.14s Sys=0.00s Real=0.01s
[2024-07-12T12:07:21.895+0100][gc,start    ] GC(35) Pause Young (Normal) (G1 Evacuation Pause)
[2024-07-12T12:07:21.895+0100][gc,task     ] GC(35) Using 10 workers of 10 for evacuation
[2024-07-12T12:07:21.905+0100][gc,phases   ] GC(35)   Pre Evacuate Collection Set: 0.79ms
[2024-07-12T12:07:21.905+0100][gc,phases   ] GC(35)   Merge Heap Roots: 0.43ms
[2024-07-12T12:07:21.905+0100][gc,phases   ] GC(35)   Evacuate Collection Set: 10.64ms
[2024-07-12T12:07:21.905+0100][gc,phases   ] GC(35)   Post Evacuate Collection Set: 0.73ms
[2024-07-12T12:07:21.905+0100][gc,phases   ] GC(35)   Other: 0.34ms
[2024-07-12T12:07:21.905+0100][gc,heap     ] GC(35) Eden regions: 148->0(79)
[2024-07-12T12:07:21.905+0100][gc,heap     ] GC(35) Survivor regions: 7->16(20)
[2024-07-12T12:07:21.905+0100][gc,heap     ] GC(35) Old regions: 145->145
[2024-07-12T12:07:21.905+0100][gc,heap     ] GC(35) Humongous regions: 183->147
[2024-07-12T12:07:21.905+0100][gc,metaspace] GC(35) Metaspace: 46014K(46784K)->46014K(46784K) NonClass: 40366K(40768K)->40366K(40768K) Class: 5648K(6016K)->5648K(6016K)
[2024-07-12T12:07:21.905+0100][gc          ] GC(35) Pause Young (Normal) (G1 Evacuation Pause) 482M->307M(1024M) 13.366ms
[2024-07-12T12:07:21.905+0100][gc,cpu      ] GC(35) User=0.02s Sys=0.00s Real=0.01s
[2024-07-12T12:31:48.255+0100][gc,start    ] GC(36) Pause Young (Normal) (G1 Evacuation Pause)
[2024-07-12T12:31:48.255+0100][gc,task     ] GC(36) Using 10 workers of 10 for evacuation
[2024-07-12T12:31:48.265+0100][gc,phases   ] GC(36)   Pre Evacuate Collection Set: 0.31ms
[2024-07-12T12:31:48.265+0100][gc,phases   ] GC(36)   Merge Heap Roots: 0.09ms
[2024-07-12T12:31:48.265+0100][gc,phases   ] GC(36)   Evacuate Collection Set: 8.90ms
[2024-07-12T12:31:48.265+0100][gc,phases   ] GC(36)   Post Evacuate Collection Set: 0.63ms
[2024-07-12T12:31:48.265+0100][gc,phases   ] GC(36)   Other: 0.17ms
[2024-07-12T12:31:48.265+0100][gc,heap     ] GC(36) Eden regions: 76->0(260)
[2024-07-12T12:31:48.265+0100][gc,heap     ] GC(36) Survivor regions: 16->4(12)
[2024-07-12T12:31:48.265+0100][gc,heap     ] GC(36) Old regions: 145->158
[2024-07-12T12:31:48.266+0100][gc,heap     ] GC(36) Humongous regions: 147->147
[2024-07-12T12:31:48.266+0100][gc,metaspace] GC(36) Metaspace: 46088K(46848K)->46088K(46848K) NonClass: 40440K(40832K)->40440K(40832K) Class: 5648K(6016K)->5648K(6016K)
[2024-07-12T12:31:48.266+0100][gc          ] GC(36) Pause Young (Normal) (G1 Evacuation Pause) 383M->308M(1024M) 10.805ms
[2024-07-12T12:31:48.266+0100][gc,cpu      ] GC(36) User=0.11s Sys=0.00s Real=0.01s
[2024-07-12T12:38:25.952+0100][gc,start    ] GC(37) Pause Young (Normal) (G1 Evacuation Pause)
[2024-07-12T12:38:25.952+0100][gc,task     ] GC(37) Using 10 workers of 10 for evacuation
[2024-07-12T12:38:25.966+0100][gc,phases   ] GC(37)   Pre Evacuate Collection Set: 0.45ms
[2024-07-12T12:38:25.966+0100][gc,phases   ] GC(37)   Merge Heap Roots: 0.15ms
[2024-07-12T12:38:25.966+0100][gc,phases   ] GC(37)   Evacuate Collection Set: 12.03ms
[2024-07-12T12:38:25.966+0100][gc,phases   ] GC(37)   Post Evacuate Collection Set: 0.85ms
[2024-07-12T12:38:25.966+0100][gc,phases   ] GC(37)   Other: 0.31ms
[2024-07-12T12:38:25.966+0100][gc,heap     ] GC(37) Eden regions: 269->0(123)
[2024-07-12T12:38:25.966+0100][gc,heap     ] GC(37) Survivor regions: 4->17(35)
[2024-07-12T12:38:25.966+0100][gc,heap     ] GC(37) Old regions: 158->158
[2024-07-12T12:38:25.966+0100][gc,heap     ] GC(37) Humongous regions: 189->147
[2024-07-12T12:38:25.966+0100][gc,metaspace] GC(37) Metaspace: 46210K(46976K)->46210K(46976K) NonClass: 40560K(40960K)->40560K(40960K) Class: 5649K(6016K)->5649K(6016K)
[2024-07-12T12:38:25.966+0100][gc          ] GC(37) Pause Young (Normal) (G1 Evacuation Pause) 619M->321M(1024M) 14.070ms
[2024-07-12T12:38:25.966+0100][gc,cpu      ] GC(37) User=0.00s Sys=0.00s Real=0.01s
[2024-07-12T12:42:18.355+0100][gc,start    ] GC(38) Pause Young (Normal) (G1 Evacuation Pause)
[2024-07-12T12:42:18.355+0100][gc,task     ] GC(38) Using 10 workers of 10 for evacuation
[2024-07-12T12:42:18.371+0100][gc,phases   ] GC(38)   Pre Evacuate Collection Set: 0.71ms
[2024-07-12T12:42:18.371+0100][gc,phases   ] GC(38)   Merge Heap Roots: 0.35ms
[2024-07-12T12:42:18.371+0100][gc,phases   ] GC(38)   Evacuate Collection Set: 13.03ms
[2024-07-12T12:42:18.371+0100][gc,phases   ] GC(38)   Post Evacuate Collection Set: 0.92ms
[2024-07-12T12:42:18.371+0100][gc,phases   ] GC(38)   Other: 0.37ms
[2024-07-12T12:42:18.371+0100][gc,heap     ] GC(38) Eden regions: 128->0(264)
[2024-07-12T12:42:18.371+0100][gc,heap     ] GC(38) Survivor regions: 17->9(19)
[2024-07-12T12:42:18.371+0100][gc,heap     ] GC(38) Old regions: 158->174
[2024-07-12T12:42:18.371+0100][gc,heap     ] GC(38) Humongous regions: 147->147
[2024-07-12T12:42:18.371+0100][gc,metaspace] GC(38) Metaspace: 46218K(46976K)->46218K(46976K) NonClass: 40568K(40960K)->40568K(40960K) Class: 5649K(6016K)->5649K(6016K)
[2024-07-12T12:42:18.371+0100][gc          ] GC(38) Pause Young (Normal) (G1 Evacuation Pause) 449M->329M(1024M) 15.741ms
[2024-07-12T12:42:18.371+0100][gc,cpu      ] GC(38) User=0.00s Sys=0.00s Real=0.02s
[2024-07-12T12:50:25.391+0100][gc,start    ] GC(39) Pause Young (Normal) (G1 Evacuation Pause)
[2024-07-12T12:50:25.391+0100][gc,task     ] GC(39) Using 10 workers of 10 for evacuation
[2024-07-12T12:50:25.406+0100][gc,phases   ] GC(39)   Pre Evacuate Collection Set: 0.66ms
[2024-07-12T12:50:25.406+0100][gc,phases   ] GC(39)   Merge Heap Roots: 0.35ms
[2024-07-12T12:50:25.406+0100][gc,phases   ] GC(39)   Evacuate Collection Set: 17.15ms
[2024-07-12T12:50:25.406+0100][gc,phases   ] GC(39)   Post Evacuate Collection Set: 0.71ms
[2024-07-12T12:50:25.406+0100][gc,phases   ] GC(39)   Other: 0.21ms
[2024-07-12T12:50:25.406+0100][gc,heap     ] GC(39) Eden regions: 266->0(102)
[2024-07-12T12:50:25.406+0100][gc,heap     ] GC(39) Survivor regions: 9->24(35)
[2024-07-12T12:50:25.406+0100][gc,heap     ] GC(39) Old regions: 174->174
[2024-07-12T12:50:25.406+0100][gc,heap     ] GC(39) Humongous regions: 147->147
[2024-07-12T12:50:25.406+0100][gc,metaspace] GC(39) Metaspace: 46225K(46976K)->46225K(46976K) NonClass: 40575K(40960K)->40575K(40960K) Class: 5649K(6016K)->5649K(6016K)
[2024-07-12T12:50:25.406+0100][gc          ] GC(39) Pause Young (Normal) (G1 Evacuation Pause) 595M->344M(1024M) 19.498ms
[2024-07-12T12:50:25.406+0100][gc,cpu      ] GC(39) User=0.11s Sys=0.02s Real=0.01s
[2024-07-12T12:53:31.667+0100][gc,start    ] GC(40) Pause Young (Normal) (G1 Evacuation Pause)
[2024-07-12T12:53:31.667+0100][gc,task     ] GC(40) Using 10 workers of 10 for evacuation
[2024-07-12T12:53:31.682+0100][gc,phases   ] GC(40)   Pre Evacuate Collection Set: 0.47ms
[2024-07-12T12:53:31.682+0100][gc,phases   ] GC(40)   Merge Heap Roots: 0.11ms
[2024-07-12T12:53:31.682+0100][gc,phases   ] GC(40)   Evacuate Collection Set: 13.88ms
[2024-07-12T12:53:31.682+0100][gc,phases   ] GC(40)   Post Evacuate Collection Set: 0.93ms
[2024-07-12T12:53:31.682+0100][gc,phases   ] GC(40)   Other: 0.11ms
[2024-07-12T12:53:31.682+0100][gc,heap     ] GC(40) Eden regions: 103->0(313)
[2024-07-12T12:53:31.682+0100][gc,heap     ] GC(40) Survivor regions: 24->8(16)
[2024-07-12T12:53:31.682+0100][gc,heap     ] GC(40) Old regions: 174->195
[2024-07-12T12:53:31.682+0100][gc,heap     ] GC(40) Humongous regions: 147->147
[2024-07-12T12:53:31.682+0100][gc,metaspace] GC(40) Metaspace: 46226K(46976K)->46226K(46976K) NonClass: 40577K(40960K)->40577K(40960K) Class: 5649K(6016K)->5649K(6016K)
[2024-07-12T12:53:31.682+0100][gc          ] GC(40) Pause Young (Normal) (G1 Evacuation Pause) 447M->349M(1024M) 15.829ms
[2024-07-12T12:53:31.682+0100][gc,cpu      ] GC(40) User=0.00s Sys=0.00s Real=0.01s
