[2024-07-12T05:13:22.858+0100][gc,init] CardTable entry size: 512
[2024-07-12T05:13:22.858+0100][gc     ] Using G1
[2024-07-12T05:13:22.874+0100][gc,init] Version: 22.0.1+8-16 (release)
[2024-07-12T05:13:22.874+0100][gc,init] CPUs: 12 total, 12 available
[2024-07-12T05:13:22.874+0100][gc,init] Memory: 16146M
[2024-07-12T05:13:22.874+0100][gc,init] Large Page Support: Disabled
[2024-07-12T05:13:22.874+0100][gc,init] NUMA Support: Disabled
[2024-07-12T05:13:22.874+0100][gc,init] Compressed Oops: Enabled (32-bit)
[2024-07-12T05:13:22.874+0100][gc,init] Heap Region Size: 1M
[2024-07-12T05:13:22.874+0100][gc,init] Heap Min Capacity: 1G
[2024-07-12T05:13:22.874+0100][gc,init] Heap Initial Capacity: 1G
[2024-07-12T05:13:22.874+0100][gc,init] Heap Max Capacity: 1G
[2024-07-12T05:13:22.874+0100][gc,init] Pre-touch: Disabled
[2024-07-12T05:13:22.874+0100][gc,init] Parallel Workers: 10
[2024-07-12T05:13:22.874+0100][gc,init] Concurrent Workers: 3
[2024-07-12T05:13:22.874+0100][gc,init] Concurrent Refinement Workers: 10
[2024-07-12T05:13:22.874+0100][gc,init] Periodic GC: Disabled
[2024-07-12T05:13:22.874+0100][gc,metaspace] CDS archive(s) mapped at: [0x00000263b1000000-0x00000263b1c60000-0x00000263b1c60000), size 12976128, SharedBaseAddress: 0x00000263b1000000, ArchiveRelocationMode: 1.
[2024-07-12T05:13:22.874+0100][gc,metaspace] Compressed class space mapped at: 0x00000263b2000000-0x00000263f2000000, reserved size: 1073741824
[2024-07-12T05:13:22.874+0100][gc,metaspace] Narrow klass base: 0x00000263b1000000, Narrow klass shift: 0, Narrow klass range: 0x41000000
[2024-07-12T05:13:23.934+0100][gc,heap,exit] Heap
[2024-07-12T05:13:23.934+0100][gc,heap,exit]  garbage-first heap   total reserved 1048576K, committed 1048576K, used 41472K [0x00000000c0000000, 0x0000000100000000)
[2024-07-12T05:13:23.934+0100][gc,heap,exit]   region size 1024K, 41 young (41984K), 0 survivors (0K)
[2024-07-12T05:13:23.934+0100][gc,heap,exit]  Metaspace       used 13641K, committed 13824K, reserved 1114112K
[2024-07-12T05:13:23.934+0100][gc,heap,exit]   class space    used 1817K, committed 1920K, reserved 1048576K
