[2024-07-12T05:05:24.260+0100][gc,init] CardTable entry size: 512
[2024-07-12T05:05:24.260+0100][gc     ] Using G1
[2024-07-12T05:05:24.265+0100][gc,init] Version: 22.0.1+8-16 (release)
[2024-07-12T05:05:24.265+0100][gc,init] CPUs: 12 total, 12 available
[2024-07-12T05:05:24.265+0100][gc,init] Memory: 16146M
[2024-07-12T05:05:24.265+0100][gc,init] Large Page Support: Disabled
[2024-07-12T05:05:24.265+0100][gc,init] NUMA Support: Disabled
[2024-07-12T05:05:24.265+0100][gc,init] Compressed Oops: Enabled (32-bit)
[2024-07-12T05:05:24.265+0100][gc,init] Heap Region Size: 1M
[2024-07-12T05:05:24.265+0100][gc,init] Heap Min Capacity: 1G
[2024-07-12T05:05:24.265+0100][gc,init] Heap Initial Capacity: 1G
[2024-07-12T05:05:24.265+0100][gc,init] Heap Max Capacity: 1G
[2024-07-12T05:05:24.265+0100][gc,init] Pre-touch: Disabled
[2024-07-12T05:05:24.265+0100][gc,init] Parallel Workers: 10
[2024-07-12T05:05:24.265+0100][gc,init] Concurrent Workers: 3
[2024-07-12T05:05:24.265+0100][gc,init] Concurrent Refinement Workers: 10
[2024-07-12T05:05:24.265+0100][gc,init] Periodic GC: Disabled
[2024-07-12T05:05:24.275+0100][gc,metaspace] CDS archive(s) mapped at: [0x0000022e00000000-0x0000022e00c60000-0x0000022e00c60000), size 12976128, SharedBaseAddress: 0x0000022e00000000, ArchiveRelocationMode: 1.
[2024-07-12T05:05:24.275+0100][gc,metaspace] Compressed class space mapped at: 0x0000022e01000000-0x0000022e41000000, reserved size: 1073741824
[2024-07-12T05:05:24.275+0100][gc,metaspace] Narrow klass base: 0x0000022e00000000, Narrow klass shift: 0, Narrow klass range: 0x41000000
[2024-07-12T05:05:25.835+0100][gc,start    ] GC(0) Pause Young (Normal) (G1 Evacuation Pause)
[2024-07-12T05:05:25.835+0100][gc,task     ] GC(0) Using 10 workers of 10 for evacuation
[2024-07-12T05:05:25.850+0100][gc,phases   ] GC(0)   Pre Evacuate Collection Set: 0.26ms
[2024-07-12T05:05:25.850+0100][gc,phases   ] GC(0)   Merge Heap Roots: 0.10ms
[2024-07-12T05:05:25.850+0100][gc,phases   ] GC(0)   Evacuate Collection Set: 4.18ms
[2024-07-12T05:05:25.850+0100][gc,phases   ] GC(0)   Post Evacuate Collection Set: 1.58ms
[2024-07-12T05:05:25.850+0100][gc,phases   ] GC(0)   Other: 1.12ms
[2024-07-12T05:05:25.850+0100][gc,heap     ] GC(0) Eden regions: 51->0(44)
[2024-07-12T05:05:25.850+0100][gc,heap     ] GC(0) Survivor regions: 0->7(7)
[2024-07-12T05:05:25.850+0100][gc,heap     ] GC(0) Old regions: 0->2
[2024-07-12T05:05:25.850+0100][gc,heap     ] GC(0) Humongous regions: 0->0
[2024-07-12T05:05:25.850+0100][gc,metaspace] GC(0) Metaspace: 17252K(17408K)->17252K(17408K) NonClass: 15152K(15232K)->15152K(15232K) Class: 2100K(2176K)->2100K(2176K)
[2024-07-12T05:05:25.850+0100][gc          ] GC(0) Pause Young (Normal) (G1 Evacuation Pause) 51M->8M(1024M) 10.088ms
[2024-07-12T05:05:25.850+0100][gc,cpu      ] GC(0) User=0.00s Sys=0.00s Real=0.01s
[2024-07-12T05:05:26.185+0100][gc,start    ] GC(1) Pause Young (Concurrent Start) (Metadata GC Threshold)
[2024-07-12T05:05:26.185+0100][gc,task     ] GC(1) Using 10 workers of 10 for evacuation
[2024-07-12T05:05:26.185+0100][gc,phases   ] GC(1)   Pre Evacuate Collection Set: 0.82ms
[2024-07-12T05:05:26.185+0100][gc,phases   ] GC(1)   Merge Heap Roots: 0.17ms
[2024-07-12T05:05:26.185+0100][gc,phases   ] GC(1)   Evacuate Collection Set: 3.70ms
[2024-07-12T05:05:26.185+0100][gc,phases   ] GC(1)   Post Evacuate Collection Set: 0.73ms
[2024-07-12T05:05:26.185+0100][gc,phases   ] GC(1)   Other: -0.05ms
[2024-07-12T05:05:26.185+0100][gc,heap     ] GC(1) Eden regions: 17->0(49)
[2024-07-12T05:05:26.185+0100][gc,heap     ] GC(1) Survivor regions: 7->2(7)
[2024-07-12T05:05:26.185+0100][gc,heap     ] GC(1) Old regions: 2->10
[2024-07-12T05:05:26.185+0100][gc,heap     ] GC(1) Humongous regions: 0->0
[2024-07-12T05:05:26.185+0100][gc,metaspace] GC(1) Metaspace: 21386K(21504K)->21386K(21504K) NonClass: 18811K(18880K)->18811K(18880K) Class: 2574K(2624K)->2574K(2624K)
[2024-07-12T05:05:26.185+0100][gc          ] GC(1) Pause Young (Concurrent Start) (Metadata GC Threshold) 25M->11M(1024M) 5.633ms
[2024-07-12T05:05:26.185+0100][gc,cpu      ] GC(1) User=0.00s Sys=0.00s Real=0.00s
[2024-07-12T05:05:26.185+0100][gc          ] GC(2) Concurrent Mark Cycle
[2024-07-12T05:05:26.185+0100][gc,marking  ] GC(2) Concurrent Scan Root Regions
[2024-07-12T05:05:26.200+0100][gc,marking  ] GC(2) Concurrent Scan Root Regions 2.514ms
[2024-07-12T05:05:26.200+0100][gc,marking  ] GC(2) Concurrent Mark
[2024-07-12T05:05:26.200+0100][gc,marking  ] GC(2) Concurrent Mark From Roots
[2024-07-12T05:05:26.200+0100][gc,task     ] GC(2) Using 3 workers of 3 for marking
[2024-07-12T05:05:26.203+0100][gc,marking  ] GC(2) Concurrent Mark From Roots 3.561ms
[2024-07-12T05:05:26.203+0100][gc,marking  ] GC(2) Concurrent Preclean
[2024-07-12T05:05:26.203+0100][gc,marking  ] GC(2) Concurrent Preclean 0.020ms
[2024-07-12T05:05:26.203+0100][gc,start    ] GC(2) Pause Remark
[2024-07-12T05:05:26.203+0100][gc          ] GC(2) Pause Remark 11M->11M(1024M) 2.819ms
[2024-07-12T05:05:26.203+0100][gc,cpu      ] GC(2) User=0.00s Sys=0.00s Real=0.00s
[2024-07-12T05:05:26.203+0100][gc,marking  ] GC(2) Concurrent Mark 6.861ms
[2024-07-12T05:05:26.203+0100][gc,marking  ] GC(2) Concurrent Rebuild Remembered Sets and Scrub Regions
[2024-07-12T05:05:26.203+0100][gc,marking  ] GC(2) Concurrent Rebuild Remembered Sets and Scrub Regions 3.091ms
[2024-07-12T05:05:26.203+0100][gc,start    ] GC(2) Pause Cleanup
[2024-07-12T05:05:26.203+0100][gc          ] GC(2) Pause Cleanup 11M->11M(1024M) 0.168ms
[2024-07-12T05:05:26.203+0100][gc,cpu      ] GC(2) User=0.00s Sys=0.00s Real=0.00s
[2024-07-12T05:05:26.203+0100][gc,marking  ] GC(2) Concurrent Clear Claimed Marks
[2024-07-12T05:05:26.203+0100][gc,marking  ] GC(2) Concurrent Clear Claimed Marks 0.033ms
[2024-07-12T05:05:26.203+0100][gc,marking  ] GC(2) Concurrent Cleanup for Next Mark
[2024-07-12T05:05:26.216+0100][gc,marking  ] GC(2) Concurrent Cleanup for Next Mark 5.062ms
[2024-07-12T05:05:26.216+0100][gc          ] GC(2) Concurrent Mark Cycle 18.581ms
[2024-07-12T05:05:27.449+0100][gc,start    ] GC(3) Pause Young (Normal) (G1 Evacuation Pause)
[2024-07-12T05:05:27.449+0100][gc,task     ] GC(3) Using 10 workers of 10 for evacuation
[2024-07-12T05:05:27.456+0100][gc,phases   ] GC(3)   Pre Evacuate Collection Set: 0.27ms
[2024-07-12T05:05:27.456+0100][gc,phases   ] GC(3)   Merge Heap Roots: 0.09ms
[2024-07-12T05:05:27.456+0100][gc,phases   ] GC(3)   Evacuate Collection Set: 6.26ms
[2024-07-12T05:05:27.456+0100][gc,phases   ] GC(3)   Post Evacuate Collection Set: 0.79ms
[2024-07-12T05:05:27.456+0100][gc,phases   ] GC(3)   Other: 0.11ms
[2024-07-12T05:05:27.456+0100][gc,heap     ] GC(3) Eden regions: 49->0(46)
[2024-07-12T05:05:27.456+0100][gc,heap     ] GC(3) Survivor regions: 2->5(7)
[2024-07-12T05:05:27.456+0100][gc,heap     ] GC(3) Old regions: 10->10
[2024-07-12T05:05:27.456+0100][gc,heap     ] GC(3) Humongous regions: 9->9
[2024-07-12T05:05:27.456+0100][gc,metaspace] GC(3) Metaspace: 32454K(32768K)->32454K(32768K) NonClass: 28471K(28672K)->28471K(28672K) Class: 3982K(4096K)->3982K(4096K)
[2024-07-12T05:05:27.457+0100][gc          ] GC(3) Pause Young (Normal) (G1 Evacuation Pause) 69M->22M(1024M) 7.890ms
[2024-07-12T05:05:27.457+0100][gc,cpu      ] GC(3) User=0.00s Sys=0.00s Real=0.01s
[2024-07-12T05:05:27.786+0100][gc,start    ] GC(4) Pause Young (Concurrent Start) (Metadata GC Threshold)
[2024-07-12T05:05:27.786+0100][gc,task     ] GC(4) Using 10 workers of 10 for evacuation
[2024-07-12T05:05:27.791+0100][gc,phases   ] GC(4)   Pre Evacuate Collection Set: 0.28ms
[2024-07-12T05:05:27.791+0100][gc,phases   ] GC(4)   Merge Heap Roots: 0.05ms
[2024-07-12T05:05:27.791+0100][gc,phases   ] GC(4)   Evacuate Collection Set: 4.24ms
[2024-07-12T05:05:27.791+0100][gc,phases   ] GC(4)   Post Evacuate Collection Set: 0.88ms
[2024-07-12T05:05:27.791+0100][gc,phases   ] GC(4)   Other: 0.17ms
[2024-07-12T05:05:27.791+0100][gc,heap     ] GC(4) Eden regions: 23->0(44)
[2024-07-12T05:05:27.791+0100][gc,heap     ] GC(4) Survivor regions: 5->7(7)
[2024-07-12T05:05:27.791+0100][gc,heap     ] GC(4) Old regions: 10->11
[2024-07-12T05:05:27.791+0100][gc,heap     ] GC(4) Humongous regions: 9->9
[2024-07-12T05:05:27.791+0100][gc,metaspace] GC(4) Metaspace: 35648K(36032K)->35648K(36032K) NonClass: 31351K(31552K)->31351K(31552K) Class: 4297K(4480K)->4297K(4480K)
[2024-07-12T05:05:27.791+0100][gc          ] GC(4) Pause Young (Concurrent Start) (Metadata GC Threshold) 44M->26M(1024M) 6.082ms
[2024-07-12T05:05:27.791+0100][gc          ] GC(5) Concurrent Mark Cycle
[2024-07-12T05:05:27.791+0100][gc,cpu      ] GC(4) User=0.00s Sys=0.00s Real=0.00s
[2024-07-12T05:05:27.791+0100][gc,marking  ] GC(5) Concurrent Scan Root Regions
[2024-07-12T05:05:27.791+0100][gc,marking  ] GC(5) Concurrent Scan Root Regions 5.173ms
[2024-07-12T05:05:27.791+0100][gc,marking  ] GC(5) Concurrent Mark
[2024-07-12T05:05:27.791+0100][gc,marking  ] GC(5) Concurrent Mark From Roots
[2024-07-12T05:05:27.791+0100][gc,task     ] GC(5) Using 3 workers of 3 for marking
[2024-07-12T05:05:27.803+0100][gc,marking  ] GC(5) Concurrent Mark From Roots 6.850ms
[2024-07-12T05:05:27.803+0100][gc,marking  ] GC(5) Concurrent Preclean
[2024-07-12T05:05:27.803+0100][gc,marking  ] GC(5) Concurrent Preclean 0.063ms
[2024-07-12T05:05:27.821+0100][gc,start    ] GC(5) Pause Remark
[2024-07-12T05:05:27.823+0100][gc          ] GC(5) Pause Remark 27M->27M(1024M) 2.278ms
[2024-07-12T05:05:27.823+0100][gc,cpu      ] GC(5) User=0.00s Sys=0.00s Real=0.00s
[2024-07-12T05:05:27.823+0100][gc,marking  ] GC(5) Concurrent Mark 26.320ms
[2024-07-12T05:05:27.823+0100][gc,marking  ] GC(5) Concurrent Rebuild Remembered Sets and Scrub Regions
[2024-07-12T05:05:27.825+0100][gc,marking  ] GC(5) Concurrent Rebuild Remembered Sets and Scrub Regions 3.169ms
[2024-07-12T05:05:27.825+0100][gc,start    ] GC(5) Pause Cleanup
[2024-07-12T05:05:27.825+0100][gc          ] GC(5) Pause Cleanup 27M->27M(1024M) 0.198ms
[2024-07-12T05:05:27.825+0100][gc,cpu      ] GC(5) User=0.00s Sys=0.00s Real=0.00s
[2024-07-12T05:05:27.825+0100][gc,marking  ] GC(5) Concurrent Clear Claimed Marks
[2024-07-12T05:05:27.825+0100][gc,marking  ] GC(5) Concurrent Clear Claimed Marks 0.147ms
[2024-07-12T05:05:27.825+0100][gc,marking  ] GC(5) Concurrent Cleanup for Next Mark
[2024-07-12T05:05:27.825+0100][gc,marking  ] GC(5) Concurrent Cleanup for Next Mark 4.411ms
[2024-07-12T05:05:27.825+0100][gc          ] GC(5) Concurrent Mark Cycle 40.653ms
[2024-07-12T05:05:31.529+0100][gc,start    ] GC(6) Pause Young (Prepare Mixed) (G1 Evacuation Pause)
[2024-07-12T05:05:31.529+0100][gc,task     ] GC(6) Using 10 workers of 10 for evacuation
[2024-07-12T05:05:31.537+0100][gc,phases   ] GC(6)   Pre Evacuate Collection Set: 0.25ms
[2024-07-12T05:05:31.537+0100][gc,phases   ] GC(6)   Merge Heap Roots: 0.13ms
[2024-07-12T05:05:31.537+0100][gc,phases   ] GC(6)   Evacuate Collection Set: 4.91ms
[2024-07-12T05:05:31.537+0100][gc,phases   ] GC(6)   Post Evacuate Collection Set: 0.98ms
[2024-07-12T05:05:31.537+0100][gc,phases   ] GC(6)   Other: 0.09ms
[2024-07-12T05:05:31.537+0100][gc,heap     ] GC(6) Eden regions: 44->0(44)
[2024-07-12T05:05:31.537+0100][gc,heap     ] GC(6) Survivor regions: 7->7(7)
[2024-07-12T05:05:31.537+0100][gc,heap     ] GC(6) Old regions: 11->14
[2024-07-12T05:05:31.537+0100][gc,heap     ] GC(6) Humongous regions: 144->144
[2024-07-12T05:05:31.537+0100][gc,metaspace] GC(6) Metaspace: 38976K(39488K)->38976K(39488K) NonClass: 34259K(34560K)->34259K(34560K) Class: 4716K(4928K)->4716K(4928K)
[2024-07-12T05:05:31.537+0100][gc          ] GC(6) Pause Young (Prepare Mixed) (G1 Evacuation Pause) 205M->163M(1024M) 6.637ms
[2024-07-12T05:05:31.537+0100][gc,cpu      ] GC(6) User=0.00s Sys=0.00s Real=0.01s
[2024-07-12T05:07:57.607+0100][gc,start    ] GC(7) Pause Young (Mixed) (G1 Evacuation Pause)
[2024-07-12T05:07:57.607+0100][gc,task     ] GC(7) Using 10 workers of 10 for evacuation
[2024-07-12T05:07:57.614+0100][gc,phases   ] GC(7)   Pre Evacuate Collection Set: 0.41ms
[2024-07-12T05:07:57.614+0100][gc,phases   ] GC(7)   Merge Heap Roots: 0.10ms
[2024-07-12T05:07:57.614+0100][gc,phases   ] GC(7)   Evacuate Collection Set: 4.21ms
[2024-07-12T05:07:57.614+0100][gc,phases   ] GC(7)   Post Evacuate Collection Set: 1.15ms
[2024-07-12T05:07:57.614+0100][gc,phases   ] GC(7)   Other: 0.13ms
[2024-07-12T05:07:57.614+0100][gc,heap     ] GC(7) Eden regions: 44->0(45)
[2024-07-12T05:07:57.614+0100][gc,heap     ] GC(7) Survivor regions: 7->6(7)
[2024-07-12T05:07:57.614+0100][gc,heap     ] GC(7) Old regions: 14->17
[2024-07-12T05:07:57.614+0100][gc,heap     ] GC(7) Humongous regions: 150->138
[2024-07-12T05:07:57.614+0100][gc,metaspace] GC(7) Metaspace: 43250K(43968K)->43250K(43968K) NonClass: 37932K(38336K)->37932K(38336K) Class: 5318K(5632K)->5318K(5632K)
[2024-07-12T05:07:57.614+0100][gc          ] GC(7) Pause Young (Mixed) (G1 Evacuation Pause) 213M->160M(1024M) 6.274ms
[2024-07-12T05:07:57.614+0100][gc,cpu      ] GC(7) User=0.00s Sys=0.00s Real=0.01s
[2024-07-12T05:09:58.916+0100][gc,start    ] GC(8) Pause Young (Normal) (G1 Evacuation Pause)
[2024-07-12T05:09:58.916+0100][gc,task     ] GC(8) Using 10 workers of 10 for evacuation
[2024-07-12T05:09:58.916+0100][gc,phases   ] GC(8)   Pre Evacuate Collection Set: 0.30ms
[2024-07-12T05:09:58.916+0100][gc,phases   ] GC(8)   Merge Heap Roots: 0.12ms
[2024-07-12T05:09:58.916+0100][gc,phases   ] GC(8)   Evacuate Collection Set: 3.32ms
[2024-07-12T05:09:58.916+0100][gc,phases   ] GC(8)   Post Evacuate Collection Set: 0.70ms
[2024-07-12T05:09:58.916+0100][gc,phases   ] GC(8)   Other: 0.09ms
[2024-07-12T05:09:58.916+0100][gc,heap     ] GC(8) Eden regions: 45->0(46)
[2024-07-12T05:09:58.916+0100][gc,heap     ] GC(8) Survivor regions: 6->5(7)
[2024-07-12T05:09:58.916+0100][gc,heap     ] GC(8) Old regions: 17->20
[2024-07-12T05:09:58.916+0100][gc,heap     ] GC(8) Humongous regions: 138->138
[2024-07-12T05:09:58.916+0100][gc,metaspace] GC(8) Metaspace: 43620K(44288K)->43620K(44288K) NonClass: 38297K(38656K)->38297K(38656K) Class: 5323K(5632K)->5323K(5632K)
[2024-07-12T05:09:58.916+0100][gc          ] GC(8) Pause Young (Normal) (G1 Evacuation Pause) 205M->162M(1024M) 4.787ms
[2024-07-12T05:09:58.916+0100][gc,cpu      ] GC(8) User=0.00s Sys=0.00s Real=0.00s
