[2024-07-13T16:11:49.886+0100][gc,init] CardTable entry size: 512
[2024-07-13T16:11:49.888+0100][gc     ] Using G1
[2024-07-13T16:11:49.895+0100][gc,init] Version: 22.0.1+8-16 (release)
[2024-07-13T16:11:49.895+0100][gc,init] CPUs: 12 total, 12 available
[2024-07-13T16:11:49.895+0100][gc,init] Memory: 16146M
[2024-07-13T16:11:49.895+0100][gc,init] Large Page Support: Disabled
[2024-07-13T16:11:49.895+0100][gc,init] NUMA Support: Disabled
[2024-07-13T16:11:49.895+0100][gc,init] Compressed Oops: Enabled (32-bit)
[2024-07-13T16:11:49.895+0100][gc,init] Heap Region Size: 1M
[2024-07-13T16:11:49.895+0100][gc,init] Heap Min Capacity: 1G
[2024-07-13T16:11:49.896+0100][gc,init] Heap Initial Capacity: 1G
[2024-07-13T16:11:49.896+0100][gc,init] Heap Max Capacity: 1G
[2024-07-13T16:11:49.896+0100][gc,init] Pre-touch: Disabled
[2024-07-13T16:11:49.896+0100][gc,init] Parallel Workers: 10
[2024-07-13T16:11:49.896+0100][gc,init] Concurrent Workers: 3
[2024-07-13T16:11:49.896+0100][gc,init] Concurrent Refinement Workers: 10
[2024-07-13T16:11:49.896+0100][gc,init] Periodic GC: Disabled
[2024-07-13T16:11:49.904+0100][gc,metaspace] CDS archive(s) mapped at: [0x0000029726000000-0x0000029726c60000-0x0000029726c60000), size 12976128, SharedBaseAddress: 0x0000029726000000, ArchiveRelocationMode: 1.
[2024-07-13T16:11:49.904+0100][gc,metaspace] Compressed class space mapped at: 0x0000029727000000-0x0000029767000000, reserved size: 1073741824
[2024-07-13T16:11:49.904+0100][gc,metaspace] Narrow klass base: 0x0000029726000000, Narrow klass shift: 0, Narrow klass range: 0x41000000
[2024-07-13T16:11:59.638+0100][gc,start    ] GC(0) Pause Young (Normal) (G1 Evacuation Pause)
[2024-07-13T16:11:59.639+0100][gc,task     ] GC(0) Using 10 workers of 10 for evacuation
[2024-07-13T16:11:59.646+0100][gc,phases   ] GC(0)   Pre Evacuate Collection Set: 0.29ms
[2024-07-13T16:11:59.646+0100][gc,phases   ] GC(0)   Merge Heap Roots: 0.11ms
[2024-07-13T16:11:59.646+0100][gc,phases   ] GC(0)   Evacuate Collection Set: 4.63ms
[2024-07-13T16:11:59.646+0100][gc,phases   ] GC(0)   Post Evacuate Collection Set: 0.95ms
[2024-07-13T16:11:59.646+0100][gc,phases   ] GC(0)   Other: 0.57ms
[2024-07-13T16:11:59.646+0100][gc,heap     ] GC(0) Eden regions: 51->0(44)
[2024-07-13T16:11:59.646+0100][gc,heap     ] GC(0) Survivor regions: 0->7(7)
[2024-07-13T16:11:59.646+0100][gc,heap     ] GC(0) Old regions: 0->2
[2024-07-13T16:11:59.646+0100][gc,heap     ] GC(0) Humongous regions: 0->0
[2024-07-13T16:11:59.646+0100][gc,metaspace] GC(0) Metaspace: 17177K(17408K)->17177K(17408K) NonClass: 15082K(15232K)->15082K(15232K) Class: 2094K(2176K)->2094K(2176K)
[2024-07-13T16:11:59.646+0100][gc          ] GC(0) Pause Young (Normal) (G1 Evacuation Pause) 51M->8M(1024M) 7.395ms
[2024-07-13T16:11:59.646+0100][gc,cpu      ] GC(0) User=0.00s Sys=0.00s Real=0.01s
[2024-07-13T16:11:59.891+0100][gc,start    ] GC(1) Pause Young (Concurrent Start) (Metadata GC Threshold)
[2024-07-13T16:11:59.891+0100][gc,task     ] GC(1) Using 10 workers of 10 for evacuation
[2024-07-13T16:11:59.897+0100][gc,phases   ] GC(1)   Pre Evacuate Collection Set: 0.88ms
[2024-07-13T16:11:59.897+0100][gc,phases   ] GC(1)   Merge Heap Roots: 0.09ms
[2024-07-13T16:11:59.897+0100][gc,phases   ] GC(1)   Evacuate Collection Set: 4.43ms
[2024-07-13T16:11:59.897+0100][gc,phases   ] GC(1)   Post Evacuate Collection Set: 0.70ms
[2024-07-13T16:11:59.897+0100][gc,phases   ] GC(1)   Other: -0.11ms
[2024-07-13T16:11:59.897+0100][gc,heap     ] GC(1) Eden regions: 17->0(49)
[2024-07-13T16:11:59.897+0100][gc,heap     ] GC(1) Survivor regions: 7->2(7)
[2024-07-13T16:11:59.897+0100][gc,heap     ] GC(1) Old regions: 2->10
[2024-07-13T16:11:59.897+0100][gc,heap     ] GC(1) Humongous regions: 0->0
[2024-07-13T16:11:59.897+0100][gc,metaspace] GC(1) Metaspace: 21380K(21504K)->21380K(21504K) NonClass: 18806K(18880K)->18806K(18880K) Class: 2573K(2624K)->2573K(2624K)
[2024-07-13T16:11:59.898+0100][gc          ] GC(1) Pause Young (Concurrent Start) (Metadata GC Threshold) 25M->10M(1024M) 6.264ms
[2024-07-13T16:11:59.898+0100][gc,cpu      ] GC(1) User=0.00s Sys=0.00s Real=0.01s
[2024-07-13T16:11:59.898+0100][gc          ] GC(2) Concurrent Mark Cycle
[2024-07-13T16:11:59.898+0100][gc,marking  ] GC(2) Concurrent Scan Root Regions
[2024-07-13T16:11:59.900+0100][gc,marking  ] GC(2) Concurrent Scan Root Regions 2.040ms
[2024-07-13T16:11:59.900+0100][gc,marking  ] GC(2) Concurrent Mark
[2024-07-13T16:11:59.900+0100][gc,marking  ] GC(2) Concurrent Mark From Roots
[2024-07-13T16:11:59.900+0100][gc,task     ] GC(2) Using 3 workers of 3 for marking
[2024-07-13T16:11:59.902+0100][gc,marking  ] GC(2) Concurrent Mark From Roots 1.831ms
[2024-07-13T16:11:59.902+0100][gc,marking  ] GC(2) Concurrent Preclean
[2024-07-13T16:11:59.902+0100][gc,marking  ] GC(2) Concurrent Preclean 0.017ms
[2024-07-13T16:11:59.902+0100][gc,start    ] GC(2) Pause Remark
[2024-07-13T16:11:59.905+0100][gc          ] GC(2) Pause Remark 11M->11M(1024M) 3.176ms
[2024-07-13T16:11:59.905+0100][gc,cpu      ] GC(2) User=0.00s Sys=0.00s Real=0.00s
[2024-07-13T16:11:59.905+0100][gc,marking  ] GC(2) Concurrent Mark 5.338ms
[2024-07-13T16:11:59.905+0100][gc,marking  ] GC(2) Concurrent Rebuild Remembered Sets and Scrub Regions
[2024-07-13T16:11:59.907+0100][gc,marking  ] GC(2) Concurrent Rebuild Remembered Sets and Scrub Regions 1.433ms
[2024-07-13T16:11:59.907+0100][gc,start    ] GC(2) Pause Cleanup
[2024-07-13T16:11:59.907+0100][gc          ] GC(2) Pause Cleanup 11M->11M(1024M) 0.152ms
[2024-07-13T16:11:59.907+0100][gc,cpu      ] GC(2) User=0.00s Sys=0.00s Real=0.00s
[2024-07-13T16:11:59.907+0100][gc,marking  ] GC(2) Concurrent Clear Claimed Marks
[2024-07-13T16:11:59.907+0100][gc,marking  ] GC(2) Concurrent Clear Claimed Marks 0.032ms
[2024-07-13T16:11:59.907+0100][gc,marking  ] GC(2) Concurrent Cleanup for Next Mark
[2024-07-13T16:11:59.912+0100][gc,marking  ] GC(2) Concurrent Cleanup for Next Mark 4.361ms
[2024-07-13T16:11:59.912+0100][gc          ] GC(2) Concurrent Mark Cycle 13.868ms
[2024-07-13T16:12:01.166+0100][gc,start    ] GC(3) Pause Young (Normal) (G1 Evacuation Pause)
[2024-07-13T16:12:01.167+0100][gc,task     ] GC(3) Using 10 workers of 10 for evacuation
[2024-07-13T16:12:01.175+0100][gc,phases   ] GC(3)   Pre Evacuate Collection Set: 0.41ms
[2024-07-13T16:12:01.175+0100][gc,phases   ] GC(3)   Merge Heap Roots: 0.20ms
[2024-07-13T16:12:01.175+0100][gc,phases   ] GC(3)   Evacuate Collection Set: 6.39ms
[2024-07-13T16:12:01.175+0100][gc,phases   ] GC(3)   Post Evacuate Collection Set: 1.19ms
[2024-07-13T16:12:01.175+0100][gc,phases   ] GC(3)   Other: 0.19ms
[2024-07-13T16:12:01.175+0100][gc,heap     ] GC(3) Eden regions: 49->0(46)
[2024-07-13T16:12:01.175+0100][gc,heap     ] GC(3) Survivor regions: 2->5(7)
[2024-07-13T16:12:01.175+0100][gc,heap     ] GC(3) Old regions: 10->10
[2024-07-13T16:12:01.175+0100][gc,heap     ] GC(3) Humongous regions: 9->9
[2024-07-13T16:12:01.175+0100][gc,metaspace] GC(3) Metaspace: 31445K(31744K)->31445K(31744K) NonClass: 27595K(27776K)->27595K(27776K) Class: 3849K(3968K)->3849K(3968K)
[2024-07-13T16:12:01.175+0100][gc          ] GC(3) Pause Young (Normal) (G1 Evacuation Pause) 68M->22M(1024M) 8.863ms
[2024-07-13T16:12:01.175+0100][gc,cpu      ] GC(3) User=0.02s Sys=0.00s Real=0.01s
[2024-07-13T16:12:01.996+0100][gc,start    ] GC(4) Pause Young (Concurrent Start) (Metadata GC Threshold)
[2024-07-13T16:12:01.996+0100][gc,task     ] GC(4) Using 10 workers of 10 for evacuation
[2024-07-13T16:12:02.004+0100][gc,phases   ] GC(4)   Pre Evacuate Collection Set: 0.35ms
[2024-07-13T16:12:02.004+0100][gc,phases   ] GC(4)   Merge Heap Roots: 0.07ms
[2024-07-13T16:12:02.004+0100][gc,phases   ] GC(4)   Evacuate Collection Set: 6.16ms
[2024-07-13T16:12:02.004+0100][gc,phases   ] GC(4)   Post Evacuate Collection Set: 0.96ms
[2024-07-13T16:12:02.004+0100][gc,phases   ] GC(4)   Other: 0.15ms
[2024-07-13T16:12:02.004+0100][gc,heap     ] GC(4) Eden regions: 31->0(44)
[2024-07-13T16:12:02.004+0100][gc,heap     ] GC(4) Survivor regions: 5->7(7)
[2024-07-13T16:12:02.004+0100][gc,heap     ] GC(4) Old regions: 10->11
[2024-07-13T16:12:02.004+0100][gc,heap     ] GC(4) Humongous regions: 9->9
[2024-07-13T16:12:02.004+0100][gc,metaspace] GC(4) Metaspace: 35599K(35968K)->35599K(35968K) NonClass: 31325K(31488K)->31325K(31488K) Class: 4274K(4480K)->4274K(4480K)
[2024-07-13T16:12:02.004+0100][gc          ] GC(4) Pause Young (Concurrent Start) (Metadata GC Threshold) 53M->25M(1024M) 8.256ms
[2024-07-13T16:12:02.004+0100][gc          ] GC(5) Concurrent Mark Cycle
[2024-07-13T16:12:02.004+0100][gc,cpu      ] GC(4) User=0.00s Sys=0.00s Real=0.01s
[2024-07-13T16:12:02.004+0100][gc,marking  ] GC(5) Concurrent Scan Root Regions
[2024-07-13T16:12:02.008+0100][gc,marking  ] GC(5) Concurrent Scan Root Regions 3.594ms
[2024-07-13T16:12:02.008+0100][gc,marking  ] GC(5) Concurrent Mark
[2024-07-13T16:12:02.008+0100][gc,marking  ] GC(5) Concurrent Mark From Roots
[2024-07-13T16:12:02.008+0100][gc,task     ] GC(5) Using 3 workers of 3 for marking
[2024-07-13T16:12:02.014+0100][gc,marking  ] GC(5) Concurrent Mark From Roots 5.500ms
[2024-07-13T16:12:02.014+0100][gc,marking  ] GC(5) Concurrent Preclean
[2024-07-13T16:12:02.014+0100][gc,marking  ] GC(5) Concurrent Preclean 0.175ms
[2024-07-13T16:12:02.015+0100][gc,start    ] GC(5) Pause Remark
[2024-07-13T16:12:02.020+0100][gc          ] GC(5) Pause Remark 26M->26M(1024M) 5.136ms
[2024-07-13T16:12:02.020+0100][gc,cpu      ] GC(5) User=0.00s Sys=0.00s Real=0.00s
[2024-07-13T16:12:02.020+0100][gc,marking  ] GC(5) Concurrent Mark 12.498ms
[2024-07-13T16:12:02.020+0100][gc,marking  ] GC(5) Concurrent Rebuild Remembered Sets and Scrub Regions
[2024-07-13T16:12:02.023+0100][gc,marking  ] GC(5) Concurrent Rebuild Remembered Sets and Scrub Regions 3.103ms
[2024-07-13T16:12:02.023+0100][gc,start    ] GC(5) Pause Cleanup
[2024-07-13T16:12:02.024+0100][gc          ] GC(5) Pause Cleanup 26M->26M(1024M) 0.241ms
[2024-07-13T16:12:02.024+0100][gc,cpu      ] GC(5) User=0.00s Sys=0.00s Real=0.00s
[2024-07-13T16:12:02.024+0100][gc,marking  ] GC(5) Concurrent Clear Claimed Marks
[2024-07-13T16:12:02.024+0100][gc,marking  ] GC(5) Concurrent Clear Claimed Marks 0.088ms
[2024-07-13T16:12:02.024+0100][gc,marking  ] GC(5) Concurrent Cleanup for Next Mark
[2024-07-13T16:12:02.028+0100][gc,marking  ] GC(5) Concurrent Cleanup for Next Mark 3.540ms
[2024-07-13T16:12:02.028+0100][gc          ] GC(5) Concurrent Mark Cycle 23.788ms
[2024-07-13T16:12:09.577+0100][gc,start    ] GC(6) Pause Young (Prepare Mixed) (G1 Evacuation Pause)
[2024-07-13T16:12:09.577+0100][gc,task     ] GC(6) Using 10 workers of 10 for evacuation
[2024-07-13T16:12:09.585+0100][gc,phases   ] GC(6)   Pre Evacuate Collection Set: 0.32ms
[2024-07-13T16:12:09.585+0100][gc,phases   ] GC(6)   Merge Heap Roots: 0.09ms
[2024-07-13T16:12:09.585+0100][gc,phases   ] GC(6)   Evacuate Collection Set: 5.56ms
[2024-07-13T16:12:09.585+0100][gc,phases   ] GC(6)   Post Evacuate Collection Set: 1.84ms
[2024-07-13T16:12:09.585+0100][gc,phases   ] GC(6)   Other: 0.14ms
[2024-07-13T16:12:09.585+0100][gc,heap     ] GC(6) Eden regions: 44->0(44)
[2024-07-13T16:12:09.585+0100][gc,heap     ] GC(6) Survivor regions: 7->7(7)
[2024-07-13T16:12:09.585+0100][gc,heap     ] GC(6) Old regions: 11->13
[2024-07-13T16:12:09.585+0100][gc,heap     ] GC(6) Humongous regions: 138->138
[2024-07-13T16:12:09.585+0100][gc,metaspace] GC(6) Metaspace: 38507K(38976K)->38507K(38976K) NonClass: 33936K(34176K)->33936K(34176K) Class: 4570K(4800K)->4570K(4800K)
[2024-07-13T16:12:09.585+0100][gc          ] GC(6) Pause Young (Prepare Mixed) (G1 Evacuation Pause) 198M->157M(1024M) 8.292ms
[2024-07-13T16:12:09.585+0100][gc,cpu      ] GC(6) User=0.00s Sys=0.00s Real=0.01s
[2024-07-13T16:14:12.380+0100][gc,start    ] GC(7) Pause Young (Mixed) (G1 Evacuation Pause)
[2024-07-13T16:14:12.380+0100][gc,task     ] GC(7) Using 10 workers of 10 for evacuation
[2024-07-13T16:14:12.393+0100][gc,phases   ] GC(7)   Pre Evacuate Collection Set: 0.31ms
[2024-07-13T16:14:12.394+0100][gc,phases   ] GC(7)   Merge Heap Roots: 0.09ms
[2024-07-13T16:14:12.394+0100][gc,phases   ] GC(7)   Evacuate Collection Set: 8.97ms
[2024-07-13T16:14:12.394+0100][gc,phases   ] GC(7)   Post Evacuate Collection Set: 3.87ms
[2024-07-13T16:14:12.394+0100][gc,phases   ] GC(7)   Other: 0.16ms
[2024-07-13T16:14:12.394+0100][gc,heap     ] GC(7) Eden regions: 44->0(45)
[2024-07-13T16:14:12.394+0100][gc,heap     ] GC(7) Survivor regions: 7->6(7)
[2024-07-13T16:14:12.394+0100][gc,heap     ] GC(7) Old regions: 13->17
[2024-07-13T16:14:12.394+0100][gc,heap     ] GC(7) Humongous regions: 180->138
[2024-07-13T16:14:12.394+0100][gc,metaspace] GC(7) Metaspace: 42569K(43200K)->42569K(43200K) NonClass: 37289K(37632K)->37289K(37632K) Class: 5279K(5568K)->5279K(5568K)
[2024-07-13T16:14:12.394+0100][gc          ] GC(7) Pause Young (Mixed) (G1 Evacuation Pause) 243M->160M(1024M) 13.977ms
[2024-07-13T16:14:12.394+0100][gc,cpu      ] GC(7) User=0.22s Sys=0.00s Real=0.01s
[2024-07-13T16:15:32.194+0100][gc,start    ] GC(8) Pause Young (Normal) (G1 Evacuation Pause)
[2024-07-13T16:15:32.194+0100][gc,task     ] GC(8) Using 10 workers of 10 for evacuation
[2024-07-13T16:15:32.198+0100][gc,phases   ] GC(8)   Pre Evacuate Collection Set: 0.25ms
[2024-07-13T16:15:32.198+0100][gc,phases   ] GC(8)   Merge Heap Roots: 0.10ms
[2024-07-13T16:15:32.198+0100][gc,phases   ] GC(8)   Evacuate Collection Set: 3.55ms
[2024-07-13T16:15:32.198+0100][gc,phases   ] GC(8)   Post Evacuate Collection Set: 0.86ms
[2024-07-13T16:15:32.198+0100][gc,phases   ] GC(8)   Other: 0.09ms
[2024-07-13T16:15:32.198+0100][gc,heap     ] GC(8) Eden regions: 45->0(45)
[2024-07-13T16:15:32.198+0100][gc,heap     ] GC(8) Survivor regions: 6->6(7)
[2024-07-13T16:15:32.198+0100][gc,heap     ] GC(8) Old regions: 17->20
[2024-07-13T16:15:32.198+0100][gc,heap     ] GC(8) Humongous regions: 138->138
[2024-07-13T16:15:32.198+0100][gc,metaspace] GC(8) Metaspace: 44022K(44672K)->44022K(44672K) NonClass: 38609K(38976K)->38609K(38976K) Class: 5413K(5696K)->5413K(5696K)
[2024-07-13T16:15:32.198+0100][gc          ] GC(8) Pause Young (Normal) (G1 Evacuation Pause) 205M->162M(1024M) 5.113ms
[2024-07-13T16:15:32.199+0100][gc,cpu      ] GC(8) User=0.00s Sys=0.00s Real=0.00s
[2024-07-13T16:16:51.139+0100][gc,start    ] GC(9) Pause Young (Normal) (G1 Evacuation Pause)
[2024-07-13T16:16:51.140+0100][gc,task     ] GC(9) Using 10 workers of 10 for evacuation
[2024-07-13T16:16:51.148+0100][gc,phases   ] GC(9)   Pre Evacuate Collection Set: 0.27ms
[2024-07-13T16:16:51.149+0100][gc,phases   ] GC(9)   Merge Heap Roots: 0.14ms
[2024-07-13T16:16:51.149+0100][gc,phases   ] GC(9)   Evacuate Collection Set: 4.73ms
[2024-07-13T16:16:51.149+0100][gc,phases   ] GC(9)   Post Evacuate Collection Set: 3.42ms
[2024-07-13T16:16:51.149+0100][gc,phases   ] GC(9)   Other: 0.33ms
[2024-07-13T16:16:51.149+0100][gc,heap     ] GC(9) Eden regions: 45->0(48)
[2024-07-13T16:16:51.149+0100][gc,heap     ] GC(9) Survivor regions: 6->3(7)
[2024-07-13T16:16:51.149+0100][gc,heap     ] GC(9) Old regions: 20->23
[2024-07-13T16:16:51.149+0100][gc,heap     ] GC(9) Humongous regions: 138->138
[2024-07-13T16:16:51.149+0100][gc,metaspace] GC(9) Metaspace: 44140K(44800K)->44140K(44800K) NonClass: 38726K(39104K)->38726K(39104K) Class: 5414K(5696K)->5414K(5696K)
[2024-07-13T16:16:51.149+0100][gc          ] GC(9) Pause Young (Normal) (G1 Evacuation Pause) 207M->163M(1024M) 9.885ms
[2024-07-13T16:16:51.149+0100][gc,cpu      ] GC(9) User=0.00s Sys=0.00s Real=0.01s
[2024-07-13T16:18:22.121+0100][gc,start    ] GC(10) Pause Young (Normal) (G1 Evacuation Pause)
[2024-07-13T16:18:22.122+0100][gc,task     ] GC(10) Using 10 workers of 10 for evacuation
[2024-07-13T16:18:22.137+0100][gc,phases   ] GC(10)   Pre Evacuate Collection Set: 0.73ms
[2024-07-13T16:18:22.138+0100][gc,phases   ] GC(10)   Merge Heap Roots: 0.24ms
[2024-07-13T16:18:22.138+0100][gc,phases   ] GC(10)   Evacuate Collection Set: 14.02ms
[2024-07-13T16:18:22.138+0100][gc,phases   ] GC(10)   Post Evacuate Collection Set: 1.05ms
[2024-07-13T16:18:22.138+0100][gc,phases   ] GC(10)   Other: 0.29ms
[2024-07-13T16:18:22.138+0100][gc,heap     ] GC(10) Eden regions: 48->0(46)
[2024-07-13T16:18:22.138+0100][gc,heap     ] GC(10) Survivor regions: 3->5(7)
[2024-07-13T16:18:22.138+0100][gc,heap     ] GC(10) Old regions: 23->23
[2024-07-13T16:18:22.138+0100][gc,heap     ] GC(10) Humongous regions: 138->138
[2024-07-13T16:18:22.138+0100][gc,metaspace] GC(10) Metaspace: 44174K(44800K)->44174K(44800K) NonClass: 38759K(39104K)->38759K(39104K) Class: 5415K(5696K)->5415K(5696K)
[2024-07-13T16:18:22.138+0100][gc          ] GC(10) Pause Young (Normal) (G1 Evacuation Pause) 211M->164M(1024M) 17.204ms
[2024-07-13T16:18:22.138+0100][gc,cpu      ] GC(10) User=0.02s Sys=0.00s Real=0.02s
[2024-07-13T16:19:52.210+0100][gc,start    ] GC(11) Pause Young (Normal) (G1 Evacuation Pause)
[2024-07-13T16:19:52.210+0100][gc,task     ] GC(11) Using 10 workers of 10 for evacuation
[2024-07-13T16:19:52.216+0100][gc,phases   ] GC(11)   Pre Evacuate Collection Set: 0.34ms
[2024-07-13T16:19:52.216+0100][gc,phases   ] GC(11)   Merge Heap Roots: 0.14ms
[2024-07-13T16:19:52.216+0100][gc,phases   ] GC(11)   Evacuate Collection Set: 4.68ms
[2024-07-13T16:19:52.216+0100][gc,phases   ] GC(11)   Post Evacuate Collection Set: 0.73ms
[2024-07-13T16:19:52.216+0100][gc,phases   ] GC(11)   Other: 0.18ms
[2024-07-13T16:19:52.216+0100][gc,heap     ] GC(11) Eden regions: 46->0(45)
[2024-07-13T16:19:52.216+0100][gc,heap     ] GC(11) Survivor regions: 5->6(7)
[2024-07-13T16:19:52.216+0100][gc,heap     ] GC(11) Old regions: 23->24
[2024-07-13T16:19:52.216+0100][gc,heap     ] GC(11) Humongous regions: 138->138
[2024-07-13T16:19:52.216+0100][gc,metaspace] GC(11) Metaspace: 44216K(44800K)->44216K(44800K) NonClass: 38801K(39104K)->38801K(39104K) Class: 5415K(5696K)->5415K(5696K)
[2024-07-13T16:19:52.216+0100][gc          ] GC(11) Pause Young (Normal) (G1 Evacuation Pause) 210M->166M(1024M) 6.360ms
[2024-07-13T16:19:52.216+0100][gc,cpu      ] GC(11) User=0.02s Sys=0.00s Real=0.01s
[2024-07-13T16:21:20.718+0100][gc,start    ] GC(12) Pause Young (Normal) (G1 Evacuation Pause)
[2024-07-13T16:21:20.719+0100][gc,task     ] GC(12) Using 10 workers of 10 for evacuation
[2024-07-13T16:21:20.723+0100][gc,phases   ] GC(12)   Pre Evacuate Collection Set: 0.28ms
[2024-07-13T16:21:20.724+0100][gc,phases   ] GC(12)   Merge Heap Roots: 0.18ms
[2024-07-13T16:21:20.724+0100][gc,phases   ] GC(12)   Evacuate Collection Set: 3.93ms
[2024-07-13T16:21:20.724+0100][gc,phases   ] GC(12)   Post Evacuate Collection Set: 0.63ms
[2024-07-13T16:21:20.724+0100][gc,phases   ] GC(12)   Other: 0.10ms
[2024-07-13T16:21:20.724+0100][gc,heap     ] GC(12) Eden regions: 45->0(45)
[2024-07-13T16:21:20.724+0100][gc,heap     ] GC(12) Survivor regions: 6->6(7)
[2024-07-13T16:21:20.724+0100][gc,heap     ] GC(12) Old regions: 24->26
[2024-07-13T16:21:20.724+0100][gc,heap     ] GC(12) Humongous regions: 138->138
[2024-07-13T16:21:20.724+0100][gc,metaspace] GC(12) Metaspace: 44315K(44928K)->44315K(44928K) NonClass: 38900K(39232K)->38900K(39232K) Class: 5415K(5696K)->5415K(5696K)
[2024-07-13T16:21:20.724+0100][gc          ] GC(12) Pause Young (Normal) (G1 Evacuation Pause) 211M->168M(1024M) 5.486ms
[2024-07-13T16:21:20.724+0100][gc,cpu      ] GC(12) User=0.00s Sys=0.00s Real=0.01s
[2024-07-13T16:22:50.845+0100][gc,start    ] GC(13) Pause Young (Normal) (G1 Evacuation Pause)
[2024-07-13T16:22:50.845+0100][gc,task     ] GC(13) Using 10 workers of 10 for evacuation
[2024-07-13T16:22:50.858+0100][gc,phases   ] GC(13)   Pre Evacuate Collection Set: 0.69ms
[2024-07-13T16:22:50.858+0100][gc,phases   ] GC(13)   Merge Heap Roots: 0.19ms
[2024-07-13T16:22:50.858+0100][gc,phases   ] GC(13)   Evacuate Collection Set: 10.98ms
[2024-07-13T16:22:50.858+0100][gc,phases   ] GC(13)   Post Evacuate Collection Set: 0.67ms
[2024-07-13T16:22:50.858+0100][gc,phases   ] GC(13)   Other: 0.17ms
[2024-07-13T16:22:50.858+0100][gc,heap     ] GC(13) Eden regions: 45->0(44)
[2024-07-13T16:22:50.858+0100][gc,heap     ] GC(13) Survivor regions: 6->7(7)
[2024-07-13T16:22:50.858+0100][gc,heap     ] GC(13) Old regions: 26->28
[2024-07-13T16:22:50.858+0100][gc,heap     ] GC(13) Humongous regions: 138->138
[2024-07-13T16:22:50.858+0100][gc,metaspace] GC(13) Metaspace: 44428K(45056K)->44428K(45056K) NonClass: 38988K(39360K)->38988K(39360K) Class: 5440K(5696K)->5440K(5696K)
[2024-07-13T16:22:50.858+0100][gc          ] GC(13) Pause Young (Normal) (G1 Evacuation Pause) 213M->171M(1024M) 13.181ms
[2024-07-13T16:22:50.858+0100][gc,cpu      ] GC(13) User=0.00s Sys=0.00s Real=0.01s
[2024-07-13T16:24:16.137+0100][gc,start    ] GC(14) Pause Young (Normal) (G1 Evacuation Pause)
[2024-07-13T16:24:16.137+0100][gc,task     ] GC(14) Using 10 workers of 10 for evacuation
[2024-07-13T16:24:16.144+0100][gc,phases   ] GC(14)   Pre Evacuate Collection Set: 0.27ms
[2024-07-13T16:24:16.145+0100][gc,phases   ] GC(14)   Merge Heap Roots: 0.11ms
[2024-07-13T16:24:16.145+0100][gc,phases   ] GC(14)   Evacuate Collection Set: 6.56ms
[2024-07-13T16:24:16.145+0100][gc,phases   ] GC(14)   Post Evacuate Collection Set: 0.60ms
[2024-07-13T16:24:16.145+0100][gc,phases   ] GC(14)   Other: 0.09ms
[2024-07-13T16:24:16.145+0100][gc,heap     ] GC(14) Eden regions: 44->0(44)
[2024-07-13T16:24:16.145+0100][gc,heap     ] GC(14) Survivor regions: 7->7(7)
[2024-07-13T16:24:16.145+0100][gc,heap     ] GC(14) Old regions: 28->30
[2024-07-13T16:24:16.145+0100][gc,heap     ] GC(14) Humongous regions: 138->138
[2024-07-13T16:24:16.145+0100][gc,metaspace] GC(14) Metaspace: 44476K(45120K)->44476K(45120K) NonClass: 39036K(39424K)->39036K(39424K) Class: 5440K(5696K)->5440K(5696K)
[2024-07-13T16:24:16.145+0100][gc          ] GC(14) Pause Young (Normal) (G1 Evacuation Pause) 215M->174M(1024M) 7.955ms
[2024-07-13T16:24:16.145+0100][gc,cpu      ] GC(14) User=0.00s Sys=0.00s Real=0.01s
[2024-07-13T16:25:43.989+0100][gc,start    ] GC(15) Pause Young (Normal) (G1 Evacuation Pause)
[2024-07-13T16:25:43.990+0100][gc,task     ] GC(15) Using 10 workers of 10 for evacuation
[2024-07-13T16:25:44.003+0100][gc,phases   ] GC(15)   Pre Evacuate Collection Set: 0.96ms
[2024-07-13T16:25:44.003+0100][gc,phases   ] GC(15)   Merge Heap Roots: 0.50ms
[2024-07-13T16:25:44.003+0100][gc,phases   ] GC(15)   Evacuate Collection Set: 10.83ms
[2024-07-13T16:25:44.003+0100][gc,phases   ] GC(15)   Post Evacuate Collection Set: 0.76ms
[2024-07-13T16:25:44.003+0100][gc,phases   ] GC(15)   Other: 0.38ms
[2024-07-13T16:25:44.003+0100][gc,heap     ] GC(15) Eden regions: 44->0(44)
[2024-07-13T16:25:44.003+0100][gc,heap     ] GC(15) Survivor regions: 7->7(7)
[2024-07-13T16:25:44.003+0100][gc,heap     ] GC(15) Old regions: 30->33
[2024-07-13T16:25:44.003+0100][gc,heap     ] GC(15) Humongous regions: 138->138
[2024-07-13T16:25:44.003+0100][gc,metaspace] GC(15) Metaspace: 44539K(45184K)->44539K(45184K) NonClass: 39099K(39488K)->39099K(39488K) Class: 5440K(5696K)->5440K(5696K)
[2024-07-13T16:25:44.003+0100][gc          ] GC(15) Pause Young (Normal) (G1 Evacuation Pause) 218M->177M(1024M) 14.426ms
[2024-07-13T16:25:44.004+0100][gc,cpu      ] GC(15) User=0.02s Sys=0.00s Real=0.01s
[2024-07-13T16:27:12.158+0100][gc,start    ] GC(16) Pause Young (Normal) (G1 Evacuation Pause)
[2024-07-13T16:27:12.158+0100][gc,task     ] GC(16) Using 10 workers of 10 for evacuation
[2024-07-13T16:27:12.165+0100][gc,phases   ] GC(16)   Pre Evacuate Collection Set: 0.31ms
[2024-07-13T16:27:12.166+0100][gc,phases   ] GC(16)   Merge Heap Roots: 0.12ms
[2024-07-13T16:27:12.166+0100][gc,phases   ] GC(16)   Evacuate Collection Set: 6.93ms
[2024-07-13T16:27:12.166+0100][gc,phases   ] GC(16)   Post Evacuate Collection Set: 0.58ms
[2024-07-13T16:27:12.166+0100][gc,phases   ] GC(16)   Other: 0.10ms
[2024-07-13T16:27:12.166+0100][gc,heap     ] GC(16) Eden regions: 44->0(44)
[2024-07-13T16:27:12.166+0100][gc,heap     ] GC(16) Survivor regions: 7->7(7)
[2024-07-13T16:27:12.166+0100][gc,heap     ] GC(16) Old regions: 33->36
[2024-07-13T16:27:12.166+0100][gc,heap     ] GC(16) Humongous regions: 138->138
[2024-07-13T16:27:12.166+0100][gc,metaspace] GC(16) Metaspace: 44556K(45184K)->44556K(45184K) NonClass: 39116K(39488K)->39116K(39488K) Class: 5440K(5696K)->5440K(5696K)
[2024-07-13T16:27:12.166+0100][gc          ] GC(16) Pause Young (Normal) (G1 Evacuation Pause) 221M->179M(1024M) 8.382ms
[2024-07-13T16:27:12.166+0100][gc,cpu      ] GC(16) User=0.00s Sys=0.00s Real=0.01s
[2024-07-13T16:28:39.208+0100][gc,start    ] GC(17) Pause Young (Normal) (G1 Evacuation Pause)
[2024-07-13T16:28:39.208+0100][gc,task     ] GC(17) Using 10 workers of 10 for evacuation
[2024-07-13T16:28:39.220+0100][gc,phases   ] GC(17)   Pre Evacuate Collection Set: 0.29ms
[2024-07-13T16:28:39.220+0100][gc,phases   ] GC(17)   Merge Heap Roots: 0.14ms
[2024-07-13T16:28:39.220+0100][gc,phases   ] GC(17)   Evacuate Collection Set: 11.44ms
[2024-07-13T16:28:39.220+0100][gc,phases   ] GC(17)   Post Evacuate Collection Set: 0.67ms
[2024-07-13T16:28:39.220+0100][gc,phases   ] GC(17)   Other: 0.12ms
[2024-07-13T16:28:39.220+0100][gc,heap     ] GC(17) Eden regions: 44->0(67)
[2024-07-13T16:28:39.220+0100][gc,heap     ] GC(17) Survivor regions: 7->5(7)
[2024-07-13T16:28:39.220+0100][gc,heap     ] GC(17) Old regions: 36->41
[2024-07-13T16:28:39.220+0100][gc,heap     ] GC(17) Humongous regions: 138->138
[2024-07-13T16:28:39.220+0100][gc,metaspace] GC(17) Metaspace: 44605K(45184K)->44605K(45184K) NonClass: 39165K(39488K)->39165K(39488K) Class: 5440K(5696K)->5440K(5696K)
[2024-07-13T16:28:39.221+0100][gc          ] GC(17) Pause Young (Normal) (G1 Evacuation Pause) 223M->182M(1024M) 13.009ms
[2024-07-13T16:28:39.221+0100][gc,cpu      ] GC(17) User=0.00s Sys=0.02s Real=0.01s
[2024-07-13T16:31:38.641+0100][gc,start    ] GC(18) Pause Young (Normal) (G1 Evacuation Pause)
[2024-07-13T16:31:38.641+0100][gc,task     ] GC(18) Using 10 workers of 10 for evacuation
[2024-07-13T16:31:38.652+0100][gc,phases   ] GC(18)   Pre Evacuate Collection Set: 0.43ms
[2024-07-13T16:31:38.652+0100][gc,phases   ] GC(18)   Merge Heap Roots: 0.15ms
[2024-07-13T16:31:38.652+0100][gc,phases   ] GC(18)   Evacuate Collection Set: 9.51ms
[2024-07-13T16:31:38.652+0100][gc,phases   ] GC(18)   Post Evacuate Collection Set: 0.50ms
[2024-07-13T16:31:38.652+0100][gc,phases   ] GC(18)   Other: 0.26ms
[2024-07-13T16:31:38.652+0100][gc,heap     ] GC(18) Eden regions: 91->0(62)
[2024-07-13T16:31:38.652+0100][gc,heap     ] GC(18) Survivor regions: 5->10(12)
[2024-07-13T16:31:38.652+0100][gc,heap     ] GC(18) Old regions: 41->41
[2024-07-13T16:31:38.652+0100][gc,heap     ] GC(18) Humongous regions: 138->138
[2024-07-13T16:31:38.652+0100][gc,metaspace] GC(18) Metaspace: 44674K(45248K)->44674K(45248K) NonClass: 39234K(39552K)->39234K(39552K) Class: 5440K(5696K)->5440K(5696K)
[2024-07-13T16:31:38.652+0100][gc          ] GC(18) Pause Young (Normal) (G1 Evacuation Pause) 273M->188M(1024M) 11.163ms
[2024-07-13T16:31:38.652+0100][gc,cpu      ] GC(18) User=0.02s Sys=0.00s Real=0.01s
[2024-07-13T16:34:15.095+0100][gc,start    ] GC(19) Pause Young (Normal) (G1 Evacuation Pause)
[2024-07-13T16:34:15.095+0100][gc,task     ] GC(19) Using 10 workers of 10 for evacuation
[2024-07-13T16:34:15.106+0100][gc,phases   ] GC(19)   Pre Evacuate Collection Set: 0.32ms
[2024-07-13T16:34:15.106+0100][gc,phases   ] GC(19)   Merge Heap Roots: 0.09ms
[2024-07-13T16:34:15.106+0100][gc,phases   ] GC(19)   Evacuate Collection Set: 9.11ms
[2024-07-13T16:34:15.106+0100][gc,phases   ] GC(19)   Post Evacuate Collection Set: 0.67ms
[2024-07-13T16:34:15.106+0100][gc,phases   ] GC(19)   Other: 0.13ms
[2024-07-13T16:34:15.106+0100][gc,heap     ] GC(19) Eden regions: 80->0(89)
[2024-07-13T16:34:15.106+0100][gc,heap     ] GC(19) Survivor regions: 10->7(12)
[2024-07-13T16:34:15.106+0100][gc,heap     ] GC(19) Old regions: 41->49
[2024-07-13T16:34:15.106+0100][gc,heap     ] GC(19) Humongous regions: 138->138
[2024-07-13T16:34:15.106+0100][gc,metaspace] GC(19) Metaspace: 44683K(45248K)->44683K(45248K) NonClass: 39242K(39552K)->39242K(39552K) Class: 5440K(5696K)->5440K(5696K)
[2024-07-13T16:34:15.106+0100][gc          ] GC(19) Pause Young (Normal) (G1 Evacuation Pause) 268M->192M(1024M) 10.711ms
[2024-07-13T16:34:15.106+0100][gc,cpu      ] GC(19) User=0.02s Sys=0.00s Real=0.01s
[2024-07-13T16:37:45.449+0100][gc,start    ] GC(20) Pause Young (Normal) (G1 Evacuation Pause)
[2024-07-13T16:37:45.449+0100][gc,task     ] GC(20) Using 10 workers of 10 for evacuation
[2024-07-13T16:37:45.465+0100][gc,phases   ] GC(20)   Pre Evacuate Collection Set: 0.45ms
[2024-07-13T16:37:45.465+0100][gc,phases   ] GC(20)   Merge Heap Roots: 0.11ms
[2024-07-13T16:37:45.465+0100][gc,phases   ] GC(20)   Evacuate Collection Set: 14.30ms
[2024-07-13T16:37:45.466+0100][gc,phases   ] GC(20)   Post Evacuate Collection Set: 0.65ms
[2024-07-13T16:37:45.466+0100][gc,phases   ] GC(20)   Other: 0.15ms
[2024-07-13T16:37:45.466+0100][gc,heap     ] GC(20) Eden regions: 106->0(57)
[2024-07-13T16:37:45.466+0100][gc,heap     ] GC(20) Survivor regions: 7->12(15)
[2024-07-13T16:37:45.466+0100][gc,heap     ] GC(20) Old regions: 49->49
[2024-07-13T16:37:45.466+0100][gc,heap     ] GC(20) Humongous regions: 138->138
[2024-07-13T16:37:45.466+0100][gc,metaspace] GC(20) Metaspace: 44708K(45312K)->44708K(45312K) NonClass: 39268K(39616K)->39268K(39616K) Class: 5440K(5696K)->5440K(5696K)
[2024-07-13T16:37:45.466+0100][gc          ] GC(20) Pause Young (Normal) (G1 Evacuation Pause) 298M->198M(1024M) 16.107ms
[2024-07-13T16:37:45.466+0100][gc,cpu      ] GC(20) User=0.03s Sys=0.02s Real=0.02s
[2024-07-13T16:40:03.409+0100][gc,start    ] GC(21) Pause Young (Normal) (G1 Evacuation Pause)
[2024-07-13T16:40:03.409+0100][gc,task     ] GC(21) Using 10 workers of 10 for evacuation
[2024-07-13T16:40:03.423+0100][gc,phases   ] GC(21)   Pre Evacuate Collection Set: 0.26ms
[2024-07-13T16:40:03.423+0100][gc,phases   ] GC(21)   Merge Heap Roots: 0.08ms
[2024-07-13T16:40:03.423+0100][gc,phases   ] GC(21)   Evacuate Collection Set: 12.61ms
[2024-07-13T16:40:03.423+0100][gc,phases   ] GC(21)   Post Evacuate Collection Set: 0.88ms
[2024-07-13T16:40:03.423+0100][gc,phases   ] GC(21)   Other: 0.14ms
[2024-07-13T16:40:03.423+0100][gc,heap     ] GC(21) Eden regions: 70->0(110)
[2024-07-13T16:40:03.423+0100][gc,heap     ] GC(21) Survivor regions: 12->7(11)
[2024-07-13T16:40:03.423+0100][gc,heap     ] GC(21) Old regions: 49->59
[2024-07-13T16:40:03.423+0100][gc,heap     ] GC(21) Humongous regions: 138->138
[2024-07-13T16:40:03.423+0100][gc,metaspace] GC(21) Metaspace: 44723K(45312K)->44723K(45312K) NonClass: 39282K(39616K)->39282K(39616K) Class: 5440K(5696K)->5440K(5696K)
[2024-07-13T16:40:03.423+0100][gc          ] GC(21) Pause Young (Normal) (G1 Evacuation Pause) 268M->203M(1024M) 14.362ms
[2024-07-13T16:40:03.423+0100][gc,cpu      ] GC(21) User=0.05s Sys=0.00s Real=0.01s
[2024-07-13T16:44:01.019+0100][gc,start    ] GC(22) Pause Young (Normal) (G1 Evacuation Pause)
[2024-07-13T16:44:01.019+0100][gc,task     ] GC(22) Using 10 workers of 10 for evacuation
[2024-07-13T16:44:01.043+0100][gc,mmu      ] GC(22) MMU target violated: 21.0ms (20.0ms/21.0ms)
[2024-07-13T16:44:01.043+0100][gc,phases   ] GC(22)   Pre Evacuate Collection Set: 0.89ms
[2024-07-13T16:44:01.043+0100][gc,phases   ] GC(22)   Merge Heap Roots: 0.53ms
[2024-07-13T16:44:01.043+0100][gc,phases   ] GC(22)   Evacuate Collection Set: 21.39ms
[2024-07-13T16:44:01.043+0100][gc,phases   ] GC(22)   Post Evacuate Collection Set: 0.78ms
[2024-07-13T16:44:01.043+0100][gc,phases   ] GC(22)   Other: 0.49ms
[2024-07-13T16:44:01.043+0100][gc,heap     ] GC(22) Eden regions: 119->0(38)
[2024-07-13T16:44:01.044+0100][gc,heap     ] GC(22) Survivor regions: 7->13(16)
[2024-07-13T16:44:01.044+0100][gc,heap     ] GC(22) Old regions: 59->59
[2024-07-13T16:44:01.044+0100][gc,heap     ] GC(22) Humongous regions: 138->138
[2024-07-13T16:44:01.044+0100][gc,metaspace] GC(22) Metaspace: 44727K(45312K)->44727K(45312K) NonClass: 39286K(39616K)->39286K(39616K) Class: 5440K(5696K)->5440K(5696K)
[2024-07-13T16:44:01.044+0100][gc          ] GC(22) Pause Young (Normal) (G1 Evacuation Pause) 322M->208M(1024M) 24.611ms
[2024-07-13T16:44:01.044+0100][gc,cpu      ] GC(22) User=0.11s Sys=0.02s Real=0.02s
[2024-07-13T16:45:15.739+0100][gc,start    ] GC(23) Pause Young (Normal) (G1 Evacuation Pause)
[2024-07-13T16:45:15.739+0100][gc,task     ] GC(23) Using 10 workers of 10 for evacuation
[2024-07-13T16:45:15.755+0100][gc,phases   ] GC(23)   Pre Evacuate Collection Set: 0.42ms
[2024-07-13T16:45:15.755+0100][gc,phases   ] GC(23)   Merge Heap Roots: 0.10ms
[2024-07-13T16:45:15.756+0100][gc,phases   ] GC(23)   Evacuate Collection Set: 14.56ms
[2024-07-13T16:45:15.756+0100][gc,phases   ] GC(23)   Post Evacuate Collection Set: 0.95ms
[2024-07-13T16:45:15.756+0100][gc,phases   ] GC(23)   Other: 0.14ms
[2024-07-13T16:45:15.756+0100][gc,heap     ] GC(23) Eden regions: 38->0(104)
[2024-07-13T16:45:15.756+0100][gc,heap     ] GC(23) Survivor regions: 13->4(7)
[2024-07-13T16:45:15.756+0100][gc,heap     ] GC(23) Old regions: 59->69
[2024-07-13T16:45:15.756+0100][gc,heap     ] GC(23) Humongous regions: 138->138
[2024-07-13T16:45:15.756+0100][gc,metaspace] GC(23) Metaspace: 44731K(45312K)->44731K(45312K) NonClass: 39291K(39616K)->39291K(39616K) Class: 5440K(5696K)->5440K(5696K)
[2024-07-13T16:45:15.756+0100][gc          ] GC(23) Pause Young (Normal) (G1 Evacuation Pause) 246M->211M(1024M) 16.460ms
[2024-07-13T16:45:15.756+0100][gc,cpu      ] GC(23) User=0.00s Sys=0.00s Real=0.02s
[2024-07-13T16:48:53.360+0100][gc,start    ] GC(24) Pause Young (Normal) (G1 Evacuation Pause)
[2024-07-13T16:48:53.361+0100][gc,task     ] GC(24) Using 10 workers of 10 for evacuation
[2024-07-13T16:48:53.379+0100][gc,phases   ] GC(24)   Pre Evacuate Collection Set: 0.76ms
[2024-07-13T16:48:53.379+0100][gc,phases   ] GC(24)   Merge Heap Roots: 1.26ms
[2024-07-13T16:48:53.379+0100][gc,phases   ] GC(24)   Evacuate Collection Set: 15.19ms
[2024-07-13T16:48:53.379+0100][gc,phases   ] GC(24)   Post Evacuate Collection Set: 0.91ms
[2024-07-13T16:48:53.379+0100][gc,phases   ] GC(24)   Other: 0.30ms
[2024-07-13T16:48:53.379+0100][gc,heap     ] GC(24) Eden regions: 109->0(41)
[2024-07-13T16:48:53.379+0100][gc,heap     ] GC(24) Survivor regions: 4->10(15)
[2024-07-13T16:48:53.379+0100][gc,heap     ] GC(24) Old regions: 69->69
[2024-07-13T16:48:53.379+0100][gc,heap     ] GC(24) Humongous regions: 138->138
[2024-07-13T16:48:53.379+0100][gc,metaspace] GC(24) Metaspace: 44738K(45312K)->44738K(45312K) NonClass: 39297K(39616K)->39297K(39616K) Class: 5440K(5696K)->5440K(5696K)
[2024-07-13T16:48:53.379+0100][gc          ] GC(24) Pause Young (Normal) (G1 Evacuation Pause) 320M->216M(1024M) 19.073ms
[2024-07-13T16:48:53.379+0100][gc,cpu      ] GC(24) User=0.11s Sys=0.00s Real=0.02s
[2024-07-13T16:50:13.850+0100][gc,start    ] GC(25) Pause Young (Normal) (G1 Evacuation Pause)
[2024-07-13T16:50:13.850+0100][gc,task     ] GC(25) Using 10 workers of 10 for evacuation
[2024-07-13T16:50:13.859+0100][gc,phases   ] GC(25)   Pre Evacuate Collection Set: 0.19ms
[2024-07-13T16:50:13.859+0100][gc,phases   ] GC(25)   Merge Heap Roots: 0.14ms
[2024-07-13T16:50:13.859+0100][gc,phases   ] GC(25)   Evacuate Collection Set: 7.00ms
[2024-07-13T16:50:13.859+0100][gc,phases   ] GC(25)   Post Evacuate Collection Set: 0.58ms
[2024-07-13T16:50:13.859+0100][gc,phases   ] GC(25)   Other: 0.09ms
[2024-07-13T16:50:13.859+0100][gc,heap     ] GC(25) Eden regions: 41->0(141)
[2024-07-13T16:50:13.859+0100][gc,heap     ] GC(25) Survivor regions: 10->4(7)
[2024-07-13T16:50:13.859+0100][gc,heap     ] GC(25) Old regions: 69->78
[2024-07-13T16:50:13.859+0100][gc,heap     ] GC(25) Humongous regions: 138->138
[2024-07-13T16:50:13.859+0100][gc,metaspace] GC(25) Metaspace: 44740K(45312K)->44740K(45312K) NonClass: 39300K(39616K)->39300K(39616K) Class: 5440K(5696K)->5440K(5696K)
[2024-07-13T16:50:13.859+0100][gc          ] GC(25) Pause Young (Normal) (G1 Evacuation Pause) 257M->219M(1024M) 8.286ms
[2024-07-13T16:50:13.859+0100][gc,cpu      ] GC(25) User=0.02s Sys=0.00s Real=0.01s
[2024-07-13T16:55:02.286+0100][gc,start    ] GC(26) Pause Young (Normal) (G1 Evacuation Pause)
[2024-07-13T16:55:02.286+0100][gc,task     ] GC(26) Using 10 workers of 10 for evacuation
[2024-07-13T16:55:02.297+0100][gc,phases   ] GC(26)   Pre Evacuate Collection Set: 0.32ms
[2024-07-13T16:55:02.297+0100][gc,phases   ] GC(26)   Merge Heap Roots: 0.12ms
[2024-07-13T16:55:02.297+0100][gc,phases   ] GC(26)   Evacuate Collection Set: 10.32ms
[2024-07-13T16:55:02.297+0100][gc,phases   ] GC(26)   Post Evacuate Collection Set: 0.63ms
[2024-07-13T16:55:02.297+0100][gc,phases   ] GC(26)   Other: 0.17ms
[2024-07-13T16:55:02.297+0100][gc,heap     ] GC(26) Eden regions: 145->0(56)
[2024-07-13T16:55:02.297+0100][gc,heap     ] GC(26) Survivor regions: 4->12(19)
[2024-07-13T16:55:02.297+0100][gc,heap     ] GC(26) Old regions: 78->78
[2024-07-13T16:55:02.297+0100][gc,heap     ] GC(26) Humongous regions: 138->138
[2024-07-13T16:55:02.297+0100][gc,metaspace] GC(26) Metaspace: 44759K(45312K)->44759K(45312K) NonClass: 39319K(39616K)->39319K(39616K) Class: 5440K(5696K)->5440K(5696K)
[2024-07-13T16:55:02.297+0100][gc          ] GC(26) Pause Young (Normal) (G1 Evacuation Pause) 364M->226M(1024M) 11.954ms
[2024-07-13T16:55:02.299+0100][gc,cpu      ] GC(26) User=0.02s Sys=0.00s Real=0.01s
[2024-07-13T16:56:56.557+0100][gc,start    ] GC(27) Pause Young (Normal) (G1 Evacuation Pause)
[2024-07-13T16:56:56.557+0100][gc,task     ] GC(27) Using 10 workers of 10 for evacuation
[2024-07-13T16:56:56.566+0100][gc,phases   ] GC(27)   Pre Evacuate Collection Set: 0.44ms
[2024-07-13T16:56:56.566+0100][gc,phases   ] GC(27)   Merge Heap Roots: 0.10ms
[2024-07-13T16:56:56.566+0100][gc,phases   ] GC(27)   Evacuate Collection Set: 8.42ms
[2024-07-13T16:56:56.566+0100][gc,phases   ] GC(27)   Post Evacuate Collection Set: 0.65ms
[2024-07-13T16:56:56.566+0100][gc,phases   ] GC(27)   Other: 0.12ms
[2024-07-13T16:56:56.566+0100][gc,heap     ] GC(27) Eden regions: 57->0(173)
[2024-07-13T16:56:56.566+0100][gc,heap     ] GC(27) Survivor regions: 12->4(9)
[2024-07-13T16:56:56.566+0100][gc,heap     ] GC(27) Old regions: 78->88
[2024-07-13T16:56:56.566+0100][gc,heap     ] GC(27) Humongous regions: 138->138
[2024-07-13T16:56:56.566+0100][gc,metaspace] GC(27) Metaspace: 44762K(45312K)->44762K(45312K) NonClass: 39321K(39616K)->39321K(39616K) Class: 5441K(5696K)->5441K(5696K)
[2024-07-13T16:56:56.566+0100][gc          ] GC(27) Pause Young (Normal) (G1 Evacuation Pause) 283M->230M(1024M) 10.076ms
[2024-07-13T16:56:56.567+0100][gc,cpu      ] GC(27) User=0.00s Sys=0.02s Real=0.01s
[2024-07-13T17:02:47.043+0100][gc,start    ] GC(28) Pause Young (Normal) (G1 Evacuation Pause)
[2024-07-13T17:02:47.043+0100][gc,task     ] GC(28) Using 10 workers of 10 for evacuation
[2024-07-13T17:02:47.064+0100][gc,mmu      ] GC(28) MMU target violated: 20.8ms (20.0ms/21.0ms)
[2024-07-13T17:02:47.064+0100][gc,phases   ] GC(28)   Pre Evacuate Collection Set: 0.35ms
[2024-07-13T17:02:47.064+0100][gc,phases   ] GC(28)   Merge Heap Roots: 0.17ms
[2024-07-13T17:02:47.064+0100][gc,phases   ] GC(28)   Evacuate Collection Set: 19.44ms
[2024-07-13T17:02:47.064+0100][gc,phases   ] GC(28)   Post Evacuate Collection Set: 0.66ms
[2024-07-13T17:02:47.064+0100][gc,phases   ] GC(28)   Other: 0.27ms
[2024-07-13T17:02:47.064+0100][gc,heap     ] GC(28) Eden regions: 174->0(37)
[2024-07-13T17:02:47.064+0100][gc,heap     ] GC(28) Survivor regions: 4->14(23)
[2024-07-13T17:02:47.064+0100][gc,heap     ] GC(28) Old regions: 88->88
[2024-07-13T17:02:47.064+0100][gc,heap     ] GC(28) Humongous regions: 138->138
[2024-07-13T17:02:47.064+0100][gc,metaspace] GC(28) Metaspace: 44767K(45376K)->44767K(45376K) NonClass: 39326K(39680K)->39326K(39680K) Class: 5441K(5696K)->5441K(5696K)
[2024-07-13T17:02:47.064+0100][gc          ] GC(28) Pause Young (Normal) (G1 Evacuation Pause) 404M->240M(1024M) 21.222ms
[2024-07-13T17:02:47.064+0100][gc,cpu      ] GC(28) User=0.09s Sys=0.00s Real=0.02s
[2024-07-13T17:03:59.607+0100][gc,start    ] GC(29) Pause Young (Normal) (G1 Evacuation Pause)
[2024-07-13T17:03:59.607+0100][gc,task     ] GC(29) Using 10 workers of 10 for evacuation
[2024-07-13T17:03:59.618+0100][gc,phases   ] GC(29)   Pre Evacuate Collection Set: 0.41ms
[2024-07-13T17:03:59.618+0100][gc,phases   ] GC(29)   Merge Heap Roots: 0.13ms
[2024-07-13T17:03:59.618+0100][gc,phases   ] GC(29)   Evacuate Collection Set: 8.90ms
[2024-07-13T17:03:59.618+0100][gc,phases   ] GC(29)   Post Evacuate Collection Set: 0.84ms
[2024-07-13T17:03:59.618+0100][gc,phases   ] GC(29)   Other: 0.08ms
[2024-07-13T17:03:59.618+0100][gc,heap     ] GC(29) Eden regions: 37->0(122)
[2024-07-13T17:03:59.618+0100][gc,heap     ] GC(29) Survivor regions: 14->4(7)
[2024-07-13T17:03:59.618+0100][gc,heap     ] GC(29) Old regions: 88->101
[2024-07-13T17:03:59.618+0100][gc,heap     ] GC(29) Humongous regions: 138->138
[2024-07-13T17:03:59.618+0100][gc,metaspace] GC(29) Metaspace: 44770K(45376K)->44770K(45376K) NonClass: 39329K(39680K)->39329K(39680K) Class: 5441K(5696K)->5441K(5696K)
[2024-07-13T17:03:59.618+0100][gc          ] GC(29) Pause Young (Normal) (G1 Evacuation Pause) 277M->242M(1024M) 10.678ms
[2024-07-13T17:03:59.618+0100][gc,cpu      ] GC(29) User=0.00s Sys=0.00s Real=0.01s
[2024-07-13T17:08:08.249+0100][gc,start    ] GC(30) Pause Young (Normal) (G1 Evacuation Pause)
[2024-07-13T17:08:08.249+0100][gc,task     ] GC(30) Using 10 workers of 10 for evacuation
[2024-07-13T17:08:08.265+0100][gc,phases   ] GC(30)   Pre Evacuate Collection Set: 0.30ms
[2024-07-13T17:08:08.265+0100][gc,phases   ] GC(30)   Merge Heap Roots: 0.13ms
[2024-07-13T17:08:08.265+0100][gc,phases   ] GC(30)   Evacuate Collection Set: 14.33ms
[2024-07-13T17:08:08.265+0100][gc,phases   ] GC(30)   Post Evacuate Collection Set: 0.64ms
[2024-07-13T17:08:08.265+0100][gc,phases   ] GC(30)   Other: 0.10ms
[2024-07-13T17:08:08.265+0100][gc,heap     ] GC(30) Eden regions: 123->0(51)
[2024-07-13T17:08:08.265+0100][gc,heap     ] GC(30) Survivor regions: 4->12(16)
[2024-07-13T17:08:08.265+0100][gc,heap     ] GC(30) Old regions: 101->101
[2024-07-13T17:08:08.265+0100][gc,heap     ] GC(30) Humongous regions: 138->138
[2024-07-13T17:08:08.265+0100][gc,metaspace] GC(30) Metaspace: 44777K(45376K)->44777K(45376K) NonClass: 39336K(39680K)->39336K(39680K) Class: 5441K(5696K)->5441K(5696K)
[2024-07-13T17:08:08.265+0100][gc          ] GC(30) Pause Young (Normal) (G1 Evacuation Pause) 365M->250M(1024M) 15.836ms
[2024-07-13T17:08:08.265+0100][gc,cpu      ] GC(30) User=0.00s Sys=0.02s Real=0.02s
[2024-07-13T17:09:49.531+0100][gc,start    ] GC(31) Pause Young (Normal) (G1 Evacuation Pause)
[2024-07-13T17:09:49.531+0100][gc,task     ] GC(31) Using 10 workers of 10 for evacuation
[2024-07-13T17:09:49.540+0100][gc,phases   ] GC(31)   Pre Evacuate Collection Set: 0.24ms
[2024-07-13T17:09:49.540+0100][gc,phases   ] GC(31)   Merge Heap Roots: 0.12ms
[2024-07-13T17:09:49.540+0100][gc,phases   ] GC(31)   Evacuate Collection Set: 7.43ms
[2024-07-13T17:09:49.540+0100][gc,phases   ] GC(31)   Post Evacuate Collection Set: 0.63ms
[2024-07-13T17:09:49.540+0100][gc,phases   ] GC(31)   Other: 0.07ms
[2024-07-13T17:09:49.540+0100][gc,heap     ] GC(31) Eden regions: 51->0(126)
[2024-07-13T17:09:49.540+0100][gc,heap     ] GC(31) Survivor regions: 12->5(8)
[2024-07-13T17:09:49.540+0100][gc,heap     ] GC(31) Old regions: 101->111
[2024-07-13T17:09:49.540+0100][gc,heap     ] GC(31) Humongous regions: 138->138
[2024-07-13T17:09:49.540+0100][gc,metaspace] GC(31) Metaspace: 44779K(45376K)->44779K(45376K) NonClass: 39337K(39680K)->39337K(39680K) Class: 5441K(5696K)->5441K(5696K)
[2024-07-13T17:09:49.540+0100][gc          ] GC(31) Pause Young (Normal) (G1 Evacuation Pause) 301M->252M(1024M) 8.747ms
[2024-07-13T17:09:49.540+0100][gc,cpu      ] GC(31) User=0.00s Sys=0.00s Real=0.01s
[2024-07-13T17:13:48.317+0100][gc,start    ] GC(32) Pause Young (Normal) (G1 Evacuation Pause)
[2024-07-13T17:13:48.317+0100][gc,task     ] GC(32) Using 10 workers of 10 for evacuation
[2024-07-13T17:13:48.338+0100][gc,mmu      ] GC(32) MMU target violated: 20.2ms (20.0ms/21.0ms)
[2024-07-13T17:13:48.338+0100][gc,phases   ] GC(32)   Pre Evacuate Collection Set: 0.41ms
[2024-07-13T17:13:48.338+0100][gc,phases   ] GC(32)   Merge Heap Roots: 0.12ms
[2024-07-13T17:13:48.338+0100][gc,phases   ] GC(32)   Evacuate Collection Set: 18.75ms
[2024-07-13T17:13:48.338+0100][gc,phases   ] GC(32)   Post Evacuate Collection Set: 0.82ms
[2024-07-13T17:13:48.338+0100][gc,phases   ] GC(32)   Other: 0.36ms
[2024-07-13T17:13:48.338+0100][gc,heap     ] GC(32) Eden regions: 124->0(38)
[2024-07-13T17:13:48.338+0100][gc,heap     ] GC(32) Survivor regions: 5->13(17)
[2024-07-13T17:13:48.338+0100][gc,heap     ] GC(32) Old regions: 111->111
[2024-07-13T17:13:48.338+0100][gc,heap     ] GC(32) Humongous regions: 147->147
[2024-07-13T17:13:48.338+0100][gc,metaspace] GC(32) Metaspace: 44899K(45504K)->44899K(45504K) NonClass: 39429K(39744K)->39429K(39744K) Class: 5469K(5760K)->5469K(5760K)
[2024-07-13T17:13:48.338+0100][gc          ] GC(32) Pause Young (Normal) (G1 Evacuation Pause) 385M->270M(1024M) 20.938ms
[2024-07-13T17:13:48.338+0100][gc,cpu      ] GC(32) User=0.06s Sys=0.00s Real=0.02s
[2024-07-13T17:15:03.270+0100][gc,start    ] GC(33) Pause Young (Normal) (G1 Evacuation Pause)
[2024-07-13T17:15:03.270+0100][gc,task     ] GC(33) Using 10 workers of 10 for evacuation
[2024-07-13T17:15:03.276+0100][gc,phases   ] GC(33)   Pre Evacuate Collection Set: 0.32ms
[2024-07-13T17:15:03.276+0100][gc,phases   ] GC(33)   Merge Heap Roots: 0.11ms
[2024-07-13T17:15:03.276+0100][gc,phases   ] GC(33)   Evacuate Collection Set: 5.88ms
[2024-07-13T17:15:03.276+0100][gc,phases   ] GC(33)   Post Evacuate Collection Set: 0.70ms
[2024-07-13T17:15:03.276+0100][gc,phases   ] GC(33)   Other: 0.08ms
[2024-07-13T17:15:03.276+0100][gc,heap     ] GC(33) Eden regions: 38->0(151)
[2024-07-13T17:15:03.276+0100][gc,heap     ] GC(33) Survivor regions: 13->4(7)
[2024-07-13T17:15:03.276+0100][gc,heap     ] GC(33) Old regions: 111->120
[2024-07-13T17:15:03.276+0100][gc,heap     ] GC(33) Humongous regions: 147->147
[2024-07-13T17:15:03.276+0100][gc,metaspace] GC(33) Metaspace: 44900K(45504K)->44900K(45504K) NonClass: 39431K(39744K)->39431K(39744K) Class: 5469K(5760K)->5469K(5760K)
[2024-07-13T17:15:03.276+0100][gc          ] GC(33) Pause Young (Normal) (G1 Evacuation Pause) 308M->270M(1024M) 7.360ms
[2024-07-13T17:15:03.276+0100][gc,cpu      ] GC(33) User=0.00s Sys=0.00s Real=0.01s
[2024-07-13T17:20:22.992+0100][gc,start    ] GC(34) Pause Young (Normal) (G1 Evacuation Pause)
[2024-07-13T17:20:22.992+0100][gc,task     ] GC(34) Using 10 workers of 10 for evacuation
[2024-07-13T17:20:23.006+0100][gc,phases   ] GC(34)   Pre Evacuate Collection Set: 0.33ms
[2024-07-13T17:20:23.006+0100][gc,phases   ] GC(34)   Merge Heap Roots: 0.13ms
[2024-07-13T17:20:23.006+0100][gc,phases   ] GC(34)   Evacuate Collection Set: 12.81ms
[2024-07-13T17:20:23.006+0100][gc,phases   ] GC(34)   Post Evacuate Collection Set: 0.70ms
[2024-07-13T17:20:23.006+0100][gc,phases   ] GC(34)   Other: 0.14ms
[2024-07-13T17:20:23.006+0100][gc,heap     ] GC(34) Eden regions: 157->0(85)
[2024-07-13T17:20:23.006+0100][gc,heap     ] GC(34) Survivor regions: 4->11(21)
[2024-07-13T17:20:23.006+0100][gc,heap     ] GC(34) Old regions: 120->120
[2024-07-13T17:20:23.006+0100][gc,heap     ] GC(34) Humongous regions: 147->147
[2024-07-13T17:20:23.006+0100][gc,metaspace] GC(34) Metaspace: 44924K(45568K)->44924K(45568K) NonClass: 39455K(39808K)->39455K(39808K) Class: 5469K(5760K)->5469K(5760K)
[2024-07-13T17:20:23.006+0100][gc          ] GC(34) Pause Young (Normal) (G1 Evacuation Pause) 427M->277M(1024M) 14.781ms
[2024-07-13T17:20:23.006+0100][gc,cpu      ] GC(34) User=0.00s Sys=0.00s Real=0.01s
[2024-07-13T17:23:26.648+0100][gc,start    ] GC(35) Pause Young (Normal) (G1 Evacuation Pause)
[2024-07-13T17:23:26.649+0100][gc,task     ] GC(35) Using 10 workers of 10 for evacuation
[2024-07-13T17:23:26.671+0100][gc,mmu      ] GC(35) MMU target violated: 21.0ms (20.0ms/21.0ms)
[2024-07-13T17:23:26.671+0100][gc,phases   ] GC(35)   Pre Evacuate Collection Set: 2.14ms
[2024-07-13T17:23:26.671+0100][gc,phases   ] GC(35)   Merge Heap Roots: 0.69ms
[2024-07-13T17:23:26.671+0100][gc,phases   ] GC(35)   Evacuate Collection Set: 17.07ms
[2024-07-13T17:23:26.671+0100][gc,phases   ] GC(35)   Post Evacuate Collection Set: 1.46ms
[2024-07-13T17:23:26.671+0100][gc,phases   ] GC(35)   Other: 0.80ms
[2024-07-13T17:23:26.672+0100][gc,heap     ] GC(35) Eden regions: 90->0(94)
[2024-07-13T17:23:26.672+0100][gc,heap     ] GC(35) Survivor regions: 11->7(13)
[2024-07-13T17:23:26.672+0100][gc,heap     ] GC(35) Old regions: 120->131
[2024-07-13T17:23:26.672+0100][gc,heap     ] GC(35) Humongous regions: 147->147
[2024-07-13T17:23:26.672+0100][gc,metaspace] GC(35) Metaspace: 44926K(45568K)->44926K(45568K) NonClass: 39457K(39808K)->39457K(39808K) Class: 5469K(5760K)->5469K(5760K)
[2024-07-13T17:23:26.672+0100][gc          ] GC(35) Pause Young (Normal) (G1 Evacuation Pause) 367M->284M(1024M) 23.550ms
[2024-07-13T17:23:26.672+0100][gc,cpu      ] GC(35) User=0.12s Sys=0.05s Real=0.02s
[2024-07-13T17:26:39.474+0100][gc,start    ] GC(36) Pause Young (Normal) (G1 Evacuation Pause)
[2024-07-13T17:26:39.474+0100][gc,task     ] GC(36) Using 10 workers of 10 for evacuation
[2024-07-13T17:26:39.483+0100][gc,phases   ] GC(36)   Pre Evacuate Collection Set: 0.43ms
[2024-07-13T17:26:39.483+0100][gc,phases   ] GC(36)   Merge Heap Roots: 0.13ms
[2024-07-13T17:26:39.483+0100][gc,phases   ] GC(36)   Evacuate Collection Set: 7.02ms
[2024-07-13T17:26:39.483+0100][gc,phases   ] GC(36)   Post Evacuate Collection Set: 0.68ms
[2024-07-13T17:26:39.483+0100][gc,phases   ] GC(36)   Other: 0.13ms
[2024-07-13T17:26:39.483+0100][gc,heap     ] GC(36) Eden regions: 95->0(75)
[2024-07-13T17:26:39.483+0100][gc,heap     ] GC(36) Survivor regions: 7->12(13)
[2024-07-13T17:26:39.483+0100][gc,heap     ] GC(36) Old regions: 131->131
[2024-07-13T17:26:39.483+0100][gc,heap     ] GC(36) Humongous regions: 147->147
[2024-07-13T17:26:39.483+0100][gc,metaspace] GC(36) Metaspace: 44929K(45568K)->44929K(45568K) NonClass: 39460K(39808K)->39460K(39808K) Class: 5469K(5760K)->5469K(5760K)
[2024-07-13T17:26:39.483+0100][gc          ] GC(36) Pause Young (Normal) (G1 Evacuation Pause) 379M->288M(1024M) 8.975ms
[2024-07-13T17:26:39.483+0100][gc,cpu      ] GC(36) User=0.02s Sys=0.00s Real=0.01s
[2024-07-13T17:29:13.511+0100][gc,start    ] GC(37) Pause Young (Normal) (G1 Evacuation Pause)
[2024-07-13T17:29:13.511+0100][gc,task     ] GC(37) Using 10 workers of 10 for evacuation
[2024-07-13T17:29:13.529+0100][gc,phases   ] GC(37)   Pre Evacuate Collection Set: 0.78ms
[2024-07-13T17:29:13.530+0100][gc,phases   ] GC(37)   Merge Heap Roots: 0.12ms
[2024-07-13T17:29:13.530+0100][gc,phases   ] GC(37)   Evacuate Collection Set: 17.63ms
[2024-07-13T17:29:13.530+0100][gc,phases   ] GC(37)   Post Evacuate Collection Set: 0.68ms
[2024-07-13T17:29:13.530+0100][gc,phases   ] GC(37)   Other: 0.17ms
[2024-07-13T17:29:13.530+0100][gc,heap     ] GC(37) Eden regions: 76->0(73)
[2024-07-13T17:29:13.530+0100][gc,heap     ] GC(37) Survivor regions: 12->11(11)
[2024-07-13T17:29:13.530+0100][gc,heap     ] GC(37) Old regions: 131->136
[2024-07-13T17:29:13.530+0100][gc,heap     ] GC(37) Humongous regions: 147->147
[2024-07-13T17:29:13.530+0100][gc,metaspace] GC(37) Metaspace: 44930K(45568K)->44930K(45568K) NonClass: 39461K(39808K)->39461K(39808K) Class: 5469K(5760K)->5469K(5760K)
[2024-07-13T17:29:13.530+0100][gc          ] GC(37) Pause Young (Normal) (G1 Evacuation Pause) 364M->293M(1024M) 19.978ms
[2024-07-13T17:29:13.530+0100][gc,cpu      ] GC(37) User=0.14s Sys=0.02s Real=0.02s
[2024-07-13T17:31:19.144+0100][gc,start    ] GC(38) Pause Young (Normal) (G1 Evacuation Pause)
[2024-07-13T17:31:19.144+0100][gc,task     ] GC(38) Using 10 workers of 10 for evacuation
[2024-07-13T17:31:19.168+0100][gc,mmu      ] GC(38) MMU target violated: 21.0ms (20.0ms/21.0ms)
[2024-07-13T17:31:19.168+0100][gc,phases   ] GC(38)   Pre Evacuate Collection Set: 0.87ms
[2024-07-13T17:31:19.168+0100][gc,phases   ] GC(38)   Merge Heap Roots: 0.28ms
[2024-07-13T17:31:19.168+0100][gc,phases   ] GC(38)   Evacuate Collection Set: 20.71ms
[2024-07-13T17:31:19.168+0100][gc,phases   ] GC(38)   Post Evacuate Collection Set: 0.70ms
[2024-07-13T17:31:19.168+0100][gc,phases   ] GC(38)   Other: 0.63ms
[2024-07-13T17:31:19.168+0100][gc,heap     ] GC(38) Eden regions: 62->0(96)
[2024-07-13T17:31:19.168+0100][gc,heap     ] GC(38) Survivor regions: 11->6(10)
[2024-07-13T17:31:19.168+0100][gc,heap     ] GC(38) Old regions: 136->146
[2024-07-13T17:31:19.168+0100][gc,heap     ] GC(38) Humongous regions: 147->147
[2024-07-13T17:31:19.168+0100][gc,metaspace] GC(38) Metaspace: 44934K(45632K)->44934K(45632K) NonClass: 39465K(39872K)->39465K(39872K) Class: 5469K(5760K)->5469K(5760K)
[2024-07-13T17:31:19.168+0100][gc          ] GC(38) Pause Young (Normal) (G1 Evacuation Pause) 355M->298M(1024M) 24.290ms
[2024-07-13T17:31:19.168+0100][gc,cpu      ] GC(38) User=0.12s Sys=0.00s Real=0.02s
[2024-07-13T17:34:42.291+0100][gc,start    ] GC(39) Pause Young (Normal) (G1 Evacuation Pause)
[2024-07-13T17:34:42.291+0100][gc,task     ] GC(39) Using 10 workers of 10 for evacuation
[2024-07-13T17:34:42.307+0100][gc,phases   ] GC(39)   Pre Evacuate Collection Set: 0.67ms
[2024-07-13T17:34:42.307+0100][gc,phases   ] GC(39)   Merge Heap Roots: 0.24ms
[2024-07-13T17:34:42.307+0100][gc,phases   ] GC(39)   Evacuate Collection Set: 11.92ms
[2024-07-13T17:34:42.307+0100][gc,phases   ] GC(39)   Post Evacuate Collection Set: 2.17ms
[2024-07-13T17:34:42.307+0100][gc,phases   ] GC(39)   Other: 0.39ms
[2024-07-13T17:34:42.307+0100][gc,heap     ] GC(39) Eden regions: 101->0(44)
[2024-07-13T17:34:42.307+0100][gc,heap     ] GC(39) Survivor regions: 6->11(14)
[2024-07-13T17:34:42.307+0100][gc,heap     ] GC(39) Old regions: 146->146
[2024-07-13T17:34:42.307+0100][gc,heap     ] GC(39) Humongous regions: 147->147
[2024-07-13T17:34:42.307+0100][gc,metaspace] GC(39) Metaspace: 44935K(45632K)->44935K(45632K) NonClass: 39466K(39872K)->39466K(39872K) Class: 5469K(5760K)->5469K(5760K)
[2024-07-13T17:34:42.307+0100][gc          ] GC(39) Pause Young (Normal) (G1 Evacuation Pause) 399M->303M(1024M) 16.229ms
[2024-07-13T17:34:42.307+0100][gc,cpu      ] GC(39) User=0.02s Sys=0.00s Real=0.02s
[2024-07-13T17:36:22.487+0100][gc,start    ] GC(40) Pause Young (Normal) (G1 Evacuation Pause)
[2024-07-13T17:36:22.487+0100][gc,task     ] GC(40) Using 10 workers of 10 for evacuation
[2024-07-13T17:36:22.498+0100][gc,phases   ] GC(40)   Pre Evacuate Collection Set: 0.35ms
[2024-07-13T17:36:22.498+0100][gc,phases   ] GC(40)   Merge Heap Roots: 0.10ms
[2024-07-13T17:36:22.498+0100][gc,phases   ] GC(40)   Evacuate Collection Set: 9.01ms
[2024-07-13T17:36:22.498+0100][gc,phases   ] GC(40)   Post Evacuate Collection Set: 0.96ms
[2024-07-13T17:36:22.498+0100][gc,phases   ] GC(40)   Other: 0.17ms
[2024-07-13T17:36:22.498+0100][gc,heap     ] GC(40) Eden regions: 49->0(124)
[2024-07-13T17:36:22.498+0100][gc,heap     ] GC(40) Survivor regions: 11->5(8)
[2024-07-13T17:36:22.498+0100][gc,heap     ] GC(40) Old regions: 146->155
[2024-07-13T17:36:22.498+0100][gc,heap     ] GC(40) Humongous regions: 147->147
[2024-07-13T17:36:22.498+0100][gc,metaspace] GC(40) Metaspace: 44935K(45632K)->44935K(45632K) NonClass: 39466K(39872K)->39466K(39872K) Class: 5469K(5760K)->5469K(5760K)
[2024-07-13T17:36:22.499+0100][gc          ] GC(40) Pause Young (Normal) (G1 Evacuation Pause) 352M->306M(1024M) 11.237ms
[2024-07-13T17:36:22.499+0100][gc,cpu      ] GC(40) User=0.03s Sys=0.00s Real=0.01s
[2024-07-13T17:40:41.204+0100][gc,start    ] GC(41) Pause Young (Normal) (G1 Evacuation Pause)
[2024-07-13T17:40:41.204+0100][gc,task     ] GC(41) Using 10 workers of 10 for evacuation
[2024-07-13T17:40:41.214+0100][gc,phases   ] GC(41)   Pre Evacuate Collection Set: 0.39ms
[2024-07-13T17:40:41.214+0100][gc,phases   ] GC(41)   Merge Heap Roots: 0.17ms
[2024-07-13T17:40:41.214+0100][gc,phases   ] GC(41)   Evacuate Collection Set: 8.01ms
[2024-07-13T17:40:41.214+0100][gc,phases   ] GC(41)   Post Evacuate Collection Set: 0.59ms
[2024-07-13T17:40:41.214+0100][gc,phases   ] GC(41)   Other: 0.11ms
[2024-07-13T17:40:41.214+0100][gc,heap     ] GC(41) Eden regions: 127->0(66)
[2024-07-13T17:40:41.214+0100][gc,heap     ] GC(41) Survivor regions: 5->13(17)
[2024-07-13T17:40:41.214+0100][gc,heap     ] GC(41) Old regions: 155->155
[2024-07-13T17:40:41.214+0100][gc,heap     ] GC(41) Humongous regions: 147->147
[2024-07-13T17:40:41.214+0100][gc,metaspace] GC(41) Metaspace: 44940K(45632K)->44940K(45632K) NonClass: 39471K(39872K)->39471K(39872K) Class: 5469K(5760K)->5469K(5760K)
[2024-07-13T17:40:41.214+0100][gc          ] GC(41) Pause Young (Normal) (G1 Evacuation Pause) 433M->314M(1024M) 9.579ms
[2024-07-13T17:40:41.214+0100][gc,cpu      ] GC(41) User=0.00s Sys=0.00s Real=0.01s
[2024-07-13T17:43:00.190+0100][gc,start    ] GC(42) Pause Young (Normal) (G1 Evacuation Pause)
[2024-07-13T17:43:00.191+0100][gc,task     ] GC(42) Using 10 workers of 10 for evacuation
[2024-07-13T17:43:00.203+0100][gc,phases   ] GC(42)   Pre Evacuate Collection Set: 0.81ms
[2024-07-13T17:43:00.203+0100][gc,phases   ] GC(42)   Merge Heap Roots: 0.33ms
[2024-07-13T17:43:00.203+0100][gc,phases   ] GC(42)   Evacuate Collection Set: 11.11ms
[2024-07-13T17:43:00.203+0100][gc,phases   ] GC(42)   Post Evacuate Collection Set: 0.74ms
[2024-07-13T17:43:00.204+0100][gc,phases   ] GC(42)   Other: 0.22ms
[2024-07-13T17:43:00.204+0100][gc,heap     ] GC(42) Eden regions: 68->0(157)
[2024-07-13T17:43:00.204+0100][gc,heap     ] GC(42) Survivor regions: 13->7(11)
[2024-07-13T17:43:00.204+0100][gc,heap     ] GC(42) Old regions: 155->165
[2024-07-13T17:43:00.204+0100][gc,heap     ] GC(42) Humongous regions: 147->147
[2024-07-13T17:43:00.204+0100][gc,metaspace] GC(42) Metaspace: 44940K(45632K)->44940K(45632K) NonClass: 39471K(39872K)->39471K(39872K) Class: 5469K(5760K)->5469K(5760K)
[2024-07-13T17:43:00.204+0100][gc          ] GC(42) Pause Young (Normal) (G1 Evacuation Pause) 382M->318M(1024M) 13.691ms
[2024-07-13T17:43:00.204+0100][gc,cpu      ] GC(42) User=0.02s Sys=0.00s Real=0.01s
[2024-07-13T17:48:25.287+0100][gc,start    ] GC(43) Pause Young (Normal) (G1 Evacuation Pause)
[2024-07-13T17:48:25.287+0100][gc,task     ] GC(43) Using 10 workers of 10 for evacuation
[2024-07-13T17:48:25.301+0100][gc,phases   ] GC(43)   Pre Evacuate Collection Set: 0.40ms
[2024-07-13T17:48:25.301+0100][gc,phases   ] GC(43)   Merge Heap Roots: 0.11ms
[2024-07-13T17:48:25.301+0100][gc,phases   ] GC(43)   Evacuate Collection Set: 12.89ms
[2024-07-13T17:48:25.301+0100][gc,phases   ] GC(43)   Post Evacuate Collection Set: 0.72ms
[2024-07-13T17:48:25.301+0100][gc,phases   ] GC(43)   Other: 0.14ms
[2024-07-13T17:48:25.301+0100][gc,heap     ] GC(43) Eden regions: 159->0(78)
[2024-07-13T17:48:25.301+0100][gc,heap     ] GC(43) Survivor regions: 7->15(21)
[2024-07-13T17:48:25.301+0100][gc,heap     ] GC(43) Old regions: 165->165
[2024-07-13T17:48:25.301+0100][gc,heap     ] GC(43) Humongous regions: 147->147
[2024-07-13T17:48:25.301+0100][gc,metaspace] GC(43) Metaspace: 44956K(45632K)->44956K(45632K) NonClass: 39486K(39872K)->39486K(39872K) Class: 5469K(5760K)->5469K(5760K)
[2024-07-13T17:48:25.302+0100][gc          ] GC(43) Pause Young (Normal) (G1 Evacuation Pause) 477M->326M(1024M) 14.742ms
[2024-07-13T17:48:25.302+0100][gc,cpu      ] GC(43) User=0.00s Sys=0.02s Real=0.02s
[2024-07-13T17:51:03.904+0100][gc,start    ] GC(44) Pause Young (Normal) (G1 Evacuation Pause)
[2024-07-13T17:51:03.904+0100][gc,task     ] GC(44) Using 10 workers of 10 for evacuation
[2024-07-13T17:51:03.914+0100][gc,phases   ] GC(44)   Pre Evacuate Collection Set: 0.45ms
[2024-07-13T17:51:03.914+0100][gc,phases   ] GC(44)   Merge Heap Roots: 0.12ms
[2024-07-13T17:51:03.914+0100][gc,phases   ] GC(44)   Evacuate Collection Set: 8.98ms
[2024-07-13T17:51:03.914+0100][gc,phases   ] GC(44)   Post Evacuate Collection Set: 0.89ms
[2024-07-13T17:51:03.914+0100][gc,phases   ] GC(44)   Other: 0.11ms
[2024-07-13T17:51:03.914+0100][gc,heap     ] GC(44) Eden regions: 78->0(186)
[2024-07-13T17:51:03.914+0100][gc,heap     ] GC(44) Survivor regions: 15->6(12)
[2024-07-13T17:51:03.915+0100][gc,heap     ] GC(44) Old regions: 165->179
[2024-07-13T17:51:03.915+0100][gc,heap     ] GC(44) Humongous regions: 147->147
[2024-07-13T17:51:03.915+0100][gc,metaspace] GC(44) Metaspace: 44956K(45632K)->44956K(45632K) NonClass: 39487K(39872K)->39487K(39872K) Class: 5469K(5760K)->5469K(5760K)
[2024-07-13T17:51:03.915+0100][gc          ] GC(44) Pause Young (Normal) (G1 Evacuation Pause) 404M->331M(1024M) 10.881ms
[2024-07-13T17:51:03.915+0100][gc,cpu      ] GC(44) User=0.00s Sys=0.00s Real=0.01s
[2024-07-13T17:57:31.333+0100][gc,start    ] GC(45) Pause Young (Normal) (G1 Evacuation Pause)
[2024-07-13T17:57:31.333+0100][gc,task     ] GC(45) Using 10 workers of 10 for evacuation
[2024-07-13T17:57:31.396+0100][gc,mmu      ] GC(45) MMU target violated: 21.0ms (20.0ms/21.0ms)
[2024-07-13T17:57:31.396+0100][gc,phases   ] GC(45)   Pre Evacuate Collection Set: 0.95ms
[2024-07-13T17:57:31.397+0100][gc,phases   ] GC(45)   Merge Heap Roots: 0.25ms
[2024-07-13T17:57:31.397+0100][gc,phases   ] GC(45)   Evacuate Collection Set: 58.07ms
[2024-07-13T17:57:31.397+0100][gc,phases   ] GC(45)   Post Evacuate Collection Set: 2.81ms
[2024-07-13T17:57:31.397+0100][gc,phases   ] GC(45)   Other: 1.26ms
[2024-07-13T17:57:31.397+0100][gc,heap     ] GC(45) Eden regions: 187->0(34)
[2024-07-13T17:57:31.397+0100][gc,heap     ] GC(45) Survivor regions: 6->17(25)
[2024-07-13T17:57:31.397+0100][gc,heap     ] GC(45) Old regions: 179->179
[2024-07-13T17:57:31.397+0100][gc,heap     ] GC(45) Humongous regions: 147->147
[2024-07-13T17:57:31.397+0100][gc,metaspace] GC(45) Metaspace: 44960K(45632K)->44960K(45632K) NonClass: 39491K(39872K)->39491K(39872K) Class: 5469K(5760K)->5469K(5760K)
[2024-07-13T17:57:31.397+0100][gc          ] GC(45) Pause Young (Normal) (G1 Evacuation Pause) 518M->341M(1024M) 64.485ms
[2024-07-13T17:57:31.397+0100][gc,cpu      ] GC(45) User=0.27s Sys=0.02s Real=0.06s
[2024-07-13T17:58:40.294+0100][gc,start    ] GC(46) Pause Young (Normal) (G1 Evacuation Pause)
[2024-07-13T17:58:40.295+0100][gc,task     ] GC(46) Using 10 workers of 10 for evacuation
[2024-07-13T17:58:40.380+0100][gc,mmu      ] GC(46) MMU target violated: 21.0ms (20.0ms/21.0ms)
[2024-07-13T17:58:40.380+0100][gc,phases   ] GC(46)   Pre Evacuate Collection Set: 30.55ms
[2024-07-13T17:58:40.380+0100][gc,phases   ] GC(46)   Merge Heap Roots: 0.42ms
[2024-07-13T17:58:40.380+0100][gc,phases   ] GC(46)   Evacuate Collection Set: 48.56ms
[2024-07-13T17:58:40.380+0100][gc,phases   ] GC(46)   Post Evacuate Collection Set: 3.99ms
[2024-07-13T17:58:40.380+0100][gc,phases   ] GC(46)   Other: 1.23ms
[2024-07-13T17:58:40.380+0100][gc,heap     ] GC(46) Eden regions: 34->0(46)
[2024-07-13T17:58:40.380+0100][gc,heap     ] GC(46) Survivor regions: 17->5(7)
[2024-07-13T17:58:40.380+0100][gc,heap     ] GC(46) Old regions: 179->194
[2024-07-13T17:58:40.380+0100][gc,heap     ] GC(46) Humongous regions: 147->147
[2024-07-13T17:58:40.380+0100][gc,metaspace] GC(46) Metaspace: 44963K(45632K)->44963K(45632K) NonClass: 39493K(39872K)->39493K(39872K) Class: 5469K(5760K)->5469K(5760K)
[2024-07-13T17:58:40.380+0100][gc          ] GC(46) Pause Young (Normal) (G1 Evacuation Pause) 375M->345M(1024M) 86.420ms
[2024-07-13T17:58:40.380+0100][gc,cpu      ] GC(46) User=0.23s Sys=0.02s Real=0.09s
[2024-07-13T18:00:16.721+0100][gc,start    ] GC(47) Pause Young (Normal) (G1 Evacuation Pause)
[2024-07-13T18:00:16.722+0100][gc,task     ] GC(47) Using 10 workers of 10 for evacuation
[2024-07-13T18:00:16.770+0100][gc,mmu      ] GC(47) MMU target violated: 21.0ms (20.0ms/21.0ms)
[2024-07-13T18:00:16.771+0100][gc,phases   ] GC(47)   Pre Evacuate Collection Set: 3.59ms
[2024-07-13T18:00:16.771+0100][gc,phases   ] GC(47)   Merge Heap Roots: 0.43ms
[2024-07-13T18:00:16.771+0100][gc,phases   ] GC(47)   Evacuate Collection Set: 31.46ms
[2024-07-13T18:00:16.771+0100][gc,phases   ] GC(47)   Post Evacuate Collection Set: 11.94ms
[2024-07-13T18:00:16.772+0100][gc,phases   ] GC(47)   Other: 1.88ms
[2024-07-13T18:00:16.772+0100][gc,heap     ] GC(47) Eden regions: 46->0(44)
[2024-07-13T18:00:16.772+0100][gc,heap     ] GC(47) Survivor regions: 5->7(7)
[2024-07-13T18:00:16.772+0100][gc,heap     ] GC(47) Old regions: 194->194
[2024-07-13T18:00:16.772+0100][gc,heap     ] GC(47) Humongous regions: 147->147
[2024-07-13T18:00:16.772+0100][gc,metaspace] GC(47) Metaspace: 44965K(45632K)->44965K(45632K) NonClass: 39496K(39872K)->39496K(39872K) Class: 5469K(5760K)->5469K(5760K)
[2024-07-13T18:00:16.772+0100][gc          ] GC(47) Pause Young (Normal) (G1 Evacuation Pause) 391M->347M(1024M) 51.848ms
[2024-07-13T18:00:16.773+0100][gc,cpu      ] GC(47) User=0.16s Sys=0.00s Real=0.05s
[2024-07-13T18:01:47.592+0100][gc,start    ] GC(48) Pause Young (Normal) (G1 Evacuation Pause)
[2024-07-13T18:01:47.592+0100][gc,task     ] GC(48) Using 10 workers of 10 for evacuation
[2024-07-13T18:01:47.611+0100][gc,phases   ] GC(48)   Pre Evacuate Collection Set: 0.86ms
[2024-07-13T18:01:47.611+0100][gc,phases   ] GC(48)   Merge Heap Roots: 0.22ms
[2024-07-13T18:01:47.611+0100][gc,phases   ] GC(48)   Evacuate Collection Set: 13.41ms
[2024-07-13T18:01:47.612+0100][gc,phases   ] GC(48)   Post Evacuate Collection Set: 4.37ms
[2024-07-13T18:01:47.612+0100][gc,phases   ] GC(48)   Other: 0.51ms
[2024-07-13T18:01:47.612+0100][gc,heap     ] GC(48) Eden regions: 44->0(48)
[2024-07-13T18:01:47.612+0100][gc,heap     ] GC(48) Survivor regions: 7->3(7)
[2024-07-13T18:01:47.612+0100][gc,heap     ] GC(48) Old regions: 194->199
[2024-07-13T18:01:47.612+0100][gc,heap     ] GC(48) Humongous regions: 147->147
[2024-07-13T18:01:47.612+0100][gc,metaspace] GC(48) Metaspace: 44965K(45632K)->44965K(45632K) NonClass: 39496K(39872K)->39496K(39872K) Class: 5469K(5760K)->5469K(5760K)
[2024-07-13T18:01:47.612+0100][gc          ] GC(48) Pause Young (Normal) (G1 Evacuation Pause) 391M->348M(1024M) 20.245ms
[2024-07-13T18:01:47.612+0100][gc,cpu      ] GC(48) User=0.00s Sys=0.00s Real=0.02s
[2024-07-13T18:03:26.000+0100][gc,start    ] GC(49) Pause Young (Normal) (G1 Evacuation Pause)
[2024-07-13T18:03:26.001+0100][gc,task     ] GC(49) Using 10 workers of 10 for evacuation
[2024-07-13T18:03:26.026+0100][gc,mmu      ] GC(49) MMU target violated: 21.0ms (20.0ms/21.0ms)
[2024-07-13T18:03:26.026+0100][gc,phases   ] GC(49)   Pre Evacuate Collection Set: 1.06ms
[2024-07-13T18:03:26.026+0100][gc,phases   ] GC(49)   Merge Heap Roots: 0.37ms
[2024-07-13T18:03:26.026+0100][gc,phases   ] GC(49)   Evacuate Collection Set: 21.12ms
[2024-07-13T18:03:26.026+0100][gc,phases   ] GC(49)   Post Evacuate Collection Set: 2.79ms
[2024-07-13T18:03:26.028+0100][gc,phases   ] GC(49)   Other: 1.05ms
[2024-07-13T18:03:26.028+0100][gc,heap     ] GC(49) Eden regions: 48->0(44)
[2024-07-13T18:03:26.028+0100][gc,heap     ] GC(49) Survivor regions: 3->7(7)
[2024-07-13T18:03:26.028+0100][gc,heap     ] GC(49) Old regions: 199->199
[2024-07-13T18:03:26.028+0100][gc,heap     ] GC(49) Humongous regions: 147->147
[2024-07-13T18:03:26.028+0100][gc,metaspace] GC(49) Metaspace: 44966K(45632K)->44966K(45632K) NonClass: 39497K(39872K)->39497K(39872K) Class: 5469K(5760K)->5469K(5760K)
[2024-07-13T18:03:26.028+0100][gc          ] GC(49) Pause Young (Normal) (G1 Evacuation Pause) 396M->351M(1024M) 27.525ms
[2024-07-13T18:03:26.028+0100][gc,cpu      ] GC(49) User=0.06s Sys=0.00s Real=0.03s
[2024-07-13T18:04:55.076+0100][gc,start    ] GC(50) Pause Young (Normal) (G1 Evacuation Pause)
[2024-07-13T18:04:55.076+0100][gc,task     ] GC(50) Using 10 workers of 10 for evacuation
[2024-07-13T18:04:55.103+0100][gc,mmu      ] GC(50) MMU target violated: 21.0ms (20.0ms/21.0ms)
[2024-07-13T18:04:55.103+0100][gc,phases   ] GC(50)   Pre Evacuate Collection Set: 1.35ms
[2024-07-13T18:04:55.103+0100][gc,phases   ] GC(50)   Merge Heap Roots: 0.59ms
[2024-07-13T18:04:55.103+0100][gc,phases   ] GC(50)   Evacuate Collection Set: 22.37ms
[2024-07-13T18:04:55.103+0100][gc,phases   ] GC(50)   Post Evacuate Collection Set: 1.67ms
[2024-07-13T18:04:55.103+0100][gc,phases   ] GC(50)   Other: 0.72ms
[2024-07-13T18:04:55.103+0100][gc,heap     ] GC(50) Eden regions: 44->0(44)
[2024-07-13T18:04:55.103+0100][gc,heap     ] GC(50) Survivor regions: 7->7(7)
[2024-07-13T18:04:55.103+0100][gc,heap     ] GC(50) Old regions: 199->202
[2024-07-13T18:04:55.103+0100][gc,heap     ] GC(50) Humongous regions: 147->147
[2024-07-13T18:04:55.103+0100][gc,metaspace] GC(50) Metaspace: 44967K(45632K)->44967K(45632K) NonClass: 39497K(39872K)->39497K(39872K) Class: 5469K(5760K)->5469K(5760K)
[2024-07-13T18:04:55.103+0100][gc          ] GC(50) Pause Young (Normal) (G1 Evacuation Pause) 395M->354M(1024M) 27.469ms
[2024-07-13T18:04:55.103+0100][gc,cpu      ] GC(50) User=0.06s Sys=0.02s Real=0.03s
[2024-07-13T18:06:25.474+0100][gc,start    ] GC(51) Pause Young (Normal) (G1 Evacuation Pause)
[2024-07-13T18:06:25.475+0100][gc,task     ] GC(51) Using 10 workers of 10 for evacuation
[2024-07-13T18:06:25.502+0100][gc,mmu      ] GC(51) MMU target violated: 21.0ms (20.0ms/21.0ms)
[2024-07-13T18:06:25.502+0100][gc,phases   ] GC(51)   Pre Evacuate Collection Set: 1.67ms
[2024-07-13T18:06:25.502+0100][gc,phases   ] GC(51)   Merge Heap Roots: 1.52ms
[2024-07-13T18:06:25.502+0100][gc,phases   ] GC(51)   Evacuate Collection Set: 19.19ms
[2024-07-13T18:06:25.502+0100][gc,phases   ] GC(51)   Post Evacuate Collection Set: 2.61ms
[2024-07-13T18:06:25.502+0100][gc,phases   ] GC(51)   Other: 1.42ms
[2024-07-13T18:06:25.502+0100][gc,heap     ] GC(51) Eden regions: 44->0(44)
[2024-07-13T18:06:25.502+0100][gc,heap     ] GC(51) Survivor regions: 7->7(7)
[2024-07-13T18:06:25.502+0100][gc,heap     ] GC(51) Old regions: 202->205
[2024-07-13T18:06:25.502+0100][gc,heap     ] GC(51) Humongous regions: 147->147
[2024-07-13T18:06:25.502+0100][gc,metaspace] GC(51) Metaspace: 44967K(45632K)->44967K(45632K) NonClass: 39498K(39872K)->39498K(39872K) Class: 5469K(5760K)->5469K(5760K)
[2024-07-13T18:06:25.502+0100][gc          ] GC(51) Pause Young (Normal) (G1 Evacuation Pause) 398M->357M(1024M) 27.465ms
[2024-07-13T18:06:25.502+0100][gc,cpu      ] GC(51) User=0.09s Sys=0.00s Real=0.03s
[2024-07-13T18:07:55.555+0100][gc,start    ] GC(52) Pause Young (Normal) (G1 Evacuation Pause)
[2024-07-13T18:07:55.556+0100][gc,task     ] GC(52) Using 10 workers of 10 for evacuation
[2024-07-13T18:07:55.583+0100][gc,mmu      ] GC(52) MMU target violated: 21.0ms (20.0ms/21.0ms)
[2024-07-13T18:07:55.584+0100][gc,phases   ] GC(52)   Pre Evacuate Collection Set: 1.37ms
[2024-07-13T18:07:55.584+0100][gc,phases   ] GC(52)   Merge Heap Roots: 0.52ms
[2024-07-13T18:07:55.584+0100][gc,phases   ] GC(52)   Evacuate Collection Set: 21.48ms
[2024-07-13T18:07:55.584+0100][gc,phases   ] GC(52)   Post Evacuate Collection Set: 3.18ms
[2024-07-13T18:07:55.584+0100][gc,phases   ] GC(52)   Other: 1.14ms
[2024-07-13T18:07:55.584+0100][gc,heap     ] GC(52) Eden regions: 44->0(44)
[2024-07-13T18:07:55.584+0100][gc,heap     ] GC(52) Survivor regions: 7->7(7)
[2024-07-13T18:07:55.584+0100][gc,heap     ] GC(52) Old regions: 205->207
[2024-07-13T18:07:55.584+0100][gc,heap     ] GC(52) Humongous regions: 147->147
[2024-07-13T18:07:55.584+0100][gc,metaspace] GC(52) Metaspace: 44967K(45632K)->44967K(45632K) NonClass: 39498K(39872K)->39498K(39872K) Class: 5469K(5760K)->5469K(5760K)
[2024-07-13T18:07:55.584+0100][gc          ] GC(52) Pause Young (Normal) (G1 Evacuation Pause) 401M->360M(1024M) 28.816ms
[2024-07-13T18:07:55.585+0100][gc,cpu      ] GC(52) User=0.05s Sys=0.00s Real=0.03s
[2024-07-13T18:09:24.587+0100][gc,start    ] GC(53) Pause Young (Normal) (G1 Evacuation Pause)
[2024-07-13T18:09:24.587+0100][gc,task     ] GC(53) Using 10 workers of 10 for evacuation
[2024-07-13T18:09:24.626+0100][gc,mmu      ] GC(53) MMU target violated: 21.0ms (20.0ms/21.0ms)
[2024-07-13T18:09:24.626+0100][gc,phases   ] GC(53)   Pre Evacuate Collection Set: 1.61ms
[2024-07-13T18:09:24.626+0100][gc,phases   ] GC(53)   Merge Heap Roots: 0.53ms
[2024-07-13T18:09:24.626+0100][gc,phases   ] GC(53)   Evacuate Collection Set: 33.46ms
[2024-07-13T18:09:24.626+0100][gc,phases   ] GC(53)   Post Evacuate Collection Set: 3.74ms
[2024-07-13T18:09:24.626+0100][gc,phases   ] GC(53)   Other: 0.70ms
[2024-07-13T18:09:24.628+0100][gc,heap     ] GC(53) Eden regions: 44->0(44)
[2024-07-13T18:09:24.628+0100][gc,heap     ] GC(53) Survivor regions: 7->7(7)
[2024-07-13T18:09:24.628+0100][gc,heap     ] GC(53) Old regions: 207->210
[2024-07-13T18:09:24.628+0100][gc,heap     ] GC(53) Humongous regions: 147->147
[2024-07-13T18:09:24.628+0100][gc,metaspace] GC(53) Metaspace: 44969K(45632K)->44969K(45632K) NonClass: 39500K(39872K)->39500K(39872K) Class: 5469K(5760K)->5469K(5760K)
[2024-07-13T18:09:24.628+0100][gc          ] GC(53) Pause Young (Normal) (G1 Evacuation Pause) 404M->363M(1024M) 41.423ms
[2024-07-13T18:09:24.628+0100][gc,cpu      ] GC(53) User=0.14s Sys=0.00s Real=0.04s
[2024-07-13T18:10:54.720+0100][gc,start    ] GC(54) Pause Young (Normal) (G1 Evacuation Pause)
[2024-07-13T18:10:54.720+0100][gc,task     ] GC(54) Using 10 workers of 10 for evacuation
[2024-07-13T18:10:54.763+0100][gc,mmu      ] GC(54) MMU target violated: 21.0ms (20.0ms/21.0ms)
[2024-07-13T18:10:54.763+0100][gc,phases   ] GC(54)   Pre Evacuate Collection Set: 1.81ms
[2024-07-13T18:10:54.765+0100][gc,phases   ] GC(54)   Merge Heap Roots: 0.42ms
[2024-07-13T18:10:54.765+0100][gc,phases   ] GC(54)   Evacuate Collection Set: 33.84ms
[2024-07-13T18:10:54.766+0100][gc,phases   ] GC(54)   Post Evacuate Collection Set: 5.48ms
[2024-07-13T18:10:54.766+0100][gc,phases   ] GC(54)   Other: 1.39ms
[2024-07-13T18:10:54.766+0100][gc,heap     ] GC(54) Eden regions: 44->0(46)
[2024-07-13T18:10:54.766+0100][gc,heap     ] GC(54) Survivor regions: 7->5(7)
[2024-07-13T18:10:54.766+0100][gc,heap     ] GC(54) Old regions: 210->215
[2024-07-13T18:10:54.766+0100][gc,heap     ] GC(54) Humongous regions: 147->147
[2024-07-13T18:10:54.766+0100][gc,metaspace] GC(54) Metaspace: 44974K(45632K)->44974K(45632K) NonClass: 39505K(39872K)->39505K(39872K) Class: 5469K(5760K)->5469K(5760K)
[2024-07-13T18:10:54.766+0100][gc          ] GC(54) Pause Young (Normal) (G1 Evacuation Pause) 407M->366M(1024M) 46.028ms
[2024-07-13T18:10:54.766+0100][gc,cpu      ] GC(54) User=0.16s Sys=0.02s Real=0.05s
[2024-07-13T18:12:18.126+0100][gc,start    ] GC(55) Pause Young (Concurrent Start) (G1 Evacuation Pause)
[2024-07-13T18:12:18.126+0100][gc,task     ] GC(55) Using 10 workers of 10 for evacuation
[2024-07-13T18:12:18.190+0100][gc,mmu      ] GC(55) MMU target violated: 21.0ms (20.0ms/21.0ms)
[2024-07-13T18:12:18.190+0100][gc,phases   ] GC(55)   Pre Evacuate Collection Set: 2.24ms
[2024-07-13T18:12:18.190+0100][gc,phases   ] GC(55)   Merge Heap Roots: 0.39ms
[2024-07-13T18:12:18.190+0100][gc,phases   ] GC(55)   Evacuate Collection Set: 58.19ms
[2024-07-13T18:12:18.191+0100][gc,phases   ] GC(55)   Post Evacuate Collection Set: 2.69ms
[2024-07-13T18:12:18.191+0100][gc,phases   ] GC(55)   Other: 1.35ms
[2024-07-13T18:12:18.191+0100][gc,heap     ] GC(55) Eden regions: 46->0(44)
[2024-07-13T18:12:18.191+0100][gc,heap     ] GC(55) Survivor regions: 5->7(7)
[2024-07-13T18:12:18.191+0100][gc,heap     ] GC(55) Old regions: 215->218
[2024-07-13T18:12:18.191+0100][gc,heap     ] GC(55) Humongous regions: 147->147
[2024-07-13T18:12:18.192+0100][gc,metaspace] GC(55) Metaspace: 44987K(45632K)->44987K(45632K) NonClass: 39517K(39872K)->39517K(39872K) Class: 5469K(5760K)->5469K(5760K)
[2024-07-13T18:12:18.192+0100][gc          ] GC(55) Pause Young (Concurrent Start) (G1 Evacuation Pause) 412M->371M(1024M) 65.954ms
[2024-07-13T18:12:18.193+0100][gc,cpu      ] GC(55) User=0.23s Sys=0.00s Real=0.07s
[2024-07-13T18:12:18.195+0100][gc          ] GC(56) Concurrent Mark Cycle
[2024-07-13T18:12:18.195+0100][gc,marking  ] GC(56) Concurrent Scan Root Regions
[2024-07-13T18:12:18.217+0100][gc,marking  ] GC(56) Concurrent Scan Root Regions 22.396ms
[2024-07-13T18:12:18.217+0100][gc,marking  ] GC(56) Concurrent Mark
[2024-07-13T18:12:18.217+0100][gc,marking  ] GC(56) Concurrent Mark From Roots
[2024-07-13T18:12:18.217+0100][gc,task     ] GC(56) Using 3 workers of 3 for marking
[2024-07-13T18:12:18.334+0100][gc,marking  ] GC(56) Concurrent Mark From Roots 115.966ms
[2024-07-13T18:12:18.334+0100][gc,marking  ] GC(56) Concurrent Preclean
[2024-07-13T18:12:18.336+0100][gc,marking  ] GC(56) Concurrent Preclean 2.242ms
[2024-07-13T18:12:18.337+0100][gc,start    ] GC(56) Pause Remark
[2024-07-13T18:12:18.538+0100][gc,mmu      ] GC(56) MMU target violated: 21.0ms (20.0ms/21.0ms)
[2024-07-13T18:12:18.538+0100][gc          ] GC(56) Pause Remark 372M->332M(1024M) 200.567ms
[2024-07-13T18:12:18.538+0100][gc,cpu      ] GC(56) User=0.00s Sys=0.03s Real=0.20s
[2024-07-13T18:12:18.538+0100][gc,marking  ] GC(56) Concurrent Mark 320.028ms
[2024-07-13T18:12:18.538+0100][gc,marking  ] GC(56) Concurrent Rebuild Remembered Sets and Scrub Regions
[2024-07-13T18:12:18.627+0100][gc,marking  ] GC(56) Concurrent Rebuild Remembered Sets and Scrub Regions 88.922ms
[2024-07-13T18:12:18.628+0100][gc,start    ] GC(56) Pause Cleanup
[2024-07-13T18:12:18.631+0100][gc          ] GC(56) Pause Cleanup 332M->332M(1024M) 3.694ms
[2024-07-13T18:12:18.631+0100][gc,cpu      ] GC(56) User=0.00s Sys=0.00s Real=0.00s
[2024-07-13T18:12:18.631+0100][gc,marking  ] GC(56) Concurrent Clear Claimed Marks
[2024-07-13T18:12:18.631+0100][gc,marking  ] GC(56) Concurrent Clear Claimed Marks 0.535ms
[2024-07-13T18:12:18.631+0100][gc,marking  ] GC(56) Concurrent Cleanup for Next Mark
[2024-07-13T18:12:18.647+0100][gc,marking  ] GC(56) Concurrent Cleanup for Next Mark 13.780ms
[2024-07-13T18:12:18.648+0100][gc          ] GC(56) Concurrent Mark Cycle 452.923ms
[2024-07-13T18:13:46.028+0100][gc,start    ] GC(57) Pause Young (Prepare Mixed) (G1 Evacuation Pause)
[2024-07-13T18:13:46.028+0100][gc,task     ] GC(57) Using 10 workers of 10 for evacuation
[2024-07-13T18:13:46.062+0100][gc,mmu      ] GC(57) MMU target violated: 21.0ms (20.0ms/21.0ms)
[2024-07-13T18:13:46.062+0100][gc,phases   ] GC(57)   Pre Evacuate Collection Set: 0.90ms
[2024-07-13T18:13:46.063+0100][gc,phases   ] GC(57)   Merge Heap Roots: 0.34ms
[2024-07-13T18:13:46.063+0100][gc,phases   ] GC(57)   Evacuate Collection Set: 28.90ms
[2024-07-13T18:13:46.063+0100][gc,phases   ] GC(57)   Post Evacuate Collection Set: 3.74ms
[2024-07-13T18:13:46.063+0100][gc,phases   ] GC(57)   Other: 1.08ms
[2024-07-13T18:13:46.063+0100][gc,heap     ] GC(57) Eden regions: 44->0(47)
[2024-07-13T18:13:46.063+0100][gc,heap     ] GC(57) Survivor regions: 7->4(7)
[2024-07-13T18:13:46.063+0100][gc,heap     ] GC(57) Old regions: 178->183
[2024-07-13T18:13:46.063+0100][gc,heap     ] GC(57) Humongous regions: 147->147
[2024-07-13T18:13:46.063+0100][gc,metaspace] GC(57) Metaspace: 44925K(45632K)->44925K(45632K) NonClass: 39471K(39872K)->39471K(39872K) Class: 5454K(5760K)->5454K(5760K)
[2024-07-13T18:13:46.063+0100][gc          ] GC(57) Pause Young (Prepare Mixed) (G1 Evacuation Pause) 375M->333M(1024M) 36.655ms
[2024-07-13T18:13:46.063+0100][gc,cpu      ] GC(57) User=0.09s Sys=0.03s Real=0.03s
[2024-07-13T18:15:21.046+0100][gc,start    ] GC(58) Pause Young (Mixed) (G1 Evacuation Pause)
[2024-07-13T18:15:21.046+0100][gc,task     ] GC(58) Using 10 workers of 10 for evacuation
[2024-07-13T18:15:21.080+0100][gc,mmu      ] GC(58) MMU target violated: 21.0ms (20.0ms/21.0ms)
[2024-07-13T18:15:21.080+0100][gc,phases   ] GC(58)   Pre Evacuate Collection Set: 1.39ms
[2024-07-13T18:15:21.080+0100][gc,phases   ] GC(58)   Merge Heap Roots: 0.71ms
[2024-07-13T18:15:21.080+0100][gc,phases   ] GC(58)   Evacuate Collection Set: 20.82ms
[2024-07-13T18:15:21.080+0100][gc,phases   ] GC(58)   Post Evacuate Collection Set: 2.62ms
[2024-07-13T18:15:21.080+0100][gc,phases   ] GC(58)   Other: 1.11ms
[2024-07-13T18:15:21.080+0100][gc,heap     ] GC(58) Eden regions: 47->0(44)
[2024-07-13T18:15:21.080+0100][gc,heap     ] GC(58) Survivor regions: 4->7(7)
[2024-07-13T18:15:21.080+0100][gc,heap     ] GC(58) Old regions: 183->171
[2024-07-13T18:15:21.080+0100][gc,heap     ] GC(58) Humongous regions: 147->147
[2024-07-13T18:15:21.080+0100][gc,metaspace] GC(58) Metaspace: 44925K(45632K)->44925K(45632K) NonClass: 39471K(39872K)->39471K(39872K) Class: 5454K(5760K)->5454K(5760K)
[2024-07-13T18:15:21.080+0100][gc          ] GC(58) Pause Young (Mixed) (G1 Evacuation Pause) 380M->323M(1024M) 28.141ms
[2024-07-13T18:15:21.080+0100][gc,cpu      ] GC(58) User=0.02s Sys=0.00s Real=0.03s
[2024-07-13T18:16:50.860+0100][gc,start    ] GC(59) Pause Young (Mixed) (G1 Evacuation Pause)
[2024-07-13T18:16:50.861+0100][gc,task     ] GC(59) Using 10 workers of 10 for evacuation
[2024-07-13T18:16:50.898+0100][gc,mmu      ] GC(59) MMU target violated: 21.0ms (20.0ms/21.0ms)
[2024-07-13T18:16:50.899+0100][gc,phases   ] GC(59)   Pre Evacuate Collection Set: 1.93ms
[2024-07-13T18:16:50.899+0100][gc,phases   ] GC(59)   Merge Heap Roots: 0.69ms
[2024-07-13T18:16:50.899+0100][gc,phases   ] GC(59)   Evacuate Collection Set: 26.00ms
[2024-07-13T18:16:50.899+0100][gc,phases   ] GC(59)   Post Evacuate Collection Set: 7.74ms
[2024-07-13T18:16:50.899+0100][gc,phases   ] GC(59)   Other: 0.99ms
[2024-07-13T18:16:50.899+0100][gc,heap     ] GC(59) Eden regions: 44->0(46)
[2024-07-13T18:16:50.899+0100][gc,heap     ] GC(59) Survivor regions: 7->5(7)
[2024-07-13T18:16:50.899+0100][gc,heap     ] GC(59) Old regions: 171->163
[2024-07-13T18:16:50.899+0100][gc,heap     ] GC(59) Humongous regions: 147->147
[2024-07-13T18:16:50.899+0100][gc,metaspace] GC(59) Metaspace: 44926K(45632K)->44926K(45632K) NonClass: 39472K(39872K)->39472K(39872K) Class: 5454K(5760K)->5454K(5760K)
[2024-07-13T18:16:50.899+0100][gc          ] GC(59) Pause Young (Mixed) (G1 Evacuation Pause) 367M->313M(1024M) 38.663ms
[2024-07-13T18:16:50.899+0100][gc,cpu      ] GC(59) User=0.08s Sys=0.00s Real=0.04s
[2024-07-13T18:18:25.434+0100][gc,start    ] GC(60) Pause Young (Mixed) (G1 Evacuation Pause)
[2024-07-13T18:18:25.434+0100][gc,task     ] GC(60) Using 10 workers of 10 for evacuation
[2024-07-13T18:18:25.455+0100][gc,mmu      ] GC(60) MMU target violated: 21.0ms (20.0ms/21.0ms)
[2024-07-13T18:18:25.456+0100][gc,phases   ] GC(60)   Pre Evacuate Collection Set: 0.66ms
[2024-07-13T18:18:25.456+0100][gc,phases   ] GC(60)   Merge Heap Roots: 0.30ms
[2024-07-13T18:18:25.456+0100][gc,phases   ] GC(60)   Evacuate Collection Set: 18.10ms
[2024-07-13T18:18:25.456+0100][gc,phases   ] GC(60)   Post Evacuate Collection Set: 1.98ms
[2024-07-13T18:18:25.456+0100][gc,phases   ] GC(60)   Other: 0.97ms
[2024-07-13T18:18:25.456+0100][gc,heap     ] GC(60) Eden regions: 46->0(47)
[2024-07-13T18:18:25.456+0100][gc,heap     ] GC(60) Survivor regions: 5->4(7)
[2024-07-13T18:18:25.456+0100][gc,heap     ] GC(60) Old regions: 163->152
[2024-07-13T18:18:25.456+0100][gc,heap     ] GC(60) Humongous regions: 147->147
[2024-07-13T18:18:25.456+0100][gc,metaspace] GC(60) Metaspace: 44926K(45632K)->44926K(45632K) NonClass: 39472K(39872K)->39472K(39872K) Class: 5454K(5760K)->5454K(5760K)
[2024-07-13T18:18:25.456+0100][gc          ] GC(60) Pause Young (Mixed) (G1 Evacuation Pause) 359M->302M(1024M) 22.852ms
[2024-07-13T18:18:25.456+0100][gc,cpu      ] GC(60) User=0.08s Sys=0.02s Real=0.02s
[2024-07-13T18:19:59.774+0100][gc,start    ] GC(61) Pause Young (Mixed) (G1 Evacuation Pause)
[2024-07-13T18:19:59.775+0100][gc,task     ] GC(61) Using 10 workers of 10 for evacuation
[2024-07-13T18:19:59.804+0100][gc,mmu      ] GC(61) MMU target violated: 21.0ms (20.0ms/21.0ms)
[2024-07-13T18:19:59.804+0100][gc,phases   ] GC(61)   Pre Evacuate Collection Set: 1.78ms
[2024-07-13T18:19:59.804+0100][gc,phases   ] GC(61)   Merge Heap Roots: 0.91ms
[2024-07-13T18:19:59.804+0100][gc,phases   ] GC(61)   Evacuate Collection Set: 24.02ms
[2024-07-13T18:19:59.804+0100][gc,phases   ] GC(61)   Post Evacuate Collection Set: 2.11ms
[2024-07-13T18:19:59.804+0100][gc,phases   ] GC(61)   Other: 1.03ms
[2024-07-13T18:19:59.804+0100][gc,heap     ] GC(61) Eden regions: 47->0(44)
[2024-07-13T18:19:59.804+0100][gc,heap     ] GC(61) Survivor regions: 4->7(7)
[2024-07-13T18:19:59.805+0100][gc,heap     ] GC(61) Old regions: 152->140
[2024-07-13T18:19:59.805+0100][gc,heap     ] GC(61) Humongous regions: 147->147
[2024-07-13T18:19:59.805+0100][gc,metaspace] GC(61) Metaspace: 44943K(45632K)->44943K(45632K) NonClass: 39489K(39872K)->39489K(39872K) Class: 5454K(5760K)->5454K(5760K)
[2024-07-13T18:19:59.805+0100][gc          ] GC(61) Pause Young (Mixed) (G1 Evacuation Pause) 349M->292M(1024M) 30.639ms
[2024-07-13T18:19:59.805+0100][gc,cpu      ] GC(61) User=0.00s Sys=0.00s Real=0.03s
[2024-07-13T18:21:31.018+0100][gc,start    ] GC(62) Pause Young (Mixed) (G1 Evacuation Pause)
[2024-07-13T18:21:31.018+0100][gc,task     ] GC(62) Using 10 workers of 10 for evacuation
[2024-07-13T18:21:31.055+0100][gc,mmu      ] GC(62) MMU target violated: 21.0ms (20.0ms/21.0ms)
[2024-07-13T18:21:31.056+0100][gc,phases   ] GC(62)   Pre Evacuate Collection Set: 2.36ms
[2024-07-13T18:21:31.056+0100][gc,phases   ] GC(62)   Merge Heap Roots: 1.11ms
[2024-07-13T18:21:31.056+0100][gc,phases   ] GC(62)   Evacuate Collection Set: 27.96ms
[2024-07-13T18:21:31.056+0100][gc,phases   ] GC(62)   Post Evacuate Collection Set: 2.74ms
[2024-07-13T18:21:31.056+0100][gc,phases   ] GC(62)   Other: 1.37ms
[2024-07-13T18:21:31.056+0100][gc,heap     ] GC(62) Eden regions: 44->0(44)
[2024-07-13T18:21:31.056+0100][gc,heap     ] GC(62) Survivor regions: 7->7(7)
[2024-07-13T18:21:31.056+0100][gc,heap     ] GC(62) Old regions: 140->130
[2024-07-13T18:21:31.056+0100][gc,heap     ] GC(62) Humongous regions: 147->147
[2024-07-13T18:21:31.056+0100][gc,metaspace] GC(62) Metaspace: 44946K(45632K)->44946K(45632K) NonClass: 39492K(39872K)->39492K(39872K) Class: 5454K(5760K)->5454K(5760K)
[2024-07-13T18:21:31.056+0100][gc          ] GC(62) Pause Young (Mixed) (G1 Evacuation Pause) 336M->282M(1024M) 37.149ms
[2024-07-13T18:21:31.056+0100][gc,cpu      ] GC(62) User=0.02s Sys=0.03s Real=0.04s
[2024-07-13T18:23:01.176+0100][gc,start    ] GC(63) Pause Young (Mixed) (G1 Evacuation Pause)
[2024-07-13T18:23:01.177+0100][gc,task     ] GC(63) Using 10 workers of 10 for evacuation
[2024-07-13T18:23:01.218+0100][gc,mmu      ] GC(63) MMU target violated: 21.0ms (20.0ms/21.0ms)
[2024-07-13T18:23:01.219+0100][gc,phases   ] GC(63)   Pre Evacuate Collection Set: 1.86ms
[2024-07-13T18:23:01.219+0100][gc,phases   ] GC(63)   Merge Heap Roots: 0.71ms
[2024-07-13T18:23:01.219+0100][gc,phases   ] GC(63)   Evacuate Collection Set: 33.74ms
[2024-07-13T18:23:01.219+0100][gc,phases   ] GC(63)   Post Evacuate Collection Set: 4.11ms
[2024-07-13T18:23:01.220+0100][gc,phases   ] GC(63)   Other: 1.33ms
[2024-07-13T18:23:01.220+0100][gc,heap     ] GC(63) Eden regions: 44->0(44)
[2024-07-13T18:23:01.220+0100][gc,heap     ] GC(63) Survivor regions: 7->7(7)
[2024-07-13T18:23:01.220+0100][gc,heap     ] GC(63) Old regions: 130->120
[2024-07-13T18:23:01.220+0100][gc,heap     ] GC(63) Humongous regions: 147->147
[2024-07-13T18:23:01.220+0100][gc,metaspace] GC(63) Metaspace: 44947K(45632K)->44947K(45632K) NonClass: 39493K(39872K)->39493K(39872K) Class: 5454K(5760K)->5454K(5760K)
[2024-07-13T18:23:01.220+0100][gc          ] GC(63) Pause Young (Mixed) (G1 Evacuation Pause) 326M->272M(1024M) 43.706ms
[2024-07-13T18:23:01.220+0100][gc,cpu      ] GC(63) User=0.09s Sys=0.08s Real=0.04s
[2024-07-13T18:24:30.168+0100][gc,start    ] GC(64) Pause Young (Mixed) (G1 Evacuation Pause)
[2024-07-13T18:24:30.168+0100][gc,task     ] GC(64) Using 10 workers of 10 for evacuation
[2024-07-13T18:24:30.195+0100][gc,mmu      ] GC(64) MMU target violated: 21.0ms (20.0ms/21.0ms)
[2024-07-13T18:24:30.199+0100][gc,phases   ] GC(64)   Pre Evacuate Collection Set: 0.82ms
[2024-07-13T18:24:30.199+0100][gc,phases   ] GC(64)   Merge Heap Roots: 0.22ms
[2024-07-13T18:24:30.199+0100][gc,phases   ] GC(64)   Evacuate Collection Set: 21.81ms
[2024-07-13T18:24:30.199+0100][gc,phases   ] GC(64)   Post Evacuate Collection Set: 2.54ms
[2024-07-13T18:24:30.199+0100][gc,phases   ] GC(64)   Other: 4.93ms
[2024-07-13T18:24:30.201+0100][gc,heap     ] GC(64) Eden regions: 44->0(44)
[2024-07-13T18:24:30.201+0100][gc,heap     ] GC(64) Survivor regions: 7->7(7)
[2024-07-13T18:24:30.201+0100][gc,heap     ] GC(64) Old regions: 120->109
[2024-07-13T18:24:30.201+0100][gc,heap     ] GC(64) Humongous regions: 147->147
[2024-07-13T18:24:30.201+0100][gc,metaspace] GC(64) Metaspace: 44947K(45632K)->44947K(45632K) NonClass: 39493K(39872K)->39493K(39872K) Class: 5454K(5760K)->5454K(5760K)
[2024-07-13T18:24:30.201+0100][gc          ] GC(64) Pause Young (Mixed) (G1 Evacuation Pause) 316M->262M(1024M) 32.982ms
[2024-07-13T18:24:30.201+0100][gc,cpu      ] GC(64) User=0.09s Sys=0.02s Real=0.03s
[2024-07-13T18:26:00.189+0100][gc,start    ] GC(65) Pause Young (Mixed) (G1 Evacuation Pause)
[2024-07-13T18:26:00.190+0100][gc,task     ] GC(65) Using 10 workers of 10 for evacuation
[2024-07-13T18:26:00.223+0100][gc,mmu      ] GC(65) MMU target violated: 21.0ms (20.0ms/21.0ms)
[2024-07-13T18:26:00.224+0100][gc,phases   ] GC(65)   Pre Evacuate Collection Set: 0.99ms
[2024-07-13T18:26:00.224+0100][gc,phases   ] GC(65)   Merge Heap Roots: 1.01ms
[2024-07-13T18:26:00.224+0100][gc,phases   ] GC(65)   Evacuate Collection Set: 29.95ms
[2024-07-13T18:26:00.224+0100][gc,phases   ] GC(65)   Post Evacuate Collection Set: 1.51ms
[2024-07-13T18:26:00.224+0100][gc,phases   ] GC(65)   Other: 0.75ms
[2024-07-13T18:26:00.224+0100][gc,heap     ] GC(65) Eden regions: 44->0(44)
[2024-07-13T18:26:00.224+0100][gc,heap     ] GC(65) Survivor regions: 7->7(7)
[2024-07-13T18:26:00.224+0100][gc,heap     ] GC(65) Old regions: 109->102
[2024-07-13T18:26:00.224+0100][gc,heap     ] GC(65) Humongous regions: 147->147
[2024-07-13T18:26:00.224+0100][gc,metaspace] GC(65) Metaspace: 44968K(45632K)->44968K(45632K) NonClass: 39514K(39872K)->39514K(39872K) Class: 5454K(5760K)->5454K(5760K)
[2024-07-13T18:26:00.224+0100][gc          ] GC(65) Pause Young (Mixed) (G1 Evacuation Pause) 306M->255M(1024M) 34.964ms
[2024-07-13T18:26:00.224+0100][gc,cpu      ] GC(65) User=0.09s Sys=0.00s Real=0.04s
[2024-07-13T18:27:30.345+0100][gc,start    ] GC(66) Pause Young (Normal) (G1 Evacuation Pause)
[2024-07-13T18:27:30.346+0100][gc,task     ] GC(66) Using 10 workers of 10 for evacuation
[2024-07-13T18:27:30.376+0100][gc,mmu      ] GC(66) MMU target violated: 21.0ms (20.0ms/21.0ms)
[2024-07-13T18:27:30.376+0100][gc,phases   ] GC(66)   Pre Evacuate Collection Set: 1.27ms
[2024-07-13T18:27:30.376+0100][gc,phases   ] GC(66)   Merge Heap Roots: 0.37ms
[2024-07-13T18:27:30.376+0100][gc,phases   ] GC(66)   Evacuate Collection Set: 26.31ms
[2024-07-13T18:27:30.376+0100][gc,phases   ] GC(66)   Post Evacuate Collection Set: 1.76ms
[2024-07-13T18:27:30.376+0100][gc,phases   ] GC(66)   Other: 0.81ms
[2024-07-13T18:27:30.376+0100][gc,heap     ] GC(66) Eden regions: 44->0(44)
[2024-07-13T18:27:30.376+0100][gc,heap     ] GC(66) Survivor regions: 7->7(7)
[2024-07-13T18:27:30.376+0100][gc,heap     ] GC(66) Old regions: 102->105
[2024-07-13T18:27:30.376+0100][gc,heap     ] GC(66) Humongous regions: 147->147
[2024-07-13T18:27:30.377+0100][gc,metaspace] GC(66) Metaspace: 44968K(45632K)->44968K(45632K) NonClass: 39514K(39872K)->39514K(39872K) Class: 5454K(5760K)->5454K(5760K)
[2024-07-13T18:27:30.377+0100][gc          ] GC(66) Pause Young (Normal) (G1 Evacuation Pause) 299M->258M(1024M) 31.822ms
[2024-07-13T18:27:30.377+0100][gc,cpu      ] GC(66) User=0.12s Sys=0.02s Real=0.03s
[2024-07-13T18:28:59.532+0100][gc,start    ] GC(67) Pause Young (Normal) (G1 Evacuation Pause)
[2024-07-13T18:28:59.532+0100][gc,task     ] GC(67) Using 10 workers of 10 for evacuation
[2024-07-13T18:28:59.563+0100][gc,mmu      ] GC(67) MMU target violated: 21.0ms (20.0ms/21.0ms)
[2024-07-13T18:28:59.563+0100][gc,phases   ] GC(67)   Pre Evacuate Collection Set: 1.35ms
[2024-07-13T18:28:59.563+0100][gc,phases   ] GC(67)   Merge Heap Roots: 0.28ms
[2024-07-13T18:28:59.563+0100][gc,phases   ] GC(67)   Evacuate Collection Set: 27.29ms
[2024-07-13T18:28:59.563+0100][gc,phases   ] GC(67)   Post Evacuate Collection Set: 1.58ms
[2024-07-13T18:28:59.563+0100][gc,phases   ] GC(67)   Other: 0.75ms
[2024-07-13T18:28:59.564+0100][gc,heap     ] GC(67) Eden regions: 44->0(46)
[2024-07-13T18:28:59.564+0100][gc,heap     ] GC(67) Survivor regions: 7->5(7)
[2024-07-13T18:28:59.564+0100][gc,heap     ] GC(67) Old regions: 105->110
[2024-07-13T18:28:59.564+0100][gc,heap     ] GC(67) Humongous regions: 147->147
[2024-07-13T18:28:59.564+0100][gc,metaspace] GC(67) Metaspace: 44969K(45632K)->44969K(45632K) NonClass: 39515K(39872K)->39515K(39872K) Class: 5454K(5760K)->5454K(5760K)
[2024-07-13T18:28:59.564+0100][gc          ] GC(67) Pause Young (Normal) (G1 Evacuation Pause) 302M->260M(1024M) 31.927ms
[2024-07-13T18:28:59.564+0100][gc,cpu      ] GC(67) User=0.05s Sys=0.02s Real=0.03s
[2024-07-13T18:30:34.041+0100][gc,start    ] GC(68) Pause Young (Normal) (G1 Evacuation Pause)
[2024-07-13T18:30:34.042+0100][gc,task     ] GC(68) Using 10 workers of 10 for evacuation
[2024-07-13T18:30:34.071+0100][gc,mmu      ] GC(68) MMU target violated: 21.0ms (20.0ms/21.0ms)
[2024-07-13T18:30:34.071+0100][gc,phases   ] GC(68)   Pre Evacuate Collection Set: 0.71ms
[2024-07-13T18:30:34.071+0100][gc,phases   ] GC(68)   Merge Heap Roots: 0.35ms
[2024-07-13T18:30:34.071+0100][gc,phases   ] GC(68)   Evacuate Collection Set: 24.21ms
[2024-07-13T18:30:34.071+0100][gc,phases   ] GC(68)   Post Evacuate Collection Set: 3.49ms
[2024-07-13T18:30:34.072+0100][gc,phases   ] GC(68)   Other: 1.17ms
[2024-07-13T18:30:34.072+0100][gc,heap     ] GC(68) Eden regions: 46->0(46)
[2024-07-13T18:30:34.072+0100][gc,heap     ] GC(68) Survivor regions: 5->5(7)
[2024-07-13T18:30:34.073+0100][gc,heap     ] GC(68) Old regions: 110->113
[2024-07-13T18:30:34.073+0100][gc,heap     ] GC(68) Humongous regions: 147->147
[2024-07-13T18:30:34.073+0100][gc,metaspace] GC(68) Metaspace: 44979K(45632K)->44979K(45632K) NonClass: 39525K(39872K)->39525K(39872K) Class: 5454K(5760K)->5454K(5760K)
[2024-07-13T18:30:34.073+0100][gc          ] GC(68) Pause Young (Normal) (G1 Evacuation Pause) 306M->264M(1024M) 31.974ms
[2024-07-13T18:30:34.073+0100][gc,cpu      ] GC(68) User=0.06s Sys=0.03s Real=0.03s
[2024-07-13T18:32:08.781+0100][gc,start    ] GC(69) Pause Young (Normal) (G1 Evacuation Pause)
[2024-07-13T18:32:08.782+0100][gc,task     ] GC(69) Using 10 workers of 10 for evacuation
[2024-07-13T18:32:08.813+0100][gc,mmu      ] GC(69) MMU target violated: 21.0ms (20.0ms/21.0ms)
[2024-07-13T18:32:08.814+0100][gc,phases   ] GC(69)   Pre Evacuate Collection Set: 0.87ms
[2024-07-13T18:32:08.814+0100][gc,phases   ] GC(69)   Merge Heap Roots: 0.29ms
[2024-07-13T18:32:08.814+0100][gc,phases   ] GC(69)   Evacuate Collection Set: 26.45ms
[2024-07-13T18:32:08.814+0100][gc,phases   ] GC(69)   Post Evacuate Collection Set: 3.33ms
[2024-07-13T18:32:08.815+0100][gc,phases   ] GC(69)   Other: 1.62ms
[2024-07-13T18:32:08.815+0100][gc,heap     ] GC(69) Eden regions: 46->0(46)
[2024-07-13T18:32:08.815+0100][gc,heap     ] GC(69) Survivor regions: 5->5(7)
[2024-07-13T18:32:08.815+0100][gc,heap     ] GC(69) Old regions: 113->116
[2024-07-13T18:32:08.815+0100][gc,heap     ] GC(69) Humongous regions: 147->147
[2024-07-13T18:32:08.815+0100][gc,metaspace] GC(69) Metaspace: 44979K(45632K)->44979K(45632K) NonClass: 39525K(39872K)->39525K(39872K) Class: 5454K(5760K)->5454K(5760K)
[2024-07-13T18:32:08.815+0100][gc          ] GC(69) Pause Young (Normal) (G1 Evacuation Pause) 310M->267M(1024M) 34.106ms
[2024-07-13T18:32:08.816+0100][gc,cpu      ] GC(69) User=0.11s Sys=0.00s Real=0.04s
[2024-07-13T18:33:42.957+0100][gc,start    ] GC(70) Pause Young (Normal) (G1 Evacuation Pause)
[2024-07-13T18:33:42.957+0100][gc,task     ] GC(70) Using 10 workers of 10 for evacuation
[2024-07-13T18:33:42.995+0100][gc,mmu      ] GC(70) MMU target violated: 21.0ms (20.0ms/21.0ms)
[2024-07-13T18:33:42.995+0100][gc,phases   ] GC(70)   Pre Evacuate Collection Set: 1.35ms
[2024-07-13T18:33:42.995+0100][gc,phases   ] GC(70)   Merge Heap Roots: 0.52ms
[2024-07-13T18:33:42.995+0100][gc,phases   ] GC(70)   Evacuate Collection Set: 30.80ms
[2024-07-13T18:33:42.995+0100][gc,phases   ] GC(70)   Post Evacuate Collection Set: 4.37ms
[2024-07-13T18:33:42.995+0100][gc,phases   ] GC(70)   Other: 1.95ms
[2024-07-13T18:33:42.995+0100][gc,heap     ] GC(70) Eden regions: 46->0(47)
[2024-07-13T18:33:43.000+0100][gc,heap     ] GC(70) Survivor regions: 5->4(7)
[2024-07-13T18:33:43.000+0100][gc,heap     ] GC(70) Old regions: 116->119
[2024-07-13T18:33:43.000+0100][gc,heap     ] GC(70) Humongous regions: 147->147
[2024-07-13T18:33:43.000+0100][gc,metaspace] GC(70) Metaspace: 44980K(45632K)->44980K(45632K) NonClass: 39526K(39872K)->39526K(39872K) Class: 5454K(5760K)->5454K(5760K)
[2024-07-13T18:33:43.004+0100][gc          ] GC(70) Pause Young (Normal) (G1 Evacuation Pause) 313M->268M(1024M) 45.887ms
[2024-07-13T18:33:43.005+0100][gc,cpu      ] GC(70) User=0.27s Sys=0.00s Real=0.05s
[2024-07-13T18:35:18.230+0100][gc,start    ] GC(71) Pause Young (Normal) (G1 Evacuation Pause)
[2024-07-13T18:35:18.232+0100][gc,task     ] GC(71) Using 10 workers of 10 for evacuation
[2024-07-13T18:35:18.276+0100][gc,mmu      ] GC(71) MMU target violated: 21.0ms (20.0ms/21.0ms)
[2024-07-13T18:35:18.277+0100][gc,phases   ] GC(71)   Pre Evacuate Collection Set: 5.46ms
[2024-07-13T18:35:18.278+0100][gc,phases   ] GC(71)   Merge Heap Roots: 2.36ms
[2024-07-13T18:35:18.278+0100][gc,phases   ] GC(71)   Evacuate Collection Set: 29.55ms
[2024-07-13T18:35:18.278+0100][gc,phases   ] GC(71)   Post Evacuate Collection Set: 4.38ms
[2024-07-13T18:35:18.279+0100][gc,phases   ] GC(71)   Other: 2.83ms
[2024-07-13T18:35:18.279+0100][gc,heap     ] GC(71) Eden regions: 47->0(44)
[2024-07-13T18:35:18.279+0100][gc,heap     ] GC(71) Survivor regions: 4->7(7)
[2024-07-13T18:35:18.279+0100][gc,heap     ] GC(71) Old regions: 119->119
[2024-07-13T18:35:18.279+0100][gc,heap     ] GC(71) Humongous regions: 147->147
[2024-07-13T18:35:18.279+0100][gc,metaspace] GC(71) Metaspace: 44984K(45632K)->44984K(45632K) NonClass: 39530K(39872K)->39530K(39872K) Class: 5454K(5760K)->5454K(5760K)
[2024-07-13T18:35:18.279+0100][gc          ] GC(71) Pause Young (Normal) (G1 Evacuation Pause) 315M->271M(1024M) 48.706ms
[2024-07-13T18:35:18.280+0100][gc,cpu      ] GC(71) User=0.20s Sys=0.00s Real=0.05s
[2024-07-13T18:36:48.635+0100][gc,start    ] GC(72) Pause Young (Normal) (G1 Evacuation Pause)
[2024-07-13T18:36:48.636+0100][gc,task     ] GC(72) Using 10 workers of 10 for evacuation
[2024-07-13T18:36:48.678+0100][gc,mmu      ] GC(72) MMU target violated: 21.0ms (20.0ms/21.0ms)
[2024-07-13T18:36:48.679+0100][gc,phases   ] GC(72)   Pre Evacuate Collection Set: 1.90ms
[2024-07-13T18:36:48.679+0100][gc,phases   ] GC(72)   Merge Heap Roots: 0.61ms
[2024-07-13T18:36:48.679+0100][gc,phases   ] GC(72)   Evacuate Collection Set: 34.99ms
[2024-07-13T18:36:48.679+0100][gc,phases   ] GC(72)   Post Evacuate Collection Set: 3.80ms
[2024-07-13T18:36:48.679+0100][gc,phases   ] GC(72)   Other: 1.88ms
[2024-07-13T18:36:48.679+0100][gc,heap     ] GC(72) Eden regions: 44->0(44)
[2024-07-13T18:36:48.679+0100][gc,heap     ] GC(72) Survivor regions: 7->7(7)
[2024-07-13T18:36:48.679+0100][gc,heap     ] GC(72) Old regions: 119->122
[2024-07-13T18:36:48.679+0100][gc,heap     ] GC(72) Humongous regions: 147->147
[2024-07-13T18:36:48.679+0100][gc,metaspace] GC(72) Metaspace: 44984K(45632K)->44984K(45632K) NonClass: 39530K(39872K)->39530K(39872K) Class: 5454K(5760K)->5454K(5760K)
[2024-07-13T18:36:48.680+0100][gc          ] GC(72) Pause Young (Normal) (G1 Evacuation Pause) 315M->274M(1024M) 45.160ms
[2024-07-13T18:36:48.680+0100][gc,cpu      ] GC(72) User=0.05s Sys=0.03s Real=0.05s
[2024-07-13T18:38:19.352+0100][gc,start    ] GC(73) Pause Young (Normal) (G1 Evacuation Pause)
[2024-07-13T18:38:19.352+0100][gc,task     ] GC(73) Using 10 workers of 10 for evacuation
[2024-07-13T18:38:19.379+0100][gc,mmu      ] GC(73) MMU target violated: 21.0ms (20.0ms/21.0ms)
[2024-07-13T18:38:19.379+0100][gc,phases   ] GC(73)   Pre Evacuate Collection Set: 1.64ms
[2024-07-13T18:38:19.379+0100][gc,phases   ] GC(73)   Merge Heap Roots: 0.52ms
[2024-07-13T18:38:19.379+0100][gc,phases   ] GC(73)   Evacuate Collection Set: 23.11ms
[2024-07-13T18:38:19.379+0100][gc,phases   ] GC(73)   Post Evacuate Collection Set: 0.77ms
[2024-07-13T18:38:19.379+0100][gc,phases   ] GC(73)   Other: 0.84ms
[2024-07-13T18:38:19.379+0100][gc,heap     ] GC(73) Eden regions: 44->0(44)
[2024-07-13T18:38:19.379+0100][gc,heap     ] GC(73) Survivor regions: 7->7(7)
[2024-07-13T18:38:19.379+0100][gc,heap     ] GC(73) Old regions: 122->125
[2024-07-13T18:38:19.379+0100][gc,heap     ] GC(73) Humongous regions: 147->147
[2024-07-13T18:38:19.379+0100][gc,metaspace] GC(73) Metaspace: 44984K(45632K)->44984K(45632K) NonClass: 39530K(39872K)->39530K(39872K) Class: 5454K(5760K)->5454K(5760K)
[2024-07-13T18:38:19.379+0100][gc          ] GC(73) Pause Young (Normal) (G1 Evacuation Pause) 318M->277M(1024M) 27.866ms
[2024-07-13T18:38:19.379+0100][gc,cpu      ] GC(73) User=0.03s Sys=0.03s Real=0.03s
[2024-07-13T18:39:48.617+0100][gc,start    ] GC(74) Pause Young (Normal) (G1 Evacuation Pause)
[2024-07-13T18:39:48.618+0100][gc,task     ] GC(74) Using 10 workers of 10 for evacuation
[2024-07-13T18:39:48.645+0100][gc,mmu      ] GC(74) MMU target violated: 21.0ms (20.0ms/21.0ms)
[2024-07-13T18:39:48.646+0100][gc,phases   ] GC(74)   Pre Evacuate Collection Set: 0.88ms
[2024-07-13T18:39:48.646+0100][gc,phases   ] GC(74)   Merge Heap Roots: 0.38ms
[2024-07-13T18:39:48.646+0100][gc,phases   ] GC(74)   Evacuate Collection Set: 22.55ms
[2024-07-13T18:39:48.646+0100][gc,phases   ] GC(74)   Post Evacuate Collection Set: 3.11ms
[2024-07-13T18:39:48.646+0100][gc,phases   ] GC(74)   Other: 1.01ms
[2024-07-13T18:39:48.646+0100][gc,heap     ] GC(74) Eden regions: 44->0(44)
[2024-07-13T18:39:48.646+0100][gc,heap     ] GC(74) Survivor regions: 7->7(7)
[2024-07-13T18:39:48.646+0100][gc,heap     ] GC(74) Old regions: 125->127
[2024-07-13T18:39:48.646+0100][gc,heap     ] GC(74) Humongous regions: 147->147
[2024-07-13T18:39:48.646+0100][gc,metaspace] GC(74) Metaspace: 44984K(45632K)->44984K(45632K) NonClass: 39530K(39872K)->39530K(39872K) Class: 5454K(5760K)->5454K(5760K)
[2024-07-13T18:39:48.646+0100][gc          ] GC(74) Pause Young (Normal) (G1 Evacuation Pause) 321M->280M(1024M) 28.946ms
[2024-07-13T18:39:48.647+0100][gc,cpu      ] GC(74) User=0.05s Sys=0.02s Real=0.03s
[2024-07-13T18:41:19.421+0100][gc,start    ] GC(75) Pause Young (Normal) (G1 Evacuation Pause)
[2024-07-13T18:41:19.422+0100][gc,task     ] GC(75) Using 10 workers of 10 for evacuation
[2024-07-13T18:41:19.469+0100][gc,mmu      ] GC(75) MMU target violated: 21.0ms (20.0ms/21.0ms)
[2024-07-13T18:41:19.471+0100][gc,phases   ] GC(75)   Pre Evacuate Collection Set: 1.01ms
[2024-07-13T18:41:19.471+0100][gc,phases   ] GC(75)   Merge Heap Roots: 0.92ms
[2024-07-13T18:41:19.471+0100][gc,phases   ] GC(75)   Evacuate Collection Set: 41.29ms
[2024-07-13T18:41:19.471+0100][gc,phases   ] GC(75)   Post Evacuate Collection Set: 4.03ms
[2024-07-13T18:41:19.471+0100][gc,phases   ] GC(75)   Other: 1.73ms
[2024-07-13T18:41:19.472+0100][gc,heap     ] GC(75) Eden regions: 44->0(46)
[2024-07-13T18:41:19.472+0100][gc,heap     ] GC(75) Survivor regions: 7->5(7)
[2024-07-13T18:41:19.472+0100][gc,heap     ] GC(75) Old regions: 127->132
[2024-07-13T18:41:19.472+0100][gc,heap     ] GC(75) Humongous regions: 147->147
[2024-07-13T18:41:19.472+0100][gc,metaspace] GC(75) Metaspace: 44984K(45632K)->44984K(45632K) NonClass: 39530K(39872K)->39530K(39872K) Class: 5454K(5760K)->5454K(5760K)
[2024-07-13T18:41:19.472+0100][gc          ] GC(75) Pause Young (Normal) (G1 Evacuation Pause) 324M->283M(1024M) 50.818ms
[2024-07-13T18:41:19.473+0100][gc,cpu      ] GC(75) User=0.06s Sys=0.02s Real=0.05s
[2024-07-13T18:42:53.837+0100][gc,start    ] GC(76) Pause Young (Normal) (G1 Evacuation Pause)
[2024-07-13T18:42:53.838+0100][gc,task     ] GC(76) Using 10 workers of 10 for evacuation
[2024-07-13T18:42:53.862+0100][gc,mmu      ] GC(76) MMU target violated: 21.0ms (20.0ms/21.0ms)
[2024-07-13T18:42:53.864+0100][gc,phases   ] GC(76)   Pre Evacuate Collection Set: 1.56ms
[2024-07-13T18:42:53.865+0100][gc,phases   ] GC(76)   Merge Heap Roots: 0.57ms
[2024-07-13T18:42:53.865+0100][gc,phases   ] GC(76)   Evacuate Collection Set: 20.76ms
[2024-07-13T18:42:53.865+0100][gc,phases   ] GC(76)   Post Evacuate Collection Set: 1.45ms
[2024-07-13T18:42:53.866+0100][gc,phases   ] GC(76)   Other: 2.73ms
[2024-07-13T18:42:53.866+0100][gc,heap     ] GC(76) Eden regions: 46->0(46)
[2024-07-13T18:42:53.866+0100][gc,heap     ] GC(76) Survivor regions: 5->5(7)
[2024-07-13T18:42:53.866+0100][gc,heap     ] GC(76) Old regions: 132->135
[2024-07-13T18:42:53.866+0100][gc,heap     ] GC(76) Humongous regions: 147->147
[2024-07-13T18:42:53.866+0100][gc,metaspace] GC(76) Metaspace: 44984K(45632K)->44984K(45632K) NonClass: 39530K(39872K)->39530K(39872K) Class: 5454K(5760K)->5454K(5760K)
[2024-07-13T18:42:53.866+0100][gc          ] GC(76) Pause Young (Normal) (G1 Evacuation Pause) 329M->286M(1024M) 29.715ms
[2024-07-13T18:42:53.867+0100][gc,cpu      ] GC(76) User=0.02s Sys=0.02s Real=0.03s
[2024-07-13T18:44:26.817+0100][gc,start    ] GC(77) Pause Young (Normal) (G1 Evacuation Pause)
[2024-07-13T18:44:26.817+0100][gc,task     ] GC(77) Using 10 workers of 10 for evacuation
[2024-07-13T18:44:26.836+0100][gc,phases   ] GC(77)   Pre Evacuate Collection Set: 0.37ms
[2024-07-13T18:44:26.836+0100][gc,phases   ] GC(77)   Merge Heap Roots: 0.17ms
[2024-07-13T18:44:26.837+0100][gc,phases   ] GC(77)   Evacuate Collection Set: 16.49ms
[2024-07-13T18:44:26.837+0100][gc,phases   ] GC(77)   Post Evacuate Collection Set: 1.77ms
[2024-07-13T18:44:26.837+0100][gc,phases   ] GC(77)   Other: 0.32ms
[2024-07-13T18:44:26.837+0100][gc,heap     ] GC(77) Eden regions: 46->0(46)
[2024-07-13T18:44:26.837+0100][gc,heap     ] GC(77) Survivor regions: 5->5(7)
[2024-07-13T18:44:26.837+0100][gc,heap     ] GC(77) Old regions: 135->138
[2024-07-13T18:44:26.837+0100][gc,heap     ] GC(77) Humongous regions: 147->147
[2024-07-13T18:44:26.837+0100][gc,metaspace] GC(77) Metaspace: 44984K(45632K)->44984K(45632K) NonClass: 39530K(39872K)->39530K(39872K) Class: 5454K(5760K)->5454K(5760K)
[2024-07-13T18:44:26.837+0100][gc          ] GC(77) Pause Young (Normal) (G1 Evacuation Pause) 332M->289M(1024M) 20.191ms
[2024-07-13T18:44:26.837+0100][gc,cpu      ] GC(77) User=0.02s Sys=0.00s Real=0.02s
[2024-07-13T18:45:59.421+0100][gc,start    ] GC(78) Pause Young (Normal) (G1 Evacuation Pause)
[2024-07-13T18:45:59.421+0100][gc,task     ] GC(78) Using 10 workers of 10 for evacuation
[2024-07-13T18:45:59.447+0100][gc,mmu      ] GC(78) MMU target violated: 21.0ms (20.0ms/21.0ms)
[2024-07-13T18:45:59.447+0100][gc,phases   ] GC(78)   Pre Evacuate Collection Set: 0.32ms
[2024-07-13T18:45:59.447+0100][gc,phases   ] GC(78)   Merge Heap Roots: 0.26ms
[2024-07-13T18:45:59.447+0100][gc,phases   ] GC(78)   Evacuate Collection Set: 23.05ms
[2024-07-13T18:45:59.447+0100][gc,phases   ] GC(78)   Post Evacuate Collection Set: 0.74ms
[2024-07-13T18:45:59.447+0100][gc,phases   ] GC(78)   Other: 0.30ms
[2024-07-13T18:45:59.447+0100][gc,heap     ] GC(78) Eden regions: 46->0(47)
[2024-07-13T18:45:59.447+0100][gc,heap     ] GC(78) Survivor regions: 5->4(7)
[2024-07-13T18:45:59.447+0100][gc,heap     ] GC(78) Old regions: 138->141
[2024-07-13T18:45:59.447+0100][gc,heap     ] GC(78) Humongous regions: 147->147
[2024-07-13T18:45:59.447+0100][gc,metaspace] GC(78) Metaspace: 44984K(45632K)->44984K(45632K) NonClass: 39530K(39872K)->39530K(39872K) Class: 5454K(5760K)->5454K(5760K)
[2024-07-13T18:45:59.447+0100][gc          ] GC(78) Pause Young (Normal) (G1 Evacuation Pause) 335M->291M(1024M) 25.141ms
[2024-07-13T18:45:59.448+0100][gc,cpu      ] GC(78) User=0.02s Sys=0.00s Real=0.03s
[2024-07-13T18:47:36.074+0100][gc,start    ] GC(79) Pause Young (Normal) (G1 Evacuation Pause)
[2024-07-13T18:47:36.075+0100][gc,task     ] GC(79) Using 10 workers of 10 for evacuation
[2024-07-13T18:47:36.090+0100][gc,phases   ] GC(79)   Pre Evacuate Collection Set: 0.66ms
[2024-07-13T18:47:36.091+0100][gc,phases   ] GC(79)   Merge Heap Roots: 0.23ms
[2024-07-13T18:47:36.091+0100][gc,phases   ] GC(79)   Evacuate Collection Set: 12.99ms
[2024-07-13T18:47:36.091+0100][gc,phases   ] GC(79)   Post Evacuate Collection Set: 1.57ms
[2024-07-13T18:47:36.091+0100][gc,phases   ] GC(79)   Other: 0.38ms
[2024-07-13T18:47:36.091+0100][gc,heap     ] GC(79) Eden regions: 47->0(44)
[2024-07-13T18:47:36.091+0100][gc,heap     ] GC(79) Survivor regions: 4->7(7)
[2024-07-13T18:47:36.091+0100][gc,heap     ] GC(79) Old regions: 141->141
[2024-07-13T18:47:36.091+0100][gc,heap     ] GC(79) Humongous regions: 147->147
[2024-07-13T18:47:36.091+0100][gc,metaspace] GC(79) Metaspace: 44985K(45632K)->44985K(45632K) NonClass: 39530K(39872K)->39530K(39872K) Class: 5454K(5760K)->5454K(5760K)
[2024-07-13T18:47:36.091+0100][gc          ] GC(79) Pause Young (Normal) (G1 Evacuation Pause) 338M->294M(1024M) 17.555ms
[2024-07-13T18:47:36.092+0100][gc,cpu      ] GC(79) User=0.00s Sys=0.00s Real=0.02s
[2024-07-13T18:49:05.181+0100][gc,start    ] GC(80) Pause Young (Normal) (G1 Evacuation Pause)
[2024-07-13T18:49:05.181+0100][gc,task     ] GC(80) Using 10 workers of 10 for evacuation
[2024-07-13T18:49:05.231+0100][gc,mmu      ] GC(80) MMU target violated: 21.0ms (20.0ms/21.0ms)
[2024-07-13T18:49:05.231+0100][gc,phases   ] GC(80)   Pre Evacuate Collection Set: 0.47ms
[2024-07-13T18:49:05.231+0100][gc,phases   ] GC(80)   Merge Heap Roots: 1.03ms
[2024-07-13T18:49:05.232+0100][gc,phases   ] GC(80)   Evacuate Collection Set: 44.27ms
[2024-07-13T18:49:05.232+0100][gc,phases   ] GC(80)   Post Evacuate Collection Set: 3.17ms
[2024-07-13T18:49:05.232+0100][gc,phases   ] GC(80)   Other: 0.85ms
[2024-07-13T18:49:05.232+0100][gc,heap     ] GC(80) Eden regions: 44->0(44)
[2024-07-13T18:49:05.232+0100][gc,heap     ] GC(80) Survivor regions: 7->7(7)
[2024-07-13T18:49:05.232+0100][gc,heap     ] GC(80) Old regions: 141->144
[2024-07-13T18:49:05.232+0100][gc,heap     ] GC(80) Humongous regions: 147->147
[2024-07-13T18:49:05.232+0100][gc,metaspace] GC(80) Metaspace: 44986K(45632K)->44986K(45632K) NonClass: 39532K(39872K)->39532K(39872K) Class: 5454K(5760K)->5454K(5760K)
[2024-07-13T18:49:05.232+0100][gc          ] GC(80) Pause Young (Normal) (G1 Evacuation Pause) 338M->297M(1024M) 51.396ms
[2024-07-13T18:49:05.233+0100][gc,cpu      ] GC(80) User=0.06s Sys=0.05s Real=0.05s
[2024-07-13T18:50:35.549+0100][gc,start    ] GC(81) Pause Young (Normal) (G1 Evacuation Pause)
[2024-07-13T18:50:35.550+0100][gc,task     ] GC(81) Using 10 workers of 10 for evacuation
[2024-07-13T18:50:35.601+0100][gc,mmu      ] GC(81) MMU target violated: 21.0ms (20.0ms/21.0ms)
[2024-07-13T18:50:35.601+0100][gc,phases   ] GC(81)   Pre Evacuate Collection Set: 2.84ms
[2024-07-13T18:50:35.602+0100][gc,phases   ] GC(81)   Merge Heap Roots: 0.33ms
[2024-07-13T18:50:35.602+0100][gc,phases   ] GC(81)   Evacuate Collection Set: 41.49ms
[2024-07-13T18:50:35.602+0100][gc,phases   ] GC(81)   Post Evacuate Collection Set: 4.32ms
[2024-07-13T18:50:35.602+0100][gc,phases   ] GC(81)   Other: 2.62ms
[2024-07-13T18:50:35.602+0100][gc,heap     ] GC(81) Eden regions: 44->0(44)
[2024-07-13T18:50:35.602+0100][gc,heap     ] GC(81) Survivor regions: 7->7(7)
[2024-07-13T18:50:35.602+0100][gc,heap     ] GC(81) Old regions: 144->147
[2024-07-13T18:50:35.603+0100][gc,heap     ] GC(81) Humongous regions: 147->147
[2024-07-13T18:50:35.603+0100][gc,metaspace] GC(81) Metaspace: 44994K(45632K)->44994K(45632K) NonClass: 39540K(39872K)->39540K(39872K) Class: 5454K(5760K)->5454K(5760K)
[2024-07-13T18:50:35.603+0100][gc          ] GC(81) Pause Young (Normal) (G1 Evacuation Pause) 341M->299M(1024M) 53.525ms
[2024-07-13T18:50:35.603+0100][gc,cpu      ] GC(81) User=0.03s Sys=0.00s Real=0.05s
[2024-07-13T18:52:05.829+0100][gc,start    ] GC(82) Pause Young (Normal) (G1 Evacuation Pause)
[2024-07-13T18:52:05.829+0100][gc,task     ] GC(82) Using 10 workers of 10 for evacuation
[2024-07-13T18:52:05.887+0100][gc,mmu      ] GC(82) MMU target violated: 21.0ms (20.0ms/21.0ms)
[2024-07-13T18:52:05.888+0100][gc,phases   ] GC(82)   Pre Evacuate Collection Set: 2.36ms
[2024-07-13T18:52:05.888+0100][gc,phases   ] GC(82)   Merge Heap Roots: 0.78ms
[2024-07-13T18:52:05.889+0100][gc,phases   ] GC(82)   Evacuate Collection Set: 51.00ms
[2024-07-13T18:52:05.889+0100][gc,phases   ] GC(82)   Post Evacuate Collection Set: 3.59ms
[2024-07-13T18:52:05.889+0100][gc,phases   ] GC(82)   Other: 1.37ms
[2024-07-13T18:52:05.889+0100][gc,heap     ] GC(82) Eden regions: 44->0(46)
[2024-07-13T18:52:05.890+0100][gc,heap     ] GC(82) Survivor regions: 7->5(7)
[2024-07-13T18:52:05.890+0100][gc,heap     ] GC(82) Old regions: 147->152
[2024-07-13T18:52:05.890+0100][gc,heap     ] GC(82) Humongous regions: 147->147
[2024-07-13T18:52:05.890+0100][gc,metaspace] GC(82) Metaspace: 44994K(45632K)->44994K(45632K) NonClass: 39540K(39872K)->39540K(39872K) Class: 5454K(5760K)->5454K(5760K)
[2024-07-13T18:52:05.890+0100][gc          ] GC(82) Pause Young (Normal) (G1 Evacuation Pause) 343M->302M(1024M) 61.458ms
[2024-07-13T18:52:05.890+0100][gc,cpu      ] GC(82) User=0.16s Sys=0.06s Real=0.06s
[2024-07-13T18:53:41.042+0100][gc,start    ] GC(83) Pause Young (Normal) (G1 Evacuation Pause)
[2024-07-13T18:53:41.043+0100][gc,task     ] GC(83) Using 10 workers of 10 for evacuation
[2024-07-13T18:53:41.070+0100][gc,mmu      ] GC(83) MMU target violated: 21.0ms (20.0ms/21.0ms)
[2024-07-13T18:53:41.070+0100][gc,phases   ] GC(83)   Pre Evacuate Collection Set: 1.33ms
[2024-07-13T18:53:41.070+0100][gc,phases   ] GC(83)   Merge Heap Roots: 0.54ms
[2024-07-13T18:53:41.070+0100][gc,phases   ] GC(83)   Evacuate Collection Set: 22.93ms
[2024-07-13T18:53:41.070+0100][gc,phases   ] GC(83)   Post Evacuate Collection Set: 1.19ms
[2024-07-13T18:53:41.070+0100][gc,phases   ] GC(83)   Other: 1.02ms
[2024-07-13T18:53:41.070+0100][gc,heap     ] GC(83) Eden regions: 46->0(46)
[2024-07-13T18:53:41.070+0100][gc,heap     ] GC(83) Survivor regions: 5->5(7)
[2024-07-13T18:53:41.070+0100][gc,heap     ] GC(83) Old regions: 152->155
[2024-07-13T18:53:41.070+0100][gc,heap     ] GC(83) Humongous regions: 147->147
[2024-07-13T18:53:41.070+0100][gc,metaspace] GC(83) Metaspace: 44999K(45632K)->44999K(45632K) NonClass: 39545K(39872K)->39545K(39872K) Class: 5454K(5760K)->5454K(5760K)
[2024-07-13T18:53:41.070+0100][gc          ] GC(83) Pause Young (Normal) (G1 Evacuation Pause) 348M->305M(1024M) 28.137ms
[2024-07-13T18:53:41.071+0100][gc,cpu      ] GC(83) User=0.05s Sys=0.06s Real=0.03s
[2024-07-13T18:55:14.990+0100][gc,start    ] GC(84) Pause Young (Normal) (G1 Evacuation Pause)
[2024-07-13T18:55:14.994+0100][gc,task     ] GC(84) Using 10 workers of 10 for evacuation
[2024-07-13T18:55:15.037+0100][gc,mmu      ] GC(84) MMU target violated: 21.0ms (20.0ms/21.0ms)
[2024-07-13T18:55:15.037+0100][gc,phases   ] GC(84)   Pre Evacuate Collection Set: 3.71ms
[2024-07-13T18:55:15.037+0100][gc,phases   ] GC(84)   Merge Heap Roots: 0.74ms
[2024-07-13T18:55:15.037+0100][gc,phases   ] GC(84)   Evacuate Collection Set: 35.35ms
[2024-07-13T18:55:15.037+0100][gc,phases   ] GC(84)   Post Evacuate Collection Set: 2.53ms
[2024-07-13T18:55:15.037+0100][gc,phases   ] GC(84)   Other: 1.07ms
[2024-07-13T18:55:15.037+0100][gc,heap     ] GC(84) Eden regions: 46->0(46)
[2024-07-13T18:55:15.037+0100][gc,heap     ] GC(84) Survivor regions: 5->5(7)
[2024-07-13T18:55:15.037+0100][gc,heap     ] GC(84) Old regions: 155->158
[2024-07-13T18:55:15.037+0100][gc,heap     ] GC(84) Humongous regions: 147->147
[2024-07-13T18:55:15.037+0100][gc,metaspace] GC(84) Metaspace: 45000K(45632K)->45000K(45632K) NonClass: 39545K(39872K)->39545K(39872K) Class: 5454K(5760K)->5454K(5760K)
[2024-07-13T18:55:15.037+0100][gc          ] GC(84) Pause Young (Normal) (G1 Evacuation Pause) 351M->309M(1024M) 46.882ms
[2024-07-13T18:55:15.037+0100][gc,cpu      ] GC(84) User=0.14s Sys=0.00s Real=0.05s
[2024-07-13T18:56:49.558+0100][gc,start    ] GC(85) Pause Young (Normal) (G1 Evacuation Pause)
[2024-07-13T18:56:49.558+0100][gc,task     ] GC(85) Using 10 workers of 10 for evacuation
[2024-07-13T18:56:49.583+0100][gc,mmu      ] GC(85) MMU target violated: 21.0ms (20.0ms/21.0ms)
[2024-07-13T18:56:49.583+0100][gc,phases   ] GC(85)   Pre Evacuate Collection Set: 3.42ms
[2024-07-13T18:56:49.583+0100][gc,phases   ] GC(85)   Merge Heap Roots: 0.71ms
[2024-07-13T18:56:49.583+0100][gc,phases   ] GC(85)   Evacuate Collection Set: 18.01ms
[2024-07-13T18:56:49.583+0100][gc,phases   ] GC(85)   Post Evacuate Collection Set: 0.90ms
[2024-07-13T18:56:49.583+0100][gc,phases   ] GC(85)   Other: 1.73ms
[2024-07-13T18:56:49.584+0100][gc,heap     ] GC(85) Eden regions: 46->0(47)
[2024-07-13T18:56:49.584+0100][gc,heap     ] GC(85) Survivor regions: 5->4(7)
[2024-07-13T18:56:49.584+0100][gc,heap     ] GC(85) Old regions: 158->161
[2024-07-13T18:56:49.584+0100][gc,heap     ] GC(85) Humongous regions: 147->147
[2024-07-13T18:56:49.584+0100][gc,metaspace] GC(85) Metaspace: 45000K(45632K)->45000K(45632K) NonClass: 39545K(39872K)->39545K(39872K) Class: 5454K(5760K)->5454K(5760K)
[2024-07-13T18:56:49.584+0100][gc          ] GC(85) Pause Young (Normal) (G1 Evacuation Pause) 355M->310M(1024M) 26.128ms
[2024-07-13T18:56:49.584+0100][gc,cpu      ] GC(85) User=0.19s Sys=0.00s Real=0.03s
[2024-07-13T18:58:31.047+0100][gc,start    ] GC(86) Pause Young (Normal) (G1 Evacuation Pause)
[2024-07-13T18:58:31.047+0100][gc,task     ] GC(86) Using 10 workers of 10 for evacuation
[2024-07-13T18:58:31.073+0100][gc,mmu      ] GC(86) MMU target violated: 21.0ms (20.0ms/21.0ms)
[2024-07-13T18:58:31.073+0100][gc,phases   ] GC(86)   Pre Evacuate Collection Set: 3.68ms
[2024-07-13T18:58:31.073+0100][gc,phases   ] GC(86)   Merge Heap Roots: 1.94ms
[2024-07-13T18:58:31.074+0100][gc,phases   ] GC(86)   Evacuate Collection Set: 17.77ms
[2024-07-13T18:58:31.074+0100][gc,phases   ] GC(86)   Post Evacuate Collection Set: 1.99ms
[2024-07-13T18:58:31.074+0100][gc,phases   ] GC(86)   Other: 0.65ms
[2024-07-13T18:58:31.074+0100][gc,heap     ] GC(86) Eden regions: 47->0(44)
[2024-07-13T18:58:31.074+0100][gc,heap     ] GC(86) Survivor regions: 4->7(7)
[2024-07-13T18:58:31.074+0100][gc,heap     ] GC(86) Old regions: 161->161
[2024-07-13T18:58:31.074+0100][gc,heap     ] GC(86) Humongous regions: 147->147
[2024-07-13T18:58:31.074+0100][gc,metaspace] GC(86) Metaspace: 45000K(45632K)->45000K(45632K) NonClass: 39545K(39872K)->39545K(39872K) Class: 5454K(5760K)->5454K(5760K)
[2024-07-13T18:58:31.074+0100][gc          ] GC(86) Pause Young (Normal) (G1 Evacuation Pause) 357M->313M(1024M) 26.686ms
[2024-07-13T18:58:31.074+0100][gc,cpu      ] GC(86) User=0.23s Sys=0.05s Real=0.03s
[2024-07-13T19:00:00.885+0100][gc,start    ] GC(87) Pause Young (Normal) (G1 Evacuation Pause)
[2024-07-13T19:00:00.885+0100][gc,task     ] GC(87) Using 10 workers of 10 for evacuation
[2024-07-13T19:00:00.911+0100][gc,mmu      ] GC(87) MMU target violated: 21.0ms (20.0ms/21.0ms)
[2024-07-13T19:00:00.911+0100][gc,phases   ] GC(87)   Pre Evacuate Collection Set: 0.83ms
[2024-07-13T19:00:00.911+0100][gc,phases   ] GC(87)   Merge Heap Roots: 0.31ms
[2024-07-13T19:00:00.911+0100][gc,phases   ] GC(87)   Evacuate Collection Set: 26.23ms
[2024-07-13T19:00:00.911+0100][gc,phases   ] GC(87)   Post Evacuate Collection Set: 1.48ms
[2024-07-13T19:00:00.911+0100][gc,phases   ] GC(87)   Other: 0.63ms
[2024-07-13T19:00:00.911+0100][gc,heap     ] GC(87) Eden regions: 44->0(44)
[2024-07-13T19:00:00.911+0100][gc,heap     ] GC(87) Survivor regions: 7->7(7)
[2024-07-13T19:00:00.911+0100][gc,heap     ] GC(87) Old regions: 161->163
[2024-07-13T19:00:00.911+0100][gc,heap     ] GC(87) Humongous regions: 147->147
[2024-07-13T19:00:00.911+0100][gc,metaspace] GC(87) Metaspace: 45002K(45632K)->45002K(45632K) NonClass: 39548K(39872K)->39548K(39872K) Class: 5454K(5760K)->5454K(5760K)
[2024-07-13T19:00:00.911+0100][gc          ] GC(87) Pause Young (Normal) (G1 Evacuation Pause) 357M->316M(1024M) 30.032ms
[2024-07-13T19:00:00.911+0100][gc,cpu      ] GC(87) User=0.02s Sys=0.00s Real=0.03s
[2024-07-13T19:01:31.778+0100][gc,start    ] GC(88) Pause Young (Normal) (G1 Evacuation Pause)
[2024-07-13T19:01:31.779+0100][gc,task     ] GC(88) Using 10 workers of 10 for evacuation
[2024-07-13T19:01:31.841+0100][gc,mmu      ] GC(88) MMU target violated: 21.0ms (20.0ms/21.0ms)
[2024-07-13T19:01:31.841+0100][gc,phases   ] GC(88)   Pre Evacuate Collection Set: 0.86ms
[2024-07-13T19:01:31.842+0100][gc,phases   ] GC(88)   Merge Heap Roots: 0.31ms
[2024-07-13T19:01:31.842+0100][gc,phases   ] GC(88)   Evacuate Collection Set: 53.67ms
[2024-07-13T19:01:31.842+0100][gc,phases   ] GC(88)   Post Evacuate Collection Set: 6.47ms
[2024-07-13T19:01:31.842+0100][gc,phases   ] GC(88)   Other: 1.26ms
[2024-07-13T19:01:31.842+0100][gc,heap     ] GC(88) Eden regions: 44->0(44)
[2024-07-13T19:01:31.842+0100][gc,heap     ] GC(88) Survivor regions: 7->7(7)
[2024-07-13T19:01:31.842+0100][gc,heap     ] GC(88) Old regions: 163->166
[2024-07-13T19:01:31.842+0100][gc,heap     ] GC(88) Humongous regions: 147->147
[2024-07-13T19:01:31.842+0100][gc,metaspace] GC(88) Metaspace: 45002K(45632K)->45002K(45632K) NonClass: 39548K(39872K)->39548K(39872K) Class: 5454K(5760K)->5454K(5760K)
[2024-07-13T19:01:31.843+0100][gc          ] GC(88) Pause Young (Normal) (G1 Evacuation Pause) 360M->319M(1024M) 64.413ms
[2024-07-13T19:01:31.843+0100][gc,cpu      ] GC(88) User=0.00s Sys=0.00s Real=0.06s
[2024-07-13T19:03:01.452+0100][gc,start    ] GC(89) Pause Young (Normal) (G1 Evacuation Pause)
[2024-07-13T19:03:01.452+0100][gc,task     ] GC(89) Using 10 workers of 10 for evacuation
[2024-07-13T19:03:01.492+0100][gc,mmu      ] GC(89) MMU target violated: 21.0ms (20.0ms/21.0ms)
[2024-07-13T19:03:01.492+0100][gc,phases   ] GC(89)   Pre Evacuate Collection Set: 0.91ms
[2024-07-13T19:03:01.492+0100][gc,phases   ] GC(89)   Merge Heap Roots: 0.33ms
[2024-07-13T19:03:01.492+0100][gc,phases   ] GC(89)   Evacuate Collection Set: 34.97ms
[2024-07-13T19:03:01.492+0100][gc,phases   ] GC(89)   Post Evacuate Collection Set: 3.27ms
[2024-07-13T19:03:01.492+0100][gc,phases   ] GC(89)   Other: 0.71ms
[2024-07-13T19:03:01.492+0100][gc,heap     ] GC(89) Eden regions: 44->0(44)
[2024-07-13T19:03:01.493+0100][gc,heap     ] GC(89) Survivor regions: 7->7(7)
[2024-07-13T19:03:01.493+0100][gc,heap     ] GC(89) Old regions: 166->169
[2024-07-13T19:03:01.493+0100][gc,heap     ] GC(89) Humongous regions: 147->147
[2024-07-13T19:03:01.493+0100][gc,metaspace] GC(89) Metaspace: 45002K(45632K)->45002K(45632K) NonClass: 39548K(39872K)->39548K(39872K) Class: 5454K(5760K)->5454K(5760K)
[2024-07-13T19:03:01.493+0100][gc          ] GC(89) Pause Young (Normal) (G1 Evacuation Pause) 363M->322M(1024M) 41.024ms
[2024-07-13T19:03:01.493+0100][gc,cpu      ] GC(89) User=0.06s Sys=0.03s Real=0.04s
[2024-07-13T19:04:30.501+0100][gc,start    ] GC(90) Pause Young (Normal) (G1 Evacuation Pause)
[2024-07-13T19:04:30.502+0100][gc,task     ] GC(90) Using 10 workers of 10 for evacuation
[2024-07-13T19:04:30.513+0100][gc,phases   ] GC(90)   Pre Evacuate Collection Set: 0.71ms
[2024-07-13T19:04:30.514+0100][gc,phases   ] GC(90)   Merge Heap Roots: 0.35ms
[2024-07-13T19:04:30.514+0100][gc,phases   ] GC(90)   Evacuate Collection Set: 9.70ms
[2024-07-13T19:04:30.514+0100][gc,phases   ] GC(90)   Post Evacuate Collection Set: 0.76ms
[2024-07-13T19:04:30.514+0100][gc,phases   ] GC(90)   Other: 0.23ms
[2024-07-13T19:04:30.514+0100][gc,heap     ] GC(90) Eden regions: 44->0(44)
[2024-07-13T19:04:30.514+0100][gc,heap     ] GC(90) Survivor regions: 7->7(7)
[2024-07-13T19:04:30.514+0100][gc,heap     ] GC(90) Old regions: 169->172
[2024-07-13T19:04:30.514+0100][gc,heap     ] GC(90) Humongous regions: 147->147
[2024-07-13T19:04:30.514+0100][gc,metaspace] GC(90) Metaspace: 45002K(45632K)->45002K(45632K) NonClass: 39548K(39872K)->39548K(39872K) Class: 5454K(5760K)->5454K(5760K)
[2024-07-13T19:04:30.514+0100][gc          ] GC(90) Pause Young (Normal) (G1 Evacuation Pause) 366M->324M(1024M) 12.436ms
[2024-07-13T19:04:30.514+0100][gc,cpu      ] GC(90) User=0.02s Sys=0.00s Real=0.01s
[2024-07-13T19:06:00.136+0100][gc,start    ] GC(91) Pause Young (Normal) (G1 Evacuation Pause)
[2024-07-13T19:06:00.136+0100][gc,task     ] GC(91) Using 10 workers of 10 for evacuation
[2024-07-13T19:06:00.146+0100][gc,phases   ] GC(91)   Pre Evacuate Collection Set: 0.32ms
[2024-07-13T19:06:00.146+0100][gc,phases   ] GC(91)   Merge Heap Roots: 0.18ms
[2024-07-13T19:06:00.146+0100][gc,phases   ] GC(91)   Evacuate Collection Set: 8.44ms
[2024-07-13T19:06:00.146+0100][gc,phases   ] GC(91)   Post Evacuate Collection Set: 0.65ms
[2024-07-13T19:06:00.146+0100][gc,phases   ] GC(91)   Other: 0.12ms
[2024-07-13T19:06:00.146+0100][gc,heap     ] GC(91) Eden regions: 44->0(46)
[2024-07-13T19:06:00.146+0100][gc,heap     ] GC(91) Survivor regions: 7->5(7)
[2024-07-13T19:06:00.146+0100][gc,heap     ] GC(91) Old regions: 172->177
[2024-07-13T19:06:00.146+0100][gc,heap     ] GC(91) Humongous regions: 147->147
[2024-07-13T19:06:00.146+0100][gc,metaspace] GC(91) Metaspace: 45002K(45632K)->45002K(45632K) NonClass: 39548K(39872K)->39548K(39872K) Class: 5454K(5760K)->5454K(5760K)
[2024-07-13T19:06:00.146+0100][gc          ] GC(91) Pause Young (Normal) (G1 Evacuation Pause) 368M->328M(1024M) 10.074ms
[2024-07-13T19:06:00.146+0100][gc,cpu      ] GC(91) User=0.00s Sys=0.00s Real=0.01s
[2024-07-13T19:07:33.035+0100][gc,start    ] GC(92) Pause Young (Normal) (G1 Evacuation Pause)
[2024-07-13T19:07:33.035+0100][gc,task     ] GC(92) Using 10 workers of 10 for evacuation
[2024-07-13T19:07:33.040+0100][gc,phases   ] GC(92)   Pre Evacuate Collection Set: 0.33ms
[2024-07-13T19:07:33.040+0100][gc,phases   ] GC(92)   Merge Heap Roots: 0.10ms
[2024-07-13T19:07:33.040+0100][gc,phases   ] GC(92)   Evacuate Collection Set: 4.66ms
[2024-07-13T19:07:33.040+0100][gc,phases   ] GC(92)   Post Evacuate Collection Set: 0.59ms
[2024-07-13T19:07:33.040+0100][gc,phases   ] GC(92)   Other: 0.10ms
[2024-07-13T19:07:33.040+0100][gc,heap     ] GC(92) Eden regions: 46->0(46)
[2024-07-13T19:07:33.040+0100][gc,heap     ] GC(92) Survivor regions: 5->5(7)
[2024-07-13T19:07:33.040+0100][gc,heap     ] GC(92) Old regions: 177->180
[2024-07-13T19:07:33.040+0100][gc,heap     ] GC(92) Humongous regions: 147->147
[2024-07-13T19:07:33.040+0100][gc,metaspace] GC(92) Metaspace: 45002K(45632K)->45002K(45632K) NonClass: 39548K(39872K)->39548K(39872K) Class: 5454K(5760K)->5454K(5760K)
[2024-07-13T19:07:33.040+0100][gc          ] GC(92) Pause Young (Normal) (G1 Evacuation Pause) 374M->331M(1024M) 6.063ms
[2024-07-13T19:07:33.040+0100][gc,cpu      ] GC(92) User=0.00s Sys=0.00s Real=0.00s
[2024-07-13T19:09:05.866+0100][gc,start    ] GC(93) Pause Young (Normal) (G1 Evacuation Pause)
[2024-07-13T19:09:05.866+0100][gc,task     ] GC(93) Using 10 workers of 10 for evacuation
[2024-07-13T19:09:05.878+0100][gc,phases   ] GC(93)   Pre Evacuate Collection Set: 0.54ms
[2024-07-13T19:09:05.878+0100][gc,phases   ] GC(93)   Merge Heap Roots: 0.31ms
[2024-07-13T19:09:05.878+0100][gc,phases   ] GC(93)   Evacuate Collection Set: 9.35ms
[2024-07-13T19:09:05.878+0100][gc,phases   ] GC(93)   Post Evacuate Collection Set: 0.79ms
[2024-07-13T19:09:05.878+0100][gc,phases   ] GC(93)   Other: 0.23ms
[2024-07-13T19:09:05.878+0100][gc,heap     ] GC(93) Eden regions: 46->0(47)
[2024-07-13T19:09:05.878+0100][gc,heap     ] GC(93) Survivor regions: 5->4(7)
[2024-07-13T19:09:05.878+0100][gc,heap     ] GC(93) Old regions: 180->183
[2024-07-13T19:09:05.878+0100][gc,heap     ] GC(93) Humongous regions: 147->147
[2024-07-13T19:09:05.878+0100][gc,metaspace] GC(93) Metaspace: 45002K(45632K)->45002K(45632K) NonClass: 39548K(39872K)->39548K(39872K) Class: 5454K(5760K)->5454K(5760K)
[2024-07-13T19:09:05.878+0100][gc          ] GC(93) Pause Young (Normal) (G1 Evacuation Pause) 377M->333M(1024M) 11.753ms
[2024-07-13T19:09:05.878+0100][gc,cpu      ] GC(93) User=0.00s Sys=0.00s Real=0.01s
[2024-07-13T19:10:41.299+0100][gc,start    ] GC(94) Pause Young (Normal) (G1 Evacuation Pause)
[2024-07-13T19:10:41.299+0100][gc,task     ] GC(94) Using 10 workers of 10 for evacuation
[2024-07-13T19:10:41.299+0100][gc,phases   ] GC(94)   Pre Evacuate Collection Set: 0.32ms
[2024-07-13T19:10:41.299+0100][gc,phases   ] GC(94)   Merge Heap Roots: 0.16ms
[2024-07-13T19:10:41.299+0100][gc,phases   ] GC(94)   Evacuate Collection Set: 4.10ms
[2024-07-13T19:10:41.299+0100][gc,phases   ] GC(94)   Post Evacuate Collection Set: 0.49ms
[2024-07-13T19:10:41.299+0100][gc,phases   ] GC(94)   Other: 0.08ms
[2024-07-13T19:10:41.299+0100][gc,heap     ] GC(94) Eden regions: 47->0(80)
[2024-07-13T19:10:41.299+0100][gc,heap     ] GC(94) Survivor regions: 4->4(7)
[2024-07-13T19:10:41.299+0100][gc,heap     ] GC(94) Old regions: 183->186
[2024-07-13T19:10:41.299+0100][gc,heap     ] GC(94) Humongous regions: 147->147
[2024-07-13T19:10:41.299+0100][gc,metaspace] GC(94) Metaspace: 45004K(45632K)->45004K(45632K) NonClass: 39550K(39872K)->39550K(39872K) Class: 5454K(5760K)->5454K(5760K)
[2024-07-13T19:10:41.299+0100][gc          ] GC(94) Pause Young (Normal) (G1 Evacuation Pause) 380M->335M(1024M) 5.393ms
[2024-07-13T19:10:41.299+0100][gc,cpu      ] GC(94) User=0.00s Sys=0.00s Real=0.00s
