[2024-07-27T14:10:16.720+0100][gc,init] CardTable entry size: 512
[2024-07-27T14:10:16.720+0100][gc     ] Using G1
[2024-07-27T14:10:16.729+0100][gc,init] Version: 22.0.1+8-16 (release)
[2024-07-27T14:10:16.729+0100][gc,init] CPUs: 12 total, 12 available
[2024-07-27T14:10:16.729+0100][gc,init] Memory: 16146M
[2024-07-27T14:10:16.729+0100][gc,init] Large Page Support: Disabled
[2024-07-27T14:10:16.729+0100][gc,init] NUMA Support: Disabled
[2024-07-27T14:10:16.729+0100][gc,init] Compressed Oops: Enabled (32-bit)
[2024-07-27T14:10:16.729+0100][gc,init] Heap Region Size: 1M
[2024-07-27T14:10:16.729+0100][gc,init] Heap Min Capacity: 1G
[2024-07-27T14:10:16.729+0100][gc,init] Heap Initial Capacity: 1G
[2024-07-27T14:10:16.729+0100][gc,init] Heap Max Capacity: 1G
[2024-07-27T14:10:16.729+0100][gc,init] Pre-touch: Disabled
[2024-07-27T14:10:16.729+0100][gc,init] Parallel Workers: 10
[2024-07-27T14:10:16.729+0100][gc,init] Concurrent Workers: 3
[2024-07-27T14:10:16.729+0100][gc,init] Concurrent Refinement Workers: 10
[2024-07-27T14:10:16.729+0100][gc,init] Periodic GC: Disabled
[2024-07-27T14:10:16.738+0100][gc,metaspace] CDS archive(s) mapped at: [0x0000022356000000-0x0000022356c60000-0x0000022356c60000), size 12976128, SharedBaseAddress: 0x0000022356000000, ArchiveRelocationMode: 1.
[2024-07-27T14:10:16.738+0100][gc,metaspace] Compressed class space mapped at: 0x0000022357000000-0x0000022397000000, reserved size: 1073741824
[2024-07-27T14:10:16.738+0100][gc,metaspace] Narrow klass base: 0x0000022356000000, Narrow klass shift: 0, Narrow klass range: 0x41000000
[2024-07-27T14:10:27.993+0100][gc,start    ] GC(0) Pause Young (Normal) (G1 Evacuation Pause)
[2024-07-27T14:10:27.994+0100][gc,task     ] GC(0) Using 10 workers of 10 for evacuation
[2024-07-27T14:10:28.005+0100][gc,phases   ] GC(0)   Pre Evacuate Collection Set: 0.32ms
[2024-07-27T14:10:28.005+0100][gc,phases   ] GC(0)   Merge Heap Roots: 0.08ms
[2024-07-27T14:10:28.005+0100][gc,phases   ] GC(0)   Evacuate Collection Set: 9.08ms
[2024-07-27T14:10:28.005+0100][gc,phases   ] GC(0)   Post Evacuate Collection Set: 1.08ms
[2024-07-27T14:10:28.005+0100][gc,phases   ] GC(0)   Other: 1.08ms
[2024-07-27T14:10:28.005+0100][gc,heap     ] GC(0) Eden regions: 51->0(44)
[2024-07-27T14:10:28.005+0100][gc,heap     ] GC(0) Survivor regions: 0->7(7)
[2024-07-27T14:10:28.005+0100][gc,heap     ] GC(0) Old regions: 0->2
[2024-07-27T14:10:28.005+0100][gc,heap     ] GC(0) Humongous regions: 0->0
[2024-07-27T14:10:28.005+0100][gc,metaspace] GC(0) Metaspace: 17209K(17408K)->17209K(17408K) NonClass: 15113K(15232K)->15113K(15232K) Class: 2096K(2176K)->2096K(2176K)
[2024-07-27T14:10:28.005+0100][gc          ] GC(0) Pause Young (Normal) (G1 Evacuation Pause) 51M->8M(1024M) 12.051ms
[2024-07-27T14:10:28.005+0100][gc,cpu      ] GC(0) User=0.02s Sys=0.00s Real=0.01s
[2024-07-27T14:10:28.263+0100][gc,start    ] GC(1) Pause Young (Concurrent Start) (Metadata GC Threshold)
[2024-07-27T14:10:28.263+0100][gc,task     ] GC(1) Using 10 workers of 10 for evacuation
[2024-07-27T14:10:28.267+0100][gc,phases   ] GC(1)   Pre Evacuate Collection Set: 0.34ms
[2024-07-27T14:10:28.269+0100][gc,phases   ] GC(1)   Merge Heap Roots: 0.14ms
[2024-07-27T14:10:28.269+0100][gc,phases   ] GC(1)   Evacuate Collection Set: 3.82ms
[2024-07-27T14:10:28.269+0100][gc,phases   ] GC(1)   Post Evacuate Collection Set: 0.69ms
[2024-07-27T14:10:28.269+0100][gc,phases   ] GC(1)   Other: 0.18ms
[2024-07-27T14:10:28.269+0100][gc,heap     ] GC(1) Eden regions: 17->0(49)
[2024-07-27T14:10:28.269+0100][gc,heap     ] GC(1) Survivor regions: 7->2(7)
[2024-07-27T14:10:28.269+0100][gc,heap     ] GC(1) Old regions: 2->10
[2024-07-27T14:10:28.269+0100][gc,heap     ] GC(1) Humongous regions: 0->0
[2024-07-27T14:10:28.269+0100][gc,metaspace] GC(1) Metaspace: 21384K(21504K)->21384K(21504K) NonClass: 18810K(18880K)->18810K(18880K) Class: 2573K(2624K)->2573K(2624K)
[2024-07-27T14:10:28.269+0100][gc          ] GC(1) Pause Young (Concurrent Start) (Metadata GC Threshold) 25M->11M(1024M) 5.430ms
[2024-07-27T14:10:28.269+0100][gc,cpu      ] GC(1) User=0.00s Sys=0.00s Real=0.01s
[2024-07-27T14:10:28.269+0100][gc          ] GC(2) Concurrent Mark Cycle
[2024-07-27T14:10:28.269+0100][gc,marking  ] GC(2) Concurrent Scan Root Regions
[2024-07-27T14:10:28.271+0100][gc,marking  ] GC(2) Concurrent Scan Root Regions 1.971ms
[2024-07-27T14:10:28.271+0100][gc,marking  ] GC(2) Concurrent Mark
[2024-07-27T14:10:28.271+0100][gc,marking  ] GC(2) Concurrent Mark From Roots
[2024-07-27T14:10:28.271+0100][gc,task     ] GC(2) Using 3 workers of 3 for marking
[2024-07-27T14:10:28.272+0100][gc,marking  ] GC(2) Concurrent Mark From Roots 1.380ms
[2024-07-27T14:10:28.272+0100][gc,marking  ] GC(2) Concurrent Preclean
[2024-07-27T14:10:28.272+0100][gc,marking  ] GC(2) Concurrent Preclean 0.025ms
[2024-07-27T14:10:28.272+0100][gc,start    ] GC(2) Pause Remark
[2024-07-27T14:10:28.275+0100][gc          ] GC(2) Pause Remark 12M->12M(1024M) 2.621ms
[2024-07-27T14:10:28.275+0100][gc,cpu      ] GC(2) User=0.00s Sys=0.00s Real=0.00s
[2024-07-27T14:10:28.275+0100][gc,marking  ] GC(2) Concurrent Mark 4.332ms
[2024-07-27T14:10:28.275+0100][gc,marking  ] GC(2) Concurrent Rebuild Remembered Sets and Scrub Regions
[2024-07-27T14:10:28.276+0100][gc,marking  ] GC(2) Concurrent Rebuild Remembered Sets and Scrub Regions 1.205ms
[2024-07-27T14:10:28.276+0100][gc,start    ] GC(2) Pause Cleanup
[2024-07-27T14:10:28.276+0100][gc          ] GC(2) Pause Cleanup 12M->12M(1024M) 0.162ms
[2024-07-27T14:10:28.276+0100][gc,cpu      ] GC(2) User=0.00s Sys=0.00s Real=0.00s
[2024-07-27T14:10:28.277+0100][gc,marking  ] GC(2) Concurrent Clear Claimed Marks
[2024-07-27T14:10:28.277+0100][gc,marking  ] GC(2) Concurrent Clear Claimed Marks 0.036ms
[2024-07-27T14:10:28.277+0100][gc,marking  ] GC(2) Concurrent Cleanup for Next Mark
[2024-07-27T14:10:28.281+0100][gc,marking  ] GC(2) Concurrent Cleanup for Next Mark 3.972ms
[2024-07-27T14:10:28.281+0100][gc          ] GC(2) Concurrent Mark Cycle 12.195ms
[2024-07-27T14:10:29.914+0100][gc,start    ] GC(3) Pause Young (Normal) (G1 Evacuation Pause)
[2024-07-27T14:10:29.914+0100][gc,task     ] GC(3) Using 10 workers of 10 for evacuation
[2024-07-27T14:10:29.919+0100][gc,phases   ] GC(3)   Pre Evacuate Collection Set: 0.25ms
[2024-07-27T14:10:29.920+0100][gc,phases   ] GC(3)   Merge Heap Roots: 0.12ms
[2024-07-27T14:10:29.920+0100][gc,phases   ] GC(3)   Evacuate Collection Set: 4.40ms
[2024-07-27T14:10:29.920+0100][gc,phases   ] GC(3)   Post Evacuate Collection Set: 0.85ms
[2024-07-27T14:10:29.920+0100][gc,phases   ] GC(3)   Other: 0.14ms
[2024-07-27T14:10:29.920+0100][gc,heap     ] GC(3) Eden regions: 49->0(46)
[2024-07-27T14:10:29.920+0100][gc,heap     ] GC(3) Survivor regions: 2->5(7)
[2024-07-27T14:10:29.920+0100][gc,heap     ] GC(3) Old regions: 10->10
[2024-07-27T14:10:29.920+0100][gc,heap     ] GC(3) Humongous regions: 9->9
[2024-07-27T14:10:29.920+0100][gc,metaspace] GC(3) Metaspace: 30562K(30848K)->30562K(30848K) NonClass: 26780K(26944K)->26780K(26944K) Class: 3782K(3904K)->3782K(3904K)
[2024-07-27T14:10:29.920+0100][gc          ] GC(3) Pause Young (Normal) (G1 Evacuation Pause) 69M->22M(1024M) 6.138ms
[2024-07-27T14:10:29.920+0100][gc,cpu      ] GC(3) User=0.02s Sys=0.00s Real=0.01s
[2024-07-27T14:10:31.331+0100][gc,start    ] GC(4) Pause Young (Concurrent Start) (Metadata GC Threshold)
[2024-07-27T14:10:31.331+0100][gc,task     ] GC(4) Using 10 workers of 10 for evacuation
[2024-07-27T14:10:31.339+0100][gc,phases   ] GC(4)   Pre Evacuate Collection Set: 0.33ms
[2024-07-27T14:10:31.339+0100][gc,phases   ] GC(4)   Merge Heap Roots: 0.10ms
[2024-07-27T14:10:31.339+0100][gc,phases   ] GC(4)   Evacuate Collection Set: 5.63ms
[2024-07-27T14:10:31.339+0100][gc,phases   ] GC(4)   Post Evacuate Collection Set: 1.33ms
[2024-07-27T14:10:31.339+0100][gc,phases   ] GC(4)   Other: 0.25ms
[2024-07-27T14:10:31.339+0100][gc,heap     ] GC(4) Eden regions: 32->0(44)
[2024-07-27T14:10:31.339+0100][gc,heap     ] GC(4) Survivor regions: 5->7(7)
[2024-07-27T14:10:31.339+0100][gc,heap     ] GC(4) Old regions: 10->11
[2024-07-27T14:10:31.339+0100][gc,heap     ] GC(4) Humongous regions: 9->9
[2024-07-27T14:10:31.339+0100][gc,metaspace] GC(4) Metaspace: 35675K(36096K)->35675K(36096K) NonClass: 31375K(31616K)->31375K(31616K) Class: 4300K(4480K)->4300K(4480K)
[2024-07-27T14:10:31.339+0100][gc          ] GC(4) Pause Young (Concurrent Start) (Metadata GC Threshold) 54M->26M(1024M) 8.222ms
[2024-07-27T14:10:31.339+0100][gc          ] GC(5) Concurrent Mark Cycle
[2024-07-27T14:10:31.339+0100][gc,cpu      ] GC(4) User=0.00s Sys=0.00s Real=0.01s
[2024-07-27T14:10:31.339+0100][gc,marking  ] GC(5) Concurrent Scan Root Regions
[2024-07-27T14:10:31.347+0100][gc,marking  ] GC(5) Concurrent Scan Root Regions 7.248ms
[2024-07-27T14:10:31.347+0100][gc,marking  ] GC(5) Concurrent Mark
[2024-07-27T14:10:31.347+0100][gc,marking  ] GC(5) Concurrent Mark From Roots
[2024-07-27T14:10:31.347+0100][gc,task     ] GC(5) Using 3 workers of 3 for marking
[2024-07-27T14:10:31.360+0100][gc,marking  ] GC(5) Concurrent Mark From Roots 13.402ms
[2024-07-27T14:10:31.360+0100][gc,marking  ] GC(5) Concurrent Preclean
[2024-07-27T14:10:31.360+0100][gc,marking  ] GC(5) Concurrent Preclean 0.063ms
[2024-07-27T14:10:31.376+0100][gc,start    ] GC(5) Pause Remark
[2024-07-27T14:10:31.383+0100][gc          ] GC(5) Pause Remark 27M->27M(1024M) 6.917ms
[2024-07-27T14:10:31.383+0100][gc,cpu      ] GC(5) User=0.00s Sys=0.00s Real=0.01s
[2024-07-27T14:10:31.383+0100][gc,marking  ] GC(5) Concurrent Mark 36.288ms
[2024-07-27T14:10:31.383+0100][gc,marking  ] GC(5) Concurrent Rebuild Remembered Sets and Scrub Regions
[2024-07-27T14:10:31.387+0100][gc,marking  ] GC(5) Concurrent Rebuild Remembered Sets and Scrub Regions 3.648ms
[2024-07-27T14:10:31.387+0100][gc,start    ] GC(5) Pause Cleanup
[2024-07-27T14:10:31.387+0100][gc          ] GC(5) Pause Cleanup 27M->27M(1024M) 0.207ms
[2024-07-27T14:10:31.387+0100][gc,cpu      ] GC(5) User=0.00s Sys=0.00s Real=0.00s
[2024-07-27T14:10:31.387+0100][gc,marking  ] GC(5) Concurrent Clear Claimed Marks
[2024-07-27T14:10:31.387+0100][gc,marking  ] GC(5) Concurrent Clear Claimed Marks 0.055ms
[2024-07-27T14:10:31.387+0100][gc,marking  ] GC(5) Concurrent Cleanup for Next Mark
[2024-07-27T14:10:31.391+0100][gc,marking  ] GC(5) Concurrent Cleanup for Next Mark 3.309ms
[2024-07-27T14:10:31.392+0100][gc          ] GC(5) Concurrent Mark Cycle 51.649ms
[2024-07-27T14:10:40.660+0100][gc,start    ] GC(6) Pause Young (Prepare Mixed) (G1 Evacuation Pause)
[2024-07-27T14:10:40.660+0100][gc,task     ] GC(6) Using 10 workers of 10 for evacuation
[2024-07-27T14:10:40.671+0100][gc,phases   ] GC(6)   Pre Evacuate Collection Set: 0.21ms
[2024-07-27T14:10:40.671+0100][gc,phases   ] GC(6)   Merge Heap Roots: 0.11ms
[2024-07-27T14:10:40.671+0100][gc,phases   ] GC(6)   Evacuate Collection Set: 7.54ms
[2024-07-27T14:10:40.671+0100][gc,phases   ] GC(6)   Post Evacuate Collection Set: 1.71ms
[2024-07-27T14:10:40.671+0100][gc,phases   ] GC(6)   Other: 0.19ms
[2024-07-27T14:10:40.671+0100][gc,heap     ] GC(6) Eden regions: 44->0(47)
[2024-07-27T14:10:40.671+0100][gc,heap     ] GC(6) Survivor regions: 7->4(7)
[2024-07-27T14:10:40.671+0100][gc,heap     ] GC(6) Old regions: 11->17
[2024-07-27T14:10:40.671+0100][gc,heap     ] GC(6) Humongous regions: 138->138
[2024-07-27T14:10:40.671+0100][gc,metaspace] GC(6) Metaspace: 38518K(38976K)->38518K(38976K) NonClass: 33915K(34176K)->33915K(34176K) Class: 4603K(4800K)->4603K(4800K)
[2024-07-27T14:10:40.671+0100][gc          ] GC(6) Pause Young (Prepare Mixed) (G1 Evacuation Pause) 199M->157M(1024M) 10.284ms
[2024-07-27T14:10:40.671+0100][gc,cpu      ] GC(6) User=0.00s Sys=0.00s Real=0.01s
[2024-07-27T14:10:55.741+0100][gc,heap,exit] Heap
[2024-07-27T14:10:55.741+0100][gc,heap,exit]  garbage-first heap   total reserved 1048576K, committed 1048576K, used 239148K [0x00000000c0000000, 0x0000000100000000)
[2024-07-27T14:10:55.741+0100][gc,heap,exit]   region size 1024K, 38 young (38912K), 4 survivors (4096K)
[2024-07-27T14:10:55.741+0100][gc,heap,exit]  Metaspace       used 40879K, committed 41408K, reserved 1114112K
[2024-07-27T14:10:55.741+0100][gc,heap,exit]   class space    used 5012K, committed 5248K, reserved 1048576K
